******************************************************************************
             TMS320C2000 Linker PC v6.4.6                      
******************************************************************************
>> Linked Thu Aug 27 11:39:45 2020

OUTPUT FILE NAME:   <clock_TMS320C28346.out>
ENTRY POINT SYMBOL: "_c_int00"  address: 00302d47


MEMORY CONFIGURATION

         name            origin    length      used     unused   attr    fill
----------------------  --------  ---------  --------  --------  ----  --------
PAGE 0:
  BEGIN                 00000000   00000002  00000002  00000000  RWIX
  H05SARAM              00300000   00030000  00006b40  000294c0  RWIX
  CSM_RSVD              0033ff80   00000076  00000000  00000076  RWIX
  CSM_PWL               0033fff8   00000008  00000000  00000008  RWIX
  IQTABLES              003fe000   00000b50  00000000  00000b50  RWIX
  IQTABLES2             003feb50   0000008c  00000000  0000008c  RWIX
  FPUTABLES             003febdc   000006a0  00000000  000006a0  RWIX
  BOOTROM               003ff27c   00000d44  00000000  00000d44  RWIX
  RESET                 003fffc0   00000002  00000000  00000002  RWIX

PAGE 1:
  M01SARAM              00000002   000007fe  00000400  000003fe  RWIX
  DEV_EMU               00000880   00000180  000000d0  000000b0  RWIX
  CSM                   00000ae0   00000010  00000010  00000000  RWIX
  XINTF                 00000b20   00000020  0000001e  00000002  RWIX
  CPU_TIMER0            00000c00   00000008  00000008  00000000  RWIX
  CPU_TIMER1            00000c08   00000008  00000008  00000000  RWIX
  CPU_TIMER2            00000c10   00000008  00000008  00000000  RWIX
  PIE_CTRL              00000ce0   00000020  0000001a  00000006  RWIX
  PIEVECT               00000d00   00000100  00000000  00000100  RWIX
  DMA                   00001000   00000200  000000e0  00000120  RWIX
  MCBSPA                00005000   00000040  00000025  0000001b  RWIX
  MCBSPB                00005040   00000040  00000025  0000001b  RWIX
  ECANA                 00006000   00000040  00000034  0000000c  RWIX
  ECANA_LAM             00006040   00000040  00000040  00000000  RWIX
  ECANA_MOTS            00006080   00000040  00000040  00000000  RWIX
  ECANA_MOTO            000060c0   00000040  00000040  00000000  RWIX
  ECANA_MBOX            00006100   00000100  00000100  00000000  RWIX
  ECANB                 00006200   00000040  00000034  0000000c  RWIX
  ECANB_LAM             00006240   00000040  00000040  00000000  RWIX
  ECANB_MOTS            00006280   00000040  00000040  00000000  RWIX
  ECANB_MOTO            000062c0   00000040  00000040  00000000  RWIX
  ECANB_MBOX            00006300   00000100  00000100  00000000  RWIX
  EPWM9                 00006600   00000022  00000022  00000000  RWIX
  EPWM1                 00006800   00000022  00000022  00000000  RWIX
  EPWM2                 00006840   00000022  00000022  00000000  RWIX
  EPWM3                 00006880   00000022  00000022  00000000  RWIX
  EPWM4                 000068c0   00000022  00000022  00000000  RWIX
  EPWM5                 00006900   00000022  00000022  00000000  RWIX
  EPWM6                 00006940   00000022  00000022  00000000  RWIX
  EPWM7                 00006980   00000022  00000022  00000000  RWIX
  EPWM8                 000069c0   00000022  00000022  00000000  RWIX
  ECAP1                 00006a00   00000020  00000020  00000000  RWIX
  ECAP2                 00006a20   00000020  00000020  00000000  RWIX
  ECAP3                 00006a40   00000020  00000020  00000000  RWIX
  ECAP4                 00006a60   00000020  00000020  00000000  RWIX
  ECAP5                 00006a80   00000020  00000020  00000000  RWIX
  ECAP6                 00006aa0   00000020  00000020  00000000  RWIX
  EQEP1                 00006b00   00000040  00000040  00000000  RWIX
  EQEP2                 00006b40   00000040  00000040  00000000  RWIX
  EQEP3                 00006b80   00000040  00000040  00000000  RWIX
  GPIOCTRL              00006f80   00000040  0000002e  00000012  RWIX
  GPIODAT               00006fc0   00000020  00000020  00000000  RWIX
  GPIOINT               00006fe0   00000020  0000000a  00000016  RWIX
  SYSTEM                00007010   00000021  00000020  00000001  RWIX
  SPIA                  00007040   00000010  00000010  00000000  RWIX
  SCIA                  00007050   00000010  00000010  00000000  RWIX
  XINTRUPT              00007070   00000010  00000010  00000000  RWIX
  ADC                   00007100   00000020  00000000  00000020  RWIX
  SCIB                  00007750   00000010  00000010  00000000  RWIX
  SCIC                  00007770   00000010  00000010  00000000  RWIX
  SPID                  00007780   00000010  00000010  00000000  RWIX
  I2CA                  00007900   00000040  00000022  0000001e  RWIX
  L03SARAM              00008000   00008000  00000bc8  00007438  RWIX
  L47SARAM              00010000   00008000  00000120  00007ee0  RWIX
  CSM_PWL               003f7ff8   00000008  00000008  00000000  RWIX


SECTION ALLOCATION MAP

 output                                  attributes/
section   page    origin      length       input sections
--------  ----  ----------  ----------   ----------------
PieVectTableFile 
*          1    00000d00    00000100     DSECT
                  00000d00    00000100     DSP2834x_GlobalVariableDefs.obj (PieVectTableFile)

codestart 
*          0    00000000    00000002     
                  00000000    00000002     DSP2834x_CodeStartBranch.obj (codestart)

.text      0    00300000    000047c0     
                  00300000    00000bfd     rts2800_fpu32.lib : _printfi.obj (.text)
                  00300bfd    0000025f     ti.targets.rts2800.a28FP : System.o28FP (.text:_xdc_runtime_System_doPrint__I)
                  00300e5c    00000226     rts2800_fpu32.lib : lowlev.obj (.text)
                  00301082    00000206                       : trgdrv.obj (.text)
                  00301288    000001e1     sysbios.a28FP : BIOS.obj (.text:_ti_sysbios_knl_Semaphore_pend__E)
                  00301469    000001aa                   : BIOS.obj (.text:_ti_sysbios_heaps_HeapMem_freeUnprotected__E)
                  00301613    00000177                   : BIOS.obj (.text:_ti_sysbios_heaps_HeapMem_allocUnprotected__E)
                  0030178a    00000107     rts2800_fpu32.lib : ll_div.obj (.text)
                  00301891    00000103                       : fopen.obj (.text)
                  00301994    000000f3     sysbios.a28FP : BIOS.obj (.text:_ti_sysbios_heaps_HeapMem_Instance_init__E)
                  00301a87    000000e8                   : BIOS.obj (.text:_ti_sysbios_family_c28_Hwi_clearInterrupt__E)
                  00301b6f    000000df     ti.targets.rts2800.a28FP : LoggerBuf.o28FP (.text:_xdc_runtime_LoggerBuf_write8__E)
                  00301c4e    000000d7                              : Core-mem.o28FP (.text:_xdc_runtime_Core_createObject__I)
                  00301d25    000000c1     sysbios.a28FP : BIOS.obj (.text:_ti_sysbios_family_c28_Hwi_dispatchCore__I)
                  00301de6    000000c0     clock_p28FP.o28FP (.text:_xdc_runtime_System_printfExtend__I)
                  00301ea6    000000ba     sysbios.a28FP : BIOS.obj (.text:_ti_sysbios_knl_Semaphore_post__E)
                  00301f60    000000b7                   : BIOS.obj (.text:_ti_sysbios_knl_Clock_workFunc__E)
                  00302017    000000b2     rts2800_fpu32.lib : fputs.obj (.text)
                  003020c9    000000af     sysbios.a28FP : BIOS.obj (.text:_ti_sysbios_knl_Swi_run__I)
                  00302178    000000a5     ti.targets.rts2800.a28FP : Error.o28FP (.text:_xdc_runtime_Error_policyDefault__E)
                  0030221d    000000a2                              : Core-smem.o28FP (.text:_xdc_runtime_Core_constructObject__I)
                  003022bf    0000009c     rts2800_fpu32.lib : fd_add.obj (.text)
                  0030235b    0000009b     sysbios.a28FP : c28_Hwi_disp_asm.obj (.text:_ti_sysbios_family_c28_Hwi_dispatch)
                  003023f6    00000096                   : BIOS.obj (.text:_ti_sysbios_family_c28_Hwi_enableInterrupt__E)
                  0030248c    00000095     ti.targets.rts2800.a28FP : LoggerBuf.o28FP (.text:_xdc_runtime_LoggerBuf_write4__E)
                  00302521    00000001     sysbios.a28FP : BIOS.obj (.text:_ti_sysbios_BIOS_linkedWithIncorrectBootLibrary__E)
                  00302522    00000094     rts2800_fpu32.lib : ankmsg.obj (.text)
                  003025b6    0000008b                       : fd_div.obj (.text)
                  00302641    0000008a                       : setvbuf.obj (.text)
                  003026cb    00000088     sysbios.a28FP : BIOS.obj (.text:_ti_sysbios_family_c28_Hwi_disableInterrupt__E)
                  00302753    00000083     rts2800_fpu32.lib : fd_mpy.obj (.text)
                  003027d6    00000081     sysbios.a28FP : BIOS.obj (.text:_ti_sysbios_family_c28_Hwi_disablePIEIER__E)
                  00302857    00000080                   : BIOS.obj (.text:_ti_sysbios_family_c28_Hwi_enablePIEIER__E)
                  003028d7    0000007d     ti.targets.rts2800.a28FP : Startup.o28FP (.text:_xdc_runtime_Startup_startMods__I)
                  00302954    0000007b                              : Text.o28FP (.text:_xdc_runtime_Text_putSite__E)
                  003029cf    00000077     sysbios.a28FP : BIOS.obj (.text:_ti_sysbios_knl_Task_checkStacks__E)
                  00302a46    00000076     rts2800_fpu32.lib : fflush.obj (.text)
                  00302abc    00000072     sysbios.a28FP : BIOS.obj (.text:_ti_sysbios_gates_GateMutex_enter__E)
                  00302b2e    00000071                   : BIOS.obj (.text:_ti_sysbios_knl_Task_startCore__E)
                  00302b9f    0000006f                   : BIOS.obj (.text:_ti_sysbios_knl_Task_schedule__I)
                  00302c0e    0000006c                   : BIOS.obj (.text:_ti_sysbios_knl_Semaphore_Instance_init__E)
                  00302c7a    00000067     rts2800_fpu32.lib : _io_perm.obj (.text)
                  00302ce1    00000066     sysbios.a28FP : BIOS.obj (.text:_ti_sysbios_family_c28_Timer_stopAndClear__I)
                  00302d47    00000063     boot.a28FP : boot_cg.o28FP (.text)
                  00302daa    00000060     sysbios.a28FP : BIOS.obj (.text:_ti_sysbios_knl_Swi_post__E)
                  00302e0a    00000060                   : BIOS.obj (.text:_ti_sysbios_knl_Task_blockI__E)
                  00302e6a    0000005f     rts2800_fpu32.lib : fclose.obj (.text)
                  00302ec9    00000057     sysbios.a28FP : BIOS.obj (.text:_ti_sysbios_knl_Task_exit__E)
                  00302f20    00000054     rts2800_fpu32.lib : fputc.obj (.text)
                  00302f74    00000051     sysbios.a28FP : BIOS.obj (.text:_ti_sysbios_knl_Task_unblockI__E)
                  00302fc5    00000051     ti.targets.rts2800.a28FP : Core-mem.o28FP (.text:_xdc_runtime_Core_deleteObject__I)
                  00303016    0000004e                              : Memory.o28FP (.text:_xdc_runtime_Memory_alloc__E)
                  00303064    0000004c     sysbios.a28FP : BIOS.obj (.text:_ti_sysbios_knl_Task_postInit__I)
                  003030b0    0000004c     ti.targets.rts2800.a28FP : Text.o28FP (.text:_xdc_runtime_Text_putLab__E)
                  003030fc    0000004b     sysbios.a28FP : BIOS.obj (.text:_ti_sysbios_heaps_HeapMem_alloc__E)
                  00303147    00000048                   : BIOS.obj (.text:_ti_sysbios_family_c28_Hwi_Module_startup__E)
                  0030318f    00000048                   : BIOS.obj (.text:_ti_sysbios_family_c28_TimestampProvider_get64__E)
                  003031d7    00000047     rts2800_fpu32.lib : cpy_tbl.obj (.text)
                  0030321e    00000043     sysbios.a28FP : BIOS.obj (.text:_ti_sysbios_family_c28_Timer_postInit__I)
                  00303261    00000043     ti.targets.rts2800.a28FP : Error.o28FP (.text:_xdc_runtime_Error_setX__E)
                  003032a4    00000042                              : Core-params.o28FP (.text:_xdc_runtime_Core_assignParams__I)
                  003032e6    00000041     sysbios.a28FP : BIOS.obj (.text:_ti_sysbios_family_c28_Hwi_unPluggedInterrupt__I)
                  00303327    00000040                   : BIOS.obj (.text:_ti_sysbios_knl_Swi_restoreHwi__E)
                  00303367    00000040     clock_p28FP.o28FP (.text:_xdc_runtime_LoggerBuf_Object__create__S)
                  003033a7    00000040     ti.targets.rts2800.a28FP : System.o28FP (.text:_xdc_runtime_System_formatNum__I)
                  003033e7    0000003f                              : LoggerBuf.o28FP (.text:_xdc_runtime_LoggerBuf_setFilterLevel__E)
                  00303426    0000003d     rts2800_fpu32.lib : fseek.obj (.text)
                  00303463    0000003c     ti.targets.rts2800.a28FP : LoggerBuf.o28FP (.text:_xdc_runtime_LoggerBuf_getFilterLevel__E)
                  0030349f    0000003b     sysbios.a28FP : BIOS.obj (.text:_ti_sysbios_family_c28_TaskSupport_start__E)
                  003034da    0000003a     ti.targets.rts2800.a28FP : Text.o28FP (.text:_xdc_runtime_Text_putMod__E)
                  00303514    00000039                              : Text.o28FP (.text:_xdc_runtime_Text_visitRope2__I)
                  0030354d    00000036     sysbios.a28FP : BIOS.obj (.text:_ti_sysbios_family_c28_TimestampProvider_Module_startup__E)
                  00303583    00000036                   : BIOS.obj (.text:_ti_sysbios_knl_Clock_logTick__E)
                  003035b9    00000036     ti.targets.rts2800.a28FP : Error.o28FP (.text:_xdc_runtime_Error_print__E)
                  003035ef    00000035                              : Startup.o28FP (.text:_xdc_runtime_Startup_exec__E)
                  00303624    00000034     rts2800_fpu32.lib : ldexp.obj (.text)
                  00303658    00000034                       : printf.obj (.text)
                  0030368c    00000033     sysbios.a28FP : BIOS.obj (.text:_ti_sysbios_knl_Task_Module_startup__E)
                  003036bf    00000032     ti.targets.rts2800.a28FP : Assert.o28FP (.text:_xdc_runtime_Assert_raise__I)
                  003036f1    00000032                              : LoggerBuf.o28FP (.text:_xdc_runtime_LoggerBuf_Instance_init__E)
                  00303723    00000031     rts2800_fpu32.lib : atoi.obj (.text)
                  00303754    0000002f     sysbios.a28FP : BIOS.obj (.text:_ti_sysbios_family_c28_Hwi_getInterruptFlag__E)
                  00303783    0000002f                   : BIOS.obj (.text:_ti_sysbios_knl_Swi_runLoop__I)
                  003037b2    0000002f                   : BIOS.obj (.text:_ti_sysbios_knl_Swi_schedule__I)
                  003037e1    0000002e     Boot.a28FP : Boot.o28FP (.text:.bootCodeSection:_ti_catalog_c2800_init_Boot_configurePll2834x)
                  0030380f    0000002e     rts2800_fpu32.lib : ltoa.obj (.text)
                  0030383d    0000002d     sysbios.a28FP : BIOS.obj (.text:_ti_sysbios_heaps_HeapMem_getStats__E)
                  0030386a    0000002c                   : BIOS.obj (.text:_ti_sysbios_family_c28_Hwi_getStackInfo__E)
                  00303896    0000002c                   : BIOS.obj (.text:_ti_sysbios_family_c28_Timer_start__E)
                  003038c2    0000002c                   : BIOS.obj (.text:_ti_sysbios_heaps_HeapMem_init__I)
                  003038ee    0000002a                   : BIOS.obj (.text:_ti_sysbios_family_c28_Timer_getExpiredCounts64__E)
                  00303918    0000002a     ti.targets.rts2800.a28FP : Text.o28FP (.text:_xdc_runtime_Text_xprintf__I)
                  00303942    0000002a     rts2800_fpu32.lib : fd_cmp.obj (.text)
                  0030396c    0000002a                       : l_div.obj (.text)
                  00303996    00000028     ti.targets.rts2800.a28FP : SysMin.o28FP (.text:_xdc_runtime_SysMin_flush__E)
                  003039be    00000027     sysbios.a28FP : BIOS.obj (.text:_ti_sysbios_heaps_HeapMem_free__E)
                  003039e5    00000026                   : BIOS.obj (.text:_ti_sysbios_family_c28_Timer_getExpiredCounts__E)
                  00303a0b    00000025                   : c28_TaskSupport_asm.obj (.text:_ti_sysbios_family_c28_TaskSupport_buildTaskStack)
                  00303a30    00000023     ti.targets.rts2800.a28FP : System.o28FP (.text:_xdc_runtime_System_processAtExit__E)
                  00303a53    00000023     rts2800_fpu32.lib : fd_tofs.obj (.text)
                  00303a76    00000021     clock_p28FP.o28FP (.text:_malloc)
                  00303a97    00000021     sysbios.a28FP : BIOS.obj (.text:_ti_sysbios_knl_Task_allBlockedFunction__I)
                  00303ab8    00000021     ti.targets.rts2800.a28FP : System.o28FP (.text:_xdc_runtime_System_atexit__E)
                  00303ad9    00000021     rts2800_fpu32.lib : fd_toi.obj (.text)
                  00303afa    00000020     sysbios.a28FP : BIOS.obj (.text:_ti_sysbios_family_c28_Timer_setPrescale__E)
                  00303b1a    0000001f     rts2800_fpu32.lib : fd_tol.obj (.text)
                  00303b39    0000001f                       : strncpy.obj (.text)
                  00303b58    0000001e     clock_p28FP.o28FP (.text:_ti_sysbios_gates_GateHwi_Object__create__S)
                  00303b76    0000001e     clock_p28FP.o28FP (.text:_ti_sysbios_gates_GateMutex_Object__create__S)
                  00303b94    0000001e     clock_p28FP.o28FP (.text:_ti_sysbios_heaps_HeapMem_Object__create__S)
                  00303bb2    0000001e     clock_p28FP.o28FP (.text:_xdc_runtime_SysMin_output__I)
                  00303bd0    0000001e     ti.targets.rts2800.a28FP : SysMin.o28FP (.text:_xdc_runtime_SysMin_putch__E)
                  00303bee    0000001e     rts2800_fpu32.lib : ll_cmp.obj (.text)
                  00303c0c    0000001e                       : memcpy.obj (.text)
                  00303c2a    0000001d     sysbios.a28FP : c28_TaskSupport_asm.obj (.text:_ti_sysbios_family_c28_TaskSupport_swap__E)
                  00303c47    0000001d                   : BIOS.obj (.text:_ti_sysbios_hal_Hwi_initStack)
                  00303c64    0000001d     clock_p28FP.o28FP (.text:_ti_sysbios_knl_Semaphore_construct)
                  00303c81    0000001d     ti.targets.rts2800.a28FP : LoggerBuf.o28FP (.text:_xdc_runtime_LoggerBuf_filterOutEvent__I)
                  00303c9e    0000001d     rts2800_fpu32.lib : i_tofd.obj (.text)
                  00303cbb    0000001c     sysbios.a28FP : BIOS.obj (.text:_ti_sysbios_hal_Hwi_checkStack)
                  00303cd7    0000001c     rts2800_fpu32.lib : fs_tofd.obj (.text)
                  00303cf3    0000001c                       : l_tofd.obj (.text)
                  00303d0f    0000001b     sysbios.a28FP : c28_Hwi_asm.obj (.text:_ti_sysbios_family_c28_Hwi_switchAndDispatch__I)
                  00303d2a    0000001b                   : BIOS.obj (.text:_ti_sysbios_knl_Task_processVitalTaskFlag__I)
                  00303d45    0000001a                   : BIOS.obj (.text:_ti_sysbios_knl_Clock_addI__E)
                  00303d5f    0000001a     ti.targets.rts2800.a28FP : Core-label.o28FP (.text:_xdc_runtime_Core_assignLabel__I)
                  00303d79    0000001a                              : LoggerBuf.o28FP (.text:_xdc_runtime_LoggerBuf_Module_startup__E)
                  00303d93    0000001a     rts2800_fpu32.lib : cpy_utils.obj (.text)
                  00303dad    00000019     clock_p28FP.o28FP (.text:_ti_sysbios_knl_Queue_construct)
                  00303dc6    00000019     sysbios.a28FP : BIOS.obj (.text:_ti_sysbios_knl_Semaphore_pendTimeout__I)
                  00303ddf    00000019                   : BIOS.obj (.text:_ti_sysbios_knl_Swi_restore__E)
                  00303df8    00000019     ti.targets.rts2800.a28FP : Memory.o28FP (.text:_xdc_runtime_Memory_valloc__E)
                  00303e11    00000019                              : System.o28FP (.text:_xdc_runtime_System_avprintf__E)
                  00303e2a    00000019                              : System.o28FP (.text:_xdc_runtime_System_putchar__I)
                  00303e43    00000019     rts2800_fpu32.lib : args_main.obj (.text)
                  00303e5c    00000019                       : exit.obj (.text)
                  00303e75    00000018     sysbios.a28FP : c28_Hwi_asm.obj (.text:_ti_sysbios_family_xxx_Hwi_switchAndRunFunc)
                  00303e8d    00000018     ti.targets.rts2800.a28FP : LoggerBuf.o28FP (.text:_xdc_runtime_LoggerBuf_reset__E)
                  00303ea5    00000018                              : System.o28FP (.text:_xdc_runtime_System_vprintf__E)
                  00303ebd    00000018                              : Text.o28FP (.text:_xdc_runtime_Text_printVisFxn__I)
                  00303ed5    00000018     rts2800_fpu32.lib : ll_aox.obj (.text)
                  00303eed    00000017     sysbios.a28FP : BIOS.obj (.text:_ti_sysbios_family_c28_Timer_startup__E)
                  00303f04    00000017     clock_p28FP.o28FP (.text:_ti_sysbios_knl_Clock_doTick__I)
                  00303f1b    00000017     ti.targets.rts2800.a28FP : SysMin.o28FP (.text:_xdc_runtime_SysMin_abort__E)
                  00303f32    00000016     clock_p28FP.o28FP (.text:_ti_sysbios_BIOS_atExitFunc__I)
                  00303f48    00000016     sysbios.a28FP : BIOS.obj (.text:_ti_sysbios_family_c28_Timer_Module_startup__E)
                  00303f5e    00000016                   : BIOS.obj (.text:_ti_sysbios_knl_Swi_Module_startup__E)
                  00303f74    00000016                   : BIOS.obj (.text:_ti_sysbios_knl_Task_restore__E)
                  00303f8a    00000016     rts2800_fpu32.lib : frexp.obj (.text)
                  00303fa0    00000015     clock_p28FP.o28FP (.text:_ti_sysbios_BIOS_startFunc__I)
                  00303fb5    00000015     sysbios.a28FP : BIOS.obj (.text:_ti_sysbios_knl_Idle_run__E)
                  00303fca    00000015     ti.targets.rts2800.a28FP : Text.o28FP (.text:_xdc_runtime_Text_cordText__E)
                  00303fdf    00000013     clock_p28FP.o28FP (.text:_ti_sysbios_gates_GateMutex_Object__delete__S)
                  00303ff2    00000012     clock_p28FP.o28FP (.text:_ti_sysbios_gates_GateHwi_Object__delete__S)
                  00304004    00000012     clock_p28FP.o28FP (.text:_ti_sysbios_heaps_HeapMem_Object__delete__S)
                  00304016    00000012     sysbios.a28FP : BIOS.obj (.text:_ti_sysbios_knl_Clock_Module_startup__E)
                  00304028    00000012     clock_p28FP.o28FP (.text:_xdc_runtime_LoggerBuf_Object__delete__S)
                  0030403a    00000011     ti.targets.rts2800.a28FP : Error.o28FP (.text:_xdc_runtime_Error_raiseX__E)
                  0030404b    00000011     rts2800_fpu32.lib : memchr.obj (.text)
                  0030405c    00000010     clock_p28FP.o28FP (.text:_ti_sysbios_BIOS_errorRaiseHook__I)
                  0030406c    00000010     sysbios.a28FP : BIOS.obj (.text:_ti_sysbios_family_c28_Timer_stop__E)
                  0030407c    00000010                   : BIOS.obj (.text:_ti_sysbios_knl_Task_restoreHwi__E)
                  0030408c    0000000f     Boot.a28FP : Boot.o28FP (.text:.bootCodeSection:_ti_catalog_c2800_init_Boot_disableWatchdog)
                  0030409b    0000000f     clock_p28FP.o28FP (.text:_ti_sysbios_BIOS_removeRTSLock__I)
                  003040aa    0000000f     sysbios.a28FP : BIOS.obj (.text:_ti_sysbios_gates_GateMutex_Instance_init__E)
                  003040b9    0000000f     ti.targets.rts2800.a28FP : LoggerBuf.o28FP (.text:_xdc_runtime_LoggerBuf_write2__E)
                  003040c8    0000000e     clock_p28FP.o28FP (.text:_ti_sysbios_heaps_HeapMem_Object__get__S)
                  003040d6    0000000e     clock_p28FP.o28FP (.text:_ti_sysbios_knl_Semaphore_Object__destruct__S)
                  003040e4    0000000e     clock_p28FP.o28FP (.text:_ti_sysbios_knl_Swi_Object__get__S)
                  003040f2    0000000e     clock_p28FP.o28FP (.text:_ti_sysbios_knl_Task_Object__get__S)
                  00304100    0000000e     clock_p28FP.o28FP (.text:_xdc_runtime_LoggerBuf_Object__get__S)
                  0030410e    0000000e     ti.targets.rts2800.a28FP : Registry.o28FP (.text:_xdc_runtime_Registry_findById__E)
                  0030411c    0000000e                              : SysMin.o28FP (.text:_xdc_runtime_SysMin_Module_startup__E)
                  0030412a    0000000e     rts2800_fpu32.lib : fd_sub.obj (.text)
                  00304138    0000000e                       : memccpy.obj (.text)
                  00304146    0000000d     clock_p28FP.o28FP (.text:_ti_sysbios_BIOS_registerRTSLock__I)
                  00304153    0000000d     clock_p28FP.o28FP (.text:_ti_sysbios_BIOS_rtsLock__I)
                  00304160    0000000d     sysbios.a28FP : BIOS.obj (.text:_ti_sysbios_family_c28_Hwi_dispatchC__I)
                  0030416d    0000000d     clock_p28FP.o28FP (.text:_ti_sysbios_gates_GateHwi_Handle__label__S)
                  0030417a    0000000d     clock_p28FP.o28FP (.text:_ti_sysbios_gates_GateMutex_Handle__label__S)
                  00304187    0000000d     clock_p28FP.o28FP (.text:_ti_sysbios_heaps_HeapMem_Handle__label__S)
                  00304194    0000000d     clock_p28FP.o28FP (.text:_ti_sysbios_knl_Queue_Object__destruct__S)
                  003041a1    0000000d     sysbios.a28FP : BIOS.obj (.text:_ti_sysbios_knl_Task_enter__I)
                  003041ae    0000000d     ti.targets.rts2800.a28FP : Error.o28FP (.text:_xdc_runtime_Error_check__E)
                  003041bb    0000000d     clock_p28FP.o28FP (.text:_xdc_runtime_LoggerBuf_Handle__label__S)
                  003041c8    0000000d     ti.targets.rts2800.a28FP : LoggerBuf.o28FP (.text:_xdc_runtime_LoggerBuf_write1__E)
                  003041d5    0000000d                              : System.o28FP (.text:_xdc_runtime_System_abort__E)
                  003041e2    0000000c     clock_p28FP.o28FP (.text:_ti_sysbios_BIOS_exitFunc__I)
                  003041ee    0000000c     clock_p28FP.o28FP (.text:_ti_sysbios_family_c28_Hwi_disableIER__E)
                  003041fa    0000000c     sysbios.a28FP : BIOS.obj (.text:_ti_sysbios_gates_GateMutex_leave__E)
                  00304206    0000000c                   : BIOS.obj (.text:_ti_sysbios_knl_Queue_put__E)
                  00304212    0000000c                   : BIOS.obj (.text:_ti_sysbios_knl_Task_enabled__E)
                  0030421e    0000000c     ti.targets.rts2800.a28FP : Memory.o28FP (.text:_xdc_runtime_Memory_free__E)
                  0030422a    0000000c                              : Text.o28FP (.text:_xdc_runtime_Text_ropeText__E)
                  00304236    0000000c     rts2800_fpu32.lib : memset.obj (.text)
                  00304242    0000000c                       : strchr.obj (.text)
                  0030424e    0000000b     clock_p28FP.o28FP (.text:_free)
                  00304259    0000000b     clock_p28FP.o28FP (.text:_ti_sysbios_family_c28_Hwi_Module__startupDone__F)
                  00304264    0000000b     clock_p28FP.o28FP (.text:_ti_sysbios_family_c28_Hwi_Object__get__S)
                  0030426f    0000000b     clock_p28FP.o28FP (.text:_ti_sysbios_family_c28_Hwi_enableIER__E)
                  0030427a    0000000b     clock_p28FP.o28FP (.text:_ti_sysbios_family_c28_Timer_Module__startupDone__F)
                  00304285    0000000b     clock_p28FP.o28FP (.text:_ti_sysbios_knl_Queue_Object__get__S)
                  00304290    0000000b     clock_p28FP.o28FP (.text:_ti_sysbios_knl_Task_SupportProxy_start__E)
                  0030429b    0000000b     sysbios.a28FP : BIOS.obj (.text:_ti_sysbios_knl_Task_unblock__E)
                  003042a6    0000000b     ti.targets.rts2800.a28FP : LoggerBuf.o28FP (.text:_xdc_runtime_LoggerBuf_Instance_finalize__E)
                  003042b1    0000000b                              : LoggerBuf.o28FP (.text:_xdc_runtime_LoggerBuf_write0__E)
                  003042bc    0000000b                              : SysMin.o28FP (.text:_xdc_runtime_SysMin_exit__E)
                  003042c7    0000000b                              : System.o28FP (.text:_xdc_runtime_System_exit__E)
                  003042d2    0000000a     DSP2834x_DefaultIsr.obj (.text:_DATALOG_ISR)
                  003042dc    0000000a     DSP2834x_DefaultIsr.obj (.text:_DINTCH1_ISR)
                  003042e6    0000000a     DSP2834x_DefaultIsr.obj (.text:_DINTCH2_ISR)
                  003042f0    0000000a     DSP2834x_DefaultIsr.obj (.text:_DINTCH3_ISR)
                  003042fa    0000000a     DSP2834x_DefaultIsr.obj (.text:_DINTCH4_ISR)
                  00304304    0000000a     DSP2834x_DefaultIsr.obj (.text:_DINTCH5_ISR)
                  0030430e    0000000a     DSP2834x_DefaultIsr.obj (.text:_DINTCH6_ISR)
                  00304318    0000000a     DSP2834x_DefaultIsr.obj (.text:_ECAN0INTA_ISR)
                  00304322    0000000a     DSP2834x_DefaultIsr.obj (.text:_ECAN0INTB_ISR)
                  0030432c    0000000a     DSP2834x_DefaultIsr.obj (.text:_ECAN1INTA_ISR)
                  00304336    0000000a     DSP2834x_DefaultIsr.obj (.text:_ECAN1INTB_ISR)
                  00304340    0000000a     DSP2834x_DefaultIsr.obj (.text:_ECAP1_INT_ISR)
                  0030434a    0000000a     DSP2834x_DefaultIsr.obj (.text:_ECAP2_INT_ISR)
                  00304354    0000000a     DSP2834x_DefaultIsr.obj (.text:_ECAP3_INT_ISR)
                  0030435e    0000000a     DSP2834x_DefaultIsr.obj (.text:_ECAP4_INT_ISR)
                  00304368    0000000a     DSP2834x_DefaultIsr.obj (.text:_ECAP5_INT_ISR)
                  00304372    0000000a     DSP2834x_DefaultIsr.obj (.text:_ECAP6_INT_ISR)
                  0030437c    0000000a     DSP2834x_DefaultIsr.obj (.text:_EMUINT_ISR)
                  00304386    0000000a     DSP2834x_DefaultIsr.obj (.text:_EPWM1_INT_ISR)
                  00304390    0000000a     DSP2834x_DefaultIsr.obj (.text:_EPWM1_TZINT_ISR)
                  0030439a    0000000a     DSP2834x_DefaultIsr.obj (.text:_EPWM2_INT_ISR)
                  003043a4    0000000a     DSP2834x_DefaultIsr.obj (.text:_EPWM2_TZINT_ISR)
                  003043ae    0000000a     DSP2834x_DefaultIsr.obj (.text:_EPWM3_INT_ISR)
                  003043b8    0000000a     DSP2834x_DefaultIsr.obj (.text:_EPWM3_TZINT_ISR)
                  003043c2    0000000a     DSP2834x_DefaultIsr.obj (.text:_EPWM4_INT_ISR)
                  003043cc    0000000a     DSP2834x_DefaultIsr.obj (.text:_EPWM4_TZINT_ISR)
                  003043d6    0000000a     DSP2834x_DefaultIsr.obj (.text:_EPWM5_INT_ISR)
                  003043e0    0000000a     DSP2834x_DefaultIsr.obj (.text:_EPWM5_TZINT_ISR)
                  003043ea    0000000a     DSP2834x_DefaultIsr.obj (.text:_EPWM6_INT_ISR)
                  003043f4    0000000a     DSP2834x_DefaultIsr.obj (.text:_EPWM6_TZINT_ISR)
                  003043fe    0000000a     DSP2834x_DefaultIsr.obj (.text:_EPWM7_INT_ISR)
                  00304408    0000000a     DSP2834x_DefaultIsr.obj (.text:_EPWM7_TZINT_ISR)
                  00304412    0000000a     DSP2834x_DefaultIsr.obj (.text:_EPWM8_INT_ISR)
                  0030441c    0000000a     DSP2834x_DefaultIsr.obj (.text:_EPWM8_TZINT_ISR)
                  00304426    0000000a     DSP2834x_DefaultIsr.obj (.text:_EPWM9_INT_ISR)
                  00304430    0000000a     DSP2834x_DefaultIsr.obj (.text:_EPWM9_TZINT_ISR)
                  0030443a    0000000a     DSP2834x_DefaultIsr.obj (.text:_EQEP1_INT_ISR)
                  00304444    0000000a     DSP2834x_DefaultIsr.obj (.text:_EQEP2_INT_ISR)
                  0030444e    0000000a     DSP2834x_DefaultIsr.obj (.text:_EQEP3_INT_ISR)
                  00304458    0000000a     DSP2834x_DefaultIsr.obj (.text:_I2CINT1A_ISR)
                  00304462    0000000a     DSP2834x_DefaultIsr.obj (.text:_I2CINT2A_ISR)
                  0030446c    0000000a     DSP2834x_DefaultIsr.obj (.text:_ILLEGAL_ISR)
                  00304476    0000000a     DSP2834x_DefaultIsr.obj (.text:_INT13_ISR)
                  00304480    0000000a     DSP2834x_DefaultIsr.obj (.text:_INT14_ISR)
                  0030448a    0000000a     DSP2834x_DefaultIsr.obj (.text:_LUF_ISR)
                  00304494    0000000a     DSP2834x_DefaultIsr.obj (.text:_LVF_ISR)
                  0030449e    0000000a     DSP2834x_DefaultIsr.obj (.text:_MRINTA_ISR)
                  003044a8    0000000a     DSP2834x_DefaultIsr.obj (.text:_MRINTB_ISR)
                  003044b2    0000000a     DSP2834x_DefaultIsr.obj (.text:_MXINTA_ISR)
                  003044bc    0000000a     DSP2834x_DefaultIsr.obj (.text:_MXINTB_ISR)
                  003044c6    0000000a     DSP2834x_DefaultIsr.obj (.text:_NMI_ISR)
                  003044d0    0000000a     DSP2834x_DefaultIsr.obj (.text:_PIE_RESERVED)
                  003044da    0000000a     DSP2834x_DefaultIsr.obj (.text:_RTOSINT_ISR)
                  003044e4    0000000a     DSP2834x_DefaultIsr.obj (.text:_SCIRXINTA_ISR)
                  003044ee    0000000a     DSP2834x_DefaultIsr.obj (.text:_SCIRXINTB_ISR)
                  003044f8    0000000a     DSP2834x_DefaultIsr.obj (.text:_SCIRXINTC_ISR)
                  00304502    0000000a     DSP2834x_DefaultIsr.obj (.text:_SCITXINTA_ISR)
                  0030450c    0000000a     DSP2834x_DefaultIsr.obj (.text:_SCITXINTB_ISR)
                  00304516    0000000a     DSP2834x_DefaultIsr.obj (.text:_SCITXINTC_ISR)
                  00304520    0000000a     DSP2834x_DefaultIsr.obj (.text:_SPIRXINTA_ISR)
                  0030452a    0000000a     DSP2834x_DefaultIsr.obj (.text:_SPIRXINTD_ISR)
                  00304534    0000000a     DSP2834x_DefaultIsr.obj (.text:_SPITXINTA_ISR)
                  0030453e    0000000a     DSP2834x_DefaultIsr.obj (.text:_SPITXINTD_ISR)
                  00304548    0000000a     DSP2834x_DefaultIsr.obj (.text:_TINT0_ISR)
                  00304552    0000000a     DSP2834x_DefaultIsr.obj (.text:_USER10_ISR)
                  0030455c    0000000a     DSP2834x_DefaultIsr.obj (.text:_USER11_ISR)
                  00304566    0000000a     DSP2834x_DefaultIsr.obj (.text:_USER12_ISR)
                  00304570    0000000a     DSP2834x_DefaultIsr.obj (.text:_USER1_ISR)
                  0030457a    0000000a     DSP2834x_DefaultIsr.obj (.text:_USER2_ISR)
                  00304584    0000000a     DSP2834x_DefaultIsr.obj (.text:_USER3_ISR)
                  0030458e    0000000a     DSP2834x_DefaultIsr.obj (.text:_USER4_ISR)
                  00304598    0000000a     DSP2834x_DefaultIsr.obj (.text:_USER5_ISR)
                  003045a2    0000000a     DSP2834x_DefaultIsr.obj (.text:_USER6_ISR)
                  003045ac    0000000a     DSP2834x_DefaultIsr.obj (.text:_USER7_ISR)
                  003045b6    0000000a     DSP2834x_DefaultIsr.obj (.text:_USER8_ISR)
                  003045c0    0000000a     DSP2834x_DefaultIsr.obj (.text:_USER9_ISR)
                  003045ca    0000000a     DSP2834x_DefaultIsr.obj (.text:_WAKEINT_ISR)
                  003045d4    0000000a     DSP2834x_DefaultIsr.obj (.text:_XINT1_ISR)
                  003045de    0000000a     DSP2834x_DefaultIsr.obj (.text:_XINT2_ISR)
                  003045e8    0000000a     DSP2834x_DefaultIsr.obj (.text:_XINT3_ISR)
                  003045f2    0000000a     DSP2834x_DefaultIsr.obj (.text:_XINT4_ISR)
                  003045fc    0000000a     DSP2834x_DefaultIsr.obj (.text:_XINT5_ISR)
                  00304606    0000000a     DSP2834x_DefaultIsr.obj (.text:_XINT6_ISR)
                  00304610    0000000a     DSP2834x_DefaultIsr.obj (.text:_XINT7_ISR)
                  0030461a    0000000a     DSP2834x_DefaultIsr.obj (.text:_rsvd_ISR)
                  00304624    0000000a     rts2800_fpu32.lib : strcmp.obj (.text)
                  0030462e    00000009     main.obj (.text:_main)
                  00304637    00000009     clock_p28FP.o28FP (.text:_ti_sysbios_BIOS_rtsUnlock__I)
                  00304640    00000009     clock_p28FP.o28FP (.text:_ti_sysbios_family_c28_Hwi_restoreIER__E)
                  00304649    00000009     sysbios.a28FP : BIOS.obj (.text:_ti_sysbios_family_c28_TaskSupport_checkStack__E)
                  00304652    00000009                   : c28_TaskSupport_asm.obj (.text:_ti_sysbios_family_c28_TaskSupport_glue)
                  0030465b    00000009                   : BIOS.obj (.text:_ti_sysbios_hal_Hwi_Module_startup__E)
                  00304664    00000009     clock_p28FP.o28FP (.text:_xdc_runtime_Startup_exec__I)
                  0030466d    00000009     ti.targets.rts2800.a28FP : System.o28FP (.text:_xdc_runtime_System_vsnprintf__E)
                  00304676    00000009     clock_p28FP.o28FP (.text:_xdc_runtime_Text_visitRope__I)
                  0030467f    00000009     rts2800_fpu32.lib : _lock.obj (.text)
                  00304688    00000009                       : fd_neg.obj (.text)
                  00304691    00000008     DSP2834x_CodeStartBranch.obj (.text)
                  00304699    00000008     sysbios.a28FP : BIOS.obj (.text:_ti_sysbios_BIOS_setThreadType__E)
                  003046a1    00000008                   : BIOS.obj (.text:_ti_sysbios_gates_GateMutex_Instance_finalize__E)
                  003046a9    00000008                   : BIOS.obj (.text:_ti_sysbios_knl_Semaphore_Instance_finalize__E)
                  003046b1    00000008     clock_p28FP.o28FP (.text:_xdc_runtime_IHeap_alloc)
                  003046b9    00000008     ti.targets.rts2800.a28FP : Memory.o28FP (.text:_xdc_runtime_Memory_calloc__E)
                  003046c1    00000008                              : SysMin.o28FP (.text:_xdc_runtime_SysMin_ready__E)
                  003046c9    00000008     rts2800_fpu32.lib : strlen.obj (.text)
                  003046d1    00000007     clock_p28FP.o28FP (.text:.bootCodeSection:_ti_catalog_c2800_init_Boot_init)
                  003046d8    00000007     sysbios.a28FP : BIOS.obj (.text:_ti_sysbios_knl_Queue_empty__E)
                  003046df    00000007     ti.targets.rts2800.a28FP : Error.o28FP (.text:_xdc_runtime_Error_init__E)
                  003046e6    00000007     clock_p28FP.o28FP (.text:_xdc_runtime_System_aprintf__E)
                  003046ed    00000007     clock_p28FP.o28FP (.text:_xdc_runtime_System_printf__E)
                  003046f4    00000006     sysbios.a28FP : c28_IntrinsicsSupport_asm.obj (.text:_ti_sysbios_family_c28_IntrinsicsSupport_maxbit__E)
                  003046fa    00000006                   : BIOS.obj (.text:_ti_sysbios_family_c28_TimestampProvider_rolloverFunc__E)
                  00304700    00000006                   : BIOS.obj (.text:_ti_sysbios_family_c28_TimestampProvider_startTimer__E)
                  00304706    00000006                   : BIOS.obj (.text:_ti_sysbios_knl_Swi_disable__E)
                  0030470c    00000006                   : BIOS.obj (.text:_ti_sysbios_knl_Task_disable__E)
                  00304712    00000006     ti.targets.rts2800.a28FP : Gate.o28FP (.text:_xdc_runtime_Gate_enterSystem__E)
                  00304718    00000006                              : Gate.o28FP (.text:_xdc_runtime_Gate_leaveSystem__E)
                  0030471e    00000005     sysbios.a28FP : BIOS.obj (.text:_ti_sysbios_family_c28_Hwi_switchFromBootStack__E)
                  00304723    00000005                   : BIOS.obj (.text:_ti_sysbios_gates_GateHwi_enter__E)
                  00304728    00000005     ti.targets.rts2800.a28FP : LoggerBuf.o28FP (.text:_xdc_runtime_LoggerBuf_enable__E)
                  0030472d    00000005     rts2800_fpu32.lib : strcpy.obj (.text)
                  00304732    00000004     clock_p28FP.o28FP (.text:_ti_sysbios_family_c28_Hwi_startup__E)
                  00304736    00000004     sysbios.a28FP : BIOS.obj (.text:_ti_sysbios_heaps_HeapMem_isBlocking__E)
                  0030473a    00000004                   : BIOS.obj (.text:_ti_sysbios_knl_Swi_startup__E)
                  0030473e    00000004     clock_p28FP.o28FP (.text:_xdc_runtime_IHeap_free)
                  00304742    00000004     ti.targets.rts2800.a28FP : LoggerBuf.o28FP (.text:_xdc_runtime_LoggerBuf_disable__E)
                  00304746    00000004                              : Memory.o28FP (.text:_xdc_runtime_Memory_getMaxDefaultTypeAlign__E)
                  0030474a    00000004                              : Startup.o28FP (.text:_xdc_runtime_Startup_rtsDone__E)
                  0030474e    00000003                              : xdc_noinit.o28FP (.text:___xdc__init)
                  00304751    00000003     clock_p28FP.o28FP (.text:_ti_catalog_c2800_init_Boot_limpAbort)
                  00304754    00000003     clock_p28FP.o28FP (.text:_ti_sysbios_BIOS_RtsGateProxy_enter__E)
                  00304757    00000003     clock_p28FP.o28FP (.text:_ti_sysbios_BIOS_RtsGateProxy_leave__E)
                  0030475a    00000003     sysbios.a28FP : c28_Hwi_asm.obj (.text:_ti_sysbios_family_c28_Hwi_getIFR__I)
                  0030475d    00000003                   : BIOS.obj (.text:_ti_sysbios_gates_GateHwi_leave__E)
                  00304760    00000003     clock_p28FP.o28FP (.text:_ti_sysbios_hal_Hwi_HwiProxy_getStackInfo__E)
                  00304763    00000003     clock_p28FP.o28FP (.text:_ti_sysbios_hal_Hwi_HwiProxy_switchFromBootStack__E)
                  00304766    00000003     sysbios.a28FP : BIOS.obj (.text:_ti_sysbios_hal_Hwi_startup__E)
                  00304769    00000003     clock_p28FP.o28FP (.text:_ti_sysbios_heaps_HeapMem_Module_GateProxy_enter__E)
                  0030476c    00000003     clock_p28FP.o28FP (.text:_ti_sysbios_heaps_HeapMem_Module_GateProxy_leave__E)
                  0030476f    00000003     clock_p28FP.o28FP (.text:_ti_sysbios_heaps_HeapMem_Module_GateProxy_query__E)
                  00304772    00000003     clock_p28FP.o28FP (.text:_ti_sysbios_knl_Clock_TimerProxy_getMaxTicks__E)
                  00304775    00000003     sysbios.a28FP : BIOS.obj (.text:_ti_sysbios_knl_Idle_loop__E)
                  00304778    00000003                   : BIOS.obj (.text:_ti_sysbios_knl_Queue_Instance_init__E)
                  0030477b    00000003     clock_p28FP.o28FP (.text:_ti_sysbios_knl_Queue_destruct)
                  0030477e    00000003     clock_p28FP.o28FP (.text:_ti_sysbios_knl_Semaphore_destruct)
                  00304781    00000003     clock_p28FP.o28FP (.text:_ti_sysbios_knl_Task_SupportProxy_checkStack__E)
                  00304784    00000003     clock_p28FP.o28FP (.text:_ti_sysbios_knl_Task_SupportProxy_swap__E)
                  00304787    00000003     sysbios.a28FP : BIOS.obj (.text:_ti_sysbios_knl_Task_startup__E)
                  0030478a    00000003     clock_p28FP.o28FP (.text:_xdc_runtime_LoggerBuf_Module_GateProxy_enter__E)
                  0030478d    00000003     clock_p28FP.o28FP (.text:_xdc_runtime_LoggerBuf_Module_GateProxy_leave__E)
                  00304790    00000003     clock_p28FP.o28FP (.text:_xdc_runtime_LoggerBuf_TimestampProxy_get64__E)
                  00304793    00000003     clock_p28FP.o28FP (.text:_xdc_runtime_System_Module_GateProxy_enter__E)
                  00304796    00000003     clock_p28FP.o28FP (.text:_xdc_runtime_System_Module_GateProxy_leave__E)
                  00304799    00000003     ti.targets.rts2800.a28FP : System.o28FP (.text:_xdc_runtime_System_Module_startup__E)
                  0030479c    00000003     clock_p28FP.o28FP (.text:_xdc_runtime_System_SupportProxy_abort__E)
                  0030479f    00000003     clock_p28FP.o28FP (.text:_xdc_runtime_System_SupportProxy_exit__E)
                  003047a2    00000003     clock_p28FP.o28FP (.text:_xdc_runtime_System_SupportProxy_putch__E)
                  003047a5    00000003     clock_p28FP.o28FP (.text:_xdc_runtime_System_SupportProxy_ready__E)
                  003047a8    00000003     ti.targets.rts2800.a28FP : System.o28FP (.text:_xdc_runtime_System_abortStd__E)
                  003047ab    00000003                              : System.o28FP (.text:_xdc_runtime_System_exitStd__E)
                  003047ae    00000003     rts2800_fpu32.lib : remove.obj (.text)
                  003047b1    00000002     Boot.a28FP : Boot.o28FP (.text:_ti_catalog_c2800_init_Boot_defaultLimpAbortFunction)
                  003047b3    00000002     clock_p28FP.o28FP (.text:_ti_sysbios_family_c28_TaskSupport_Module__startupDone__S)
                  003047b5    00000002     sysbios.a28FP : BIOS.obj (.text:_ti_sysbios_family_c28_Timer_getMaxTicks__E)
                  003047b7    00000002                   : BIOS.obj (.text:_ti_sysbios_gates_GateHwi_query__E)
                  003047b9    00000002                   : BIOS.obj (.text:_ti_sysbios_gates_GateMutex_query__E)
                  003047bb    00000002     ti.targets.rts2800.a28FP : Error.o28FP (.text:_xdc_runtime_Error_getSite__E)
                  003047bd    00000001     clock_p28FP.o28FP (.text:_ti_sysbios_BIOS_nullFunc__I)
                  003047be    00000001     sysbios.a28FP : c28_Hwi_asm.obj (.text:_ti_sysbios_family_c28_Hwi_interruptReturn__I)
                  003047bf    00000001                   : BIOS.obj (.text:_ti_sysbios_gates_GateHwi_Instance_init__E)

.econst    0    003047c0    00001f68     
                  003047c0    000016f3     clock_p28FP.o28FP (.econst:xdc_runtime_Text_charTab__A)
                  00305eb3    00000001     clock_p28FP.o28FP (.econst:ti_sysbios_family_c28_Hwi_Module__id__C)
                  00305eb4    00000200     DSP2834x_PieVect.obj (.econst)
                  003060b4    00000101     rts2800_fpu32.lib : ctype.obj (.econst:.string:__ctypes_)
                  003061b5    00000001     clock_p28FP.o28FP (.econst:ti_sysbios_family_c28_Hwi_Module__loggerDefined__C)
                  003061b6    00000100     clock_p28FP.o28FP (.econst:_ti_sysbios_family_c28_Hwi_vectors)
                  003062b6    0000005d     clock_p28FP.o28FP (.econst:.string)
                  00306313    00000001     clock_p28FP.o28FP (.econst:ti_sysbios_family_c28_Hwi_NUM_INTERRUPTS_ALL__C)
                  00306314    00000058     ti.targets.rts2800.a28FP : Error.o28FP (.econst:.string)
                  0030636c    00000052     clock_p28FP.o28FP (.econst:xdc_runtime_Text_nodeTab__A)
                  003063be    00000047     ti.targets.rts2800.a28FP : Log.o28FP (.econst:.string)
                  00306405    00000001     clock_p28FP.o28FP (.econst:ti_sysbios_family_c28_Hwi_Object__count__C)
                  00306406    00000043     ti.targets.rts2800.a28FP : Text.o28FP (.econst:.string)
                  00306449    00000001     clock_p28FP.o28FP (.econst:ti_sysbios_family_c28_TaskSupport_Module__id__C)
                  0030644a    0000002a     ti.targets.rts2800.a28FP : Startup.o28FP (.econst:.string)
                  00306474    00000026     rts2800_fpu32.lib : _printfi.obj (.econst:.string)
                  0030649a    0000001e     clock_p28FP.o28FP (.econst:xdc_runtime_LoggerBuf_Module__FXNS__C)
                  003064b8    0000001c     rts2800_fpu32.lib : _printfi.obj (.econst)
                  003064d4    00000014     clock_p28FP.o28FP (.econst:ti_sysbios_heaps_HeapMem_Module__FXNS__C)
                  003064e8    00000014     clock_p28FP.o28FP (.econst:xdc_runtime_Startup_sfxnTab__A)
                  003064fc    00000012     clock_p28FP.o28FP (.econst:ti_sysbios_gates_GateHwi_Module__FXNS__C)
                  0030650e    00000012     clock_p28FP.o28FP (.econst:ti_sysbios_gates_GateMutex_Module__FXNS__C)
                  00306520    00000012     clock_p28FP.o28FP (.econst:ti_sysbios_heaps_HeapMem_Object__PARAMS__C)
                  00306532    00000012     clock_p28FP.o28FP (.econst:xdc_runtime_LoggerBuf_Object__PARAMS__C)
                  00306544    00000011     ti.targets.rts2800.a28FP : System.o28FP (.econst:_digtohex)
                  00306555    00000001     clock_p28FP.o28FP (.econst:ti_sysbios_family_c28_Timer_startupNeeded__C)
                  00306556    00000010     clock_p28FP.o28FP (.econst:ti_sysbios_gates_GateHwi_Object__DESC__C)
                  00306566    00000010     clock_p28FP.o28FP (.econst:ti_sysbios_gates_GateMutex_Object__DESC__C)
                  00306576    00000010     clock_p28FP.o28FP (.econst:ti_sysbios_heaps_HeapMem_Object__DESC__C)
                  00306586    00000010     clock_p28FP.o28FP (.econst:ti_sysbios_knl_Queue_Object__DESC__C)
                  00306596    00000010     clock_p28FP.o28FP (.econst:ti_sysbios_knl_Semaphore_Object__DESC__C)
                  003065a6    00000010     clock_p28FP.o28FP (.econst:ti_sysbios_knl_Semaphore_Object__PARAMS__C)
                  003065b6    00000010     clock_p28FP.o28FP (.econst:xdc_runtime_LoggerBuf_Object__DESC__C)
                  003065c6    0000000c     main.obj (.econst:.string)
                  003065d2    0000000c     clock_p28FP.o28FP (.econst:ti_sysbios_gates_GateHwi_Object__PARAMS__C)
                  003065de    0000000c     clock_p28FP.o28FP (.econst:ti_sysbios_gates_GateMutex_Object__PARAMS__C)
                  003065ea    0000000c     clock_p28FP.o28FP (.econst:ti_sysbios_knl_Queue_Object__PARAMS__C)
                  003065f6    0000000a     clock_p28FP.o28FP (.econst:xdc_runtime_Startup_sfxnRts__A)
                  00306600    00000007     ti.targets.rts2800.a28FP : System.o28FP (.econst:.string)
                  00306607    00000001     clock_p28FP.o28FP (.econst:ti_sysbios_family_c28_TimestampProvider_Module__id__C)
                  00306608    00000005     ti.targets.rts2800.a28FP : Assert.o28FP (.econst:.string)
                  0030660d    00000001     clock_p28FP.o28FP (.econst:ti_sysbios_family_c28_TimestampProvider_useClockTimer__C)
                  0030660e    00000004     clock_p28FP.o28FP (.econst:ti_sysbios_knl_Idle_funcList__C)
                  00306612    00000004     clock_p28FP.o28FP (.econst:xdc_runtime_Startup_firstFxns__A)
                  00306616    00000004     clock_p28FP.o28FP (.econst:xdc_runtime_Startup_firstFxns__C)
                  0030661a    00000004     clock_p28FP.o28FP (.econst:xdc_runtime_Startup_lastFxns__C)
                  0030661e    00000002     rts2800_fpu32.lib : fputs.obj (.econst:.string)
                  00306620    00000002     clock_p28FP.o28FP (.econst:ti_sysbios_family_c28_Hwi_A_badIntNum__C)
                  00306622    00000002     clock_p28FP.o28FP (.econst:ti_sysbios_family_c28_Hwi_A_invalidArg__C)
                  00306624    00000002     clock_p28FP.o28FP (.econst:ti_sysbios_family_c28_Hwi_E_unpluggedInterrupt__C)
                  00306626    00000002     clock_p28FP.o28FP (.econst:ti_sysbios_family_c28_Hwi_LD_end__C)
                  00306628    00000002     clock_p28FP.o28FP (.econst:ti_sysbios_family_c28_Hwi_LM_begin__C)
                  0030662a    00000002     clock_p28FP.o28FP (.econst:ti_sysbios_family_c28_Hwi_Module__diagsEnabled__C)
                  0030662c    00000002     clock_p28FP.o28FP (.econst:ti_sysbios_family_c28_Hwi_Module__diagsIncluded__C)
                  0030662e    00000002     clock_p28FP.o28FP (.econst:ti_sysbios_family_c28_Hwi_Module__diagsMask__C)
                  00306630    00000002     clock_p28FP.o28FP (.econst:ti_sysbios_family_c28_Hwi_Module__loggerFxn1__C)
                  00306632    00000002     clock_p28FP.o28FP (.econst:ti_sysbios_family_c28_Hwi_Module__loggerFxn8__C)
                  00306634    00000002     clock_p28FP.o28FP (.econst:ti_sysbios_family_c28_Hwi_Module__loggerObj__C)
                  00306636    00000002     clock_p28FP.o28FP (.econst:ti_sysbios_family_c28_TaskSupport_E_invalidStack__C)
                  00306638    00000002     clock_p28FP.o28FP (.econst:ti_sysbios_family_c28_TimestampProvider_Module__diagsEnabled__C)
                  0030663a    00000002     clock_p28FP.o28FP (.econst:ti_sysbios_family_c28_TimestampProvider_Module__diagsIncluded__C)
                  0030663c    00000002     clock_p28FP.o28FP (.econst:ti_sysbios_family_c28_TimestampProvider_Module__diagsMask__C)
                  0030663e    00000002     clock_p28FP.o28FP (.econst:ti_sysbios_gates_GateMutex_A_badContext__C)
                  00306640    00000002     clock_p28FP.o28FP (.econst:ti_sysbios_gates_GateMutex_Instance_State_sem__O)
                  00306642    00000002     clock_p28FP.o28FP (.econst:ti_sysbios_gates_GateMutex_Module__diagsEnabled__C)
                  00306644    00000002     clock_p28FP.o28FP (.econst:ti_sysbios_gates_GateMutex_Module__diagsIncluded__C)
                  00306646    00000002     clock_p28FP.o28FP (.econst:ti_sysbios_gates_GateMutex_Module__diagsMask__C)
                  00306648    00000002     clock_p28FP.o28FP (.econst:ti_sysbios_hal_Hwi_E_stackOverflow__C)
                  0030664a    00000002     clock_p28FP.o28FP (.econst:ti_sysbios_heaps_HeapMem_A_align__C)
                  0030664c    00000002     clock_p28FP.o28FP (.econst:ti_sysbios_heaps_HeapMem_A_heapSize__C)
                  0030664e    00000002     clock_p28FP.o28FP (.econst:ti_sysbios_heaps_HeapMem_A_invalidFree__C)
                  00306650    00000002     clock_p28FP.o28FP (.econst:ti_sysbios_heaps_HeapMem_A_zeroBlock__C)
                  00306652    00000002     clock_p28FP.o28FP (.econst:ti_sysbios_heaps_HeapMem_E_memory__C)
                  00306654    00000002     clock_p28FP.o28FP (.econst:ti_sysbios_heaps_HeapMem_Module__diagsEnabled__C)
                  00306656    00000002     clock_p28FP.o28FP (.econst:ti_sysbios_heaps_HeapMem_Module__diagsIncluded__C)
                  00306658    00000002     clock_p28FP.o28FP (.econst:ti_sysbios_heaps_HeapMem_Module__diagsMask__C)
                  0030665a    00000002     clock_p28FP.o28FP (.econst:ti_sysbios_heaps_HeapMem_Module__gateObj__C)
                  0030665c    00000002     clock_p28FP.o28FP (.econst:ti_sysbios_heaps_HeapMem_reqAlign__C)
                  0030665e    00000002     clock_p28FP.o28FP (.econst:ti_sysbios_knl_Clock_LM_begin__C)
                  00306660    00000002     clock_p28FP.o28FP (.econst:ti_sysbios_knl_Clock_LM_tick__C)
                  00306662    00000002     clock_p28FP.o28FP (.econst:ti_sysbios_knl_Clock_LW_delayed__C)
                  00306664    00000002     clock_p28FP.o28FP (.econst:ti_sysbios_knl_Clock_Module_State_clockQ__O)
                  00306666    00000002     clock_p28FP.o28FP (.econst:ti_sysbios_knl_Clock_Module__diagsEnabled__C)
                  00306668    00000002     clock_p28FP.o28FP (.econst:ti_sysbios_knl_Clock_Module__diagsIncluded__C)
                  0030666a    00000002     clock_p28FP.o28FP (.econst:ti_sysbios_knl_Clock_Module__diagsMask__C)
                  0030666c    00000002     clock_p28FP.o28FP (.econst:ti_sysbios_knl_Clock_Module__loggerFxn1__C)
                  0030666e    00000002     clock_p28FP.o28FP (.econst:ti_sysbios_knl_Clock_Module__loggerFxn2__C)
                  00306670    00000002     clock_p28FP.o28FP (.econst:ti_sysbios_knl_Clock_Module__loggerObj__C)
                  00306672    00000002     clock_p28FP.o28FP (.econst:ti_sysbios_knl_Idle_funcList__A)
                  00306674    00000002     clock_p28FP.o28FP (.econst:ti_sysbios_knl_Semaphore_A_badContext__C)
                  00306676    00000002     clock_p28FP.o28FP (.econst:ti_sysbios_knl_Semaphore_A_noEvents__C)
                  00306678    00000002     clock_p28FP.o28FP (.econst:ti_sysbios_knl_Semaphore_A_overflow__C)
                  0030667a    00000002     clock_p28FP.o28FP (.econst:ti_sysbios_knl_Semaphore_A_pendTaskDisabled__C)
                  0030667c    00000002     clock_p28FP.o28FP (.econst:ti_sysbios_knl_Semaphore_Instance_State_pendQ__O)
                  0030667e    00000002     clock_p28FP.o28FP (.econst:ti_sysbios_knl_Semaphore_LM_pend__C)
                  00306680    00000002     clock_p28FP.o28FP (.econst:ti_sysbios_knl_Semaphore_LM_post__C)
                  00306682    00000002     clock_p28FP.o28FP (.econst:ti_sysbios_knl_Semaphore_Module__diagsEnabled__C)
                  00306684    00000002     clock_p28FP.o28FP (.econst:ti_sysbios_knl_Semaphore_Module__diagsIncluded__C)
                  00306686    00000002     clock_p28FP.o28FP (.econst:ti_sysbios_knl_Semaphore_Module__diagsMask__C)
                  00306688    00000002     clock_p28FP.o28FP (.econst:ti_sysbios_knl_Semaphore_Module__loggerFxn2__C)
                  0030668a    00000002     clock_p28FP.o28FP (.econst:ti_sysbios_knl_Semaphore_Module__loggerFxn4__C)
                  0030668c    00000002     clock_p28FP.o28FP (.econst:ti_sysbios_knl_Semaphore_Module__loggerObj__C)
                  0030668e    00000002     clock_p28FP.o28FP (.econst:ti_sysbios_knl_Swi_LD_end__C)
                  00306690    00000002     clock_p28FP.o28FP (.econst:ti_sysbios_knl_Swi_LM_begin__C)
                  00306692    00000002     clock_p28FP.o28FP (.econst:ti_sysbios_knl_Swi_LM_post__C)
                  00306694    00000002     clock_p28FP.o28FP (.econst:ti_sysbios_knl_Swi_Module__diagsEnabled__C)
                  00306696    00000002     clock_p28FP.o28FP (.econst:ti_sysbios_knl_Swi_Module__diagsIncluded__C)
                  00306698    00000002     clock_p28FP.o28FP (.econst:ti_sysbios_knl_Swi_Module__diagsMask__C)
                  0030669a    00000002     clock_p28FP.o28FP (.econst:ti_sysbios_knl_Swi_Module__loggerFxn1__C)
                  0030669c    00000002     clock_p28FP.o28FP (.econst:ti_sysbios_knl_Swi_Module__loggerFxn4__C)
                  0030669e    00000002     clock_p28FP.o28FP (.econst:ti_sysbios_knl_Swi_Module__loggerObj__C)
                  003066a0    00000002     clock_p28FP.o28FP (.econst:ti_sysbios_knl_Task_E_spOutOfBounds__C)
                  003066a2    00000002     clock_p28FP.o28FP (.econst:ti_sysbios_knl_Task_E_stackOverflow__C)
                  003066a4    00000002     clock_p28FP.o28FP (.econst:ti_sysbios_knl_Task_LD_block__C)
                  003066a6    00000002     clock_p28FP.o28FP (.econst:ti_sysbios_knl_Task_LD_exit__C)
                  003066a8    00000002     clock_p28FP.o28FP (.econst:ti_sysbios_knl_Task_LD_ready__C)
                  003066aa    00000002     clock_p28FP.o28FP (.econst:ti_sysbios_knl_Task_LM_switch__C)
                  003066ac    00000002     clock_p28FP.o28FP (.econst:ti_sysbios_knl_Task_Module_State_inactiveQ__O)
                  003066ae    00000002     clock_p28FP.o28FP (.econst:ti_sysbios_knl_Task_Module__diagsEnabled__C)
                  003066b0    00000002     clock_p28FP.o28FP (.econst:ti_sysbios_knl_Task_Module__diagsIncluded__C)
                  003066b2    00000002     clock_p28FP.o28FP (.econst:ti_sysbios_knl_Task_Module__diagsMask__C)
                  003066b4    00000002     clock_p28FP.o28FP (.econst:ti_sysbios_knl_Task_Module__loggerFxn2__C)
                  003066b6    00000002     clock_p28FP.o28FP (.econst:ti_sysbios_knl_Task_Module__loggerFxn4__C)
                  003066b8    00000002     clock_p28FP.o28FP (.econst:ti_sysbios_knl_Task_Module__loggerObj__C)
                  003066ba    00000002     clock_p28FP.o28FP (.econst:ti_sysbios_knl_Task_allBlockedFunc__C)
                  003066bc    00000002     clock_p28FP.o28FP (.econst:xdc_runtime_Assert_E_assertFailed__C)
                  003066be    00000002     clock_p28FP.o28FP (.econst:xdc_runtime_Core_A_initializedParams__C)
                  003066c0    00000002     clock_p28FP.o28FP (.econst:xdc_runtime_Core_Module__diagsEnabled__C)
                  003066c2    00000002     clock_p28FP.o28FP (.econst:xdc_runtime_Core_Module__diagsIncluded__C)
                  003066c4    00000002     clock_p28FP.o28FP (.econst:xdc_runtime_Core_Module__diagsMask__C)
                  003066c6    00000002     clock_p28FP.o28FP (.econst:xdc_runtime_Error_E_memory__C)
                  003066c8    00000002     clock_p28FP.o28FP (.econst:xdc_runtime_Error_Module__diagsEnabled__C)
                  003066ca    00000002     clock_p28FP.o28FP (.econst:xdc_runtime_Error_Module__diagsIncluded__C)
                  003066cc    00000002     clock_p28FP.o28FP (.econst:xdc_runtime_Error_Module__diagsMask__C)
                  003066ce    00000002     clock_p28FP.o28FP (.econst:xdc_runtime_Error_Module__loggerFxn8__C)
                  003066d0    00000002     clock_p28FP.o28FP (.econst:xdc_runtime_Error_Module__loggerObj__C)
                  003066d2    00000002     clock_p28FP.o28FP (.econst:xdc_runtime_Error_policyFxn__C)
                  003066d4    00000002     clock_p28FP.o28FP (.econst:xdc_runtime_Error_raiseHook__C)
                  003066d6    00000002     clock_p28FP.o28FP (.econst:xdc_runtime_IFilterLogger_Interface__BASE__C)
                  003066d8    00000002     clock_p28FP.o28FP (.econst:xdc_runtime_IGateProvider_Interface__BASE__C)
                  003066da    00000002     clock_p28FP.o28FP (.econst:xdc_runtime_IHeap_Interface__BASE__C)
                  003066dc    00000002     clock_p28FP.o28FP (.econst:xdc_runtime_ILogger_Interface__BASE__C)
                  003066de    00000002     clock_p28FP.o28FP (.econst:xdc_runtime_IModule_Interface__BASE__C)
                  003066e0    00000002     clock_p28FP.o28FP (.econst:xdc_runtime_Log_L_error__C)
                  003066e2    00000002     clock_p28FP.o28FP (.econst:xdc_runtime_LoggerBuf_E_badLevel__C)
                  003066e4    00000002     clock_p28FP.o28FP (.econst:xdc_runtime_LoggerBuf_Module__gateObj__C)
                  003066e6    00000002     clock_p28FP.o28FP (.econst:xdc_runtime_LoggerBuf_statusLogger__C)
                  003066e8    00000002     clock_p28FP.o28FP (.econst:xdc_runtime_Memory_defaultHeapInstance__C)
                  003066ea    00000002     clock_p28FP.o28FP (.econst:xdc_runtime_Startup_execImpl__C)
                  003066ec    00000002     clock_p28FP.o28FP (.econst:xdc_runtime_Startup_lastFxns__A)
                  003066ee    00000002     clock_p28FP.o28FP (.econst:xdc_runtime_Startup_sfxnRts__C)
                  003066f0    00000002     clock_p28FP.o28FP (.econst:xdc_runtime_Startup_sfxnTab__C)
                  003066f2    00000002     clock_p28FP.o28FP (.econst:xdc_runtime_SysMin_bufSize__C)
                  003066f4    00000002     clock_p28FP.o28FP (.econst:xdc_runtime_SysMin_outputFunc__C)
                  003066f6    00000002     clock_p28FP.o28FP (.econst:xdc_runtime_System_Module__gateObj__C)
                  003066f8    00000002     clock_p28FP.o28FP (.econst:xdc_runtime_System_abortFxn__C)
                  003066fa    00000002     clock_p28FP.o28FP (.econst:xdc_runtime_System_exitFxn__C)
                  003066fc    00000002     clock_p28FP.o28FP (.econst:xdc_runtime_System_extendFxn__C)
                  003066fe    00000002     clock_p28FP.o28FP (.econst:xdc_runtime_Text_charTab__C)
                  00306700    00000002     clock_p28FP.o28FP (.econst:xdc_runtime_Text_nameEmpty__C)
                  00306702    00000002     clock_p28FP.o28FP (.econst:xdc_runtime_Text_nameStatic__C)
                  00306704    00000002     clock_p28FP.o28FP (.econst:xdc_runtime_Text_nameUnknown__C)
                  00306706    00000002     clock_p28FP.o28FP (.econst:xdc_runtime_Text_nodeTab__C)
                  00306708    00000002     clock_p28FP.o28FP (.econst:xdc_runtime_Text_visitRopeFxn__C)
                  0030670a    00000001     clock_p28FP.o28FP (.econst:ti_sysbios_gates_GateMutex_Module__id__C)
                  0030670b    00000001     clock_p28FP.o28FP (.econst:ti_sysbios_hal_Hwi_Module__id__C)
                  0030670c    00000001     clock_p28FP.o28FP (.econst:ti_sysbios_heaps_HeapMem_Module__id__C)
                  0030670d    00000001     clock_p28FP.o28FP (.econst:ti_sysbios_heaps_HeapMem_Object__count__C)
                  0030670e    00000001     clock_p28FP.o28FP (.econst:ti_sysbios_knl_Clock_Module__id__C)
                  0030670f    00000001     clock_p28FP.o28FP (.econst:ti_sysbios_knl_Clock_Module__loggerDefined__C)
                  00306710    00000001     clock_p28FP.o28FP (.econst:ti_sysbios_knl_Semaphore_Module__id__C)
                  00306711    00000001     clock_p28FP.o28FP (.econst:ti_sysbios_knl_Semaphore_Module__loggerDefined__C)
                  00306712    00000001     clock_p28FP.o28FP (.econst:ti_sysbios_knl_Swi_Module__id__C)
                  00306713    00000001     clock_p28FP.o28FP (.econst:ti_sysbios_knl_Swi_Module__loggerDefined__C)
                  00306714    00000001     clock_p28FP.o28FP (.econst:ti_sysbios_knl_Swi_Object__count__C)
                  00306715    00000001     clock_p28FP.o28FP (.econst:ti_sysbios_knl_Task_Module__id__C)
                  00306716    00000001     clock_p28FP.o28FP (.econst:ti_sysbios_knl_Task_Module__loggerDefined__C)
                  00306717    00000001     clock_p28FP.o28FP (.econst:ti_sysbios_knl_Task_Object__count__C)
                  00306718    00000001     clock_p28FP.o28FP (.econst:ti_sysbios_knl_Task_numConstructedTasks__C)
                  00306719    00000001     clock_p28FP.o28FP (.econst:xdc_runtime_Core_Module__id__C)
                  0030671a    00000001     clock_p28FP.o28FP (.econst:xdc_runtime_Error_Module__loggerDefined__C)
                  0030671b    00000001     clock_p28FP.o28FP (.econst:xdc_runtime_Error_maxDepth__C)
                  0030671c    00000001     clock_p28FP.o28FP (.econst:xdc_runtime_Error_policy__C)
                  0030671d    00000001     clock_p28FP.o28FP (.econst:xdc_runtime_LoggerBuf_Module__id__C)
                  0030671e    00000001     clock_p28FP.o28FP (.econst:xdc_runtime_LoggerBuf_Object__count__C)
                  0030671f    00000001     clock_p28FP.o28FP (.econst:xdc_runtime_LoggerBuf_filterByLevel__C)
                  00306720    00000001     clock_p28FP.o28FP (.econst:xdc_runtime_Memory_Module__id__C)
                  00306721    00000001     clock_p28FP.o28FP (.econst:xdc_runtime_Startup_maxPasses__C)
                  00306722    00000001     clock_p28FP.o28FP (.econst:xdc_runtime_SysMin_flushAtExit__C)
                  00306723    00000001     clock_p28FP.o28FP (.econst:xdc_runtime_System_maxAtexitHandlers__C)
                  00306724    00000001     clock_p28FP.o28FP (.econst:xdc_runtime_Text_charCnt__C)
                  00306725    00000001     clock_p28FP.o28FP (.econst:xdc_runtime_Text_isLoaded__C)
                  00306726    00000001     clock_p28FP.o28FP (.econst:xdc_runtime_Text_registryModsLastId__C)
                  00306727    00000001     clock_p28FP.o28FP (.econst:xdc_runtime_Text_unnamedModsLastId__C)

.cinit     0    00306728    000003f8     
                  00306728    0000037f     clock_p28FP.o28FP (.cinit)
                  00306aa7    00000031     rts2800_fpu32.lib : lowlev.obj (.cinit)
                  00306ad8    0000002a                       : defs.obj (.cinit)
                  00306b02    0000000a                       : exit.obj (.cinit)
                  00306b0c    00000005                       : _lock.obj (.cinit:__lock)
                  00306b11    00000005                       : _lock.obj (.cinit:__unlock)
                  00306b16    00000004                       : errno.obj (.cinit)
                  00306b1a    00000004                       : fopen.obj (.cinit)
                  00306b1e    00000002     --HOLE-- [fill = 0]

.switch    0    00306b20    0000001c     
                  00306b20    0000001c     sysbios.a28FP : BIOS.obj (.switch:_ti_sysbios_family_c28_Hwi_clearInterrupt__E)

ramfuncs   0    00306b3c    00000004     
                  00306b3c    00000004     DSP2834x_usDelay.obj (ramfuncs)

.stack     1    00000002    00000400     UNINITIALIZED
                  00000002    00000400     --HOLE--

DevEmuRegsFile 
*          1    00000880    000000d0     UNINITIALIZED
                  00000880    000000d0     DSP2834x_GlobalVariableDefs.obj (DevEmuRegsFile)

CsmRegsFile 
*          1    00000ae0    00000010     UNINITIALIZED
                  00000ae0    00000010     DSP2834x_GlobalVariableDefs.obj (CsmRegsFile)

XintfRegsFile 
*          1    00000b20    0000001e     UNINITIALIZED
                  00000b20    0000001e     DSP2834x_GlobalVariableDefs.obj (XintfRegsFile)

CpuTimer0RegsFile 
*          1    00000c00    00000008     UNINITIALIZED
                  00000c00    00000008     DSP2834x_GlobalVariableDefs.obj (CpuTimer0RegsFile)

CpuTimer1RegsFile 
*          1    00000c08    00000008     UNINITIALIZED
                  00000c08    00000008     DSP2834x_GlobalVariableDefs.obj (CpuTimer1RegsFile)

CpuTimer2RegsFile 
*          1    00000c10    00000008     UNINITIALIZED
                  00000c10    00000008     DSP2834x_GlobalVariableDefs.obj (CpuTimer2RegsFile)

PieCtrlRegsFile 
*          1    00000ce0    0000001a     UNINITIALIZED
                  00000ce0    0000001a     DSP2834x_GlobalVariableDefs.obj (PieCtrlRegsFile)

DmaRegsFile 
*          1    00001000    000000e0     UNINITIALIZED
                  00001000    000000e0     DSP2834x_GlobalVariableDefs.obj (DmaRegsFile)

McbspaRegsFile 
*          1    00005000    00000025     UNINITIALIZED
                  00005000    00000025     DSP2834x_GlobalVariableDefs.obj (McbspaRegsFile)

McbspbRegsFile 
*          1    00005040    00000025     UNINITIALIZED
                  00005040    00000025     DSP2834x_GlobalVariableDefs.obj (McbspbRegsFile)

ECanaRegsFile 
*          1    00006000    00000034     UNINITIALIZED
                  00006000    00000034     DSP2834x_GlobalVariableDefs.obj (ECanaRegsFile)

ECanaLAMRegsFile 
*          1    00006040    00000040     UNINITIALIZED
                  00006040    00000040     DSP2834x_GlobalVariableDefs.obj (ECanaLAMRegsFile)

ECanaMOTSRegsFile 
*          1    00006080    00000040     UNINITIALIZED
                  00006080    00000040     DSP2834x_GlobalVariableDefs.obj (ECanaMOTSRegsFile)

ECanaMOTORegsFile 
*          1    000060c0    00000040     UNINITIALIZED
                  000060c0    00000040     DSP2834x_GlobalVariableDefs.obj (ECanaMOTORegsFile)

ECanaMboxesFile 
*          1    00006100    00000100     UNINITIALIZED
                  00006100    00000100     DSP2834x_GlobalVariableDefs.obj (ECanaMboxesFile)

ECanbRegsFile 
*          1    00006200    00000034     UNINITIALIZED
                  00006200    00000034     DSP2834x_GlobalVariableDefs.obj (ECanbRegsFile)

ECanbLAMRegsFile 
*          1    00006240    00000040     UNINITIALIZED
                  00006240    00000040     DSP2834x_GlobalVariableDefs.obj (ECanbLAMRegsFile)

ECanbMOTSRegsFile 
*          1    00006280    00000040     UNINITIALIZED
                  00006280    00000040     DSP2834x_GlobalVariableDefs.obj (ECanbMOTSRegsFile)

ECanbMOTORegsFile 
*          1    000062c0    00000040     UNINITIALIZED
                  000062c0    00000040     DSP2834x_GlobalVariableDefs.obj (ECanbMOTORegsFile)

ECanbMboxesFile 
*          1    00006300    00000100     UNINITIALIZED
                  00006300    00000100     DSP2834x_GlobalVariableDefs.obj (ECanbMboxesFile)

EPwm9RegsFile 
*          1    00006600    00000022     UNINITIALIZED
                  00006600    00000022     DSP2834x_GlobalVariableDefs.obj (EPwm9RegsFile)

EPwm1RegsFile 
*          1    00006800    00000022     UNINITIALIZED
                  00006800    00000022     DSP2834x_GlobalVariableDefs.obj (EPwm1RegsFile)

EPwm2RegsFile 
*          1    00006840    00000022     UNINITIALIZED
                  00006840    00000022     DSP2834x_GlobalVariableDefs.obj (EPwm2RegsFile)

EPwm3RegsFile 
*          1    00006880    00000022     UNINITIALIZED
                  00006880    00000022     DSP2834x_GlobalVariableDefs.obj (EPwm3RegsFile)

EPwm4RegsFile 
*          1    000068c0    00000022     UNINITIALIZED
                  000068c0    00000022     DSP2834x_GlobalVariableDefs.obj (EPwm4RegsFile)

EPwm5RegsFile 
*          1    00006900    00000022     UNINITIALIZED
                  00006900    00000022     DSP2834x_GlobalVariableDefs.obj (EPwm5RegsFile)

EPwm6RegsFile 
*          1    00006940    00000022     UNINITIALIZED
                  00006940    00000022     DSP2834x_GlobalVariableDefs.obj (EPwm6RegsFile)

EPwm7RegsFile 
*          1    00006980    00000022     UNINITIALIZED
                  00006980    00000022     DSP2834x_GlobalVariableDefs.obj (EPwm7RegsFile)

EPwm8RegsFile 
*          1    000069c0    00000022     UNINITIALIZED
                  000069c0    00000022     DSP2834x_GlobalVariableDefs.obj (EPwm8RegsFile)

ECap1RegsFile 
*          1    00006a00    00000020     UNINITIALIZED
                  00006a00    00000020     DSP2834x_GlobalVariableDefs.obj (ECap1RegsFile)

ECap2RegsFile 
*          1    00006a20    00000020     UNINITIALIZED
                  00006a20    00000020     DSP2834x_GlobalVariableDefs.obj (ECap2RegsFile)

ECap3RegsFile 
*          1    00006a40    00000020     UNINITIALIZED
                  00006a40    00000020     DSP2834x_GlobalVariableDefs.obj (ECap3RegsFile)

ECap4RegsFile 
*          1    00006a60    00000020     UNINITIALIZED
                  00006a60    00000020     DSP2834x_GlobalVariableDefs.obj (ECap4RegsFile)

ECap5RegsFile 
*          1    00006a80    00000020     UNINITIALIZED
                  00006a80    00000020     DSP2834x_GlobalVariableDefs.obj (ECap5RegsFile)

ECap6RegsFile 
*          1    00006aa0    00000020     UNINITIALIZED
                  00006aa0    00000020     DSP2834x_GlobalVariableDefs.obj (ECap6RegsFile)

EQep1RegsFile 
*          1    00006b00    00000040     UNINITIALIZED
                  00006b00    00000040     DSP2834x_GlobalVariableDefs.obj (EQep1RegsFile)

EQep2RegsFile 
*          1    00006b40    00000040     UNINITIALIZED
                  00006b40    00000040     DSP2834x_GlobalVariableDefs.obj (EQep2RegsFile)

EQep3RegsFile 
*          1    00006b80    00000040     UNINITIALIZED
                  00006b80    00000040     DSP2834x_GlobalVariableDefs.obj (EQep3RegsFile)

GpioCtrlRegsFile 
*          1    00006f80    0000002e     UNINITIALIZED
                  00006f80    0000002e     DSP2834x_GlobalVariableDefs.obj (GpioCtrlRegsFile)

GpioDataRegsFile 
*          1    00006fc0    00000020     UNINITIALIZED
                  00006fc0    00000020     DSP2834x_GlobalVariableDefs.obj (GpioDataRegsFile)

GpioIntRegsFile 
*          1    00006fe0    0000000a     UNINITIALIZED
                  00006fe0    0000000a     DSP2834x_GlobalVariableDefs.obj (GpioIntRegsFile)

SysCtrlRegsFile 
*          1    00007010    00000020     UNINITIALIZED
                  00007010    00000020     DSP2834x_GlobalVariableDefs.obj (SysCtrlRegsFile)

SpiaRegsFile 
*          1    00007040    00000010     UNINITIALIZED
                  00007040    00000010     DSP2834x_GlobalVariableDefs.obj (SpiaRegsFile)

SciaRegsFile 
*          1    00007050    00000010     UNINITIALIZED
                  00007050    00000010     DSP2834x_GlobalVariableDefs.obj (SciaRegsFile)

XIntruptRegsFile 
*          1    00007070    00000010     UNINITIALIZED
                  00007070    00000010     DSP2834x_GlobalVariableDefs.obj (XIntruptRegsFile)

ScibRegsFile 
*          1    00007750    00000010     UNINITIALIZED
                  00007750    00000010     DSP2834x_GlobalVariableDefs.obj (ScibRegsFile)

ScicRegsFile 
*          1    00007770    00000010     UNINITIALIZED
                  00007770    00000010     DSP2834x_GlobalVariableDefs.obj (ScicRegsFile)

SpidRegsFile 
*          1    00007780    00000010     UNINITIALIZED
                  00007780    00000010     DSP2834x_GlobalVariableDefs.obj (SpidRegsFile)

I2caRegsFile 
*          1    00007900    00000022     UNINITIALIZED
                  00007900    00000022     DSP2834x_GlobalVariableDefs.obj (I2caRegsFile)

CsmPwlFile 
*          1    003f7ff8    00000008     UNINITIALIZED
                  003f7ff8    00000008     DSP2834x_GlobalVariableDefs.obj (CsmPwlFile)

.pinit     0    00300000    00000000     UNINITIALIZED

.ebss      1    00008000    00000bc8     UNINITIALIZED
                  00008000    00000680     clock_p28FP.o28FP (.ebss)
                  00008680    00000303     clock_p28FP.o28FP (.ebss:taskStackSection)
                  00008983    00000008     rts2800_fpu32.lib : trgdrv.obj (.ebss)
                  0000898b    00000001                       : errno.obj (.ebss)
                  0000898c    00000004                       : exit.obj (.ebss)
                  00008990    00000002                       : _lock.obj (.ebss:__lock)
                  00008992    00000002                       : _lock.obj (.ebss:__unlock)
                  00008994    00000001                       : fopen.obj (.ebss)
                  00008995    0000002b     --HOLE--
                  000089c0    00000160                       : defs.obj (.ebss)
                  00008b20    00000020     --HOLE--
                  00008b40    00000088                       : lowlev.obj (.ebss)

.cio       1    00010000    00000120     UNINITIALIZED
                  00010000    00000120     rts2800_fpu32.lib : ankmsg.obj (.cio)

xdc.meta   0    00000000    000000c8     COPY SECTION
                  00000000    000000c8     clock_p28FP.o28FP (xdc.meta)


GLOBAL DATA SYMBOLS: SORTED BY DATA PAGE

address     data page           name
--------    ----------------    ----
00000000       0 (00000000)     ___ISA__
00000002       0 (00000000)     __stack
00000013       0 (00000000)     ___TARG__
00000037       0 (00000000)     ___PLAT__

0000005d       1 (00000040)     ___TRDR__

00000084       2 (00000080)     ___ASM__

00000880      22 (00000880)     _DevEmuRegs

00000ae0      2b (00000ac0)     _CsmRegs

00000b20      2c (00000b00)     _XintfRegs

00000c00      30 (00000c00)     _CpuTimer0Regs
00000c08      30 (00000c00)     _CpuTimer1Regs
00000c10      30 (00000c00)     _CpuTimer2Regs

00000ce0      33 (00000cc0)     _PieCtrlRegs

00000d00      34 (00000d00)     _PieVectTable

00001000      40 (00001000)     _DmaRegs

00005000     140 (00005000)     _McbspaRegs

00005040     141 (00005040)     _McbspbRegs

00006000     180 (00006000)     _ECanaRegs

00006040     181 (00006040)     _ECanaLAMRegs

00006080     182 (00006080)     _ECanaMOTSRegs

000060c0     183 (000060c0)     _ECanaMOTORegs

00006100     184 (00006100)     _ECanaMboxes

00006200     188 (00006200)     _ECanbRegs

00006240     189 (00006240)     _ECanbLAMRegs

00006280     18a (00006280)     _ECanbMOTSRegs

000062c0     18b (000062c0)     _ECanbMOTORegs

00006300     18c (00006300)     _ECanbMboxes

00006600     198 (00006600)     _EPwm9Regs

00006800     1a0 (00006800)     _EPwm1Regs

00006840     1a1 (00006840)     _EPwm2Regs

00006880     1a2 (00006880)     _EPwm3Regs

000068c0     1a3 (000068c0)     _EPwm4Regs

00006900     1a4 (00006900)     _EPwm5Regs

00006940     1a5 (00006940)     _EPwm6Regs

00006980     1a6 (00006980)     _EPwm7Regs

000069c0     1a7 (000069c0)     _EPwm8Regs

[...]
0     00306650  _ti_sysbios_heaps_HeapMem_A_zeroBlock__C                         
0     00306652  _ti_sysbios_heaps_HeapMem_E_memory__C                            
0     00306654  _ti_sysbios_heaps_HeapMem_Module__diagsEnabled__C                
0     00306656  _ti_sysbios_heaps_HeapMem_Module__diagsIncluded__C               
0     00306658  _ti_sysbios_heaps_HeapMem_Module__diagsMask__C                   
0     0030665a  _ti_sysbios_heaps_HeapMem_Module__gateObj__C                     
0     0030665c  _ti_sysbios_heaps_HeapMem_reqAlign__C                            
0     0030665e  _ti_sysbios_knl_Clock_LM_begin__C                                
0     00306660  _ti_sysbios_knl_Clock_LM_tick__C                                 
0     00306662  _ti_sysbios_knl_Clock_LW_delayed__C                              
0     00306664  _ti_sysbios_knl_Clock_Module_State_clockQ__O                     
0     00306666  _ti_sysbios_knl_Clock_Module__diagsEnabled__C                    
0     00306668  _ti_sysbios_knl_Clock_Module__diagsIncluded__C                   
0     0030666a  _ti_sysbios_knl_Clock_Module__diagsMask__C                       
0     0030666c  _ti_sysbios_knl_Clock_Module__loggerFxn1__C                      
0     0030666e  _ti_sysbios_knl_Clock_Module__loggerFxn2__C                      
0     00306670  _ti_sysbios_knl_Clock_Module__loggerObj__C                       
0     00306672  _ti_sysbios_knl_Idle_funcList__A                                 
0     00306674  _ti_sysbios_knl_Semaphore_A_badContext__C                        
0     00306676  _ti_sysbios_knl_Semaphore_A_noEvents__C                          
0     00306678  _ti_sysbios_knl_Semaphore_A_overflow__C                          
0     0030667a  _ti_sysbios_knl_Semaphore_A_pendTaskDisabled__C                  
0     0030667c  _ti_sysbios_knl_Semaphore_Instance_State_pendQ__O                
0     0030667e  _ti_sysbios_knl_Semaphore_LM_pend__C                             
0     00306680  _ti_sysbios_knl_Semaphore_LM_post__C                             
0     00306682  _ti_sysbios_knl_Semaphore_Module__diagsEnabled__C                
0     00306684  _ti_sysbios_knl_Semaphore_Module__diagsIncluded__C               
0     00306686  _ti_sysbios_knl_Semaphore_Module__diagsMask__C                   
0     00306688  _ti_sysbios_knl_Semaphore_Module__loggerFxn2__C                  
0     0030668a  _ti_sysbios_knl_Semaphore_Module__loggerFxn4__C                  
0     0030668c  _ti_sysbios_knl_Semaphore_Module__loggerObj__C                   
0     0030668e  _ti_sysbios_knl_Swi_LD_end__C                                    
0     00306690  _ti_sysbios_knl_Swi_LM_begin__C                                  
0     00306692  _ti_sysbios_knl_Swi_LM_post__C                                   
0     00306694  _ti_sysbios_knl_Swi_Module__diagsEnabled__C                      
0     00306696  _ti_sysbios_knl_Swi_Module__diagsIncluded__C                     
0     00306698  _ti_sysbios_knl_Swi_Module__diagsMask__C                         
0     0030669a  _ti_sysbios_knl_Swi_Module__loggerFxn1__C                        
0     0030669c  _ti_sysbios_knl_Swi_Module__loggerFxn4__C                        
0     0030669e  _ti_sysbios_knl_Swi_Module__loggerObj__C                         
0     003066a0  _ti_sysbios_knl_Task_E_spOutOfBounds__C                          
0     003066a2  _ti_sysbios_knl_Task_E_stackOverflow__C                          
0     003066a4  _ti_sysbios_knl_Task_LD_block__C                                 
0     003066a6  _ti_sysbios_knl_Task_LD_exit__C                                  
0     003066a8  _ti_sysbios_knl_Task_LD_ready__C                                 
0     003066aa  _ti_sysbios_knl_Task_LM_switch__C                                
0     003066ac  _ti_sysbios_knl_Task_Module_State_inactiveQ__O                   
0     003066ae  _ti_sysbios_knl_Task_Module__diagsEnabled__C                     
0     003066b0  _ti_sysbios_knl_Task_Module__diagsIncluded__C                    
0     003066b2  _ti_sysbios_knl_Task_Module__diagsMask__C                        
0     003066b4  _ti_sysbios_knl_Task_Module__loggerFxn2__C                       
0     003066b6  _ti_sysbios_knl_Task_Module__loggerFxn4__C                       
0     003066b8  _ti_sysbios_knl_Task_Module__loggerObj__C                        
0     003066ba  _ti_sysbios_knl_Task_allBlockedFunc__C                           
0     003066bc  _xdc_runtime_Assert_E_assertFailed__C                            
0     003066be  _xdc_runtime_Core_A_initializedParams__C                         
0     003066c0  _xdc_runtime_Core_Module__diagsEnabled__C                        
0     003066c2  _xdc_runtime_Core_Module__diagsIncluded__C                       
0     003066c4  _xdc_runtime_Core_Module__diagsMask__C                           
0     003066c6  _xdc_runtime_Error_E_memory__C                                   
0     003066c8  _xdc_runtime_Error_Module__diagsEnabled__C                       
0     003066ca  _xdc_runtime_Error_Module__diagsIncluded__C                      
0     003066cc  _xdc_runtime_Error_Module__diagsMask__C                          
0     003066ce  _xdc_runtime_Error_Module__loggerFxn8__C                         
0     003066d0  _xdc_runtime_Error_Module__loggerObj__C                          
0     003066d2  _xdc_runtime_Error_policyFxn__C                                  
0     003066d4  _xdc_runtime_Error_raiseHook__C                                  
0     003066d6  _xdc_runtime_IFilterLogger_Interface__BASE__C                    
0     003066d8  _xdc_runtime_IGateProvider_Interface__BASE__C                    
0     003066da  _xdc_runtime_IHeap_Interface__BASE__C                            
0     003066dc  _xdc_runtime_ILogger_Interface__BASE__C                          
0     003066de  _xdc_runtime_IModule_Interface__BASE__C                          
0     003066e0  _xdc_runtime_Log_L_error__C                                      
0     003066e2  _xdc_runtime_LoggerBuf_E_badLevel__C                             
0     003066e4  _xdc_runtime_LoggerBuf_Module__gateObj__C                        
0     003066e6  _xdc_runtime_LoggerBuf_statusLogger__C                           
0     003066e8  _xdc_runtime_Memory_defaultHeapInstance__C                       
0     003066ea  _xdc_runtime_Startup_execImpl__C                                 
0     003066ec  _xdc_runtime_Startup_lastFxns__A                                 
0     003066ee  _xdc_runtime_Startup_sfxnRts__C                                  
0     003066f0  _xdc_runtime_Startup_sfxnTab__C                                  
0     003066f2  _xdc_runtime_SysMin_bufSize__C                                   
0     003066f4  _xdc_runtime_SysMin_outputFunc__C                                
0     003066f6  _xdc_runtime_System_Module__gateObj__C                           
0     003066f8  _xdc_runtime_System_abortFxn__C                                  
0     003066fa  _xdc_runtime_System_exitFxn__C                                   
0     003066fc  _xdc_runtime_System_extendFxn__C                                 
0     003066fe  _xdc_runtime_Text_charTab__C                                     
0     00306700  _xdc_runtime_Text_nameEmpty__C                                   
0     00306702  _xdc_runtime_Text_nameStatic__C                                  
0     00306704  _xdc_runtime_Text_nameUnknown__C                                 
0     00306706  _xdc_runtime_Text_nodeTab__C                                     
0     00306708  _xdc_runtime_Text_visitRopeFxn__C                                
0     0030670a  _ti_sysbios_gates_GateMutex_Module__id__C                        
0     0030670b  _ti_sysbios_hal_Hwi_Module__id__C                                
0     0030670c  _ti_sysbios_heaps_HeapMem_Module__id__C                          
0     0030670d  _ti_sysbios_heaps_HeapMem_Object__count__C                       
0     0030670e  _ti_sysbios_knl_Clock_Module__id__C                              
0     0030670f  _ti_sysbios_knl_Clock_Module__loggerDefined__C                   
0     00306710  _ti_sysbios_knl_Semaphore_Module__id__C                          
0     00306711  _ti_sysbios_knl_Semaphore_Module__loggerDefined__C               
0     00306712  _ti_sysbios_knl_Swi_Module__id__C                                
0     00306713  _ti_sysbios_knl_Swi_Module__loggerDefined__C                     
0     00306714  _ti_sysbios_knl_Swi_Object__count__C                             
0     00306715  _ti_sysbios_knl_Task_Module__id__C                               
0     00306716  _ti_sysbios_knl_Task_Module__loggerDefined__C                    
0     00306717  _ti_sysbios_knl_Task_Object__count__C                            
0     00306718  _ti_sysbios_knl_Task_numConstructedTasks__C                      
0     00306719  _xdc_runtime_Core_Module__id__C                                  
0     0030671a  _xdc_runtime_Error_Module__loggerDefined__C                      
0     0030671b  _xdc_runtime_Error_maxDepth__C                                   
0     0030671c  _xdc_runtime_Error_policy__C                                     
0     0030671d  _xdc_runtime_LoggerBuf_Module__id__C                             
0     0030671e  _xdc_runtime_LoggerBuf_Object__count__C                          
0     0030671f  _xdc_runtime_LoggerBuf_filterByLevel__C                          
0     00306720  _xdc_runtime_Memory_Module__id__C                                
0     00306721  _xdc_runtime_Startup_maxPasses__C                                
0     00306722  _xdc_runtime_SysMin_flushAtExit__C                               
0     00306723  _xdc_runtime_System_maxAtexitHandlers__C                         
0     00306724  _xdc_runtime_Text_charCnt__C                                     
0     00306725  _xdc_runtime_Text_isLoaded__C                                    
0     00306726  _xdc_runtime_Text_registryModsLastId__C                          
0     00306727  _xdc_runtime_Text_unnamedModsLastId__C                           
0     00306728  ___cinit__                                                       
0     00306728  cinit                                                            
0     00306b3c  _DSP28x_usDelay                                                  
1     00000002  __stack                                                          
1     00000402  __STACK_END                                                      
1     00000880  _DevEmuRegs                                                      
1     00000ae0  _CsmRegs                                                         
1     00000b20  _XintfRegs                                                       
1     00000c00  _CpuTimer0Regs                                                   
1     00000c08  _CpuTimer1Regs                                                   
1     00000c10  _CpuTimer2Regs                                                   
1     00000ce0  _PieCtrlRegs                                                     
1     00001000  _DmaRegs                                                         
1     00005000  _McbspaRegs                                                      
1     00005040  _McbspbRegs                                                      
1     00006000  _ECanaRegs                                                       
1     00006040  _ECanaLAMRegs                                                    
1     00006080  _ECanaMOTSRegs                                                   
1     000060c0  _ECanaMOTORegs                                                   
1     00006100  _ECanaMboxes                                                     
1     00006200  _ECanbRegs                                                       
1     00006240  _ECanbLAMRegs                                                    
1     00006280  _ECanbMOTSRegs                                                   
1     000062c0  _ECanbMOTORegs                                                   
1     00006300  _ECanbMboxes                                                     
1     00006600  _EPwm9Regs                                                       
1     00006800  _EPwm1Regs                                                       
1     00006840  _EPwm2Regs                                                       
1     00006880  _EPwm3Regs                                                       
1     000068c0  _EPwm4Regs                                                       
1     00006900  _EPwm5Regs                                                       
1     00006940  _EPwm6Regs                                                       
1     00006980  _EPwm7Regs                                                       
1     000069c0  _EPwm8Regs                                                       
1     00006a00  _ECap1Regs                                                       
1     00006a20  _ECap2Regs                                                       
1     00006a40  _ECap3Regs                                                       
1     00006a60  _ECap4Regs                                                       
1     00006a80  _ECap5Regs                                                       
1     00006aa0  _ECap6Regs                                                       
1     00006b00  _EQep1Regs                                                       
1     00006b40  _EQep2Regs                                                       
1     00006b80  _EQep3Regs                                                       
1     00006f80  _GpioCtrlRegs                                                    
1     00006fc0  _GpioDataRegs                                                    
1     00006fe0  _GpioIntRegs                                                     
1     00007010  _SysCtrlRegs                                                     
1     00007040  _SpiaRegs                                                        
1     00007050  _SciaRegs                                                        
1     00007070  _XIntruptRegs                                                    
1     00007750  _ScibRegs                                                        
1     00007770  _ScicRegs                                                        
1     00007780  _SpidRegs                                                        
1     00007900  _I2caRegs                                                        
1     00008000  _xdc_runtime_Error_Module__state__V                              
1     00008002  ___xdc__init__addr                                               
1     00008004  _ti_sysbios_knl_Task_Module_State_0_idleTask__A                  
1     00008006  _xdc_runtime_Memory_Module__state__V                             
1     00008008  _ti_sysbios_gates_GateHwi_Object__table__V                       
1     0000800a  _xdc_runtime_LoggerBuf_Module__state__V                          
1     0000800e  _ti_sysbios_family_c28_Timer_Module__root__V                     
1     00008012  _ti_sysbios_hal_Hwi_Module__root__V                              
1     00008016  _ti_sysbios_family_c28_Hwi_Module__root__V                       
1     0000801a  _xdc_runtime_Registry_Module__state__V                           
1     0000801e  _ti_sysbios_knl_Swi_Module__root__V                              
1     00008022  _ti_sysbios_gates_GateMutex_Module__root__V                      
1     00008026  _ti_sysbios_knl_Semaphore_Module__root__V                        
1     0000802a  _ti_sysbios_gates_GateHwi_Module__root__V                        
1     0000802e  _ti_sysbios_knl_Task_Module__root__V                             
1     00008032  _xdc_runtime_LoggerBuf_Module__root__V                           
1     00008036  _xdc_runtime_Text_Module__state__V                               
1     0000803a  _ti_sysbios_knl_Queue_Module__root__V                            
1     00008040  _xdc_runtime_SysMin_Module__state__V                             
1     00008044  _ti_sysbios_knl_Clock_Module__root__V                            
1     00008048  _ti_sysbios_family_c28_TimestampProvider_Module__state__V        
1     0000804c  _ti_sysbios_heaps_HeapMem_Module__root__V                        
1     00008050  _xdc_runtime_Startup_Module__state__V                            
1     00008054  _xdc_runtime_System_Module__state__V                             
1     00008058  _xdc_runtime_System_Module_State_0_atexitHandlers__A             
1     00008060  _ti_sysbios_family_c28_Timer_Module__state__V                    
1     00008068  _ti_sysbios_heaps_HeapMem_Object__table__V                       
1     00008074  _ti_sysbios_knl_Swi_Module__state__V                             
1     00008080  _ti_sysbios_family_c28_Hwi_Module__state__V                      
1     00008090  _xdc_runtime_LoggerBuf_Object__table__V                          
1     000080a2  _ti_sysbios_BIOS_Module__state__V                                
1     000080c0  _ti_sysbios_knl_Swi_Object__table__V                             
1     000080d4  _ti_sysbios_knl_Clock_Module__state__V                           
1     00008100  _ti_sysbios_gates_GateMutex_Object__table__V                     
1     0000811c  _ti_sysbios_knl_Task_Module__state__V                            
1     00008140  _ti_sysbios_family_c28_Hwi_Object__table__V                      
1     00008180  _ti_sysbios_knl_Task_Object__table__V                            
1     000081c0  _ti_sysbios_family_c28_Timer_Object__table__V                    
1     00008200  _ti_sysbios_knl_Swi_Module_State_0_readyQ__A                     
1     00008240  _ti_sysbios_knl_Task_Module_State_0_readyQ__A                    
1     00008280  _ti_sysbios_family_c28_Hwi_Module_State_0_dispatchTable__A       
1     00008380  _xdc_runtime_SysMin_Module_State_0_outbuf__A                     
1     00008480  _xdc_runtime_LoggerBuf_Instance_State_0_entryArr__A              
1     00008680  _ti_sysbios_knl_Task_Instance_State_0_stack__A                   
1     00008780  _ti_sysbios_heaps_HeapMem_Instance_State_0_buf__A                
1     0000898b  _errno                                                           
1     0000898c  ___TI_cleanup_ptr                                                
1     0000898e  ___TI_dtors_ptr                                                  
1     00008990  __lock                                                           
1     00008992  __unlock                                                         
1     000089c0  ___TI_ft_end                                                     
1     00008a00  __ftable                                                         
1     00008a80  ___TI_tmpnams                                                    
1     00010000  __CIOBUF_                                                        
1     003f7ff8  _CsmPwl                                                          
abs   00000001  _xdc_runtime_Startup__EXECFXN__C                                 
abs   00000001  _xdc_runtime_Startup__RESETFXN__C                                
abs   00000400  __STACK_SIZE                                                     
abs   ffffffff  ___binit__                                                       
abs   ffffffff  ___c_args__                                                      
abs   ffffffff  ___pinit__                                                       
abs   ffffffff  binit                                                            
abs   ffffffff  pinit                                                            

[755 symbols]
