<?xml version="1.0"?>
<link_info>
   <banner>TMS320C2000 Linker PC v6.4.6</banner>
   <copyright>Copyright (c) 1996-2015 Texas Instruments Incorporated</copyright>
   <link_time>0x5f471cf1</link_time>
   <link_errors>0x0</link_errors>
   <output_file>clock_TMS320C28346.out</output_file>
   <entry_point>
      <name>_c_int00</name>
      <address>0x302d47</address>
   </entry_point>
   <input_file_list>
      <input_file id="fl-2">
         <path>.\</path>
         <kind>object</kind>
         <file>DSP2834x_CodeStartBranch.obj</file>
         <name>DSP2834x_CodeStartBranch.obj</name>
      </input_file>
      <input_file id="fl-3">
         <path>.\</path>
         <kind>object</kind>
         <file>DSP2834x_DefaultIsr.obj</file>
         <name>DSP2834x_DefaultIsr.obj</name>
      </input_file>
      <input_file id="fl-4">
         <path>.\</path>
         <kind>object</kind>
         <file>DSP2834x_GlobalVariableDefs.obj</file>
         <name>DSP2834x_GlobalVariableDefs.obj</name>
      </input_file>
      <input_file id="fl-5">
         <path>.\</path>
         <kind>object</kind>
         <file>DSP2834x_PieCtrl.obj</file>
         <name>DSP2834x_PieCtrl.obj</name>
      </input_file>
      <input_file id="fl-6">
         <path>.\</path>
         <kind>object</kind>
         <file>DSP2834x_PieVect.obj</file>
         <name>DSP2834x_PieVect.obj</name>
      </input_file>
      <input_file id="fl-7">
         <path>.\</path>
         <kind>object</kind>
         <file>DSP2834x_Sci.obj</file>
         <name>DSP2834x_Sci.obj</name>
      </input_file>
      <input_file id="fl-8">
         <path>.\</path>
         <kind>object</kind>
         <file>DSP2834x_Spi.obj</file>
         <name>DSP2834x_Spi.obj</name>
      </input_file>
      <input_file id="fl-9">
         <path>.\</path>
         <kind>object</kind>
         <file>DSP2834x_SysCtrl.obj</file>
         <name>DSP2834x_SysCtrl.obj</name>
      </input_file>
      <input_file id="fl-a">
         <path>.\</path>
         <kind>object</kind>
         <file>DSP2834x_usDelay.obj</file>
         <name>DSP2834x_usDelay.obj</name>
      </input_file>
      <input_file id="fl-b">
         <path>.\</path>
         <kind>object</kind>
         <file>main.obj</file>
         <name>main.obj</name>
      </input_file>
      <input_file id="fl-f">
         <path>E:\IMU\IMU3\Release\configPkg\package\cfg\</path>
         <kind>object</kind>
         <file>clock_p28FP.o28FP</file>
         <name>clock_p28FP.o28FP</name>
      </input_file>
      <input_file id="fl-1a">
         <path>E:\IMU\IMU3\src\sysbios\</path>
         <kind>archive</kind>
         <file>sysbios.a28FP</file>
         <name>BIOS.obj</name>
      </input_file>
      <input_file id="fl-1b">
         <path>E:\IMU\IMU3\src\sysbios\</path>
         <kind>archive</kind>
         <file>sysbios.a28FP</file>
         <name>c28_Hwi_asm.obj</name>
      </input_file>
      <input_file id="fl-1c">
         <path>E:\IMU\IMU3\src\sysbios\</path>
         <kind>archive</kind>
         <file>sysbios.a28FP</file>
         <name>c28_Hwi_disp_asm.obj</name>
      </input_file>
      <input_file id="fl-1d">
         <path>E:\IMU\IMU3\src\sysbios\</path>
         <kind>archive</kind>
         <file>sysbios.a28FP</file>
         <name>c28_IntrinsicsSupport_asm.obj</name>
      </input_file>
      <input_file id="fl-1e">
         <path>E:\IMU\IMU3\src\sysbios\</path>
         <kind>archive</kind>
         <file>sysbios.a28FP</file>
         <name>c28_TaskSupport_asm.obj</name>
      </input_file>
      <input_file id="fl-1f">
         <path>C:\ti\bios_6_46_05_55\packages\ti\catalog\c2800\init\lib\</path>
         <kind>archive</kind>
         <file>Boot.a28FP</file>
         <name>Boot.o28FP</name>
      </input_file>
      <input_file id="fl-20">
         <path>C:\ti\bios_6_46_05_55\packages\ti\targets\rts2800\lib\</path>
         <kind>archive</kind>
         <file>ti.targets.rts2800.a28FP</file>
         <name>Assert.o28FP</name>
      </input_file>
      <input_file id="fl-21">
         <path>C:\ti\bios_6_46_05_55\packages\ti\targets\rts2800\lib\</path>
         <kind>archive</kind>
         <file>ti.targets.rts2800.a28FP</file>
         <name>Core-mem.o28FP</name>
      </input_file>
      <input_file id="fl-22">
         <path>C:\ti\bios_6_46_05_55\packages\ti\targets\rts2800\lib\</path>
         <kind>archive</kind>
         <file>ti.targets.rts2800.a28FP</file>
         <name>Core-smem.o28FP</name>
      </input_file>
      <input_file id="fl-23">
         <path>C:\ti\bios_6_46_05_55\packages\ti\targets\rts2800\lib\</path>
         <kind>archive</kind>
         <file>ti.targets.rts2800.a28FP</file>
         <name>Core-label.o28FP</name>
      </input_file>
      <input_file id="fl-24">
         <path>C:\ti\bios_6_46_05_55\packages\ti\targets\rts2800\lib\</path>
         <kind>archive</kind>
         <file>ti.targets.rts2800.a28FP</file>
         <name>Core-params.o28FP</name>
      </input_file>
      <input_file id="fl-25">
         <path>C:\ti\bios_6_46_05_55\packages\ti\targets\rts2800\lib\</path>
         <kind>archive</kind>
         <file>ti.targets.rts2800.a28FP</file>
         <name>Error.o28FP</name>
      </input_file>
      <input_file id="fl-26">
         <path>C:\ti\bios_6_46_05_55\packages\ti\targets\rts2800\lib\</path>
         <kind>archive</kind>
         <file>ti.targets.rts2800.a28FP</file>
         <name>Gate.o28FP</name>
      </input_file>
      <input_file id="fl-27">
         <path>C:\ti\bios_6_46_05_55\packages\ti\targets\rts2800\lib\</path>
         <kind>archive</kind>
         <file>ti.targets.rts2800.a28FP</file>
         <name>LoggerBuf.o28FP</name>
      </input_file>
      <input_file id="fl-28">
         <path>C:\ti\bios_6_46_05_55\packages\ti\targets\rts2800\lib\</path>
         <kind>archive</kind>
         <file>ti.targets.rts2800.a28FP</file>
         <name>Memory.o28FP</name>
      </input_file>
      <input_file id="fl-29">
         <path>C:\ti\bios_6_46_05_55\packages\ti\targets\rts2800\lib\</path>
         <kind>archive</kind>
         <file>ti.targets.rts2800.a28FP</file>
         <name>Startup.o28FP</name>
      </input_file>
      <input_file id="fl-2a">
         <path>C:\ti\bios_6_46_05_55\packages\ti\targets\rts2800\lib\</path>
         <kind>archive</kind>
         <file>ti.targets.rts2800.a28FP</file>
         <name>System.o28FP</name>
      </input_file>
      <input_file id="fl-2b">
         <path>C:\ti\bios_6_46_05_55\packages\ti\targets\rts2800\lib\</path>
         <kind>archive</kind>
         <file>ti.targets.rts2800.a28FP</file>
         <name>SysMin.o28FP</name>
      </input_file>
      <input_file id="fl-2c">
         <path>C:\ti\bios_6_46_05_55\packages\ti\targets\rts2800\lib\</path>
         <kind>archive</kind>
         <file>ti.targets.rts2800.a28FP</file>
         <name>Text.o28FP</name>
      </input_file>
      <input_file id="fl-2d">
         <path>C:\ti\bios_6_46_05_55\packages\ti\targets\rts2800\lib\</path>
         <kind>archive</kind>
         <file>ti.targets.rts2800.a28FP</file>
         <name>xdc_noinit.o28FP</name>
      </input_file>
      <input_file id="fl-2e">
         <path>C:\ti\bios_6_46_05_55\packages\ti\targets\rts2800\lib\</path>
         <kind>archive</kind>
         <file>ti.targets.rts2800.a28FP</file>
         <name>Log.o28FP</name>
      </input_file>
      <input_file id="fl-2f">
         <path>C:\ti\bios_6_46_05_55\packages\ti\targets\rts2800\lib\</path>
         <kind>archive</kind>
         <file>ti.targets.rts2800.a28FP</file>
         <name>Registry.o28FP</name>
      </input_file>
      <input_file id="fl-30">
         <path>C:\ti\bios_6_46_05_55\packages\ti\targets\rts2800\lib\</path>
         <kind>archive</kind>
         <file>boot.a28FP</file>
         <name>boot_cg.o28FP</name>
      </input_file>
      <input_file id="fl-36">
         <path>C:\ti\ccsv6\tools\compiler\ti-cgt-c2000_6.4.6\lib\</path>
         <kind>archive</kind>
         <file>rts2800_fpu32.lib</file>
         <name>_lock.obj</name>
      </input_file>
      <input_file id="fl-37">
         <path>C:\ti\ccsv6\tools\compiler\ti-cgt-c2000_6.4.6\lib\</path>
         <kind>archive</kind>
         <file>rts2800_fpu32.lib</file>
         <name>args_main.obj</name>
      </input_file>
      <input_file id="fl-38">
         <path>C:\ti\ccsv6\tools\compiler\ti-cgt-c2000_6.4.6\lib\</path>
         <kind>archive</kind>
         <file>rts2800_fpu32.lib</file>
         <name>cpy_tbl.obj</name>
      </input_file>
      <input_file id="fl-39">
         <path>C:\ti\ccsv6\tools\compiler\ti-cgt-c2000_6.4.6\lib\</path>
         <kind>archive</kind>
         <file>rts2800_fpu32.lib</file>
         <name>cpy_utils.obj</name>
      </input_file>
      <input_file id="fl-3a">
         <path>C:\ti\ccsv6\tools\compiler\ti-cgt-c2000_6.4.6\lib\</path>
         <kind>archive</kind>
         <file>rts2800_fpu32.lib</file>
         <name>exit.obj</name>
      </input_file>
      <input_file id="fl-3b">
         <path>C:\ti\ccsv6\tools\compiler\ti-cgt-c2000_6.4.6\lib\</path>
         <kind>archive</kind>
         <file>rts2800_fpu32.lib</file>
         <name>ll_div.obj</name>
      </input_file>
      <input_file id="fl-3c">
         <path>C:\ti\ccsv6\tools\compiler\ti-cgt-c2000_6.4.6\lib\</path>
         <kind>archive</kind>
         <file>rts2800_fpu32.lib</file>
         <name>memcpy.obj</name>
      </input_file>
      <input_file id="fl-3d">
         <path>C:\ti\ccsv6\tools\compiler\ti-cgt-c2000_6.4.6\lib\</path>
         <kind>archive</kind>
         <file>rts2800_fpu32.lib</file>
         <name>memset.obj</name>
      </input_file>
      <input_file id="fl-3e">
         <path>C:\ti\ccsv6\tools\compiler\ti-cgt-c2000_6.4.6\lib\</path>
         <kind>archive</kind>
         <file>rts2800_fpu32.lib</file>
         <name>printf.obj</name>
      </input_file>
      <input_file id="fl-3f">
         <path>C:\ti\ccsv6\tools\compiler\ti-cgt-c2000_6.4.6\lib\</path>
         <kind>archive</kind>
         <file>rts2800_fpu32.lib</file>
         <name>strcmp.obj</name>
      </input_file>
      <input_file id="fl-40">
         <path>C:\ti\ccsv6\tools\compiler\ti-cgt-c2000_6.4.6\lib\</path>
         <kind>archive</kind>
         <file>rts2800_fpu32.lib</file>
         <name>strlen.obj</name>
      </input_file>
      <input_file id="fl-41">
         <path>C:\ti\ccsv6\tools\compiler\ti-cgt-c2000_6.4.6\lib\</path>
         <kind>archive</kind>
         <file>rts2800_fpu32.lib</file>
         <name>trgdrv.obj</name>
      </input_file>
      <input_file id="fl-42">
         <path>C:\ti\ccsv6\tools\compiler\ti-cgt-c2000_6.4.6\lib\</path>
         <kind>archive</kind>
         <file>rts2800_fpu32.lib</file>
         <name>_printfi.obj</name>
      </input_file>
      <input_file id="fl-43">
         <path>C:\ti\ccsv6\tools\compiler\ti-cgt-c2000_6.4.6\lib\</path>
         <kind>archive</kind>
         <file>rts2800_fpu32.lib</file>
         <name>ankmsg.obj</name>
      </input_file>
      <input_file id="fl-44">
         <path>C:\ti\ccsv6\tools\compiler\ti-cgt-c2000_6.4.6\lib\</path>
         <kind>archive</kind>
         <file>rts2800_fpu32.lib</file>
         <name>atoi.obj</name>
      </input_file>
      <input_file id="fl-45">
         <path>C:\ti\ccsv6\tools\compiler\ti-cgt-c2000_6.4.6\lib\</path>
         <kind>archive</kind>
         <file>rts2800_fpu32.lib</file>
         <name>ctype.obj</name>
      </input_file>
      <input_file id="fl-46">
         <path>C:\ti\ccsv6\tools\compiler\ti-cgt-c2000_6.4.6\lib\</path>
         <kind>archive</kind>
         <file>rts2800_fpu32.lib</file>
         <name>defs.obj</name>
      </input_file>
      <input_file id="fl-47">
         <path>C:\ti\ccsv6\tools\compiler\ti-cgt-c2000_6.4.6\lib\</path>
         <kind>archive</kind>
         <file>rts2800_fpu32.lib</file>
         <name>fd_cmp.obj</name>
      </input_file>
      <input_file id="fl-48">
         <path>C:\ti\ccsv6\tools\compiler\ti-cgt-c2000_6.4.6\lib\</path>
         <kind>archive</kind>
         <file>rts2800_fpu32.lib</file>
         <name>fd_div.obj</name>
      </input_file>
      <input_file id="fl-49">
         <path>C:\ti\ccsv6\tools\compiler\ti-cgt-c2000_6.4.6\lib\</path>
         <kind>archive</kind>
         <file>rts2800_fpu32.lib</file>
         <name>fd_mpy.obj</name>
      </input_file>
      <input_file id="fl-4a">
         <path>C:\ti\ccsv6\tools\compiler\ti-cgt-c2000_6.4.6\lib\</path>
         <kind>archive</kind>
         <file>rts2800_fpu32.lib</file>
         <name>fd_neg.obj</name>
      </input_file>
      <input_file id="fl-4b">
         <path>C:\ti\ccsv6\tools\compiler\ti-cgt-c2000_6.4.6\lib\</path>
         <kind>archive</kind>
         <file>rts2800_fpu32.lib</file>
         <name>fd_sub.obj</name>
      </input_file>
      <input_file id="fl-4c">
         <path>C:\ti\ccsv6\tools\compiler\ti-cgt-c2000_6.4.6\lib\</path>
         <kind>archive</kind>
         <file>rts2800_fpu32.lib</file>
         <name>fd_tofs.obj</name>
      </input_file>
      <input_file id="fl-4d">
         <path>C:\ti\ccsv6\tools\compiler\ti-cgt-c2000_6.4.6\lib\</path>
         <kind>archive</kind>
         <file>rts2800_fpu32.lib</file>
         <name>fd_toi.obj</name>
      </input_file>
      <input_file id="fl-4e">
         <path>C:\ti\ccsv6\tools\compiler\ti-cgt-c2000_6.4.6\lib\</path>
         <kind>archive</kind>
         <file>rts2800_fpu32.lib</file>
         <name>fd_tol.obj</name>
      </input_file>
      <input_file id="fl-4f">
         <path>C:\ti\ccsv6\tools\compiler\ti-cgt-c2000_6.4.6\lib\</path>
         <kind>archive</kind>
         <file>rts2800_fpu32.lib</file>
         <name>fputc.obj</name>
      </input_file>
      <input_file id="fl-50">
         <path>C:\ti\ccsv6\tools\compiler\ti-cgt-c2000_6.4.6\lib\</path>
         <kind>archive</kind>
         <file>rts2800_fpu32.lib</file>
         <name>fputs.obj</name>
      </input_file>
      <input_file id="fl-51">
         <path>C:\ti\ccsv6\tools\compiler\ti-cgt-c2000_6.4.6\lib\</path>
         <kind>archive</kind>
         <file>rts2800_fpu32.lib</file>
         <name>frexp.obj</name>
      </input_file>
      <input_file id="fl-52">
         <path>C:\ti\ccsv6\tools\compiler\ti-cgt-c2000_6.4.6\lib\</path>
         <kind>archive</kind>
         <file>rts2800_fpu32.lib</file>
         <name>fs_tofd.obj</name>
      </input_file>
      <input_file id="fl-53">
         <path>C:\ti\ccsv6\tools\compiler\ti-cgt-c2000_6.4.6\lib\</path>
         <kind>archive</kind>
         <file>rts2800_fpu32.lib</file>
         <name>i_tofd.obj</name>
      </input_file>
      <input_file id="fl-54">
         <path>C:\ti\ccsv6\tools\compiler\ti-cgt-c2000_6.4.6\lib\</path>
         <kind>archive</kind>
         <file>rts2800_fpu32.lib</file>
         <name>l_tofd.obj</name>
      </input_file>
      <input_file id="fl-55">
         <path>C:\ti\ccsv6\tools\compiler\ti-cgt-c2000_6.4.6\lib\</path>
         <kind>archive</kind>
         <file>rts2800_fpu32.lib</file>
         <name>ldexp.obj</name>
      </input_file>
      <input_file id="fl-56">
         <path>C:\ti\ccsv6\tools\compiler\ti-cgt-c2000_6.4.6\lib\</path>
         <kind>archive</kind>
         <file>rts2800_fpu32.lib</file>
         <name>ll_aox.obj</name>
      </input_file>
      <input_file id="fl-57">
         <path>C:\ti\ccsv6\tools\compiler\ti-cgt-c2000_6.4.6\lib\</path>
         <kind>archive</kind>
         <file>rts2800_fpu32.lib</file>
         <name>ll_cmp.obj</name>
      </input_file>
      <input_file id="fl-58">
         <path>C:\ti\ccsv6\tools\compiler\ti-cgt-c2000_6.4.6\lib\</path>
         <kind>archive</kind>
         <file>rts2800_fpu32.lib</file>
         <name>lowlev.obj</name>
      </input_file>
      <input_file id="fl-59">
         <path>C:\ti\ccsv6\tools\compiler\ti-cgt-c2000_6.4.6\lib\</path>
         <kind>archive</kind>
         <file>rts2800_fpu32.lib</file>
         <name>ltoa.obj</name>
      </input_file>
      <input_file id="fl-5a">
         <path>C:\ti\ccsv6\tools\compiler\ti-cgt-c2000_6.4.6\lib\</path>
         <kind>archive</kind>
         <file>rts2800_fpu32.lib</file>
         <name>memccpy.obj</name>
      </input_file>
      <input_file id="fl-5b">
         <path>C:\ti\ccsv6\tools\compiler\ti-cgt-c2000_6.4.6\lib\</path>
         <kind>archive</kind>
         <file>rts2800_fpu32.lib</file>
         <name>memchr.obj</name>
      </input_file>
      <input_file id="fl-5c">
         <path>C:\ti\ccsv6\tools\compiler\ti-cgt-c2000_6.4.6\lib\</path>
         <kind>archive</kind>
         <file>rts2800_fpu32.lib</file>
         <name>strchr.obj</name>
      </input_file>
      <input_file id="fl-5d">
         <path>C:\ti\ccsv6\tools\compiler\ti-cgt-c2000_6.4.6\lib\</path>
         <kind>archive</kind>
         <file>rts2800_fpu32.lib</file>
         <name>strcpy.obj</name>
      </input_file>
      <input_file id="fl-5e">
         <path>C:\ti\ccsv6\tools\compiler\ti-cgt-c2000_6.4.6\lib\</path>
         <kind>archive</kind>
         <file>rts2800_fpu32.lib</file>
         <name>strncpy.obj</name>
      </input_file>
      <input_file id="fl-5f">
         <path>C:\ti\ccsv6\tools\compiler\ti-cgt-c2000_6.4.6\lib\</path>
         <kind>archive</kind>
         <file>rts2800_fpu32.lib</file>
         <name>_io_perm.obj</name>
      </input_file>
      <input_file id="fl-60">
         <path>C:\ti\ccsv6\tools\compiler\ti-cgt-c2000_6.4.6\lib\</path>
         <kind>archive</kind>
         <file>rts2800_fpu32.lib</file>
         <name>errno.obj</name>
      </input_file>
      <input_file id="fl-61">
         <path>C:\ti\ccsv6\tools\compiler\ti-cgt-c2000_6.4.6\lib\</path>
         <kind>archive</kind>
         <file>rts2800_fpu32.lib</file>
         <name>fd_add.obj</name>
      </input_file>
      <input_file id="fl-62">
         <path>C:\ti\ccsv6\tools\compiler\ti-cgt-c2000_6.4.6\lib\</path>
         <kind>archive</kind>
         <file>rts2800_fpu32.lib</file>
         <name>fflush.obj</name>
      </input_file>
      <input_file id="fl-63">
         <path>C:\ti\ccsv6\tools\compiler\ti-cgt-c2000_6.4.6\lib\</path>
         <kind>archive</kind>
         <file>rts2800_fpu32.lib</file>
         <name>fseek.obj</name>
      </input_file>
      <input_file id="fl-64">
         <path>C:\ti\ccsv6\tools\compiler\ti-cgt-c2000_6.4.6\lib\</path>
         <kind>archive</kind>
         <file>rts2800_fpu32.lib</file>
         <name>l_div.obj</name>
      </input_file>
      <input_file id="fl-65">
         <path>C:\ti\ccsv6\tools\compiler\ti-cgt-c2000_6.4.6\lib\</path>
         <kind>archive</kind>
         <file>rts2800_fpu32.lib</file>
         <name>setvbuf.obj</name>
      </input_file>
      <input_file id="fl-66">
         <path>C:\ti\ccsv6\tools\compiler\ti-cgt-c2000_6.4.6\lib\</path>
         <kind>archive</kind>
         <file>rts2800_fpu32.lib</file>
         <name>fopen.obj</name>
      </input_file>
      <input_file id="fl-67">
         <path>C:\ti\ccsv6\tools\compiler\ti-cgt-c2000_6.4.6\lib\</path>
         <kind>archive</kind>
         <file>rts2800_fpu32.lib</file>
         <name>fclose.obj</name>
      </input_file>
      <input_file id="fl-68">
         <path>C:\ti\ccsv6\tools\compiler\ti-cgt-c2000_6.4.6\lib\</path>
         <kind>archive</kind>
         <file>rts2800_fpu32.lib</file>
         <name>remove.obj</name>
      </input_file>
   </input_file_list>
   <object_component_list>
      <object_component id="oc-db">
         <name>PieVectTableFile</name>
         <uninitialized>true</uninitialized>
         <run_address>0xd00</run_address>
         <size>0x100</size>
         <input_file_ref idref="fl-4"/>
      </object_component>
      <object_component id="oc-d7">
         <name>DevEmuRegsFile</name>
         <uninitialized>true</uninitialized>
         <run_address>0x880</run_address>
         <size>0xd0</size>
         <input_file_ref idref="fl-4"/>
      </object_component>
      <object_component id="oc-b2">
         <name>CsmRegsFile</name>
         <uninitialized>true</uninitialized>
         <run_address>0xae0</run_address>
         <size>0x10</size>
         <input_file_ref idref="fl-4"/>
      </object_component>
      <object_component id="oc-b6">
         <name>XintfRegsFile</name>
         <uninitialized>true</uninitialized>
         <run_address>0xb20</run_address>
         <size>0x1e</size>
         <input_file_ref idref="fl-4"/>
      </object_component>
      <object_component id="oc-ab">
         <name>CpuTimer0RegsFile</name>
         <uninitialized>true</uninitialized>
         <run_address>0xc00</run_address>
         <size>0x8</size>
         <input_file_ref idref="fl-4"/>
      </object_component>
      <object_component id="oc-ac">
         <name>CpuTimer1RegsFile</name>
         <uninitialized>true</uninitialized>
         <run_address>0xc08</run_address>
         <size>0x8</size>
         <input_file_ref idref="fl-4"/>
      </object_component>
      <object_component id="oc-a9">
         <name>CpuTimer2RegsFile</name>
         <uninitialized>true</uninitialized>
         <run_address>0xc10</run_address>
         <size>0x8</size>
         <input_file_ref idref="fl-4"/>
      </object_component>
      <object_component id="oc-b5">
         <name>PieCtrlRegsFile</name>
         <uninitialized>true</uninitialized>
         <run_address>0xce0</run_address>
         <size>0x1a</size>
         <input_file_ref idref="fl-4"/>
      </object_component>
      <object_component id="oc-d8">
         <name>DmaRegsFile</name>
         <uninitialized>true</uninitialized>
         <run_address>0x1000</run_address>
         <size>0xe0</size>
         <input_file_ref idref="fl-4"/>
      </object_component>
      <object_component id="oc-ca">
         <name>McbspaRegsFile</name>
         <uninitialized>true</uninitialized>
         <run_address>0x5000</run_address>
         <size>0x25</size>
         <input_file_ref idref="fl-4"/>
      </object_component>
      <object_component id="oc-c9">
         <name>McbspbRegsFile</name>
         <uninitialized>true</uninitialized>
         <run_address>0x5040</run_address>
         <size>0x25</size>
         <input_file_ref idref="fl-4"/>
      </object_component>
      <object_component id="oc-cd">
         <name>ECanaRegsFile</name>
         <uninitialized>true</uninitialized>
         <run_address>0x6000</run_address>
         <size>0x34</size>
         <input_file_ref idref="fl-4"/>
      </object_component>
      <object_component id="oc-ce">
         <name>ECanaLAMRegsFile</name>
         <uninitialized>true</uninitialized>
         <run_address>0x6040</run_address>
         <size>0x40</size>
         <input_file_ref idref="fl-4"/>
      </object_component>
      <object_component id="oc-da">
         <name>ECanaMboxesFile</name>
         <uninitialized>true</uninitialized>
         <run_address>0x6100</run_address>
         <size>0x100</size>
         <input_file_ref idref="fl-4"/>
      </object_component>
      <object_component id="oc-d4">
         <name>ECanaMOTSRegsFile</name>
         <uninitialized>true</uninitialized>
         <run_address>0x6080</run_address>
         <size>0x40</size>
         <input_file_ref idref="fl-4"/>
      </object_component>
      <object_component id="oc-cf">
         <name>ECanaMOTORegsFile</name>
         <uninitialized>true</uninitialized>
         <run_address>0x60c0</run_address>
         <size>0x40</size>
         <input_file_ref idref="fl-4"/>
      </object_component>
      <object_component id="oc-cc">
         <name>ECanbRegsFile</name>
         <uninitialized>true</uninitialized>
         <run_address>0x6200</run_address>
         <size>0x34</size>
         <input_file_ref idref="fl-4"/>
      </object_component>
      <object_component id="oc-d5">
         <name>ECanbLAMRegsFile</name>
         <uninitialized>true</uninitialized>
         <run_address>0x6240</run_address>
         <size>0x40</size>
         <input_file_ref idref="fl-4"/>
      </object_component>
      <object_component id="oc-d9">
         <name>ECanbMboxesFile</name>
         <uninitialized>true</uninitialized>
         <run_address>0x6300</run_address>
         <size>0x100</size>
         <input_file_ref idref="fl-4"/>
      </object_component>
      <object_component id="oc-d1">
         <name>ECanbMOTSRegsFile</name>
         <uninitialized>true</uninitialized>
         <run_address>0x6280</run_address>
         <size>0x40</size>
         <input_file_ref idref="fl-4"/>
      </object_component>
      <object_component id="oc-d0">
         <name>ECanbMOTORegsFile</name>
         <uninitialized>true</uninitialized>
         <run_address>0x62c0</run_address>
         <size>0x40</size>
         <input_file_ref idref="fl-4"/>
      </object_component>
      <object_component id="oc-c0">
         <name>EPwm9RegsFile</name>
         <uninitialized>true</uninitialized>
         <run_address>0x6600</run_address>
         <size>0x22</size>
         <input_file_ref idref="fl-4"/>
      </object_component>
      <object_component id="oc-c3">
         <name>EPwm1RegsFile</name>
         <uninitialized>true</uninitialized>
         <run_address>0x6800</run_address>
         <size>0x22</size>
         <input_file_ref idref="fl-4"/>
      </object_component>
      <object_component id="oc-c4">
         <name>EPwm2RegsFile</name>
         <uninitialized>true</uninitialized>
         <run_address>0x6840</run_address>
         <size>0x22</size>
         <input_file_ref idref="fl-4"/>
      </object_component>
      <object_component id="oc-c1">
         <name>EPwm3RegsFile</name>
         <uninitialized>true</uninitialized>
         <run_address>0x6880</run_address>
         <size>0x22</size>
         <input_file_ref idref="fl-4"/>
      </object_component>
      <object_component id="oc-c2">
         <name>EPwm4RegsFile</name>
         <uninitialized>true</uninitialized>
         <run_address>0x68c0</run_address>
         <size>0x22</size>
         <input_file_ref idref="fl-4"/>
      </object_component>
      <object_component id="oc-c7">
         <name>EPwm5RegsFile</name>
         <uninitialized>true</uninitialized>
         <run_address>0x6900</run_address>
         <size>0x22</size>
         <input_file_ref idref="fl-4"/>
      </object_component>
      <object_component id="oc-c8">
         <name>EPwm6RegsFile</name>
         <uninitialized>true</uninitialized>
         <run_address>0x6940</run_address>
         <size>0x22</size>
         <input_file_ref idref="fl-4"/>
      </object_component>
      <object_component id="oc-c5">
         <name>EPwm7RegsFile</name>
         <uninitialized>true</uninitialized>
         <run_address>0x6980</run_address>
         <size>0x22</size>
         <input_file_ref idref="fl-4"/>
      </object_component>
      <object_component id="oc-bf">
         <name>EPwm8RegsFile</name>
         <uninitialized>true</uninitialized>
         <run_address>0x69c0</run_address>
         <size>0x22</size>
         <input_file_ref idref="fl-4"/>
      </object_component>
      <object_component id="oc-ba">
         <name>ECap1RegsFile</name>
         <uninitialized>true</uninitialized>
         <run_address>0x6a00</run_address>
         <size>0x20</size>
         <input_file_ref idref="fl-4"/>
      </object_component>
      <object_component id="oc-bd">
         <name>ECap2RegsFile</name>
         <uninitialized>true</uninitialized>
         <run_address>0x6a20</run_address>
         <size>0x20</size>
         <input_file_ref idref="fl-4"/>
      </object_component>
      <object_component id="oc-b9">
         <name>ECap3RegsFile</name>
         <uninitialized>true</uninitialized>
         <run_address>0x6a40</run_address>
         <size>0x20</size>
         <input_file_ref idref="fl-4"/>
      </object_component>
      <object_component id="oc-b8">
         <name>ECap4RegsFile</name>
         <uninitialized>true</uninitialized>
         <run_address>0x6a60</run_address>
         <size>0x20</size>
         <input_file_ref idref="fl-4"/>
      </object_component>
      <object_component id="oc-b7">
         <name>ECap5RegsFile</name>
         <uninitialized>true</uninitialized>
         <run_address>0x6a80</run_address>
         <size>0x20</size>
         <input_file_ref idref="fl-4"/>
      </object_component>
      <object_component id="oc-be">
         <name>ECap6RegsFile</name>
         <uninitialized>true</uninitialized>
         <run_address>0x6aa0</run_address>
         <size>0x20</size>
         <input_file_ref idref="fl-4"/>
      </object_component>
      <object_component id="oc-d6">
         <name>EQep1RegsFile</name>
         <uninitialized>true</uninitialized>
         <run_address>0x6b00</run_address>
         <size>0x40</size>
         <input_file_ref idref="fl-4"/>
      </object_component>
      <object_component id="oc-d2">
         <name>EQep2RegsFile</name>
         <uninitialized>true</uninitialized>
         <run_address>0x6b40</run_address>
         <size>0x40</size>
         <input_file_ref idref="fl-4"/>
      </object_component>
      <object_component id="oc-d3">
         <name>EQep3RegsFile</name>
         <uninitialized>true</uninitialized>
         <run_address>0x6b80</run_address>
         <size>0x40</size>
         <input_file_ref idref="fl-4"/>
      </object_component>
      <object_component id="oc-cb">
         <name>GpioCtrlRegsFile</name>
         <uninitialized>true</uninitialized>
         <run_address>0x6f80</run_address>
         <size>0x2e</size>
         <input_file_ref idref="fl-4"/>
      </object_component>
      <object_component id="oc-bb">
         <name>GpioDataRegsFile</name>
         <uninitialized>true</uninitialized>
         <run_address>0x6fc0</run_address>
         <size>0x20</size>
         <input_file_ref idref="fl-4"/>
      </object_component>
      <object_component id="oc-ad">
         <name>GpioIntRegsFile</name>
         <uninitialized>true</uninitialized>
         <run_address>0x6fe0</run_address>
         <size>0xa</size>
         <input_file_ref idref="fl-4"/>
      </object_component>
      <object_component id="oc-bc">
         <name>SysCtrlRegsFile</name>
         <uninitialized>true</uninitialized>
         <run_address>0x7010</run_address>
         <size>0x20</size>
         <input_file_ref idref="fl-4"/>
      </object_component>
      <object_component id="oc-af">
         <name>SpiaRegsFile</name>
         <uninitialized>true</uninitialized>
         <run_address>0x7040</run_address>
         <size>0x10</size>
         <input_file_ref idref="fl-4"/>
      </object_component>
      <object_component id="oc-b0">
         <name>SciaRegsFile</name>
         <uninitialized>true</uninitialized>
         <run_address>0x7050</run_address>
         <size>0x10</size>
         <input_file_ref idref="fl-4"/>
      </object_component>
      <object_component id="oc-b4">
         <name>XIntruptRegsFile</name>
         <uninitialized>true</uninitialized>
         <run_address>0x7070</run_address>
         <size>0x10</size>
         <input_file_ref idref="fl-4"/>
      </object_component>
      <object_component id="oc-b1">
         <name>ScibRegsFile</name>
         <uninitialized>true</uninitialized>
         <run_address>0x7750</run_address>
         <size>0x10</size>
         <input_file_ref idref="fl-4"/>
      </object_component>
      <object_component id="oc-ae">
         <name>ScicRegsFile</name>
         <uninitialized>true</uninitialized>
         <run_address>0x7770</run_address>
         <size>0x10</size>
         <input_file_ref idref="fl-4"/>
      </object_component>
      <object_component id="oc-b3">
         <name>SpidRegsFile</name>
         <uninitialized>true</uninitialized>
         <run_address>0x7780</run_address>
         <size>0x10</size>
         <input_file_ref idref="fl-4"/>
      </object_component>
      <object_component id="oc-c6">
         <name>I2caRegsFile</name>
         <uninitialized>true</uninitialized>
         <run_address>0x7900</run_address>
         <size>0x22</size>
         <input_file_ref idref="fl-4"/>
      </object_component>
      <object_component id="oc-aa">
         <name>CsmPwlFile</name>
         <uninitialized>true</uninitialized>
         <run_address>0x3f7ff8</run_address>
         <size>0x8</size>
         <input_file_ref idref="fl-4"/>
      </object_component>
      <object_component id="oc-103">
         <name>.cinit</name>
         <load_address>0x306728</load_address>
         <run_address>0x306728</run_address>
         <size>0x37f</size>
         <input_file_ref idref="fl-f"/>
      </object_component>
      <object_component id="oc-21e">
         <name>.cinit</name>
         <load_address>0x306aa7</load_address>
         <run_address>0x306aa7</run_address>
         <size>0x31</size>
         <input_file_ref idref="fl-58"/>
      </object_component>
      <object_component id="oc-1c4">
         <name>.cinit</name>
         <load_address>0x306ad8</load_address>
         <run_address>0x306ad8</run_address>
         <size>0x2a</size>
         <input_file_ref idref="fl-46"/>
      </object_component>
      <object_component id="oc-185">
         <name>.cinit</name>
         <load_address>0x306b02</load_address>
         <run_address>0x306b02</run_address>
         <size>0xa</size>
         <input_file_ref idref="fl-3a"/>
      </object_component>
      <object_component id="oc-2d1">
         <name>.cinit:__lock</name>
         <load_address>0x306b0c</load_address>
         <run_address>0x306b0c</run_address>
         <size>0x5</size>
         <input_file_ref idref="fl-36"/>
      </object_component>
      <object_component id="oc-2d4">
         <name>.cinit:__unlock</name>
         <load_address>0x306b11</load_address>
         <run_address>0x306b11</run_address>
         <size>0x5</size>
         <input_file_ref idref="fl-36"/>
      </object_component>
      <object_component id="oc-248">
         <name>.cinit</name>
         <load_address>0x306b16</load_address>
         <run_address>0x306b16</run_address>
         <size>0x4</size>
         <input_file_ref idref="fl-60"/>
      </object_component>
      <object_component id="oc-265">
         <name>.cinit</name>
         <load_address>0x306b1a</load_address>
         <run_address>0x306b1a</run_address>
         <size>0x4</size>
         <input_file_ref idref="fl-66"/>
      </object_component>
      <object_component id="oc-32a">
         <name>.text</name>
         <load_address>0x300000</load_address>
         <run_address>0x300000</run_address>
         <size>0xbfd</size>
         <input_file_ref idref="fl-42"/>
      </object_component>
      <object_component id="oc-421">
         <name>.text:_xdc_runtime_System_doPrint__I</name>
         <load_address>0x300bfd</load_address>
         <run_address>0x300bfd</run_address>
         <size>0x25f</size>
         <input_file_ref idref="fl-2a"/>
      </object_component>
      <object_component id="oc-38e">
         <name>.text</name>
         <load_address>0x300e5c</load_address>
         <run_address>0x300e5c</run_address>
         <size>0x226</size>
         <input_file_ref idref="fl-58"/>
      </object_component>
      <object_component id="oc-28a">
         <name>.text</name>
         <load_address>0x301082</load_address>
         <run_address>0x301082</run_address>
         <size>0x206</size>
         <input_file_ref idref="fl-41"/>
      </object_component>
      <object_component id="oc-312">
         <name>.text:_ti_sysbios_knl_Semaphore_pend__E</name>
         <load_address>0x301288</load_address>
         <run_address>0x301288</run_address>
         <size>0x1e1</size>
         <input_file_ref idref="fl-1a"/>
      </object_component>
      <object_component id="oc-2eb">
         <name>.text:_ti_sysbios_heaps_HeapMem_freeUnprotected__E</name>
         <load_address>0x301469</load_address>
         <run_address>0x301469</run_address>
         <size>0x1aa</size>
         <input_file_ref idref="fl-1a"/>
      </object_component>
      <object_component id="oc-2e7">
         <name>.text:_ti_sysbios_heaps_HeapMem_allocUnprotected__E</name>
         <load_address>0x301613</load_address>
         <run_address>0x301613</run_address>
         <size>0x177</size>
         <input_file_ref idref="fl-1a"/>
      </object_component>
      <object_component id="oc-18b">
         <name>.text</name>
         <load_address>0x30178a</load_address>
         <run_address>0x30178a</run_address>
         <size>0x107</size>
         <input_file_ref idref="fl-3b"/>
      </object_component>
      <object_component id="oc-3e8">
         <name>.text</name>
         <load_address>0x301891</load_address>
         <run_address>0x301891</run_address>
         <size>0x103</size>
         <input_file_ref idref="fl-66"/>
      </object_component>
      <object_component id="oc-2ee">
         <name>.text:_ti_sysbios_heaps_HeapMem_Instance_init__E</name>
         <load_address>0x301994</load_address>
         <run_address>0x301994</run_address>
         <size>0xf3</size>
         <input_file_ref idref="fl-1a"/>
      </object_component>
      <object_component id="oc-34f">
         <name>.text:_ti_sysbios_family_c28_Hwi_clearInterrupt__E</name>
         <load_address>0x301a87</load_address>
         <run_address>0x301a87</run_address>
         <size>0xe8</size>
         <input_file_ref idref="fl-1a"/>
      </object_component>
      <object_component id="oc-2a9">
         <name>.text:_xdc_runtime_LoggerBuf_write8__E</name>
         <load_address>0x301b6f</load_address>
         <run_address>0x301b6f</run_address>
         <size>0xdf</size>
         <input_file_ref idref="fl-27"/>
      </object_component>
      <object_component id="oc-2e1">
         <name>.text:_xdc_runtime_Core_createObject__I</name>
         <load_address>0x301c4e</load_address>
         <run_address>0x301c4e</run_address>
         <size>0xd7</size>
         <input_file_ref idref="fl-21"/>
      </object_component>
      <object_component id="oc-436">
         <name>.text:_ti_sysbios_family_c28_Hwi_dispatchCore__I</name>
         <load_address>0x301d25</load_address>
         <run_address>0x301d25</run_address>
         <size>0xc1</size>
         <input_file_ref idref="fl-1a"/>
      </object_component>
      <object_component id="oc-433">
         <name>.text:_xdc_runtime_System_printfExtend__I</name>
         <load_address>0x301de6</load_address>
         <run_address>0x301de6</run_address>
         <size>0xc0</size>
         <input_file_ref idref="fl-f"/>
      </object_component>
      <object_component id="oc-313">
         <name>.text:_ti_sysbios_knl_Semaphore_post__E</name>
         <load_address>0x301ea6</load_address>
         <run_address>0x301ea6</run_address>
         <size>0xba</size>
         <input_file_ref idref="fl-1a"/>
      </object_component>
      <object_component id="oc-282">
         <name>.text:_ti_sysbios_knl_Clock_workFunc__E</name>
         <load_address>0x301f60</load_address>
         <run_address>0x301f60</run_address>
         <size>0xb7</size>
         <input_file_ref idref="fl-1a"/>
      </object_component>
      <object_component id="oc-329">
         <name>.text</name>
         <load_address>0x302017</load_address>
         <run_address>0x302017</run_address>
         <size>0xb2</size>
         <input_file_ref idref="fl-50"/>
      </object_component>
      <object_component id="oc-3bf">
         <name>.text:_ti_sysbios_knl_Swi_run__I</name>
         <load_address>0x3020c9</load_address>
         <run_address>0x3020c9</run_address>
         <size>0xaf</size>
         <input_file_ref idref="fl-1a"/>
      </object_component>
      <object_component id="oc-322">
         <name>.text:_xdc_runtime_Error_policyDefault__E</name>
         <load_address>0x302178</load_address>
         <run_address>0x302178</run_address>
         <size>0xa5</size>
         <input_file_ref idref="fl-25"/>
      </object_component>
      <object_component id="oc-3bc">
         <name>.text:_xdc_runtime_Core_constructObject__I</name>
         <load_address>0x30221d</load_address>
         <run_address>0x30221d</run_address>
         <size>0xa2</size>
         <input_file_ref idref="fl-22"/>
      </object_component>
      <object_component id="oc-24b">
         <name>.text</name>
         <load_address>0x3022bf</load_address>
         <run_address>0x3022bf</run_address>
         <size>0x9c</size>
         <input_file_ref idref="fl-61"/>
      </object_component>
      <object_component id="oc-40e">
         <name>.text:_ti_sysbios_family_c28_Hwi_dispatch</name>
         <load_address>0x30235b</load_address>
         <run_address>0x30235b</run_address>
         <size>0x9b</size>
         <input_file_ref idref="fl-1c"/>
      </object_component>
      <object_component id="oc-350">
         <name>.text:_ti_sysbios_family_c28_Hwi_enableInterrupt__E</name>
         <load_address>0x3023f6</load_address>
         <run_address>0x3023f6</run_address>
         <size>0x96</size>
         <input_file_ref idref="fl-1a"/>
      </object_component>
      <object_component id="oc-2a8">
         <name>.text:_xdc_runtime_LoggerBuf_write4__E</name>
         <load_address>0x30248c</load_address>
         <run_address>0x30248c</run_address>
         <size>0x95</size>
         <input_file_ref idref="fl-27"/>
      </object_component>
      <object_component id="oc-2b0">
         <name>.text:_ti_sysbios_BIOS_linkedWithIncorrectBootLibrary__E</name>
         <load_address>0x302521</load_address>
         <run_address>0x302521</run_address>
         <size>0x1</size>
         <input_file_ref idref="fl-1a"/>
      </object_component>
      <object_component id="oc-2d2">
         <name>.text</name>
         <load_address>0x302522</load_address>
         <run_address>0x302522</run_address>
         <size>0x94</size>
         <input_file_ref idref="fl-43"/>
      </object_component>
      <object_component id="oc-1cc">
         <name>.text</name>
         <load_address>0x3025b6</load_address>
         <run_address>0x3025b6</run_address>
         <size>0x8b</size>
         <input_file_ref idref="fl-48"/>
      </object_component>
      <object_component id="oc-3c8">
         <name>.text</name>
         <load_address>0x302641</load_address>
         <run_address>0x302641</run_address>
         <size>0x8a</size>
         <input_file_ref idref="fl-65"/>
      </object_component>
      <object_component id="oc-423">
         <name>.text:_ti_sysbios_family_c28_Hwi_disableInterrupt__E</name>
         <load_address>0x3026cb</load_address>
         <run_address>0x3026cb</run_address>
         <size>0x88</size>
         <input_file_ref idref="fl-1a"/>
      </object_component>
      <object_component id="oc-1d1">
         <name>.text</name>
         <load_address>0x302753</load_address>
         <run_address>0x302753</run_address>
         <size>0x83</size>
         <input_file_ref idref="fl-49"/>
      </object_component>
      <object_component id="oc-3ad">
         <name>.text:_ti_sysbios_family_c28_Hwi_disablePIEIER__E</name>
         <load_address>0x3027d6</load_address>
         <run_address>0x3027d6</run_address>
         <size>0x81</size>
         <input_file_ref idref="fl-1a"/>
      </object_component>
      <object_component id="oc-3ac">
         <name>.text:_ti_sysbios_family_c28_Hwi_enablePIEIER__E</name>
         <load_address>0x302857</load_address>
         <run_address>0x302857</run_address>
         <size>0x80</size>
         <input_file_ref idref="fl-1a"/>
      </object_component>
      <object_component id="oc-327">
         <name>.text:_xdc_runtime_Startup_startMods__I</name>
         <load_address>0x3028d7</load_address>
         <run_address>0x3028d7</run_address>
         <size>0x7d</size>
         <input_file_ref idref="fl-29"/>
      </object_component>
      <object_component id="oc-3ef">
         <name>.text:_xdc_runtime_Text_putSite__E</name>
         <load_address>0x302954</load_address>
         <run_address>0x302954</run_address>
         <size>0x7b</size>
         <input_file_ref idref="fl-2c"/>
      </object_component>
      <object_component id="oc-354">
         <name>.text:_ti_sysbios_knl_Task_checkStacks__E</name>
         <load_address>0x3029cf</load_address>
         <run_address>0x3029cf</run_address>
         <size>0x77</size>
         <input_file_ref idref="fl-1a"/>
      </object_component>
      <object_component id="oc-38d">
         <name>.text</name>
         <load_address>0x302a46</load_address>
         <run_address>0x302a46</run_address>
         <size>0x76</size>
         <input_file_ref idref="fl-62"/>
      </object_component>
      <object_component id="oc-2c6">
         <name>.text:_ti_sysbios_gates_GateMutex_enter__E</name>
         <load_address>0x302abc</load_address>
         <run_address>0x302abc</run_address>
         <size>0x72</size>
         <input_file_ref idref="fl-1a"/>
      </object_component>
      <object_component id="oc-309">
         <name>.text:_ti_sysbios_knl_Task_startCore__E</name>
         <load_address>0x302b2e</load_address>
         <run_address>0x302b2e</run_address>
         <size>0x71</size>
         <input_file_ref idref="fl-1a"/>
      </object_component>
      <object_component id="oc-3b0">
         <name>.text:_ti_sysbios_knl_Task_schedule__I</name>
         <load_address>0x302b9f</load_address>
         <run_address>0x302b9f</run_address>
         <size>0x6f</size>
         <input_file_ref idref="fl-1a"/>
      </object_component>
      <object_component id="oc-3bd">
         <name>.text:_ti_sysbios_knl_Semaphore_Instance_init__E</name>
         <load_address>0x302c0e</load_address>
         <run_address>0x302c0e</run_address>
         <size>0x6c</size>
         <input_file_ref idref="fl-1a"/>
      </object_component>
      <object_component id="oc-38c">
         <name>.text</name>
         <load_address>0x302c7a</load_address>
         <run_address>0x302c7a</run_address>
         <size>0x67</size>
         <input_file_ref idref="fl-5f"/>
      </object_component>
      <object_component id="oc-40f">
         <name>.text:_ti_sysbios_family_c28_Timer_stopAndClear__I</name>
         <load_address>0x302ce1</load_address>
         <run_address>0x302ce1</run_address>
         <size>0x66</size>
         <input_file_ref idref="fl-1a"/>
      </object_component>
      <object_component id="oc-47">
         <name>.text</name>
         <load_address>0x302d47</load_address>
         <run_address>0x302d47</run_address>
         <size>0x63</size>
         <input_file_ref idref="fl-30"/>
      </object_component>
      <object_component id="oc-2cd">
         <name>.text:_ti_sysbios_knl_Swi_post__E</name>
         <load_address>0x302daa</load_address>
         <run_address>0x302daa</run_address>
         <size>0x60</size>
         <input_file_ref idref="fl-1a"/>
      </object_component>
      <object_component id="oc-370">
         <name>.text:_ti_sysbios_knl_Task_blockI__E</name>
         <load_address>0x302e0a</load_address>
         <run_address>0x302e0a</run_address>
         <size>0x60</size>
         <input_file_ref idref="fl-1a"/>
      </object_component>
      <object_component id="oc-407">
         <name>.text</name>
         <load_address>0x302e6a</load_address>
         <run_address>0x302e6a</run_address>
         <size>0x5f</size>
         <input_file_ref idref="fl-67"/>
      </object_component>
      <object_component id="oc-413">
         <name>.text:_ti_sysbios_knl_Task_exit__E</name>
         <load_address>0x302ec9</load_address>
         <run_address>0x302ec9</run_address>
         <size>0x57</size>
         <input_file_ref idref="fl-1a"/>
      </object_component>
      <object_component id="oc-328">
         <name>.text</name>
         <load_address>0x302f20</load_address>
         <run_address>0x302f20</run_address>
         <size>0x54</size>
         <input_file_ref idref="fl-4f"/>
      </object_component>
      <object_component id="oc-373">
         <name>.text:_ti_sysbios_knl_Task_unblockI__E</name>
         <load_address>0x302f74</load_address>
         <run_address>0x302f74</run_address>
         <size>0x51</size>
         <input_file_ref idref="fl-1a"/>
      </object_component>
      <object_component id="oc-2e3">
         <name>.text:_xdc_runtime_Core_deleteObject__I</name>
         <load_address>0x302fc5</load_address>
         <run_address>0x302fc5</run_address>
         <size>0x51</size>
         <input_file_ref idref="fl-21"/>
      </object_component>
      <object_component id="oc-349">
         <name>.text:_xdc_runtime_Memory_alloc__E</name>
         <load_address>0x303016</load_address>
         <run_address>0x303016</run_address>
         <size>0x4e</size>
         <input_file_ref idref="fl-28"/>
      </object_component>
      <object_component id="oc-404">
         <name>.text:_ti_sysbios_knl_Task_postInit__I</name>
         <load_address>0x303064</load_address>
         <run_address>0x303064</run_address>
         <size>0x4c</size>
         <input_file_ref idref="fl-1a"/>
      </object_component>
      <object_component id="oc-439">
         <name>.text:_xdc_runtime_Text_putLab__E</name>
         <load_address>0x3030b0</load_address>
         <run_address>0x3030b0</run_address>
         <size>0x4c</size>
         <input_file_ref idref="fl-2c"/>
      </object_component>
      <object_component id="oc-29b">
         <name>.text:_ti_sysbios_heaps_HeapMem_alloc__E</name>
         <load_address>0x3030fc</load_address>
         <run_address>0x3030fc</run_address>
         <size>0x4b</size>
         <input_file_ref idref="fl-1a"/>
      </object_component>
      <object_component id="oc-3e0">
         <name>.text:_ti_sysbios_family_c28_Hwi_Module_startup__E</name>
         <load_address>0x303147</load_address>
         <run_address>0x303147</run_address>
         <size>0x48</size>
         <input_file_ref idref="fl-1a"/>
      </object_component>
      <object_component id="oc-347">
         <name>.text:_ti_sysbios_family_c28_TimestampProvider_get64__E</name>
         <load_address>0x30318f</load_address>
         <run_address>0x30318f</run_address>
         <size>0x48</size>
         <input_file_ref idref="fl-1a"/>
      </object_component>
      <object_component id="oc-276">
         <name>.text</name>
         <load_address>0x3031d7</load_address>
         <run_address>0x3031d7</run_address>
         <size>0x47</size>
         <input_file_ref idref="fl-38"/>
      </object_component>
      <object_component id="oc-3fc">
         <name>.text:_ti_sysbios_family_c28_Timer_postInit__I</name>
         <load_address>0x30321e</load_address>
         <run_address>0x30321e</run_address>
         <size>0x43</size>
         <input_file_ref idref="fl-1a"/>
      </object_component>
      <object_component id="oc-37b">
         <name>.text:_xdc_runtime_Error_setX__E</name>
         <load_address>0x303261</load_address>
         <run_address>0x303261</run_address>
         <size>0x43</size>
         <input_file_ref idref="fl-25"/>
      </object_component>
      <object_component id="oc-336">
         <name>.text:_xdc_runtime_Core_assignParams__I</name>
         <load_address>0x3032a4</load_address>
         <run_address>0x3032a4</run_address>
         <size>0x42</size>
         <input_file_ref idref="fl-24"/>
      </object_component>
      <object_component id="oc-10d">
         <name>.text:_ti_sysbios_family_c28_Hwi_unPluggedInterrupt__I</name>
         <load_address>0x3032e6</load_address>
         <run_address>0x3032e6</run_address>
         <size>0x41</size>
         <input_file_ref idref="fl-1a"/>
      </object_component>
      <object_component id="oc-440">
         <name>.text:_ti_sysbios_knl_Swi_restoreHwi__E</name>
         <load_address>0x303327</load_address>
         <run_address>0x303327</run_address>
         <size>0x40</size>
         <input_file_ref idref="fl-1a"/>
      </object_component>
      <object_component id="oc-2ac">
         <name>.text:_xdc_runtime_LoggerBuf_Object__create__S</name>
         <load_address>0x303367</load_address>
         <run_address>0x303367</run_address>
         <size>0x40</size>
         <input_file_ref idref="fl-f"/>
      </object_component>
      <object_component id="oc-42a">
         <name>.text:_xdc_runtime_System_formatNum__I</name>
         <load_address>0x3033a7</load_address>
         <run_address>0x3033a7</run_address>
         <size>0x40</size>
         <input_file_ref idref="fl-2a"/>
      </object_component>
      <object_component id="oc-2aa">
         <name>.text:_xdc_runtime_LoggerBuf_setFilterLevel__E</name>
         <load_address>0x3033e7</load_address>
         <run_address>0x3033e7</run_address>
         <size>0x3f</size>
         <input_file_ref idref="fl-27"/>
      </object_component>
      <object_component id="oc-3c7">
         <name>.text</name>
         <load_address>0x303426</load_address>
         <run_address>0x303426</run_address>
         <size>0x3d</size>
         <input_file_ref idref="fl-63"/>
      </object_component>
      <object_component id="oc-2ab">
         <name>.text:_xdc_runtime_LoggerBuf_getFilterLevel__E</name>
         <load_address>0x303463</load_address>
         <run_address>0x303463</run_address>
         <size>0x3c</size>
         <input_file_ref idref="fl-27"/>
      </object_component>
      <object_component id="oc-426">
         <name>.text:_ti_sysbios_family_c28_TaskSupport_start__E</name>
         <load_address>0x30349f</load_address>
         <run_address>0x30349f</run_address>
         <size>0x3b</size>
         <input_file_ref idref="fl-1a"/>
      </object_component>
      <object_component id="oc-40a">
         <name>.text:_xdc_runtime_Text_putMod__E</name>
         <load_address>0x3034da</load_address>
         <run_address>0x3034da</run_address>
         <size>0x3a</size>
         <input_file_ref idref="fl-2c"/>
      </object_component>
      <object_component id="oc-432">
         <name>.text:_xdc_runtime_Text_visitRope2__I</name>
         <load_address>0x303514</load_address>
         <run_address>0x303514</run_address>
         <size>0x39</size>
         <input_file_ref idref="fl-2c"/>
      </object_component>
      <object_component id="oc-3df">
         <name>.text:_ti_sysbios_family_c28_TimestampProvider_Module_startup__E</name>
         <load_address>0x30354d</load_address>
         <run_address>0x30354d</run_address>
         <size>0x36</size>
         <input_file_ref idref="fl-1a"/>
      </object_component>
      <object_component id="oc-2cb">
         <name>.text:_ti_sysbios_knl_Clock_logTick__E</name>
         <load_address>0x303583</load_address>
         <run_address>0x303583</run_address>
         <size>0x36</size>
         <input_file_ref idref="fl-1a"/>
      </object_component>
      <object_component id="oc-3d9">
         <name>.text:_xdc_runtime_Error_print__E</name>
         <load_address>0x3035b9</load_address>
         <run_address>0x3035b9</run_address>
         <size>0x36</size>
         <input_file_ref idref="fl-25"/>
      </object_component>
      <object_component id="oc-277">
         <name>.text:_xdc_runtime_Startup_exec__E</name>
         <load_address>0x3035ef</load_address>
         <run_address>0x3035ef</run_address>
         <size>0x35</size>
         <input_file_ref idref="fl-29"/>
      </object_component>
      <object_component id="oc-394">
         <name>.text</name>
         <load_address>0x303624</load_address>
         <run_address>0x303624</run_address>
         <size>0x34</size>
         <input_file_ref idref="fl-55"/>
      </object_component>
      <object_component id="oc-2db">
         <name>.text</name>
         <load_address>0x303658</load_address>
         <run_address>0x303658</run_address>
         <size>0x34</size>
         <input_file_ref idref="fl-3e"/>
      </object_component>
      <object_component id="oc-3e4">
         <name>.text:_ti_sysbios_knl_Task_Module_startup__E</name>
         <load_address>0x30368c</load_address>
         <run_address>0x30368c</run_address>
         <size>0x33</size>
         <input_file_ref idref="fl-1a"/>
      </object_component>
      <object_component id="oc-310">
         <name>.text:_xdc_runtime_Assert_raise__I</name>
         <load_address>0x3036bf</load_address>
         <run_address>0x3036bf</run_address>
         <size>0x32</size>
         <input_file_ref idref="fl-20"/>
      </object_component>
      <object_component id="oc-2fb">
         <name>.text:_xdc_runtime_LoggerBuf_Instance_init__E</name>
         <load_address>0x3036f1</load_address>
         <run_address>0x3036f1</run_address>
         <size>0x32</size>
         <input_file_ref idref="fl-27"/>
      </object_component>
      <object_component id="oc-390">
         <name>.text</name>
         <load_address>0x303723</load_address>
         <run_address>0x303723</run_address>
         <size>0x31</size>
         <input_file_ref idref="fl-44"/>
      </object_component>
      <object_component id="oc-3cd">
         <name>.text:_ti_sysbios_family_c28_Hwi_getInterruptFlag__E</name>
         <load_address>0x303754</load_address>
         <run_address>0x303754</run_address>
         <size>0x2f</size>
         <input_file_ref idref="fl-1a"/>
      </object_component>
      <object_component id="oc-378">
         <name>.text:_ti_sysbios_knl_Swi_runLoop__I</name>
         <load_address>0x303783</load_address>
         <run_address>0x303783</run_address>
         <size>0x2f</size>
         <input_file_ref idref="fl-1a"/>
      </object_component>
      <object_component id="oc-320">
         <name>.text:_ti_sysbios_knl_Swi_schedule__I</name>
         <load_address>0x3037b2</load_address>
         <run_address>0x3037b2</run_address>
         <size>0x2f</size>
         <input_file_ref idref="fl-1a"/>
      </object_component>
      <object_component id="oc-28c">
         <name>.text:.bootCodeSection:_ti_catalog_c2800_init_Boot_configurePll2834x</name>
         <load_address>0x3037e1</load_address>
         <run_address>0x3037e1</run_address>
         <size>0x2e</size>
         <input_file_ref idref="fl-1f"/>
      </object_component>
      <object_component id="oc-391">
         <name>.text</name>
         <load_address>0x30380f</load_address>
         <run_address>0x30380f</run_address>
         <size>0x2e</size>
         <input_file_ref idref="fl-59"/>
      </object_component>
      <object_component id="oc-29e">
         <name>.text:_ti_sysbios_heaps_HeapMem_getStats__E</name>
         <load_address>0x30383d</load_address>
         <run_address>0x30383d</run_address>
         <size>0x2d</size>
         <input_file_ref idref="fl-1a"/>
      </object_component>
      <object_component id="oc-3c4">
         <name>.text:_ti_sysbios_family_c28_Hwi_getStackInfo__E</name>
         <load_address>0x30386a</load_address>
         <run_address>0x30386a</run_address>
         <size>0x2c</size>
         <input_file_ref idref="fl-1a"/>
      </object_component>
      <object_component id="oc-306">
         <name>.text:_ti_sysbios_family_c28_Timer_start__E</name>
         <load_address>0x303896</load_address>
         <run_address>0x303896</run_address>
         <size>0x2c</size>
         <input_file_ref idref="fl-1a"/>
      </object_component>
      <object_component id="oc-325">
         <name>.text:_ti_sysbios_heaps_HeapMem_init__I</name>
         <load_address>0x3038c2</load_address>
         <run_address>0x3038c2</run_address>
         <size>0x2c</size>
         <input_file_ref idref="fl-1a"/>
      </object_component>
      <object_component id="oc-39f">
         <name>.text:_ti_sysbios_family_c28_Timer_getExpiredCounts64__E</name>
         <load_address>0x3038ee</load_address>
         <run_address>0x3038ee</run_address>
         <size>0x2a</size>
         <input_file_ref idref="fl-1a"/>
      </object_component>
      <object_component id="oc-40b">
         <name>.text:_xdc_runtime_Text_xprintf__I</name>
         <load_address>0x303918</load_address>
         <run_address>0x303918</run_address>
         <size>0x2a</size>
         <input_file_ref idref="fl-2c"/>
      </object_component>
      <object_component id="oc-1c7">
         <name>.text</name>
         <load_address>0x303942</load_address>
         <run_address>0x303942</run_address>
         <size>0x2a</size>
         <input_file_ref idref="fl-47"/>
      </object_component>
      <object_component id="oc-25a">
         <name>.text</name>
         <load_address>0x30396c</load_address>
         <run_address>0x30396c</run_address>
         <size>0x2a</size>
         <input_file_ref idref="fl-64"/>
      </object_component>
      <object_component id="oc-398">
         <name>.text:_xdc_runtime_SysMin_flush__E</name>
         <load_address>0x303996</load_address>
         <run_address>0x303996</run_address>
         <size>0x28</size>
         <input_file_ref idref="fl-2b"/>
      </object_component>
      <object_component id="oc-29c">
         <name>.text:_ti_sysbios_heaps_HeapMem_free__E</name>
         <load_address>0x3039be</load_address>
         <run_address>0x3039be</run_address>
         <size>0x27</size>
         <input_file_ref idref="fl-1a"/>
      </object_component>
      <object_component id="oc-3a0">
         <name>.text:_ti_sysbios_family_c28_Timer_getExpiredCounts__E</name>
         <load_address>0x3039e5</load_address>
         <run_address>0x3039e5</run_address>
         <size>0x26</size>
         <input_file_ref idref="fl-1a"/>
      </object_component>
      <object_component id="oc-431">
         <name>.text:_ti_sysbios_family_c28_TaskSupport_buildTaskStack</name>
         <load_address>0x303a0b</load_address>
         <run_address>0x303a0b</run_address>
         <size>0x25</size>
         <input_file_ref idref="fl-1e"/>
      </object_component>
      <object_component id="oc-291">
         <name>.text:_xdc_runtime_System_processAtExit__E</name>
         <load_address>0x303a30</load_address>
         <run_address>0x303a30</run_address>
         <size>0x23</size>
         <input_file_ref idref="fl-2a"/>
      </object_component>
      <object_component id="oc-1e0">
         <name>.text</name>
         <load_address>0x303a53</load_address>
         <run_address>0x303a53</run_address>
         <size>0x23</size>
         <input_file_ref idref="fl-4c"/>
      </object_component>
      <object_component id="oc-3e7">
         <name>.text:_malloc</name>
         <load_address>0x303a76</load_address>
         <run_address>0x303a76</run_address>
         <size>0x21</size>
         <input_file_ref idref="fl-f"/>
      </object_component>
      <object_component id="oc-352">
         <name>.text:_ti_sysbios_knl_Task_allBlockedFunction__I</name>
         <load_address>0x303a97</load_address>
         <run_address>0x303a97</run_address>
         <size>0x21</size>
         <input_file_ref idref="fl-1a"/>
      </object_component>
      <object_component id="oc-2b2">
         <name>.text:_xdc_runtime_System_atexit__E</name>
         <load_address>0x303ab8</load_address>
         <run_address>0x303ab8</run_address>
         <size>0x21</size>
         <input_file_ref idref="fl-2a"/>
      </object_component>
      <object_component id="oc-1e5">
         <name>.text</name>
         <load_address>0x303ad9</load_address>
         <run_address>0x303ad9</run_address>
         <size>0x21</size>
         <input_file_ref idref="fl-4d"/>
      </object_component>
      <object_component id="oc-411">
         <name>.text:_ti_sysbios_family_c28_Timer_setPrescale__E</name>
         <load_address>0x303afa</load_address>
         <run_address>0x303afa</run_address>
         <size>0x20</size>
         <input_file_ref idref="fl-1a"/>
      </object_component>
      <object_component id="oc-1ea">
         <name>.text</name>
         <load_address>0x303b1a</load_address>
         <run_address>0x303b1a</run_address>
         <size>0x1f</size>
         <input_file_ref idref="fl-4e"/>
      </object_component>
      <object_component id="oc-3ca">
         <name>.text</name>
         <load_address>0x303b39</load_address>
         <run_address>0x303b39</run_address>
         <size>0x1f</size>
         <input_file_ref idref="fl-5e"/>
      </object_component>
      <object_component id="oc-297">
         <name>.text:_ti_sysbios_gates_GateHwi_Object__create__S</name>
         <load_address>0x303b58</load_address>
         <run_address>0x303b58</run_address>
         <size>0x1e</size>
         <input_file_ref idref="fl-f"/>
      </object_component>
      <object_component id="oc-2c8">
         <name>.text:_ti_sysbios_gates_GateMutex_Object__create__S</name>
         <load_address>0x303b76</load_address>
         <run_address>0x303b76</run_address>
         <size>0x1e</size>
         <input_file_ref idref="fl-f"/>
      </object_component>
      <object_component id="oc-29f">
         <name>.text:_ti_sysbios_heaps_HeapMem_Object__create__S</name>
         <load_address>0x303b94</load_address>
         <run_address>0x303b94</run_address>
         <size>0x1e</size>
         <input_file_ref idref="fl-f"/>
      </object_component>
      <object_component id="oc-3e9">
         <name>.text:_xdc_runtime_SysMin_output__I</name>
         <load_address>0x303bb2</load_address>
         <run_address>0x303bb2</run_address>
         <size>0x1e</size>
         <input_file_ref idref="fl-f"/>
      </object_component>
      <object_component id="oc-3f2">
         <name>.text:_xdc_runtime_SysMin_putch__E</name>
         <load_address>0x303bd0</load_address>
         <run_address>0x303bd0</run_address>
         <size>0x1e</size>
         <input_file_ref idref="fl-2b"/>
      </object_component>
      <object_component id="oc-218">
         <name>.text</name>
         <load_address>0x303bee</load_address>
         <run_address>0x303bee</run_address>
         <size>0x1e</size>
         <input_file_ref idref="fl-57"/>
      </object_component>
      <object_component id="oc-330">
         <name>.text</name>
         <load_address>0x303c0c</load_address>
         <run_address>0x303c0c</run_address>
         <size>0x1e</size>
         <input_file_ref idref="fl-3c"/>
      </object_component>
      <object_component id="oc-3b6">
         <name>.text:_ti_sysbios_family_c28_TaskSupport_swap__E</name>
         <load_address>0x303c2a</load_address>
         <run_address>0x303c2a</run_address>
         <size>0x1d</size>
         <input_file_ref idref="fl-1e"/>
      </object_component>
      <object_component id="oc-326">
         <name>.text:_ti_sysbios_hal_Hwi_initStack</name>
         <load_address>0x303c47</load_address>
         <run_address>0x303c47</run_address>
         <size>0x1d</size>
         <input_file_ref idref="fl-1a"/>
      </object_component>
      <object_component id="oc-376">
         <name>.text:_ti_sysbios_knl_Semaphore_construct</name>
         <load_address>0x303c64</load_address>
         <run_address>0x303c64</run_address>
         <size>0x1d</size>
         <input_file_ref idref="fl-f"/>
      </object_component>
      <object_component id="oc-2f1">
         <name>.text:_xdc_runtime_LoggerBuf_filterOutEvent__I</name>
         <load_address>0x303c81</load_address>
         <run_address>0x303c81</run_address>
         <size>0x1d</size>
         <input_file_ref idref="fl-27"/>
      </object_component>
      <object_component id="oc-204">
         <name>.text</name>
         <load_address>0x303c9e</load_address>
         <run_address>0x303c9e</run_address>
         <size>0x1d</size>
         <input_file_ref idref="fl-53"/>
      </object_component>
      <object_component id="oc-3c0">
         <name>.text:_ti_sysbios_hal_Hwi_checkStack</name>
         <load_address>0x303cbb</load_address>
         <run_address>0x303cbb</run_address>
         <size>0x1c</size>
         <input_file_ref idref="fl-1a"/>
      </object_component>
      <object_component id="oc-1ff">
         <name>.text</name>
         <load_address>0x303cd7</load_address>
         <run_address>0x303cd7</run_address>
         <size>0x1c</size>
         <input_file_ref idref="fl-52"/>
      </object_component>
      <object_component id="oc-209">
         <name>.text</name>
         <load_address>0x303cf3</load_address>
         <run_address>0x303cf3</run_address>
         <size>0x1c</size>
         <input_file_ref idref="fl-54"/>
      </object_component>
      <object_component id="oc-42c">
         <name>.text:_ti_sysbios_family_c28_Hwi_switchAndDispatch__I</name>
         <load_address>0x303d0f</load_address>
         <run_address>0x303d0f</run_address>
         <size>0x1b</size>
         <input_file_ref idref="fl-1b"/>
      </object_component>
      <object_component id="oc-425">
         <name>.text:_ti_sysbios_knl_Task_processVitalTaskFlag__I</name>
         <load_address>0x303d2a</load_address>
         <run_address>0x303d2a</run_address>
         <size>0x1b</size>
         <input_file_ref idref="fl-1a"/>
      </object_component>
      <object_component id="oc-36b">
         <name>.text:_ti_sysbios_knl_Clock_addI__E</name>
         <load_address>0x303d45</load_address>
         <run_address>0x303d45</run_address>
         <size>0x1a</size>
         <input_file_ref idref="fl-1a"/>
      </object_component>
      <object_component id="oc-2e4">
         <name>.text:_xdc_runtime_Core_assignLabel__I</name>
         <load_address>0x303d5f</load_address>
         <run_address>0x303d5f</run_address>
         <size>0x1a</size>
         <input_file_ref idref="fl-23"/>
      </object_component>
      <object_component id="oc-3dc">
         <name>.text:_xdc_runtime_LoggerBuf_Module_startup__E</name>
         <load_address>0x303d79</load_address>
         <run_address>0x303d79</run_address>
         <size>0x1a</size>
         <input_file_ref idref="fl-27"/>
      </object_component>
      <object_component id="oc-17f">
         <name>.text</name>
         <load_address>0x303d93</load_address>
         <run_address>0x303d93</run_address>
         <size>0x1a</size>
         <input_file_ref idref="fl-39"/>
      </object_component>
      <object_component id="oc-3d2">
         <name>.text:_ti_sysbios_knl_Queue_construct</name>
         <load_address>0x303dad</load_address>
         <run_address>0x303dad</run_address>
         <size>0x19</size>
         <input_file_ref idref="fl-f"/>
      </object_component>
      <object_component id="oc-36a">
         <name>.text:_ti_sysbios_knl_Semaphore_pendTimeout__I</name>
         <load_address>0x303dc6</load_address>
         <run_address>0x303dc6</run_address>
         <size>0x19</size>
         <input_file_ref idref="fl-1a"/>
      </object_component>
      <object_component id="oc-308">
         <name>.text:_ti_sysbios_knl_Swi_restore__E</name>
         <load_address>0x303ddf</load_address>
         <run_address>0x303ddf</run_address>
         <size>0x19</size>
         <input_file_ref idref="fl-1a"/>
      </object_component>
      <object_component id="oc-399">
         <name>.text:_xdc_runtime_Memory_valloc__E</name>
         <load_address>0x303df8</load_address>
         <run_address>0x303df8</run_address>
         <size>0x19</size>
         <input_file_ref idref="fl-28"/>
      </object_component>
      <object_component id="oc-40c">
         <name>.text:_xdc_runtime_System_avprintf__E</name>
         <load_address>0x303e11</load_address>
         <run_address>0x303e11</run_address>
         <size>0x19</size>
         <input_file_ref idref="fl-2a"/>
      </object_component>
      <object_component id="oc-42b">
         <name>.text:_xdc_runtime_System_putchar__I</name>
         <load_address>0x303e2a</load_address>
         <run_address>0x303e2a</run_address>
         <size>0x19</size>
         <input_file_ref idref="fl-2a"/>
      </object_component>
      <object_component id="oc-278">
         <name>.text</name>
         <load_address>0x303e43</load_address>
         <run_address>0x303e43</run_address>
         <size>0x19</size>
         <input_file_ref idref="fl-37"/>
      </object_component>
      <object_component id="oc-32e">
         <name>.text</name>
         <load_address>0x303e5c</load_address>
         <run_address>0x303e5c</run_address>
         <size>0x19</size>
         <input_file_ref idref="fl-3a"/>
      </object_component>
      <object_component id="oc-379">
         <name>.text:_ti_sysbios_family_xxx_Hwi_switchAndRunFunc</name>
         <load_address>0x303e75</load_address>
         <run_address>0x303e75</run_address>
         <size>0x18</size>
         <input_file_ref idref="fl-1b"/>
      </object_component>
      <object_component id="oc-34a">
         <name>.text:_xdc_runtime_LoggerBuf_reset__E</name>
         <load_address>0x303e8d</load_address>
         <run_address>0x303e8d</run_address>
         <size>0x18</size>
         <input_file_ref idref="fl-27"/>
      </object_component>
      <object_component id="oc-40d">
         <name>.text:_xdc_runtime_System_vprintf__E</name>
         <load_address>0x303ea5</load_address>
         <run_address>0x303ea5</run_address>
         <size>0x18</size>
         <input_file_ref idref="fl-2a"/>
      </object_component>
      <object_component id="oc-41e">
         <name>.text:_xdc_runtime_Text_printVisFxn__I</name>
         <load_address>0x303ebd</load_address>
         <run_address>0x303ebd</run_address>
         <size>0x18</size>
         <input_file_ref idref="fl-2c"/>
      </object_component>
      <object_component id="oc-213">
         <name>.text</name>
         <load_address>0x303ed5</load_address>
         <run_address>0x303ed5</run_address>
         <size>0x18</size>
         <input_file_ref idref="fl-56"/>
      </object_component>
      <object_component id="oc-2b4">
         <name>.text:_ti_sysbios_family_c28_Timer_startup__E</name>
         <load_address>0x303eed</load_address>
         <run_address>0x303eed</run_address>
         <size>0x17</size>
         <input_file_ref idref="fl-1a"/>
      </object_component>
      <object_component id="oc-285">
         <name>.text:_ti_sysbios_knl_Clock_doTick__I</name>
         <load_address>0x303f04</load_address>
         <run_address>0x303f04</run_address>
         <size>0x17</size>
         <input_file_ref idref="fl-f"/>
      </object_component>
      <object_component id="oc-3da">
         <name>.text:_xdc_runtime_SysMin_abort__E</name>
         <load_address>0x303f1b</load_address>
         <run_address>0x303f1b</run_address>
         <size>0x17</size>
         <input_file_ref idref="fl-2b"/>
      </object_component>
      <object_component id="oc-2b1">
         <name>.text:_ti_sysbios_BIOS_atExitFunc__I</name>
         <load_address>0x303f32</load_address>
         <run_address>0x303f32</run_address>
         <size>0x16</size>
         <input_file_ref idref="fl-f"/>
      </object_component>
      <object_component id="oc-3e1">
         <name>.text:_ti_sysbios_family_c28_Timer_Module_startup__E</name>
         <load_address>0x303f48</load_address>
         <run_address>0x303f48</run_address>
         <size>0x16</size>
         <input_file_ref idref="fl-1a"/>
      </object_component>
      <object_component id="oc-3e3">
         <name>.text:_ti_sysbios_knl_Swi_Module_startup__E</name>
         <load_address>0x303f5e</load_address>
         <run_address>0x303f5e</run_address>
         <size>0x16</size>
         <input_file_ref idref="fl-1a"/>
      </object_component>
      <object_component id="oc-351">
         <name>.text:_ti_sysbios_knl_Task_restore__E</name>
         <load_address>0x303f74</load_address>
         <run_address>0x303f74</run_address>
         <size>0x16</size>
         <input_file_ref idref="fl-1a"/>
      </object_component>
      <object_component id="oc-393">
         <name>.text</name>
         <load_address>0x303f8a</load_address>
         <run_address>0x303f8a</run_address>
         <size>0x16</size>
         <input_file_ref idref="fl-51"/>
      </object_component>
      <object_component id="oc-280">
         <name>.text:_ti_sysbios_BIOS_startFunc__I</name>
         <load_address>0x303fa0</load_address>
         <run_address>0x303fa0</run_address>
         <size>0x15</size>
         <input_file_ref idref="fl-f"/>
      </object_component>
      <object_component id="oc-2ce">
         <name>.text:_ti_sysbios_knl_Idle_run__E</name>
         <load_address>0x303fb5</load_address>
         <run_address>0x303fb5</run_address>
         <size>0x15</size>
         <input_file_ref idref="fl-1a"/>
      </object_component>
      <object_component id="oc-33a">
         <name>.text:_xdc_runtime_Text_cordText__E</name>
         <load_address>0x303fca</load_address>
         <run_address>0x303fca</run_address>
         <size>0x15</size>
         <input_file_ref idref="fl-2c"/>
      </object_component>
      <object_component id="oc-2c9">
         <name>.text:_ti_sysbios_gates_GateMutex_Object__delete__S</name>
         <load_address>0x303fdf</load_address>
         <run_address>0x303fdf</run_address>
         <size>0x13</size>
         <input_file_ref idref="fl-f"/>
      </object_component>
      <object_component id="oc-298">
         <name>.text:_ti_sysbios_gates_GateHwi_Object__delete__S</name>
         <load_address>0x303ff2</load_address>
         <run_address>0x303ff2</run_address>
         <size>0x12</size>
         <input_file_ref idref="fl-f"/>
      </object_component>
      <object_component id="oc-2a0">
         <name>.text:_ti_sysbios_heaps_HeapMem_Object__delete__S</name>
         <load_address>0x304004</load_address>
         <run_address>0x304004</run_address>
         <size>0x12</size>
         <input_file_ref idref="fl-f"/>
      </object_component>
      <object_component id="oc-3e2">
         <name>.text:_ti_sysbios_knl_Clock_Module_startup__E</name>
         <load_address>0x304016</load_address>
         <run_address>0x304016</run_address>
         <size>0x12</size>
         <input_file_ref idref="fl-1a"/>
      </object_component>
      <object_component id="oc-2ad">
[...]
         <value>0x3047ab</value>
         <object_component_ref idref="oc-2de"/>
      </symbol>
      <symbol id="sm-de3">
         <name>_xdc_runtime_System_vsnprintf__E</name>
         <value>0x30466d</value>
         <object_component_ref idref="oc-41f"/>
      </symbol>
      <symbol id="sm-de4">
         <name>_xdc_runtime_System_abort__E</name>
         <value>0x3041d5</value>
         <object_component_ref idref="oc-385"/>
      </symbol>
      <symbol id="sm-e06">
         <name>_xdc_runtime_SysMin_Module_startup__E</name>
         <value>0x30411c</value>
         <object_component_ref idref="oc-3de"/>
      </symbol>
      <symbol id="sm-e07">
         <name>_xdc_runtime_SysMin_exit__E</name>
         <value>0x3042bc</value>
         <object_component_ref idref="oc-32d"/>
      </symbol>
      <symbol id="sm-e08">
         <name>_xdc_runtime_SysMin_abort__E</name>
         <value>0x303f1b</value>
         <object_component_ref idref="oc-3da"/>
      </symbol>
      <symbol id="sm-e09">
         <name>_xdc_runtime_SysMin_ready__E</name>
         <value>0x3046c1</value>
         <object_component_ref idref="oc-428"/>
      </symbol>
      <symbol id="sm-e0a">
         <name>_xdc_runtime_SysMin_putch__E</name>
         <value>0x303bd0</value>
         <object_component_ref idref="oc-3f2"/>
      </symbol>
      <symbol id="sm-e0b">
         <name>_xdc_runtime_SysMin_flush__E</name>
         <value>0x303996</value>
         <object_component_ref idref="oc-398"/>
      </symbol>
      <symbol id="sm-e58">
         <name>_xdc_runtime_Text_putSite__E</name>
         <value>0x302954</value>
         <object_component_ref idref="oc-3ef"/>
      </symbol>
      <symbol id="sm-e59">
         <name>_xdc_runtime_Text_ropeText__E</name>
         <value>0x30422a</value>
         <object_component_ref idref="oc-360"/>
      </symbol>
      <symbol id="sm-e5a">
         <name>_xdc_runtime_Text_putMod__E</name>
         <value>0x3034da</value>
         <object_component_ref idref="oc-40a"/>
      </symbol>
      <symbol id="sm-e5b">
         <name>_xdc_runtime_Text_visitRope2__I</name>
         <value>0x303514</value>
         <object_component_ref idref="oc-432"/>
      </symbol>
      <symbol id="sm-e5c">
         <name>_xdc_runtime_Text_cordText__E</name>
         <value>0x303fca</value>
         <object_component_ref idref="oc-33a"/>
      </symbol>
      <symbol id="sm-e5d">
         <name>_xdc_runtime_Text_putLab__E</name>
         <value>0x3030b0</value>
         <object_component_ref idref="oc-439"/>
      </symbol>
      <symbol id="sm-e5e">
         <name>_xdc_runtime_Text_printVisFxn__I</name>
         <value>0x303ebd</value>
         <object_component_ref idref="oc-41e"/>
      </symbol>
      <symbol id="sm-e5f">
         <name>_xdc_runtime_Text_xprintf__I</name>
         <value>0x303918</value>
         <object_component_ref idref="oc-40b"/>
      </symbol>
      <symbol id="sm-e6a">
         <name>___xdc__init</name>
         <value>0x30474e</value>
         <object_component_ref idref="oc-27a"/>
      </symbol>
      <symbol id="sm-e8c">
         <name>_xdc_runtime_Registry_findById__E</name>
         <value>0x30410e</value>
         <object_component_ref idref="oc-41c"/>
      </symbol>
      <symbol id="sm-e96">
         <name>__stack</name>
         <value>0x2</value>
         <object_component_ref idref="oc-16c"/>
      </symbol>
      <symbol id="sm-e97">
         <name>_c_int00</name>
         <value>0x302d47</value>
         <object_component_ref idref="oc-47"/>
      </symbol>
      <symbol id="sm-eac">
         <name>__unlock</name>
         <value>0x8992</value>
         <object_component_ref idref="oc-2d3"/>
      </symbol>
      <symbol id="sm-ead">
         <name>__lock</name>
         <value>0x8990</value>
         <object_component_ref idref="oc-2d0"/>
      </symbol>
      <symbol id="sm-eae">
         <name>__register_lock</name>
         <value>0x304683</value>
         <object_component_ref idref="oc-300"/>
      </symbol>
      <symbol id="sm-eaf">
         <name>__nop</name>
         <value>0x304687</value>
         <object_component_ref idref="oc-300"/>
      </symbol>
      <symbol id="sm-eb0">
         <name>__register_unlock</name>
         <value>0x30467f</value>
         <object_component_ref idref="oc-300"/>
      </symbol>
      <symbol id="sm-ec0">
         <name>__args_main</name>
         <value>0x303e43</value>
         <object_component_ref idref="oc-278"/>
      </symbol>
      <symbol id="sm-ed6">
         <name>_copy_in</name>
         <value>0x3031d7</value>
         <object_component_ref idref="oc-276"/>
      </symbol>
      <symbol id="sm-ee5">
         <name>_ppcopy</name>
         <value>0x303d93</value>
         <object_component_ref idref="oc-17f"/>
      </symbol>
      <symbol id="sm-ee6">
         <name>_dpcopy</name>
         <value>0x303d93</value>
         <object_component_ref idref="oc-17f"/>
      </symbol>
      <symbol id="sm-ee7">
         <name>_pdcopy</name>
         <value>0x303d93</value>
         <object_component_ref idref="oc-17f"/>
      </symbol>
      <symbol id="sm-ee8">
         <name>_ddcopy</name>
         <value>0x303d93</value>
         <object_component_ref idref="oc-17f"/>
      </symbol>
      <symbol id="sm-efc">
         <name>C$$EXIT</name>
         <value>0x303e5c</value>
         <object_component_ref idref="oc-32e"/>
      </symbol>
      <symbol id="sm-efd">
         <name>_exit</name>
         <value>0x303e5e</value>
         <object_component_ref idref="oc-32e"/>
      </symbol>
      <symbol id="sm-efe">
         <name>___TI_cleanup_ptr</name>
         <value>0x898c</value>
         <object_component_ref idref="oc-186"/>
      </symbol>
      <symbol id="sm-eff">
         <name>_abort</name>
         <value>0x303e5c</value>
         <object_component_ref idref="oc-32e"/>
      </symbol>
      <symbol id="sm-f00">
         <name>___TI_dtors_ptr</name>
         <value>0x898e</value>
         <object_component_ref idref="oc-186"/>
      </symbol>
      <symbol id="sm-f2c">
         <name>ULL$$MOD</name>
         <value>0x30182f</value>
         <object_component_ref idref="oc-18b"/>
      </symbol>
      <symbol id="sm-f2d">
         <name>ULL$$DIV</name>
         <value>0x301800</value>
         <object_component_ref idref="oc-18b"/>
      </symbol>
      <symbol id="sm-f2e">
         <name>LL$$MOD</name>
         <value>0x3017c6</value>
         <object_component_ref idref="oc-18b"/>
      </symbol>
      <symbol id="sm-f2f">
         <name>LL$$DIV</name>
         <value>0x30178a</value>
         <object_component_ref idref="oc-18b"/>
      </symbol>
      <symbol id="sm-f41">
         <name>_memcpy</name>
         <value>0x303c0c</value>
         <object_component_ref idref="oc-330"/>
      </symbol>
      <symbol id="sm-f50">
         <name>_memset</name>
         <value>0x304236</value>
         <object_component_ref idref="oc-338"/>
      </symbol>
      <symbol id="sm-f61">
         <name>_printf</name>
         <value>0x30365e</value>
         <object_component_ref idref="oc-2db"/>
      </symbol>
      <symbol id="sm-f70">
         <name>_strcmp</name>
         <value>0x304624</value>
         <object_component_ref idref="oc-3c9"/>
      </symbol>
      <symbol id="sm-f7e">
         <name>_strlen</name>
         <value>0x3046c9</value>
         <object_component_ref idref="oc-2d5"/>
      </symbol>
      <symbol id="sm-f92">
         <name>_HOSTopen</name>
         <value>0x301188</value>
         <object_component_ref idref="oc-28a"/>
      </symbol>
      <symbol id="sm-f93">
         <name>_HOSTread</name>
         <value>0x30114b</value>
         <object_component_ref idref="oc-28a"/>
      </symbol>
      <symbol id="sm-f94">
         <name>_HOSTgetenv</name>
         <value>0x30120d</value>
         <object_component_ref idref="oc-28a"/>
      </symbol>
      <symbol id="sm-f95">
         <name>_HOSTtime</name>
         <value>0x3010e0</value>
         <object_component_ref idref="oc-28a"/>
      </symbol>
      <symbol id="sm-f96">
         <name>_HOSTrename</name>
         <value>0x30110b</value>
         <object_component_ref idref="oc-28a"/>
      </symbol>
      <symbol id="sm-f97">
         <name>_HOSTclock</name>
         <value>0x30125d</value>
         <object_component_ref idref="oc-28a"/>
      </symbol>
      <symbol id="sm-f98">
         <name>_HOSTwrite</name>
         <value>0x301082</value>
         <object_component_ref idref="oc-28a"/>
      </symbol>
      <symbol id="sm-f99">
         <name>_HOSTlseek</name>
         <value>0x3011c6</value>
         <object_component_ref idref="oc-28a"/>
      </symbol>
      <symbol id="sm-f9a">
         <name>_HOSTunlink</name>
         <value>0x3010b8</value>
         <object_component_ref idref="oc-28a"/>
      </symbol>
      <symbol id="sm-f9b">
         <name>_HOSTclose</name>
         <value>0x301235</value>
         <object_component_ref idref="oc-28a"/>
      </symbol>
      <symbol id="sm-10c8">
         <name>___TI_printfi</name>
         <value>0x300af8</value>
         <object_component_ref idref="oc-32a"/>
      </symbol>
      <symbol id="sm-10e2">
         <name>___TI_readmsg</name>
         <value>0x30257a</value>
         <object_component_ref idref="oc-2d2"/>
      </symbol>
      <symbol id="sm-10e3">
         <name>C$$IO$$</name>
         <value>0x302575</value>
         <object_component_ref idref="oc-2d2"/>
      </symbol>
      <symbol id="sm-10e4">
         <name>__CIOBUF_</name>
         <value>0x10000</value>
         <object_component_ref idref="oc-1b7"/>
      </symbol>
      <symbol id="sm-10e5">
         <name>___TI_writemsg</name>
         <value>0x302522</value>
         <object_component_ref idref="oc-2d2"/>
      </symbol>
      <symbol id="sm-10fa">
         <name>_atoi</name>
         <value>0x303723</value>
         <object_component_ref idref="oc-390"/>
      </symbol>
      <symbol id="sm-1103">
         <name>__ctypes_</name>
         <value>0x3060b4</value>
         <object_component_ref idref="oc-3cb"/>
      </symbol>
      <symbol id="sm-110f">
         <name>___TI_ft_end</name>
         <value>0x89c0</value>
         <object_component_ref idref="oc-1c5"/>
      </symbol>
      <symbol id="sm-1110">
         <name>___TI_tmpnams</name>
         <value>0x8a80</value>
         <object_component_ref idref="oc-1c5"/>
      </symbol>
      <symbol id="sm-1111">
         <name>__ftable</name>
         <value>0x8a00</value>
         <object_component_ref idref="oc-1c5"/>
      </symbol>
      <symbol id="sm-1121">
         <name>FD$$CMP</name>
         <value>0x303942</value>
         <object_component_ref idref="oc-1c7"/>
      </symbol>
      <symbol id="sm-1138">
         <name>FD$$DIV</name>
         <value>0x3025b6</value>
         <object_component_ref idref="oc-1cc"/>
      </symbol>
      <symbol id="sm-114a">
         <name>FD$$MPY</name>
         <value>0x302753</value>
         <object_component_ref idref="oc-1d1"/>
      </symbol>
      <symbol id="sm-1157">
         <name>FD$$NEG</name>
         <value>0x304688</value>
         <object_component_ref idref="oc-1d6"/>
      </symbol>
      <symbol id="sm-1163">
         <name>FD$$SUB</name>
         <value>0x30412a</value>
         <object_component_ref idref="oc-1db"/>
      </symbol>
      <symbol id="sm-1173">
         <name>FD$$TOFS</name>
         <value>0x303a53</value>
         <object_component_ref idref="oc-1e0"/>
      </symbol>
      <symbol id="sm-1182">
         <name>FD$$TOI</name>
         <value>0x303ad9</value>
         <object_component_ref idref="oc-1e5"/>
      </symbol>
      <symbol id="sm-1191">
         <name>FD$$TOL</name>
         <value>0x303b1a</value>
         <object_component_ref idref="oc-1ea"/>
      </symbol>
      <symbol id="sm-11a5">
         <name>_putchar</name>
         <value>0x302f6f</value>
         <object_component_ref idref="oc-328"/>
      </symbol>
      <symbol id="sm-11a6">
         <name>_putc</name>
         <value>0x302f20</value>
         <object_component_ref idref="oc-328"/>
      </symbol>
      <symbol id="sm-11a7">
         <name>_fputc</name>
         <value>0x302f20</value>
         <object_component_ref idref="oc-328"/>
      </symbol>
      <symbol id="sm-11c5">
         <name>_puts</name>
         <value>0x3020b6</value>
         <object_component_ref idref="oc-329"/>
      </symbol>
      <symbol id="sm-11c6">
         <name>_fputs</name>
         <value>0x302017</value>
         <object_component_ref idref="oc-329"/>
      </symbol>
      <symbol id="sm-11d6">
         <name>_frexp</name>
         <value>0x303f8a</value>
         <object_component_ref idref="oc-393"/>
      </symbol>
      <symbol id="sm-11e6">
         <name>FS$$TOFD</name>
         <value>0x303cd7</value>
         <object_component_ref idref="oc-1ff"/>
      </symbol>
      <symbol id="sm-11f6">
         <name>I$$TOFD</name>
         <value>0x303c9e</value>
         <object_component_ref idref="oc-204"/>
      </symbol>
      <symbol id="sm-1206">
         <name>L$$TOFD</name>
         <value>0x303cf3</value>
         <object_component_ref idref="oc-209"/>
      </symbol>
      <symbol id="sm-1219">
         <name>_ldexp</name>
         <value>0x303624</value>
         <object_component_ref idref="oc-394"/>
      </symbol>
      <symbol id="sm-1225">
         <name>LL$$AND</name>
         <value>0x303ed5</value>
         <object_component_ref idref="oc-213"/>
      </symbol>
      <symbol id="sm-1226">
         <name>LL$$OR</name>
         <value>0x303edd</value>
         <object_component_ref idref="oc-213"/>
      </symbol>
      <symbol id="sm-1227">
         <name>LL$$XOR</name>
         <value>0x303ee5</value>
         <object_component_ref idref="oc-213"/>
      </symbol>
      <symbol id="sm-1235">
         <name>ULL$$CMP</name>
         <value>0x303c00</value>
         <object_component_ref idref="oc-218"/>
      </symbol>
      <symbol id="sm-1236">
         <name>LL$$CMP</name>
         <value>0x303bee</value>
         <object_component_ref idref="oc-218"/>
      </symbol>
      <symbol id="sm-1271">
         <name>_add_device</name>
         <value>0x301003</value>
         <object_component_ref idref="oc-38e"/>
      </symbol>
      <symbol id="sm-1272">
         <name>_rename</name>
         <value>0x300edf</value>
         <object_component_ref idref="oc-38e"/>
      </symbol>
      <symbol id="sm-1273">
         <name>_read</name>
         <value>0x300f27</value>
         <object_component_ref idref="oc-38e"/>
      </symbol>
      <symbol id="sm-1274">
         <name>_unlink</name>
         <value>0x300ec6</value>
         <object_component_ref idref="oc-38e"/>
      </symbol>
      <symbol id="sm-1275">
         <name>_remove_device</name>
         <value>0x300f0d</value>
         <object_component_ref idref="oc-38e"/>
      </symbol>
      <symbol id="sm-1276">
         <name>_open</name>
         <value>0x300f42</value>
         <object_component_ref idref="oc-38e"/>
      </symbol>
      <symbol id="sm-1277">
         <name>_lseek</name>
         <value>0x300fb4</value>
         <object_component_ref idref="oc-38e"/>
      </symbol>
      <symbol id="sm-1278">
         <name>_close</name>
         <value>0x300fce</value>
         <object_component_ref idref="oc-38e"/>
      </symbol>
      <symbol id="sm-1279">
         <name>_write</name>
         <value>0x300e5c</value>
         <object_component_ref idref="oc-38e"/>
      </symbol>
      <symbol id="sm-1288">
         <name>_ltoa</name>
         <value>0x30380f</value>
         <object_component_ref idref="oc-391"/>
      </symbol>
      <symbol id="sm-1298">
         <name>_memccpy</name>
         <value>0x304138</value>
         <object_component_ref idref="oc-395"/>
      </symbol>
      <symbol id="sm-12a8">
         <name>_memchr</name>
         <value>0x30404b</value>
         <object_component_ref idref="oc-38f"/>
      </symbol>
      <symbol id="sm-12b8">
         <name>_strchr</name>
         <value>0x304242</value>
         <object_component_ref idref="oc-392"/>
      </symbol>
      <symbol id="sm-12c6">
         <name>_strcpy</name>
         <value>0x30472d</value>
         <object_component_ref idref="oc-2d6"/>
      </symbol>
      <symbol id="sm-12d7">
         <name>_strncpy</name>
         <value>0x303b39</value>
         <object_component_ref idref="oc-3ca"/>
      </symbol>
      <symbol id="sm-12ef">
         <name>___TI_rd_ok</name>
         <value>0x302cb5</value>
         <object_component_ref idref="oc-38c"/>
      </symbol>
      <symbol id="sm-12f0">
         <name>___TI_wrt_ok</name>
         <value>0x302c7a</value>
         <object_component_ref idref="oc-38c"/>
      </symbol>
      <symbol id="sm-12fb">
         <name>_errno</name>
         <value>0x898b</value>
         <object_component_ref idref="oc-249"/>
      </symbol>
      <symbol id="sm-1316">
         <name>FD$$ADD</name>
         <value>0x3022bf</value>
         <object_component_ref idref="oc-24b"/>
      </symbol>
      <symbol id="sm-132d">
         <name>___TI_doflush</name>
         <value>0x302a46</value>
         <object_component_ref idref="oc-38d"/>
      </symbol>
      <symbol id="sm-132e">
         <name>_fflush</name>
         <value>0x302a76</value>
         <object_component_ref idref="oc-38d"/>
      </symbol>
      <symbol id="sm-133f">
         <name>_fseek</name>
         <value>0x303426</value>
         <object_component_ref idref="oc-3c7"/>
      </symbol>
      <symbol id="sm-134b">
         <name>UL$$MOD</name>
         <value>0x303990</value>
         <object_component_ref idref="oc-25a"/>
      </symbol>
      <symbol id="sm-134c">
         <name>L$$MOD</name>
         <value>0x30397b</value>
         <object_component_ref idref="oc-25a"/>
      </symbol>
      <symbol id="sm-134d">
         <name>L$$DIV</name>
         <value>0x30396c</value>
         <object_component_ref idref="oc-25a"/>
      </symbol>
      <symbol id="sm-134e">
         <name>UL$$DIV</name>
         <value>0x303989</value>
         <object_component_ref idref="oc-25a"/>
      </symbol>
      <symbol id="sm-1365">
         <name>_setvbuf</name>
         <value>0x302641</value>
         <object_component_ref idref="oc-3c8"/>
      </symbol>
      <symbol id="sm-139c">
         <name>_fopen</name>
         <value>0x30197a</value>
         <object_component_ref idref="oc-3e8"/>
      </symbol>
      <symbol id="sm-139d">
         <name>___TI_cleanup</name>
         <value>0x30190a</value>
         <object_component_ref idref="oc-3e8"/>
      </symbol>
      <symbol id="sm-139e">
         <name>_freopen</name>
         <value>0x30192a</value>
         <object_component_ref idref="oc-3e8"/>
      </symbol>
      <symbol id="sm-13b0">
         <name>___TI_closefile</name>
         <value>0x302e6a</value>
         <object_component_ref idref="oc-407"/>
      </symbol>
      <symbol id="sm-13b1">
         <name>_fclose</name>
         <value>0x302eae</value>
         <object_component_ref idref="oc-407"/>
      </symbol>
      <symbol id="sm-13be">
         <name>_remove</name>
         <value>0x3047ae</value>
         <object_component_ref idref="oc-419"/>
      </symbol>
   </symbol_table>
   <title>Link successful</title>
</link_info>
