<?xml version="1.0"?>
<link_info>
   <banner>TMS320C2000 Linker PC v6.4.6</banner>
   <copyright>Copyright (c) 1996-2015 Texas Instruments Incorporated</copyright>
   <link_time>0x5f48cbd7</link_time>
   <link_errors>0x0</link_errors>
   <output_file>TMS320C28346.out</output_file>
   <entry_point>
      <name>_c_int00</name>
      <address>0x304c0f</address>
   </entry_point>
   <input_file_list>
      <input_file id="fl-2">
         <path>.\</path>
         <kind>object</kind>
         <file>DSP2834x_CodeStartBranch.obj</file>
         <name>DSP2834x_CodeStartBranch.obj</name>
      </input_file>
      <input_file id="fl-3">
         <path>.\</path>
         <kind>object</kind>
         <file>DSP2834x_DefaultIsr.obj</file>
         <name>DSP2834x_DefaultIsr.obj</name>
      </input_file>
      <input_file id="fl-4">
         <path>.\</path>
         <kind>object</kind>
         <file>DSP2834x_GlobalVariableDefs.obj</file>
         <name>DSP2834x_GlobalVariableDefs.obj</name>
      </input_file>
      <input_file id="fl-5">
         <path>.\</path>
         <kind>object</kind>
         <file>DSP2834x_PieCtrl.obj</file>
         <name>DSP2834x_PieCtrl.obj</name>
      </input_file>
      <input_file id="fl-6">
         <path>.\</path>
         <kind>object</kind>
         <file>DSP2834x_PieVect.obj</file>
         <name>DSP2834x_PieVect.obj</name>
      </input_file>
      <input_file id="fl-7">
         <path>.\</path>
         <kind>object</kind>
         <file>DSP2834x_Sci.obj</file>
         <name>DSP2834x_Sci.obj</name>
      </input_file>
      <input_file id="fl-8">
         <path>.\</path>
         <kind>object</kind>
         <file>DSP2834x_Spi.obj</file>
         <name>DSP2834x_Spi.obj</name>
      </input_file>
      <input_file id="fl-9">
         <path>.\</path>
         <kind>object</kind>
         <file>DSP2834x_SysCtrl.obj</file>
         <name>DSP2834x_SysCtrl.obj</name>
      </input_file>
      <input_file id="fl-a">
         <path>.\</path>
         <kind>object</kind>
         <file>DSP2834x_usDelay.obj</file>
         <name>DSP2834x_usDelay.obj</name>
      </input_file>
      <input_file id="fl-b">
         <path>.\</path>
         <kind>object</kind>
         <file>function.obj</file>
         <name>function.obj</name>
      </input_file>
      <input_file id="fl-c">
         <path>.\</path>
         <kind>object</kind>
         <file>main.obj</file>
         <name>main.obj</name>
      </input_file>
      <input_file id="fl-10">
         <path>E:\IMU\IMU3\Release\configPkg\package\cfg\</path>
         <kind>object</kind>
         <file>clock_p28FP.o28FP</file>
         <name>clock_p28FP.o28FP</name>
      </input_file>
      <input_file id="fl-1b">
         <path>E:\IMU\IMU3\src\sysbios\</path>
         <kind>archive</kind>
         <file>sysbios.a28FP</file>
         <name>BIOS.obj</name>
      </input_file>
      <input_file id="fl-1c">
         <path>E:\IMU\IMU3\src\sysbios\</path>
         <kind>archive</kind>
         <file>sysbios.a28FP</file>
         <name>c28_Hwi_asm.obj</name>
      </input_file>
      <input_file id="fl-1d">
         <path>E:\IMU\IMU3\src\sysbios\</path>
         <kind>archive</kind>
         <file>sysbios.a28FP</file>
         <name>c28_Hwi_disp_asm.obj</name>
      </input_file>
      <input_file id="fl-1e">
         <path>E:\IMU\IMU3\src\sysbios\</path>
         <kind>archive</kind>
         <file>sysbios.a28FP</file>
         <name>c28_IntrinsicsSupport_asm.obj</name>
      </input_file>
      <input_file id="fl-1f">
         <path>E:\IMU\IMU3\src\sysbios\</path>
         <kind>archive</kind>
         <file>sysbios.a28FP</file>
         <name>c28_TaskSupport_asm.obj</name>
      </input_file>
      <input_file id="fl-20">
         <path>C:\ti\bios_6_46_05_55\packages\ti\catalog\c2800\init\lib\</path>
         <kind>archive</kind>
         <file>Boot.a28FP</file>
         <name>Boot.o28FP</name>
      </input_file>
      <input_file id="fl-21">
         <path>C:\ti\bios_6_46_05_55\packages\ti\targets\rts2800\lib\</path>
         <kind>archive</kind>
         <file>ti.targets.rts2800.a28FP</file>
         <name>Assert.o28FP</name>
      </input_file>
      <input_file id="fl-22">
         <path>C:\ti\bios_6_46_05_55\packages\ti\targets\rts2800\lib\</path>
         <kind>archive</kind>
         <file>ti.targets.rts2800.a28FP</file>
         <name>Core-mem.o28FP</name>
      </input_file>
      <input_file id="fl-23">
         <path>C:\ti\bios_6_46_05_55\packages\ti\targets\rts2800\lib\</path>
         <kind>archive</kind>
         <file>ti.targets.rts2800.a28FP</file>
         <name>Core-smem.o28FP</name>
      </input_file>
      <input_file id="fl-24">
         <path>C:\ti\bios_6_46_05_55\packages\ti\targets\rts2800\lib\</path>
         <kind>archive</kind>
         <file>ti.targets.rts2800.a28FP</file>
         <name>Core-label.o28FP</name>
      </input_file>
      <input_file id="fl-25">
         <path>C:\ti\bios_6_46_05_55\packages\ti\targets\rts2800\lib\</path>
         <kind>archive</kind>
         <file>ti.targets.rts2800.a28FP</file>
         <name>Core-params.o28FP</name>
      </input_file>
      <input_file id="fl-26">
         <path>C:\ti\bios_6_46_05_55\packages\ti\targets\rts2800\lib\</path>
         <kind>archive</kind>
         <file>ti.targets.rts2800.a28FP</file>
         <name>Error.o28FP</name>
      </input_file>
      <input_file id="fl-27">
         <path>C:\ti\bios_6_46_05_55\packages\ti\targets\rts2800\lib\</path>
         <kind>archive</kind>
         <file>ti.targets.rts2800.a28FP</file>
         <name>Gate.o28FP</name>
      </input_file>
      <input_file id="fl-28">
         <path>C:\ti\bios_6_46_05_55\packages\ti\targets\rts2800\lib\</path>
         <kind>archive</kind>
         <file>ti.targets.rts2800.a28FP</file>
         <name>LoggerBuf.o28FP</name>
      </input_file>
      <input_file id="fl-29">
         <path>C:\ti\bios_6_46_05_55\packages\ti\targets\rts2800\lib\</path>
         <kind>archive</kind>
         <file>ti.targets.rts2800.a28FP</file>
         <name>Memory.o28FP</name>
      </input_file>
      <input_file id="fl-2a">
         <path>C:\ti\bios_6_46_05_55\packages\ti\targets\rts2800\lib\</path>
         <kind>archive</kind>
         <file>ti.targets.rts2800.a28FP</file>
         <name>Startup.o28FP</name>
      </input_file>
      <input_file id="fl-2b">
         <path>C:\ti\bios_6_46_05_55\packages\ti\targets\rts2800\lib\</path>
         <kind>archive</kind>
         <file>ti.targets.rts2800.a28FP</file>
         <name>System.o28FP</name>
      </input_file>
      <input_file id="fl-2c">
         <path>C:\ti\bios_6_46_05_55\packages\ti\targets\rts2800\lib\</path>
         <kind>archive</kind>
         <file>ti.targets.rts2800.a28FP</file>
         <name>SysMin.o28FP</name>
      </input_file>
      <input_file id="fl-2d">
         <path>C:\ti\bios_6_46_05_55\packages\ti\targets\rts2800\lib\</path>
         <kind>archive</kind>
         <file>ti.targets.rts2800.a28FP</file>
         <name>Text.o28FP</name>
      </input_file>
      <input_file id="fl-2e">
         <path>C:\ti\bios_6_46_05_55\packages\ti\targets\rts2800\lib\</path>
         <kind>archive</kind>
         <file>ti.targets.rts2800.a28FP</file>
         <name>xdc_noinit.o28FP</name>
      </input_file>
      <input_file id="fl-2f">
         <path>C:\ti\bios_6_46_05_55\packages\ti\targets\rts2800\lib\</path>
         <kind>archive</kind>
         <file>ti.targets.rts2800.a28FP</file>
         <name>Log.o28FP</name>
      </input_file>
      <input_file id="fl-30">
         <path>C:\ti\bios_6_46_05_55\packages\ti\targets\rts2800\lib\</path>
         <kind>archive</kind>
         <file>ti.targets.rts2800.a28FP</file>
         <name>Registry.o28FP</name>
      </input_file>
      <input_file id="fl-31">
         <path>C:\ti\bios_6_46_05_55\packages\ti\targets\rts2800\lib\</path>
         <kind>archive</kind>
         <file>boot.a28FP</file>
         <name>boot_cg.o28FP</name>
      </input_file>
      <input_file id="fl-37">
         <path>C:\ti\ccsv6\tools\compiler\ti-cgt-c2000_6.4.6\lib\</path>
         <kind>archive</kind>
         <file>rts2800_fpu32.lib</file>
         <name>_lock.obj</name>
      </input_file>
      <input_file id="fl-38">
         <path>C:\ti\ccsv6\tools\compiler\ti-cgt-c2000_6.4.6\lib\</path>
         <kind>archive</kind>
         <file>rts2800_fpu32.lib</file>
         <name>args_main.obj</name>
      </input_file>
      <input_file id="fl-39">
         <path>C:\ti\ccsv6\tools\compiler\ti-cgt-c2000_6.4.6\lib\</path>
         <kind>archive</kind>
         <file>rts2800_fpu32.lib</file>
         <name>asin.obj</name>
      </input_file>
      <input_file id="fl-3a">
         <path>C:\ti\ccsv6\tools\compiler\ti-cgt-c2000_6.4.6\lib\</path>
         <kind>archive</kind>
         <file>rts2800_fpu32.lib</file>
         <name>atan.obj</name>
      </input_file>
      <input_file id="fl-3b">
         <path>C:\ti\ccsv6\tools\compiler\ti-cgt-c2000_6.4.6\lib\</path>
         <kind>archive</kind>
         <file>rts2800_fpu32.lib</file>
         <name>atan2.obj</name>
      </input_file>
      <input_file id="fl-3c">
         <path>C:\ti\ccsv6\tools\compiler\ti-cgt-c2000_6.4.6\lib\</path>
         <kind>archive</kind>
         <file>rts2800_fpu32.lib</file>
         <name>cos.obj</name>
      </input_file>
      <input_file id="fl-3d">
         <path>C:\ti\ccsv6\tools\compiler\ti-cgt-c2000_6.4.6\lib\</path>
         <kind>archive</kind>
         <file>rts2800_fpu32.lib</file>
         <name>cpy_tbl.obj</name>
      </input_file>
      <input_file id="fl-3e">
         <path>C:\ti\ccsv6\tools\compiler\ti-cgt-c2000_6.4.6\lib\</path>
         <kind>archive</kind>
         <file>rts2800_fpu32.lib</file>
         <name>cpy_utils.obj</name>
      </input_file>
      <input_file id="fl-3f">
         <path>C:\ti\ccsv6\tools\compiler\ti-cgt-c2000_6.4.6\lib\</path>
         <kind>archive</kind>
         <file>rts2800_fpu32.lib</file>
         <name>errno.obj</name>
      </input_file>
      <input_file id="fl-40">
         <path>C:\ti\ccsv6\tools\compiler\ti-cgt-c2000_6.4.6\lib\</path>
         <kind>archive</kind>
         <file>rts2800_fpu32.lib</file>
         <name>exit.obj</name>
      </input_file>
      <input_file id="fl-41">
         <path>C:\ti\ccsv6\tools\compiler\ti-cgt-c2000_6.4.6\lib\</path>
         <kind>archive</kind>
         <file>rts2800_fpu32.lib</file>
         <name>frexp.obj</name>
      </input_file>
      <input_file id="fl-42">
         <path>C:\ti\ccsv6\tools\compiler\ti-cgt-c2000_6.4.6\lib\</path>
         <kind>archive</kind>
         <file>rts2800_fpu32.lib</file>
         <name>fs_div.obj</name>
      </input_file>
      <input_file id="fl-43">
         <path>C:\ti\ccsv6\tools\compiler\ti-cgt-c2000_6.4.6\lib\</path>
         <kind>archive</kind>
         <file>rts2800_fpu32.lib</file>
         <name>ll_div.obj</name>
      </input_file>
      <input_file id="fl-44">
         <path>C:\ti\ccsv6\tools\compiler\ti-cgt-c2000_6.4.6\lib\</path>
         <kind>archive</kind>
         <file>rts2800_fpu32.lib</file>
         <name>memcpy.obj</name>
      </input_file>
      <input_file id="fl-45">
         <path>C:\ti\ccsv6\tools\compiler\ti-cgt-c2000_6.4.6\lib\</path>
         <kind>archive</kind>
         <file>rts2800_fpu32.lib</file>
         <name>memset.obj</name>
      </input_file>
      <input_file id="fl-46">
         <path>C:\ti\ccsv6\tools\compiler\ti-cgt-c2000_6.4.6\lib\</path>
         <kind>archive</kind>
         <file>rts2800_fpu32.lib</file>
         <name>modf.obj</name>
      </input_file>
      <input_file id="fl-47">
         <path>C:\ti\ccsv6\tools\compiler\ti-cgt-c2000_6.4.6\lib\</path>
         <kind>archive</kind>
         <file>rts2800_fpu32.lib</file>
         <name>pow.obj</name>
      </input_file>
      <input_file id="fl-48">
         <path>C:\ti\ccsv6\tools\compiler\ti-cgt-c2000_6.4.6\lib\</path>
         <kind>archive</kind>
         <file>rts2800_fpu32.lib</file>
         <name>printf.obj</name>
      </input_file>
      <input_file id="fl-49">
         <path>C:\ti\ccsv6\tools\compiler\ti-cgt-c2000_6.4.6\lib\</path>
         <kind>archive</kind>
         <file>rts2800_fpu32.lib</file>
         <name>sin.obj</name>
      </input_file>
      <input_file id="fl-4a">
         <path>C:\ti\ccsv6\tools\compiler\ti-cgt-c2000_6.4.6\lib\</path>
         <kind>archive</kind>
         <file>rts2800_fpu32.lib</file>
         <name>sqrt.obj</name>
      </input_file>
      <input_file id="fl-4b">
         <path>C:\ti\ccsv6\tools\compiler\ti-cgt-c2000_6.4.6\lib\</path>
         <kind>archive</kind>
         <file>rts2800_fpu32.lib</file>
         <name>strcmp.obj</name>
      </input_file>
      <input_file id="fl-4c">
         <path>C:\ti\ccsv6\tools\compiler\ti-cgt-c2000_6.4.6\lib\</path>
         <kind>archive</kind>
         <file>rts2800_fpu32.lib</file>
         <name>strlen.obj</name>
      </input_file>
      <input_file id="fl-4d">
         <path>C:\ti\ccsv6\tools\compiler\ti-cgt-c2000_6.4.6\lib\</path>
         <kind>archive</kind>
         <file>rts2800_fpu32.lib</file>
         <name>strtod.obj</name>
      </input_file>
      <input_file id="fl-4e">
         <path>C:\ti\ccsv6\tools\compiler\ti-cgt-c2000_6.4.6\lib\</path>
         <kind>archive</kind>
         <file>rts2800_fpu32.lib</file>
         <name>tan.obj</name>
      </input_file>
      <input_file id="fl-4f">
         <path>C:\ti\ccsv6\tools\compiler\ti-cgt-c2000_6.4.6\lib\</path>
         <kind>archive</kind>
         <file>rts2800_fpu32.lib</file>
         <name>trgdrv.obj</name>
      </input_file>
      <input_file id="fl-50">
         <path>C:\ti\ccsv6\tools\compiler\ti-cgt-c2000_6.4.6\lib\</path>
         <kind>archive</kind>
         <file>rts2800_fpu32.lib</file>
         <name>_log.obj</name>
      </input_file>
      <input_file id="fl-51">
         <path>C:\ti\ccsv6\tools\compiler\ti-cgt-c2000_6.4.6\lib\</path>
         <kind>archive</kind>
         <file>rts2800_fpu32.lib</file>
         <name>_printfi.obj</name>
      </input_file>
      <input_file id="fl-52">
         <path>C:\ti\ccsv6\tools\compiler\ti-cgt-c2000_6.4.6\lib\</path>
         <kind>archive</kind>
         <file>rts2800_fpu32.lib</file>
         <name>ankmsg.obj</name>
      </input_file>
      <input_file id="fl-53">
         <path>C:\ti\ccsv6\tools\compiler\ti-cgt-c2000_6.4.6\lib\</path>
         <kind>archive</kind>
         <file>rts2800_fpu32.lib</file>
         <name>atoi.obj</name>
      </input_file>
      <input_file id="fl-54">
         <path>C:\ti\ccsv6\tools\compiler\ti-cgt-c2000_6.4.6\lib\</path>
         <kind>archive</kind>
         <file>rts2800_fpu32.lib</file>
         <name>ctype.obj</name>
      </input_file>
      <input_file id="fl-55">
         <path>C:\ti\ccsv6\tools\compiler\ti-cgt-c2000_6.4.6\lib\</path>
         <kind>archive</kind>
         <file>rts2800_fpu32.lib</file>
         <name>defs.obj</name>
      </input_file>
      <input_file id="fl-56">
         <path>C:\ti\ccsv6\tools\compiler\ti-cgt-c2000_6.4.6\lib\</path>
         <kind>archive</kind>
         <file>rts2800_fpu32.lib</file>
         <name>exp.obj</name>
      </input_file>
      <input_file id="fl-57">
         <path>C:\ti\ccsv6\tools\compiler\ti-cgt-c2000_6.4.6\lib\</path>
         <kind>archive</kind>
         <file>rts2800_fpu32.lib</file>
         <name>fd_cmp.obj</name>
      </input_file>
      <input_file id="fl-58">
         <path>C:\ti\ccsv6\tools\compiler\ti-cgt-c2000_6.4.6\lib\</path>
         <kind>archive</kind>
         <file>rts2800_fpu32.lib</file>
         <name>fd_div.obj</name>
      </input_file>
      <input_file id="fl-59">
         <path>C:\ti\ccsv6\tools\compiler\ti-cgt-c2000_6.4.6\lib\</path>
         <kind>archive</kind>
         <file>rts2800_fpu32.lib</file>
         <name>fd_mpy.obj</name>
      </input_file>
      <input_file id="fl-5a">
         <path>C:\ti\ccsv6\tools\compiler\ti-cgt-c2000_6.4.6\lib\</path>
         <kind>archive</kind>
         <file>rts2800_fpu32.lib</file>
         <name>fd_neg.obj</name>
      </input_file>
      <input_file id="fl-5b">
         <path>C:\ti\ccsv6\tools\compiler\ti-cgt-c2000_6.4.6\lib\</path>
         <kind>archive</kind>
         <file>rts2800_fpu32.lib</file>
         <name>fd_sub.obj</name>
      </input_file>
      <input_file id="fl-5c">
         <path>C:\ti\ccsv6\tools\compiler\ti-cgt-c2000_6.4.6\lib\</path>
         <kind>archive</kind>
         <file>rts2800_fpu32.lib</file>
         <name>fd_tofs.obj</name>
      </input_file>
      <input_file id="fl-5d">
         <path>C:\ti\ccsv6\tools\compiler\ti-cgt-c2000_6.4.6\lib\</path>
         <kind>archive</kind>
         <file>rts2800_fpu32.lib</file>
         <name>fd_toi.obj</name>
      </input_file>
      <input_file id="fl-5e">
         <path>C:\ti\ccsv6\tools\compiler\ti-cgt-c2000_6.4.6\lib\</path>
         <kind>archive</kind>
         <file>rts2800_fpu32.lib</file>
         <name>fd_tol.obj</name>
      </input_file>
      <input_file id="fl-5f">
         <path>C:\ti\ccsv6\tools\compiler\ti-cgt-c2000_6.4.6\lib\</path>
         <kind>archive</kind>
         <file>rts2800_fpu32.lib</file>
         <name>fputc.obj</name>
      </input_file>
      <input_file id="fl-60">
         <path>C:\ti\ccsv6\tools\compiler\ti-cgt-c2000_6.4.6\lib\</path>
         <kind>archive</kind>
         <file>rts2800_fpu32.lib</file>
         <name>fputs.obj</name>
      </input_file>
      <input_file id="fl-61">
         <path>C:\ti\ccsv6\tools\compiler\ti-cgt-c2000_6.4.6\lib\</path>
         <kind>archive</kind>
         <file>rts2800_fpu32.lib</file>
         <name>fs_tofd.obj</name>
      </input_file>
      <input_file id="fl-62">
         <path>C:\ti\ccsv6\tools\compiler\ti-cgt-c2000_6.4.6\lib\</path>
         <kind>archive</kind>
         <file>rts2800_fpu32.lib</file>
         <name>i_div.obj</name>
      </input_file>
      <input_file id="fl-63">
         <path>C:\ti\ccsv6\tools\compiler\ti-cgt-c2000_6.4.6\lib\</path>
         <kind>archive</kind>
         <file>rts2800_fpu32.lib</file>
         <name>i_tofd.obj</name>
      </input_file>
      <input_file id="fl-64">
         <path>C:\ti\ccsv6\tools\compiler\ti-cgt-c2000_6.4.6\lib\</path>
         <kind>archive</kind>
         <file>rts2800_fpu32.lib</file>
         <name>l_tofd.obj</name>
      </input_file>
      <input_file id="fl-65">
         <path>C:\ti\ccsv6\tools\compiler\ti-cgt-c2000_6.4.6\lib\</path>
         <kind>archive</kind>
         <file>rts2800_fpu32.lib</file>
         <name>ldexp.obj</name>
      </input_file>
      <input_file id="fl-66">
         <path>C:\ti\ccsv6\tools\compiler\ti-cgt-c2000_6.4.6\lib\</path>
         <kind>archive</kind>
         <file>rts2800_fpu32.lib</file>
         <name>ll_aox.obj</name>
      </input_file>
      <input_file id="fl-67">
         <path>C:\ti\ccsv6\tools\compiler\ti-cgt-c2000_6.4.6\lib\</path>
         <kind>archive</kind>
         <file>rts2800_fpu32.lib</file>
         <name>ll_cmp.obj</name>
      </input_file>
      <input_file id="fl-68">
         <path>C:\ti\ccsv6\tools\compiler\ti-cgt-c2000_6.4.6\lib\</path>
         <kind>archive</kind>
         <file>rts2800_fpu32.lib</file>
         <name>lowlev.obj</name>
      </input_file>
      <input_file id="fl-69">
         <path>C:\ti\ccsv6\tools\compiler\ti-cgt-c2000_6.4.6\lib\</path>
         <kind>archive</kind>
         <file>rts2800_fpu32.lib</file>
         <name>ltoa.obj</name>
      </input_file>
      <input_file id="fl-6a">
         <path>C:\ti\ccsv6\tools\compiler\ti-cgt-c2000_6.4.6\lib\</path>
         <kind>archive</kind>
         <file>rts2800_fpu32.lib</file>
         <name>memccpy.obj</name>
      </input_file>
      <input_file id="fl-6b">
         <path>C:\ti\ccsv6\tools\compiler\ti-cgt-c2000_6.4.6\lib\</path>
         <kind>archive</kind>
         <file>rts2800_fpu32.lib</file>
         <name>memchr.obj</name>
      </input_file>
      <input_file id="fl-6c">
         <path>C:\ti\ccsv6\tools\compiler\ti-cgt-c2000_6.4.6\lib\</path>
         <kind>archive</kind>
         <file>rts2800_fpu32.lib</file>
         <name>strchr.obj</name>
      </input_file>
      <input_file id="fl-6d">
         <path>C:\ti\ccsv6\tools\compiler\ti-cgt-c2000_6.4.6\lib\</path>
         <kind>archive</kind>
         <file>rts2800_fpu32.lib</file>
         <name>strcpy.obj</name>
      </input_file>
      <input_file id="fl-6e">
         <path>C:\ti\ccsv6\tools\compiler\ti-cgt-c2000_6.4.6\lib\</path>
         <kind>archive</kind>
         <file>rts2800_fpu32.lib</file>
         <name>strncpy.obj</name>
      </input_file>
      <input_file id="fl-6f">
         <path>C:\ti\ccsv6\tools\compiler\ti-cgt-c2000_6.4.6\lib\</path>
         <kind>archive</kind>
         <file>rts2800_fpu32.lib</file>
         <name>_io_perm.obj</name>
      </input_file>
      <input_file id="fl-70">
         <path>C:\ti\ccsv6\tools\compiler\ti-cgt-c2000_6.4.6\lib\</path>
         <kind>archive</kind>
         <file>rts2800_fpu32.lib</file>
         <name>fd_add.obj</name>
      </input_file>
      <input_file id="fl-71">
         <path>C:\ti\ccsv6\tools\compiler\ti-cgt-c2000_6.4.6\lib\</path>
         <kind>archive</kind>
         <file>rts2800_fpu32.lib</file>
         <name>fflush.obj</name>
      </input_file>
      <input_file id="fl-72">
         <path>C:\ti\ccsv6\tools\compiler\ti-cgt-c2000_6.4.6\lib\</path>
         <kind>archive</kind>
         <file>rts2800_fpu32.lib</file>
         <name>fseek.obj</name>
      </input_file>
      <input_file id="fl-73">
         <path>C:\ti\ccsv6\tools\compiler\ti-cgt-c2000_6.4.6\lib\</path>
         <kind>archive</kind>
         <file>rts2800_fpu32.lib</file>
         <name>l_div.obj</name>
      </input_file>
      <input_file id="fl-74">
         <path>C:\ti\ccsv6\tools\compiler\ti-cgt-c2000_6.4.6\lib\</path>
         <kind>archive</kind>
         <file>rts2800_fpu32.lib</file>
         <name>setvbuf.obj</name>
      </input_file>
      <input_file id="fl-75">
         <path>C:\ti\ccsv6\tools\compiler\ti-cgt-c2000_6.4.6\lib\</path>
         <kind>archive</kind>
         <file>rts2800_fpu32.lib</file>
         <name>fopen.obj</name>
      </input_file>
      <input_file id="fl-76">
         <path>C:\ti\ccsv6\tools\compiler\ti-cgt-c2000_6.4.6\lib\</path>
         <kind>archive</kind>
         <file>rts2800_fpu32.lib</file>
         <name>fclose.obj</name>
      </input_file>
      <input_file id="fl-77">
         <path>C:\ti\ccsv6\tools\compiler\ti-cgt-c2000_6.4.6\lib\</path>
         <kind>archive</kind>
         <file>rts2800_fpu32.lib</file>
         <name>remove.obj</name>
      </input_file>
   </input_file_list>
   <object_component_list>
      <object_component id="oc-db">
         <name>PieVectTableFile</name>
         <uninitialized>true</uninitialized>
         <run_address>0xd00</run_address>
         <size>0x100</size>
         <input_file_ref idref="fl-4"/>
      </object_component>
      <object_component id="oc-d7">
         <name>DevEmuRegsFile</name>
         <uninitialized>true</uninitialized>
         <run_address>0x880</run_address>
         <size>0xd0</size>
         <input_file_ref idref="fl-4"/>
      </object_component>
      <object_component id="oc-b2">
         <name>CsmRegsFile</name>
         <uninitialized>true</uninitialized>
         <run_address>0xae0</run_address>
         <size>0x10</size>
         <input_file_ref idref="fl-4"/>
      </object_component>
      <object_component id="oc-b6">
         <name>XintfRegsFile</name>
         <uninitialized>true</uninitialized>
         <run_address>0xb20</run_address>
         <size>0x1e</size>
         <input_file_ref idref="fl-4"/>
      </object_component>
      <object_component id="oc-ab">
         <name>CpuTimer0RegsFile</name>
         <uninitialized>true</uninitialized>
         <run_address>0xc00</run_address>
         <size>0x8</size>
         <input_file_ref idref="fl-4"/>
      </object_component>
      <object_component id="oc-ac">
         <name>CpuTimer1RegsFile</name>
         <uninitialized>true</uninitialized>
         <run_address>0xc08</run_address>
         <size>0x8</size>
         <input_file_ref idref="fl-4"/>
      </object_component>
      <object_component id="oc-a9">
         <name>CpuTimer2RegsFile</name>
         <uninitialized>true</uninitialized>
         <run_address>0xc10</run_address>
         <size>0x8</size>
         <input_file_ref idref="fl-4"/>
      </object_component>
      <object_component id="oc-b5">
         <name>PieCtrlRegsFile</name>
         <uninitialized>true</uninitialized>
         <run_address>0xce0</run_address>
         <size>0x1a</size>
         <input_file_ref idref="fl-4"/>
      </object_component>
      <object_component id="oc-d8">
         <name>DmaRegsFile</name>
         <uninitialized>true</uninitialized>
         <run_address>0x1000</run_address>
         <size>0xe0</size>
         <input_file_ref idref="fl-4"/>
      </object_component>
      <object_component id="oc-ca">
         <name>McbspaRegsFile</name>
         <uninitialized>true</uninitialized>
         <run_address>0x5000</run_address>
         <size>0x25</size>
         <input_file_ref idref="fl-4"/>
      </object_component>
      <object_component id="oc-c9">
         <name>McbspbRegsFile</name>
         <uninitialized>true</uninitialized>
         <run_address>0x5040</run_address>
         <size>0x25</size>
         <input_file_ref idref="fl-4"/>
      </object_component>
      <object_component id="oc-cd">
         <name>ECanaRegsFile</name>
         <uninitialized>true</uninitialized>
         <run_address>0x6000</run_address>
         <size>0x34</size>
         <input_file_ref idref="fl-4"/>
      </object_component>
      <object_component id="oc-ce">
         <name>ECanaLAMRegsFile</name>
         <uninitialized>true</uninitialized>
         <run_address>0x6040</run_address>
         <size>0x40</size>
         <input_file_ref idref="fl-4"/>
      </object_component>
      <object_component id="oc-da">
         <name>ECanaMboxesFile</name>
         <uninitialized>true</uninitialized>
         <run_address>0x6100</run_address>
         <size>0x100</size>
         <input_file_ref idref="fl-4"/>
      </object_component>
      <object_component id="oc-d4">
         <name>ECanaMOTSRegsFile</name>
         <uninitialized>true</uninitialized>
         <run_address>0x6080</run_address>
         <size>0x40</size>
         <input_file_ref idref="fl-4"/>
      </object_component>
      <object_component id="oc-cf">
         <name>ECanaMOTORegsFile</name>
         <uninitialized>true</uninitialized>
         <run_address>0x60c0</run_address>
         <size>0x40</size>
         <input_file_ref idref="fl-4"/>
      </object_component>
      <object_component id="oc-cc">
         <name>ECanbRegsFile</name>
         <uninitialized>true</uninitialized>
         <run_address>0x6200</run_address>
         <size>0x34</size>
         <input_file_ref idref="fl-4"/>
      </object_component>
      <object_component id="oc-d5">
         <name>ECanbLAMRegsFile</name>
         <uninitialized>true</uninitialized>
         <run_address>0x6240</run_address>
         <size>0x40</size>
         <input_file_ref idref="fl-4"/>
      </object_component>
      <object_component id="oc-d9">
         <name>ECanbMboxesFile</name>
         <uninitialized>true</uninitialized>
         <run_address>0x6300</run_address>
         <size>0x100</size>
         <input_file_ref idref="fl-4"/>
      </object_component>
      <object_component id="oc-d1">
         <name>ECanbMOTSRegsFile</name>
         <uninitialized>true</uninitialized>
         <run_address>0x6280</run_address>
         <size>0x40</size>
         <input_file_ref idref="fl-4"/>
      </object_component>
      <object_component id="oc-d0">
         <name>ECanbMOTORegsFile</name>
         <uninitialized>true</uninitialized>
         <run_address>0x62c0</run_address>
         <size>0x40</size>
         <input_file_ref idref="fl-4"/>
      </object_component>
      <object_component id="oc-c0">
         <name>EPwm9RegsFile</name>
         <uninitialized>true</uninitialized>
         <run_address>0x6600</run_address>
         <size>0x22</size>
         <input_file_ref idref="fl-4"/>
      </object_component>
      <object_component id="oc-c3">
         <name>EPwm1RegsFile</name>
         <uninitialized>true</uninitialized>
         <run_address>0x6800</run_address>
         <size>0x22</size>
         <input_file_ref idref="fl-4"/>
      </object_component>
      <object_component id="oc-c4">
         <name>EPwm2RegsFile</name>
         <uninitialized>true</uninitialized>
         <run_address>0x6840</run_address>
         <size>0x22</size>
         <input_file_ref idref="fl-4"/>
      </object_component>
      <object_component id="oc-c1">
         <name>EPwm3RegsFile</name>
         <uninitialized>true</uninitialized>
         <run_address>0x6880</run_address>
         <size>0x22</size>
         <input_file_ref idref="fl-4"/>
      </object_component>
      <object_component id="oc-c2">
         <name>EPwm4RegsFile</name>
         <uninitialized>true</uninitialized>
         <run_address>0x68c0</run_address>
         <size>0x22</size>
         <input_file_ref idref="fl-4"/>
      </object_component>
      <object_component id="oc-c7">
         <name>EPwm5RegsFile</name>
         <uninitialized>true</uninitialized>
         <run_address>0x6900</run_address>
         <size>0x22</size>
         <input_file_ref idref="fl-4"/>
      </object_component>
      <object_component id="oc-c8">
         <name>EPwm6RegsFile</name>
         <uninitialized>true</uninitialized>
         <run_address>0x6940</run_address>
         <size>0x22</size>
         <input_file_ref idref="fl-4"/>
      </object_component>
      <object_component id="oc-c5">
         <name>EPwm7RegsFile</name>
         <uninitialized>true</uninitialized>
         <run_address>0x6980</run_address>
         <size>0x22</size>
         <input_file_ref idref="fl-4"/>
      </object_component>
      <object_component id="oc-bf">
         <name>EPwm8RegsFile</name>
         <uninitialized>true</uninitialized>
         <run_address>0x69c0</run_address>
         <size>0x22</size>
         <input_file_ref idref="fl-4"/>
      </object_component>
      <object_component id="oc-ba">
         <name>ECap1RegsFile</name>
         <uninitialized>true</uninitialized>
         <run_address>0x6a00</run_address>
         <size>0x20</size>
         <input_file_ref idref="fl-4"/>
      </object_component>
      <object_component id="oc-bd">
         <name>ECap2RegsFile</name>
         <uninitialized>true</uninitialized>
         <run_address>0x6a20</run_address>
         <size>0x20</size>
         <input_file_ref idref="fl-4"/>
      </object_component>
      <object_component id="oc-b9">
         <name>ECap3RegsFile</name>
         <uninitialized>true</uninitialized>
         <run_address>0x6a40</run_address>
         <size>0x20</size>
         <input_file_ref idref="fl-4"/>
      </object_component>
      <object_component id="oc-b8">
         <name>ECap4RegsFile</name>
         <uninitialized>true</uninitialized>
         <run_address>0x6a60</run_address>
         <size>0x20</size>
         <input_file_ref idref="fl-4"/>
      </object_component>
      <object_component id="oc-b7">
         <name>ECap5RegsFile</name>
         <uninitialized>true</uninitialized>
         <run_address>0x6a80</run_address>
         <size>0x20</size>
         <input_file_ref idref="fl-4"/>
      </object_component>
      <object_component id="oc-be">
         <name>ECap6RegsFile</name>
         <uninitialized>true</uninitialized>
         <run_address>0x6aa0</run_address>
         <size>0x20</size>
         <input_file_ref idref="fl-4"/>
      </object_component>
      <object_component id="oc-d6">
         <name>EQep1RegsFile</name>
         <uninitialized>true</uninitialized>
         <run_address>0x6b00</run_address>
         <size>0x40</size>
         <input_file_ref idref="fl-4"/>
      </object_component>
      <object_component id="oc-d2">
         <name>EQep2RegsFile</name>
         <uninitialized>true</uninitialized>
         <run_address>0x6b40</run_address>
         <size>0x40</size>
         <input_file_ref idref="fl-4"/>
      </object_component>
      <object_component id="oc-d3">
         <name>EQep3RegsFile</name>
         <uninitialized>true</uninitialized>
         <run_address>0x6b80</run_address>
         <size>0x40</size>
         <input_file_ref idref="fl-4"/>
      </object_component>
      <object_component id="oc-cb">
         <name>GpioCtrlRegsFile</name>
         <uninitialized>true</uninitialized>
         <run_address>0x6f80</run_address>
         <size>0x2e</size>
         <input_file_ref idref="fl-4"/>
      </object_component>
      <object_component id="oc-bb">
         <name>GpioDataRegsFile</name>
         <uninitialized>true</uninitialized>
         <run_address>0x6fc0</run_address>
         <size>0x20</size>
         <input_file_ref idref="fl-4"/>
      </object_component>
      <object_component id="oc-ad">
         <name>GpioIntRegsFile</name>
         <uninitialized>true</uninitialized>
         <run_address>0x6fe0</run_address>
         <size>0xa</size>
         <input_file_ref idref="fl-4"/>
      </object_component>
      <object_component id="oc-bc">
         <name>SysCtrlRegsFile</name>
         <uninitialized>true</uninitialized>
         <run_address>0x7010</run_address>
         <size>0x20</size>
         <input_file_ref idref="fl-4"/>
      </object_component>
      <object_component id="oc-af">
         <name>SpiaRegsFile</name>
         <uninitialized>true</uninitialized>
         <run_address>0x7040</run_address>
         <size>0x10</size>
         <input_file_ref idref="fl-4"/>
      </object_component>
      <object_component id="oc-b0">
         <name>SciaRegsFile</name>
         <uninitialized>true</uninitialized>
         <run_address>0x7050</run_address>
         <size>0x10</size>
         <input_file_ref idref="fl-4"/>
      </object_component>
      <object_component id="oc-b4">
         <name>XIntruptRegsFile</name>
         <uninitialized>true</uninitialized>
         <run_address>0x7070</run_address>
         <size>0x10</size>
         <input_file_ref idref="fl-4"/>
      </object_component>
      <object_component id="oc-b1">
         <name>ScibRegsFile</name>
         <uninitialized>true</uninitialized>
         <run_address>0x7750</run_address>
         <size>0x10</size>
         <input_file_ref idref="fl-4"/>
      </object_component>
      <object_component id="oc-ae">
         <name>ScicRegsFile</name>
         <uninitialized>true</uninitialized>
         <run_address>0x7770</run_address>
         <size>0x10</size>
         <input_file_ref idref="fl-4"/>
      </object_component>
      <object_component id="oc-b3">
         <name>SpidRegsFile</name>
         <uninitialized>true</uninitialized>
         <run_address>0x7780</run_address>
         <size>0x10</size>
         <input_file_ref idref="fl-4"/>
      </object_component>
      <object_component id="oc-c6">
         <name>I2caRegsFile</name>
         <uninitialized>true</uninitialized>
         <run_address>0x7900</run_address>
         <size>0x22</size>
         <input_file_ref idref="fl-4"/>
      </object_component>
      <object_component id="oc-aa">
         <name>CsmPwlFile</name>
         <uninitialized>true</uninitialized>
         <run_address>0x3f7ff8</run_address>
         <size>0x8</size>
         <input_file_ref idref="fl-4"/>
      </object_component>
      <object_component id="oc-10b">
         <name>.cinit</name>
         <load_address>0x30aa2a</load_address>
         <run_address>0x30aa2a</run_address>
         <size>0x37f</size>
         <input_file_ref idref="fl-10"/>
      </object_component>
      <object_component id="oc-103">
         <name>.cinit</name>
         <load_address>0x30ada9</load_address>
         <run_address>0x30ada9</run_address>
         <size>0x56</size>
         <input_file_ref idref="fl-c"/>
      </object_component>
      <object_component id="oc-270">
         <name>.cinit</name>
         <load_address>0x30adff</load_address>
         <run_address>0x30adff</run_address>
         <size>0x31</size>
         <input_file_ref idref="fl-68"/>
      </object_component>
      <object_component id="oc-211">
         <name>.cinit</name>
         <load_address>0x30ae30</load_address>
         <run_address>0x30ae30</run_address>
         <size>0x2a</size>
         <input_file_ref idref="fl-55"/>
      </object_component>
      <object_component id="oc-1a5">
         <name>.cinit</name>
         <load_address>0x30ae5a</load_address>
         <run_address>0x30ae5a</run_address>
         <size>0xa</size>
         <input_file_ref idref="fl-40"/>
      </object_component>
      <object_component id="oc-31f">
         <name>.cinit:__lock</name>
         <load_address>0x30ae64</load_address>
         <run_address>0x30ae64</run_address>
         <size>0x5</size>
         <input_file_ref idref="fl-37"/>
      </object_component>
      <object_component id="oc-322">
         <name>.cinit:__unlock</name>
         <load_address>0x30ae69</load_address>
         <run_address>0x30ae69</run_address>
         <size>0x5</size>
         <input_file_ref idref="fl-37"/>
      </object_component>
      <object_component id="oc-1a1">
         <name>.cinit</name>
         <load_address>0x30ae6e</load_address>
         <run_address>0x30ae6e</run_address>
         <size>0x4</size>
         <input_file_ref idref="fl-3f"/>
      </object_component>
      <object_component id="oc-2b3">
         <name>.cinit</name>
         <load_address>0x30ae72</load_address>
         <run_address>0x30ae72</run_address>
         <size>0x4</size>
         <input_file_ref idref="fl-75"/>
      </object_component>
      <object_component id="oc-389">
         <name>.text</name>
         <load_address>0x300000</load_address>
         <run_address>0x300000</run_address>
         <size>0xbfd</size>
         <input_file_ref idref="fl-51"/>
      </object_component>
      <object_component id="oc-331">
         <name>.text:_align_process</name>
         <load_address>0x300bfd</load_address>
         <run_address>0x300bfd</run_address>
         <size>0x410</size>
         <input_file_ref idref="fl-c"/>
      </object_component>
      <object_component id="oc-3a5">
         <name>.text:_GenINSFmatrix15</name>
         <load_address>0x30100d</load_address>
         <run_address>0x30100d</run_address>
         <size>0x406</size>
         <input_file_ref idref="fl-b"/>
      </object_component>
      <object_component id="oc-4ea">
         <name>.text:_xdc_runtime_System_doPrint__I</name>
         <load_address>0x301413</load_address>
         <run_address>0x301413</run_address>
         <size>0x25f</size>
         <input_file_ref idref="fl-2b"/>
      </object_component>
      <object_component id="oc-415">
         <name>.text</name>
         <load_address>0x301672</load_address>
         <run_address>0x301672</run_address>
         <size>0x226</size>
         <input_file_ref idref="fl-68"/>
      </object_component>
      <object_component id="oc-2d8">
         <name>.text</name>
         <load_address>0x301898</load_address>
         <run_address>0x301898</run_address>
         <size>0x206</size>
         <input_file_ref idref="fl-4f"/>
      </object_component>
      <object_component id="oc-368">
         <name>.text:_ti_sysbios_knl_Semaphore_pend__E</name>
         <load_address>0x301a9e</load_address>
         <run_address>0x301a9e</run_address>
         <size>0x1e1</size>
         <input_file_ref idref="fl-1b"/>
      </object_component>
      <object_component id="oc-3a6">
         <name>.text:_InsKf15_predict</name>
         <load_address>0x301c7f</load_address>
         <run_address>0x301c7f</run_address>
         <size>0x1d8</size>
         <input_file_ref idref="fl-b"/>
      </object_component>
      <object_component id="oc-2fe">
         <name>.text:_ti_sysbios_BIOS_linkedWithIncorrectBootLibrary__E</name>
         <load_address>0x301e57</load_address>
         <run_address>0x301e57</run_address>
         <size>0x1</size>
         <input_file_ref idref="fl-1b"/>
      </object_component>
      <object_component id="oc-330">
         <name>.text:_pre_process</name>
         <load_address>0x301e58</load_address>
         <run_address>0x301e58</run_address>
         <size>0x1cb</size>
         <input_file_ref idref="fl-c"/>
      </object_component>
      <object_component id="oc-3ac">
         <name>.text:_InsKf15_updateHgt</name>
         <load_address>0x302023</load_address>
         <run_address>0x302023</run_address>
         <size>0x1bd</size>
         <input_file_ref idref="fl-b"/>
      </object_component>
      <object_component id="oc-3a8">
         <name>.text:_InsKf15_updatePV</name>
         <load_address>0x3021e0</load_address>
         <run_address>0x3021e0</run_address>
         <size>0x1bd</size>
         <input_file_ref idref="fl-b"/>
      </object_component>
      <object_component id="oc-3aa">
         <name>.text:_InsKf15_updatelatlon</name>
         <load_address>0x30239d</load_address>
         <run_address>0x30239d</run_address>
         <size>0x1bd</size>
         <input_file_ref idref="fl-b"/>
      </object_component>
      <object_component id="oc-341">
         <name>.text:_ti_sysbios_heaps_HeapMem_freeUnprotected__E</name>
         <load_address>0x30255a</load_address>
         <run_address>0x30255a</run_address>
         <size>0x1aa</size>
         <input_file_ref idref="fl-1b"/>
      </object_component>
      <object_component id="oc-447">
         <name>.text:_inv_mat</name>
         <load_address>0x302704</load_address>
         <run_address>0x302704</run_address>
         <size>0x19e</size>
         <input_file_ref idref="fl-b"/>
      </object_component>
      <object_component id="oc-33d">
         <name>.text:_ti_sysbios_heaps_HeapMem_allocUnprotected__E</name>
         <load_address>0x3028a2</load_address>
         <run_address>0x3028a2</run_address>
         <size>0x177</size>
         <input_file_ref idref="fl-1b"/>
      </object_component>
      <object_component id="oc-3a9">
         <name>.text:_Correction</name>
         <load_address>0x302a19</load_address>
         <run_address>0x302a19</run_address>
         <size>0x14b</size>
         <input_file_ref idref="fl-b"/>
      </object_component>
      <object_component id="oc-386">
         <name>.text</name>
         <load_address>0x302b64</load_address>
         <run_address>0x302b64</run_address>
         <size>0x122</size>
         <input_file_ref idref="fl-4d"/>
      </object_component>
      <object_component id="oc-1b5">
         <name>.text</name>
         <load_address>0x302c86</load_address>
         <run_address>0x302c86</run_address>
         <size>0x107</size>
         <input_file_ref idref="fl-43"/>
      </object_component>
      <object_component id="oc-4b1">
         <name>.text</name>
         <load_address>0x302d8d</load_address>
         <run_address>0x302d8d</run_address>
         <size>0x103</size>
         <input_file_ref idref="fl-75"/>
      </object_component>
      <object_component id="oc-344">
         <name>.text:_ti_sysbios_heaps_HeapMem_Instance_init__E</name>
         <load_address>0x302e90</load_address>
         <run_address>0x302e90</run_address>
         <size>0xf3</size>
         <input_file_ref idref="fl-1b"/>
      </object_component>
      <object_component id="oc-32a">
         <name>.text:_init_data_02</name>
         <load_address>0x302f83</load_address>
         <run_address>0x302f83</run_address>
         <size>0xf1</size>
         <input_file_ref idref="fl-c"/>
      </object_component>
      <object_component id="oc-3d1">
         <name>.text:_ti_sysbios_family_c28_Hwi_clearInterrupt__E</name>
         <load_address>0x303074</load_address>
         <run_address>0x303074</run_address>
         <size>0xe8</size>
         <input_file_ref idref="fl-1b"/>
      </object_component>
      <object_component id="oc-38e">
         <name>.text:_eulr2dcm</name>
         <load_address>0x30315c</load_address>
         <run_address>0x30315c</run_address>
         <size>0xe2</size>
         <input_file_ref idref="fl-b"/>
      </object_component>
      <object_component id="oc-2f7">
         <name>.text:_xdc_runtime_LoggerBuf_write8__E</name>
         <load_address>0x30323e</load_address>
         <run_address>0x30323e</run_address>
         <size>0xdf</size>
         <input_file_ref idref="fl-28"/>
      </object_component>
      <object_component id="oc-396">
         <name>.text:_QuatUpdate</name>
         <load_address>0x30331d</load_address>
         <run_address>0x30331d</run_address>
         <size>0xd7</size>
         <input_file_ref idref="fl-b"/>
      </object_component>
      <object_component id="oc-337">
         <name>.text:_xdc_runtime_Core_createObject__I</name>
         <load_address>0x3033f4</load_address>
         <run_address>0x3033f4</run_address>
         <size>0xd7</size>
         <input_file_ref idref="fl-22"/>
      </object_component>
      <object_component id="oc-38a">
         <name>.text</name>
         <load_address>0x3034cb</load_address>
         <run_address>0x3034cb</run_address>
         <size>0xc9</size>
         <input_file_ref idref="fl-3b"/>
      </object_component>
      <object_component id="oc-4ff">
         <name>.text:_ti_sysbios_family_c28_Hwi_dispatchCore__I</name>
         <load_address>0x303594</load_address>
         <run_address>0x303594</run_address>
         <size>0xc1</size>
         <input_file_ref idref="fl-1b"/>
      </object_component>
      <object_component id="oc-4fc">
         <name>.text:_xdc_runtime_System_printfExtend__I</name>
         <load_address>0x303655</load_address>
         <run_address>0x303655</run_address>
         <size>0xc0</size>
         <input_file_ref idref="fl-10"/>
      </object_component>
      <object_component id="oc-369">
         <name>.text:_ti_sysbios_knl_Semaphore_post__E</name>
         <load_address>0x303715</load_address>
         <run_address>0x303715</run_address>
         <size>0xba</size>
         <input_file_ref idref="fl-1b"/>
      </object_component>
      <object_component id="oc-2d0">
         <name>.text:_ti_sysbios_knl_Clock_workFunc__E</name>
         <load_address>0x3037cf</load_address>
         <run_address>0x3037cf</run_address>
         <size>0xb7</size>
         <input_file_ref idref="fl-1b"/>
      </object_component>
      <object_component id="oc-397">
         <name>.text:_qua2dcm</name>
         <load_address>0x303886</load_address>
         <run_address>0x303886</run_address>
         <size>0xb4</size>
         <input_file_ref idref="fl-b"/>
      </object_component>
      <object_component id="oc-388">
         <name>.text</name>
         <load_address>0x30393a</load_address>
         <run_address>0x30393a</run_address>
         <size>0xb2</size>
         <input_file_ref idref="fl-60"/>
      </object_component>
      <object_component id="oc-487">
         <name>.text:_ti_sysbios_knl_Swi_run__I</name>
         <load_address>0x3039ec</load_address>
         <run_address>0x3039ec</run_address>
         <size>0xaf</size>
         <input_file_ref idref="fl-1b"/>
      </object_component>
      <object_component id="oc-32d">
         <name>.text:_read_data</name>
         <load_address>0x303a9b</load_address>
         <run_address>0x303a9b</run_address>
         <size>0xac</size>
         <input_file_ref idref="fl-c"/>
      </object_component>
      <object_component id="oc-378">
         <name>.text:_xdc_runtime_Error_policyDefault__E</name>
         <load_address>0x303b47</load_address>
         <run_address>0x303b47</run_address>
         <size>0xa5</size>
         <input_file_ref idref="fl-26"/>
      </object_component>
      <object_component id="oc-484">
         <name>.text:_xdc_runtime_Core_constructObject__I</name>
         <load_address>0x303bec</load_address>
         <run_address>0x303bec</run_address>
         <size>0xa2</size>
         <input_file_ref idref="fl-23"/>
      </object_component>
      <object_component id="oc-299">
         <name>.text</name>
         <load_address>0x303c8e</load_address>
         <run_address>0x303c8e</run_address>
         <size>0x9c</size>
         <input_file_ref idref="fl-70"/>
      </object_component>
      <object_component id="oc-4d7">
         <name>.text:_ti_sysbios_family_c28_Hwi_dispatch</name>
         <load_address>0x303d2a</load_address>
         <run_address>0x303d2a</run_address>
         <size>0x9b</size>
         <input_file_ref idref="fl-1d"/>
      </object_component>
      <object_component id="oc-3d2">
         <name>.text:_ti_sysbios_family_c28_Hwi_enableInterrupt__E</name>
         <load_address>0x303dc5</load_address>
         <run_address>0x303dc5</run_address>
         <size>0x96</size>
         <input_file_ref idref="fl-1b"/>
      </object_component>
      <object_component id="oc-2f6">
         <name>.text:_xdc_runtime_LoggerBuf_write4__E</name>
         <load_address>0x303e5b</load_address>
         <run_address>0x303e5b</run_address>
         <size>0x95</size>
         <input_file_ref idref="fl-28"/>
      </object_component>
      <object_component id="oc-2de">
         <name>.text:_main</name>
         <load_address>0x303ef0</load_address>
         <run_address>0x303ef0</run_address>
         <size>0x94</size>
         <input_file_ref idref="fl-c"/>
      </object_component>
      <object_component id="oc-320">
         <name>.text</name>
         <load_address>0x303f84</load_address>
         <run_address>0x303f84</run_address>
         <size>0x94</size>
         <input_file_ref idref="fl-52"/>
      </object_component>
      <object_component id="oc-21e">
         <name>.text</name>
         <load_address>0x304018</load_address>
         <run_address>0x304018</run_address>
         <size>0x8b</size>
         <input_file_ref idref="fl-58"/>
      </object_component>
      <object_component id="oc-360">
         <name>.text:_ti_sysbios_BIOS_nullFunc__I</name>
         <load_address>0x3040a3</load_address>
         <run_address>0x3040a3</run_address>
         <size>0x1</size>
         <input_file_ref idref="fl-10"/>
      </object_component>
      <object_component id="oc-395">
         <name>.text:_NavRotation</name>
         <load_address>0x3040a4</load_address>
         <run_address>0x3040a4</run_address>
         <size>0x8a</size>
         <input_file_ref idref="fl-b"/>
      </object_component>
      <object_component id="oc-490">
         <name>.text</name>
         <load_address>0x30412e</load_address>
         <run_address>0x30412e</run_address>
         <size>0x8a</size>
         <input_file_ref idref="fl-74"/>
      </object_component>
      <object_component id="oc-4ec">
         <name>.text:_ti_sysbios_family_c28_Hwi_disableInterrupt__E</name>
         <load_address>0x3041b8</load_address>
         <run_address>0x3041b8</run_address>
         <size>0x88</size>
         <input_file_ref idref="fl-1b"/>
      </object_component>
      <object_component id="oc-1b0">
         <name>.text</name>
         <load_address>0x304240</load_address>
         <run_address>0x304240</run_address>
         <size>0x88</size>
         <input_file_ref idref="fl-42"/>
      </object_component>
      <object_component id="oc-423">
         <name>.text:_delRadicurv</name>
         <load_address>0x3042c8</load_address>
         <run_address>0x3042c8</run_address>
         <size>0x87</size>
         <input_file_ref idref="fl-b"/>
      </object_component>
      <object_component id="oc-393">
         <name>.text:_eulr2qua</name>
         <load_address>0x30434f</load_address>
         <run_address>0x30434f</run_address>
         <size>0x86</size>
         <input_file_ref idref="fl-b"/>
      </object_component>
      <object_component id="oc-223">
         <name>.text</name>
         <load_address>0x3043d5</load_address>
         <run_address>0x3043d5</run_address>
         <size>0x83</size>
         <input_file_ref idref="fl-59"/>
      </object_component>
      <object_component id="oc-475">
         <name>.text:_ti_sysbios_family_c28_Hwi_disablePIEIER__E</name>
         <load_address>0x304458</load_address>
         <run_address>0x304458</run_address>
         <size>0x81</size>
         <input_file_ref idref="fl-1b"/>
      </object_component>
      <object_component id="oc-39a">
         <name>.text:_gravity_wgs84</name>
         <load_address>0x3044d9</load_address>
         <run_address>0x3044d9</run_address>
         <size>0x80</size>
         <input_file_ref idref="fl-b"/>
      </object_component>
      <object_component id="oc-474">
         <name>.text:_ti_sysbios_family_c28_Hwi_enablePIEIER__E</name>
         <load_address>0x304559</load_address>
         <run_address>0x304559</run_address>
         <size>0x80</size>
         <input_file_ref idref="fl-1b"/>
      </object_component>
      <object_component id="oc-37d">
         <name>.text:_xdc_runtime_Startup_startMods__I</name>
         <load_address>0x3045d9</load_address>
         <run_address>0x3045d9</run_address>
         <size>0x7d</size>
         <input_file_ref idref="fl-2a"/>
      </object_component>
      <object_component id="oc-422">
         <name>.text</name>
         <load_address>0x304656</load_address>
         <run_address>0x304656</run_address>
         <size>0x7c</size>
         <input_file_ref idref="fl-39"/>
      </object_component>
      <object_component id="oc-4b8">
         <name>.text:_xdc_runtime_Text_putSite__E</name>
         <load_address>0x3046d2</load_address>
         <run_address>0x3046d2</run_address>
         <size>0x7b</size>
         <input_file_ref idref="fl-2d"/>
      </object_component>
      <object_component id="oc-3d6">
         <name>.text:_ti_sysbios_knl_Task_checkStacks__E</name>
         <load_address>0x30474d</load_address>
         <run_address>0x30474d</run_address>
         <size>0x77</size>
         <input_file_ref idref="fl-1b"/>
      </object_component>
      <object_component id="oc-414">
         <name>.text</name>
         <load_address>0x3047c4</load_address>
         <run_address>0x3047c4</run_address>
         <size>0x76</size>
         <input_file_ref idref="fl-71"/>
      </object_component>
      <object_component id="oc-314">
         <name>.text:_ti_sysbios_gates_GateMutex_enter__E</name>
         <load_address>0x30483a</load_address>
         <run_address>0x30483a</run_address>
         <size>0x72</size>
         <input_file_ref idref="fl-1b"/>
      </object_component>
      <object_component id="oc-421">
         <name>.text</name>
         <load_address>0x3048ac</load_address>
         <run_address>0x3048ac</run_address>
         <size>0x72</size>
         <input_file_ref idref="fl-3a"/>
      </object_component>
      <object_component id="oc-35f">
         <name>.text:_ti_sysbios_knl_Task_startCore__E</name>
         <load_address>0x30491e</load_address>
         <run_address>0x30491e</run_address>
         <size>0x71</size>
         <input_file_ref idref="fl-1b"/>
      </object_component>
      <object_component id="oc-32c">
         <name>.text:_init_data_04</name>
         <load_address>0x30498f</load_address>
         <run_address>0x30498f</run_address>
         <size>0x70</size>
         <input_file_ref idref="fl-c"/>
      </object_component>
      <object_component id="oc-478">
         <name>.text:_ti_sysbios_knl_Task_schedule__I</name>
         <load_address>0x3049ff</load_address>
         <run_address>0x3049ff</run_address>
         <size>0x6f</size>
         <input_file_ref idref="fl-1b"/>
      </object_component>
      <object_component id="oc-485">
         <name>.text:_ti_sysbios_knl_Semaphore_Instance_init__E</name>
         <load_address>0x304a6e</load_address>
         <run_address>0x304a6e</run_address>
         <size>0x6c</size>
         <input_file_ref idref="fl-1b"/>
      </object_component>
      <object_component id="oc-40f">
         <name>.text</name>
         <load_address>0x304ada</load_address>
         <run_address>0x304ada</run_address>
         <size>0x68</size>
         <input_file_ref idref="fl-56"/>
      </object_component>
      <object_component id="oc-413">
         <name>.text</name>
         <load_address>0x304b42</load_address>
         <run_address>0x304b42</run_address>
         <size>0x67</size>
         <input_file_ref idref="fl-6f"/>
      </object_component>
      <object_component id="oc-4d8">
         <name>.text:_ti_sysbios_family_c28_Timer_stopAndClear__I</name>
         <load_address>0x304ba9</load_address>
         <run_address>0x304ba9</run_address>
         <size>0x66</size>
         <input_file_ref idref="fl-1b"/>
      </object_component>
      <object_component id="oc-47">
         <name>.text</name>
         <load_address>0x304c0f</load_address>
         <run_address>0x304c0f</run_address>
         <size>0x63</size>
         <input_file_ref idref="fl-31"/>
      </object_component>
      <object_component id="oc-424">
         <name>.text</name>
         <load_address>0x304c72</load_address>
         <run_address>0x304c72</run_address>
         <size>0x62</size>
         <input_file_ref idref="fl-4e"/>
      </object_component>
      <object_component id="oc-3a4">
         <name>.text</name>
         <load_address>0x304cd4</load_address>
         <run_address>0x304cd4</run_address>
         <size>0x61</size>
         <input_file_ref idref="fl-3c"/>
      </object_component>
      <object_component id="oc-31b">
         <name>.text:_ti_sysbios_knl_Swi_post__E</name>
         <load_address>0x304d35</load_address>
         <run_address>0x304d35</run_address>
         <size>0x60</size>
         <input_file_ref idref="fl-1b"/>
      </object_component>
      <object_component id="oc-3f2">
         <name>.text:_ti_sysbios_knl_Task_blockI__E</name>
         <load_address>0x304d95</load_address>
         <run_address>0x304d95</run_address>
         <size>0x60</size>
         <input_file_ref idref="fl-1b"/>
      </object_component>
      <object_component id="oc-4d0">
         <name>.text</name>
         <load_address>0x304df5</load_address>
         <run_address>0x304df5</run_address>
         <size>0x5f</size>
         <input_file_ref idref="fl-76"/>
      </object_component>
      <object_component id="oc-385">
         <name>.text</name>
         <load_address>0x304e54</load_address>
         <run_address>0x304e54</run_address>
         <size>0x5b</size>
         <input_file_ref idref="fl-47"/>
      </object_component>
      <object_component id="oc-41e">
         <name>.text</name>
         <load_address>0x304eaf</load_address>
         <run_address>0x304eaf</run_address>
         <size>0x58</size>
         <input_file_ref idref="fl-49"/>
      </object_component>
      <object_component id="oc-4dc">
         <name>.text:_ti_sysbios_knl_Task_exit__E</name>
         <load_address>0x304f07</load_address>
         <run_address>0x304f07</run_address>
         <size>0x57</size>
         <input_file_ref idref="fl-1b"/>
      </object_component>
      <object_component id="oc-387">
         <name>.text</name>
         <load_address>0x304f5e</load_address>
         <run_address>0x304f5e</run_address>
         <size>0x54</size>
         <input_file_ref idref="fl-5f"/>
      </object_component>
      <object_component id="oc-41f">
         <name>.text:_MatMult</name>
         <load_address>0x304fb2</load_address>
         <run_address>0x304fb2</run_address>
         <size>0x51</size>
         <input_file_ref idref="fl-b"/>
      </object_component>
      <object_component id="oc-32b">
         <name>.text:_init_data_03</name>
         <load_address>0x305003</load_address>
         <run_address>0x305003</run_address>
         <size>0x51</size>
         <input_file_ref idref="fl-c"/>
      </object_component>
      <object_component id="oc-3f5">
         <name>.text:_ti_sysbios_knl_Task_unblockI__E</name>
         <load_address>0x305054</load_address>
         <run_address>0x305054</run_address>
         <size>0x51</size>
         <input_file_ref idref="fl-1b"/>
      </object_component>
      <object_component id="oc-339">
         <name>.text:_xdc_runtime_Core_deleteObject__I</name>
         <load_address>0x3050a5</load_address>
         <run_address>0x3050a5</run_address>
         <size>0x51</size>
         <input_file_ref idref="fl-22"/>
      </object_component>
      <object_component id="oc-40e">
         <name>.text</name>
         <load_address>0x3050f6</load_address>
         <run_address>0x3050f6</run_address>
         <size>0x50</size>
         <input_file_ref idref="fl-50"/>
      </object_component>
      <object_component id="oc-3a3">
         <name>.text:_Radicurv</name>
         <load_address>0x305146</load_address>
         <run_address>0x305146</run_address>
         <size>0x4e</size>
         <input_file_ref idref="fl-b"/>
      </object_component>
      <object_component id="oc-3cb">
         <name>.text:_xdc_runtime_Memory_alloc__E</name>
         <load_address>0x305194</load_address>
         <run_address>0x305194</run_address>
         <size>0x4e</size>
         <input_file_ref idref="fl-29"/>
      </object_component>
      <object_component id="oc-329">
         <name>.text:_init_data_01</name>
         <load_address>0x3051e2</load_address>
         <run_address>0x3051e2</run_address>
         <size>0x4c</size>
         <input_file_ref idref="fl-c"/>
      </object_component>
      <object_component id="oc-4cd">
         <name>.text:_ti_sysbios_knl_Task_postInit__I</name>
         <load_address>0x30522e</load_address>
         <run_address>0x30522e</run_address>
         <size>0x4c</size>
         <input_file_ref idref="fl-1b"/>
      </object_component>
      <object_component id="oc-502">
         <name>.text:_xdc_runtime_Text_putLab__E</name>
         <load_address>0x30527a</load_address>
         <run_address>0x30527a</run_address>
         <size>0x4c</size>
         <input_file_ref idref="fl-2d"/>
      </object_component>
      <object_component id="oc-2e9">
         <name>.text:_ti_sysbios_heaps_HeapMem_alloc__E</name>
         <load_address>0x3052c6</load_address>
         <run_address>0x3052c6</run_address>
         <size>0x4b</size>
         <input_file_ref idref="fl-1b"/>
      </object_component>
      <object_component id="oc-4a9">
         <name>.text:_ti_sysbios_family_c28_Hwi_Module_startup__E</name>
         <load_address>0x305311</load_address>
         <run_address>0x305311</run_address>
         <size>0x48</size>
         <input_file_ref idref="fl-1b"/>
      </object_component>
      <object_component id="oc-3c9">
         <name>.text:_ti_sysbios_family_c28_TimestampProvider_get64__E</name>
         <load_address>0x305359</load_address>
         <run_address>0x305359</run_address>
         <size>0x48</size>
         <input_file_ref idref="fl-1b"/>
      </object_component>
      <object_component id="oc-2c4">
         <name>.text</name>
         <load_address>0x3053a1</load_address>
         <run_address>0x3053a1</run_address>
         <size>0x47</size>
         <input_file_ref idref="fl-3d"/>
      </object_component>
      <object_component id="oc-4c5">
         <name>.text:_ti_sysbios_family_c28_Timer_postInit__I</name>
         <load_address>0x3053e8</load_address>
         <run_address>0x3053e8</run_address>
         <size>0x43</size>
         <input_file_ref idref="fl-1b"/>
      </object_component>
      <object_component id="oc-3fd">
         <name>.text:_xdc_runtime_Error_setX__E</name>
         <load_address>0x30542b</load_address>
         <run_address>0x30542b</run_address>
         <size>0x43</size>
         <input_file_ref idref="fl-26"/>
      </object_component>
      <object_component id="oc-3b8">
         <name>.text:_xdc_runtime_Core_assignParams__I</name>
         <load_address>0x30546e</load_address>
         <run_address>0x30546e</run_address>
         <size>0x42</size>
         <input_file_ref idref="fl-25"/>
      </object_component>
      <object_component id="oc-115">
         <name>.text:_ti_sysbios_family_c28_Hwi_unPluggedInterrupt__I</name>
         <load_address>0x3054b0</load_address>
         <run_address>0x3054b0</run_address>
         <size>0x41</size>
         <input_file_ref idref="fl-1b"/>
      </object_component>
      <object_component id="oc-509">
         <name>.text:_ti_sysbios_knl_Swi_restoreHwi__E</name>
         <load_address>0x3054f1</load_address>
         <run_address>0x3054f1</run_address>
         <size>0x40</size>
         <input_file_ref idref="fl-1b"/>
      </object_component>
      <object_component id="oc-2fa">
         <name>.text:_xdc_runtime_LoggerBuf_Object__create__S</name>
         <load_address>0x305531</load_address>
         <run_address>0x305531</run_address>
         <size>0x40</size>
         <input_file_ref idref="fl-10"/>
      </object_component>
      <object_component id="oc-4f3">
         <name>.text:_xdc_runtime_System_formatNum__I</name>
         <load_address>0x305571</load_address>
         <run_address>0x305571</run_address>
         <size>0x40</size>
         <input_file_ref idref="fl-2b"/>
      </object_component>
      <object_component id="oc-2f8">
         <name>.text:_xdc_runtime_LoggerBuf_setFilterLevel__E</name>
         <load_address>0x3055b1</load_address>
         <run_address>0x3055b1</run_address>
         <size>0x3f</size>
         <input_file_ref idref="fl-28"/>
      </object_component>
      <object_component id="oc-48f">
         <name>.text</name>
         <load_address>0x3055f0</load_address>
         <run_address>0x3055f0</run_address>
         <size>0x3d</size>
         <input_file_ref idref="fl-72"/>
      </object_component>
      <object_component id="oc-2f9">
         <name>.text:_xdc_runtime_LoggerBuf_getFilterLevel__E</name>
         <load_address>0x30562d</load_address>
         <run_address>0x30562d</run_address>
         <size>0x3c</size>
         <input_file_ref idref="fl-28"/>
      </object_component>
      <object_component id="oc-426">
         <name>.text:_MatSubstitute</name>
         <load_address>0x305669</load_address>
         <run_address>0x305669</run_address>
         <size>0x3b</size>
         <input_file_ref idref="fl-b"/>
      </object_component>
      <object_component id="oc-4ef">
         <name>.text:_ti_sysbios_family_c28_TaskSupport_start__E</name>
         <load_address>0x3056a4</load_address>
         <run_address>0x3056a4</run_address>
         <size>0x3b</size>
         <input_file_ref idref="fl-1b"/>
      </object_component>
      <object_component id="oc-4d3">
         <name>.text:_xdc_runtime_Text_putMod__E</name>
         <load_address>0x3056df</load_address>
         <run_address>0x3056df</run_address>
         <size>0x3a</size>
         <input_file_ref idref="fl-2d"/>
      </object_component>
      <object_component id="oc-4fb">
         <name>.text:_xdc_runtime_Text_visitRope2__I</name>
         <load_address>0x305719</load_address>
         <run_address>0x305719</run_address>
         <size>0x39</size>
         <input_file_ref idref="fl-2d"/>
      </object_component>
      <object_component id="oc-398">
         <name>.text:_dcm2eulr</name>
         <load_address>0x305752</load_address>
         <run_address>0x305752</run_address>
         <size>0x36</size>
         <input_file_ref idref="fl-b"/>
      </object_component>
      <object_component id="oc-4a8">
         <name>.text:_ti_sysbios_family_c28_TimestampProvider_Module_startup__E</name>
         <load_address>0x305788</load_address>
         <run_address>0x305788</run_address>
         <size>0x36</size>
         <input_file_ref idref="fl-1b"/>
      </object_component>
      <object_component id="oc-319">
         <name>.text:_ti_sysbios_knl_Clock_logTick__E</name>
         <load_address>0x3057be</load_address>
         <run_address>0x3057be</run_address>
         <size>0x36</size>
         <input_file_ref idref="fl-1b"/>
      </object_component>
      <object_component id="oc-4a2">
         <name>.text:_xdc_runtime_Error_print__E</name>
         <load_address>0x3057f4</load_address>
         <run_address>0x3057f4</run_address>
         <size>0x36</size>
         <input_file_ref idref="fl-26"/>
      </object_component>
      <object_component id="oc-2c5">
         <name>.text:_xdc_runtime_Startup_exec__E</name>
         <load_address>0x30582a</load_address>
         <run_address>0x30582a</run_address>
         <size>0x35</size>
         <input_file_ref idref="fl-2a"/>
      </object_component>
      <object_component id="oc-41b">
         <name>.text</name>
         <load_address>0x30585f</load_address>
         <run_address>0x30585f</run_address>
         <size>0x34</size>
         <input_file_ref idref="fl-65"/>
      </object_component>
      <object_component id="oc-32f">
         <name>.text</name>
         <load_address>0x305893</load_address>
         <run_address>0x305893</run_address>
         <size>0x34</size>
         <input_file_ref idref="fl-48"/>
      </object_component>
      <object_component id="oc-473">
         <name>.text:_ti_sysbios_family_c28_Hwi_interruptReturn__I</name>
         <load_address>0x3058c7</load_address>
         <run_address>0x3058c7</run_address>
         <size>0x1</size>
         <input_file_ref idref="fl-1c"/>
      </object_component>
      <object_component id="oc-394">
         <name>.text:_MatSubtract</name>
         <load_address>0x3058c8</load_address>
         <run_address>0x3058c8</run_address>
         <size>0x33</size>
         <input_file_ref idref="fl-b"/>
      </object_component>
      <object_component id="oc-338">
         <name>.text:_ti_sysbios_gates_GateHwi_Instance_init__E</name>
         <load_address>0x3058fb</load_address>
         <run_address>0x3058fb</run_address>
         <size>0x1</size>
         <input_file_ref idref="fl-1b"/>
      </object_component>
      <object_component id="oc-39f">
         <name>.text:_MatSum</name>
         <load_address>0x3058fc</load_address>
         <run_address>0x3058fc</run_address>
         <size>0x33</size>
         <input_file_ref idref="fl-b"/>
      </object_component>
      <object_component id="oc-4ad">
         <name>.text:_ti_sysbios_knl_Task_Module_startup__E</name>
         <load_address>0x30592f</load_address>
         <run_address>0x30592f</run_address>
         <size>0x33</size>
         <input_file_ref idref="fl-1b"/>
      </object_component>
      <object_component id="oc-366">
         <name>.text:_xdc_runtime_Assert_raise__I</name>
         <load_address>0x305962</load_address>
         <run_address>0x305962</run_address>
         <size>0x32</size>
         <input_file_ref idref="fl-21"/>
      </object_component>
      <object_component id="oc-351">
         <name>.text:_xdc_runtime_LoggerBuf_Instance_init__E</name>
         <load_address>0x305994</load_address>
         <run_address>0x305994</run_address>
         <size>0x32</size>
         <input_file_ref idref="fl-28"/>
      </object_component>
      <object_component id="oc-3a1">
         <name>.text:_CrossProduct</name>
         <load_address>0x3059c6</load_address>
         <run_address>0x3059c6</run_address>
         <size>0x31</size>
         <input_file_ref idref="fl-b"/>
      </object_component>
      <object_component id="oc-381">
         <name>.text:_diag</name>
         <load_address>0x3059f7</load_address>
         <run_address>0x3059f7</run_address>
         <size>0x31</size>
         <input_file_ref idref="fl-b"/>
      </object_component>
      <object_component id="oc-417">
         <name>.text</name>
         <load_address>0x305a28</load_address>
         <run_address>0x305a28</run_address>
         <size>0x31</size>
         <input_file_ref idref="fl-53"/>
      </object_component>
      <object_component id="oc-496">
         <name>.text:_ti_sysbios_family_c28_Hwi_getInterruptFlag__E</name>
         <load_address>0x305a59</load_address>
         <run_address>0x305a59</run_address>
         <size>0x2f</size>
         <input_file_ref idref="fl-1b"/>
      </object_component>
      <object_component id="oc-3fa">
         <name>.text:_ti_sysbios_knl_Swi_runLoop__I</name>
         <load_address>0x305a88</load_address>
         <run_address>0x305a88</run_address>
         <size>0x2f</size>
         <input_file_ref idref="fl-1b"/>
      </object_component>
      <object_component id="oc-376">
         <name>.text:_ti_sysbios_knl_Swi_schedule__I</name>
         <load_address>0x305ab7</load_address>
         <run_address>0x305ab7</run_address>
         <size>0x2f</size>
         <input_file_ref idref="fl-1b"/>
      </object_component>
      <object_component id="oc-2da">
         <name>.text:.bootCodeSection:_ti_catalog_c2800_init_Boot_configurePll2834x</name>
         <load_address>0x305ae6</load_address>
         <run_address>0x305ae6</run_address>
         <size>0x2e</size>
         <input_file_ref idref="fl-20"/>
      </object_component>
      <object_component id="oc-38f">
         <name>.text:_transpose</name>
         <load_address>0x305b14</load_address>
         <run_address>0x305b14</run_address>
         <size>0x2e</size>
         <input_file_ref idref="fl-b"/>
      </object_component>
      <object_component id="oc-418">
         <name>.text</name>
         <load_address>0x305b42</load_address>
         <run_address>0x305b42</run_address>
         <size>0x2e</size>
         <input_file_ref idref="fl-69"/>
      </object_component>
      <object_component id="oc-2ec">
         <name>.text:_ti_sysbios_heaps_HeapMem_getStats__E</name>
         <load_address>0x305b70</load_address>
         <run_address>0x305b70</run_address>
         <size>0x2d</size>
         <input_file_ref idref="fl-1b"/>
      </object_component>
      <object_component id="oc-48c">
         <name>.text:_ti_sysbios_family_c28_Hwi_getStackInfo__E</name>
         <load_address>0x305b9d</load_address>
         <run_address>0x305b9d</run_address>
         <size>0x2c</size>
         <input_file_ref idref="fl-1b"/>
      </object_component>
      <object_component id="oc-35c">
         <name>.text:_ti_sysbios_family_c28_Timer_start__E</name>
         <load_address>0x305bc9</load_address>
         <run_address>0x305bc9</run_address>
         <size>0x2c</size>
         <input_file_ref idref="fl-1b"/>
      </object_component>
      <object_component id="oc-37b">
         <name>.text:_ti_sysbios_heaps_HeapMem_init__I</name>
         <load_address>0x305bf5</load_address>
         <run_address>0x305bf5</run_address>
         <size>0x2c</size>
         <input_file_ref idref="fl-1b"/>
      </object_component>
      <object_component id="oc-44b">
         <name>.text:_MatScalarMult</name>
         <load_address>0x305c22</load_address>
         <run_address>0x305c22</run_address>
         <size>0x2b</size>
         <input_file_ref idref="fl-b"/>
      </object_component>
      <object_component id="oc-467">
         <name>.text:_ti_sysbios_family_c28_Timer_getExpiredCounts64__E</name>
         <load_address>0x305c4d</load_address>
         <run_address>0x305c4d</run_address>
         <size>0x2a</size>
         <input_file_ref idref="fl-1b"/>
      </object_component>
      <object_component id="oc-4d4">
         <name>.text:_xdc_runtime_Text_xprintf__I</name>
         <load_address>0x305c77</load_address>
         <run_address>0x305c77</run_address>
         <size>0x2a</size>
         <input_file_ref idref="fl-2d"/>
      </object_component>
      <object_component id="oc-219">
         <name>.text</name>
         <load_address>0x305ca1</load_address>
         <run_address>0x305ca1</run_address>
         <size>0x2a</size>
         <input_file_ref idref="fl-57"/>
      </object_component>
      <object_component id="oc-2a8">
         <name>.text</name>
         <load_address>0x305ccb</load_address>
         <run_address>0x305ccb</run_address>
         <size>0x2a</size>
         <input_file_ref idref="fl-73"/>
      </object_component>
      <object_component id="oc-42d">
         <name>.text:_GetSkew</name>
         <load_address>0x305cf5</load_address>
         <run_address>0x305cf5</run_address>
         <size>0x29</size>
         <input_file_ref idref="fl-b"/>
      </object_component>
      <object_component id="oc-460">
         <name>.text:_xdc_runtime_SysMin_flush__E</name>
         <load_address>0x305d1e</load_address>
         <run_address>0x305d1e</run_address>
         <size>0x28</size>
         <input_file_ref idref="fl-2c"/>
      </object_component>
      <object_component id="oc-2ea">
         <name>.text:_ti_sysbios_heaps_HeapMem_free__E</name>
         <load_address>0x305d46</load_address>
         <run_address>0x305d46</run_address>
         <size>0x27</size>
         <input_file_ref idref="fl-1b"/>
      </object_component>
      <object_component id="oc-468">
         <name>.text:_ti_sysbios_family_c28_Timer_getExpiredCounts__E</name>
         <load_address>0x305d6d</load_address>
         <run_address>0x305d6d</run_address>
         <size>0x26</size>
         <input_file_ref idref="fl-1b"/>
      </object_component>
      <object_component id="oc-4fa">
         <name>.text:_ti_sysbios_family_c28_TaskSupport_buildTaskStack</name>
         <load_address>0x305d93</load_address>
         <run_address>0x305d93</run_address>
         <size>0x25</size>
         <input_file_ref idref="fl-1f"/>
      </object_component>
      <object_component id="oc-38b">
         <name>.text</name>
         <load_address>0x305db8</load_address>
         <run_address>0x305db8</run_address>
         <size>0x24</size>
         <input_file_ref idref="fl-4a"/>
      </object_component>
      <object_component id="oc-2df">
[...]
         <object_component_ref idref="oc-3bc"/>
      </symbol>
      <symbol id="sm-1061">
         <name>_xdc_runtime_Text_putLab__E</name>
         <value>0x30527a</value>
         <object_component_ref idref="oc-502"/>
      </symbol>
      <symbol id="sm-1062">
         <name>_xdc_runtime_Text_printVisFxn__I</name>
         <value>0x3062fb</value>
         <object_component_ref idref="oc-4e7"/>
      </symbol>
      <symbol id="sm-1063">
         <name>_xdc_runtime_Text_xprintf__I</name>
         <value>0x305c77</value>
         <object_component_ref idref="oc-4d4"/>
      </symbol>
      <symbol id="sm-106e">
         <name>___xdc__init</name>
         <value>0x306bdf</value>
         <object_component_ref idref="oc-2c8"/>
      </symbol>
      <symbol id="sm-1090">
         <name>_xdc_runtime_Registry_findById__E</name>
         <value>0x306581</value>
         <object_component_ref idref="oc-4e5"/>
      </symbol>
      <symbol id="sm-109a">
         <name>__stack</name>
         <value>0x95c8</value>
         <object_component_ref idref="oc-174"/>
      </symbol>
      <symbol id="sm-109b">
         <name>_c_int00</name>
         <value>0x304c0f</value>
         <object_component_ref idref="oc-47"/>
      </symbol>
      <symbol id="sm-10b0">
         <name>__unlock</name>
         <value>0x89d0</value>
         <object_component_ref idref="oc-321"/>
      </symbol>
      <symbol id="sm-10b1">
         <name>__lock</name>
         <value>0x89ce</value>
         <object_component_ref idref="oc-31e"/>
      </symbol>
      <symbol id="sm-10b2">
         <name>__register_lock</name>
         <value>0x306b0d</value>
         <object_component_ref idref="oc-356"/>
      </symbol>
      <symbol id="sm-10b3">
         <name>__nop</name>
         <value>0x306b11</value>
         <object_component_ref idref="oc-356"/>
      </symbol>
      <symbol id="sm-10b4">
         <name>__register_unlock</name>
         <value>0x306b09</value>
         <object_component_ref idref="oc-356"/>
      </symbol>
      <symbol id="sm-10c4">
         <name>__args_main</name>
         <value>0x306269</value>
         <object_component_ref idref="oc-2c6"/>
      </symbol>
      <symbol id="sm-10d9">
         <name>_asin</name>
         <value>0x304656</value>
         <object_component_ref idref="oc-422"/>
      </symbol>
      <symbol id="sm-10ed">
         <name>_atan</name>
         <value>0x3048ac</value>
         <object_component_ref idref="oc-421"/>
      </symbol>
      <symbol id="sm-1107">
         <name>_atan2</name>
         <value>0x3034cb</value>
         <object_component_ref idref="oc-38a"/>
      </symbol>
      <symbol id="sm-1116">
         <name>_cos</name>
         <value>0x304cd4</value>
         <object_component_ref idref="oc-3a4"/>
      </symbol>
      <symbol id="sm-112c">
         <name>_copy_in</name>
         <value>0x3053a1</value>
         <object_component_ref idref="oc-2c4"/>
      </symbol>
      <symbol id="sm-113b">
         <name>_ppcopy</name>
         <value>0x3061b9</value>
         <object_component_ref idref="oc-19b"/>
      </symbol>
      <symbol id="sm-113c">
         <name>_dpcopy</name>
         <value>0x3061b9</value>
         <object_component_ref idref="oc-19b"/>
      </symbol>
      <symbol id="sm-113d">
         <name>_pdcopy</name>
         <value>0x3061b9</value>
         <object_component_ref idref="oc-19b"/>
      </symbol>
      <symbol id="sm-113e">
         <name>_ddcopy</name>
         <value>0x3061b9</value>
         <object_component_ref idref="oc-19b"/>
      </symbol>
      <symbol id="sm-1149">
         <name>_errno</name>
         <value>0x89d2</value>
         <object_component_ref idref="oc-1a2"/>
      </symbol>
      <symbol id="sm-115d">
         <name>C$$EXIT</name>
         <value>0x306282</value>
         <object_component_ref idref="oc-3b0"/>
      </symbol>
      <symbol id="sm-115e">
         <name>_exit</name>
         <value>0x306284</value>
         <object_component_ref idref="oc-3b0"/>
      </symbol>
      <symbol id="sm-115f">
         <name>___TI_cleanup_ptr</name>
         <value>0x89ca</value>
         <object_component_ref idref="oc-1a6"/>
      </symbol>
      <symbol id="sm-1160">
         <name>_abort</name>
         <value>0x306282</value>
         <object_component_ref idref="oc-3b0"/>
      </symbol>
      <symbol id="sm-1161">
         <name>___TI_dtors_ptr</name>
         <value>0x89cc</value>
         <object_component_ref idref="oc-1a6"/>
      </symbol>
      <symbol id="sm-1171">
         <name>_frexp</name>
         <value>0x3063c8</value>
         <object_component_ref idref="oc-41a"/>
      </symbol>
      <symbol id="sm-1182">
         <name>FS$$DIV</name>
         <value>0x304240</value>
         <object_component_ref idref="oc-1b0"/>
      </symbol>
      <symbol id="sm-11ae">
         <name>ULL$$MOD</name>
         <value>0x302d2b</value>
         <object_component_ref idref="oc-1b5"/>
      </symbol>
      <symbol id="sm-11af">
         <name>ULL$$DIV</name>
         <value>0x302cfc</value>
         <object_component_ref idref="oc-1b5"/>
      </symbol>
      <symbol id="sm-11b0">
         <name>LL$$MOD</name>
         <value>0x302cc2</value>
         <object_component_ref idref="oc-1b5"/>
      </symbol>
      <symbol id="sm-11b1">
         <name>LL$$DIV</name>
         <value>0x302c86</value>
         <object_component_ref idref="oc-1b5"/>
      </symbol>
      <symbol id="sm-11c3">
         <name>_memcpy</name>
         <value>0x306016</value>
         <object_component_ref idref="oc-3b2"/>
      </symbol>
      <symbol id="sm-11d2">
         <name>_memset</name>
         <value>0x3066a9</value>
         <object_component_ref idref="oc-3ba"/>
      </symbol>
      <symbol id="sm-11e2">
         <name>_modf</name>
         <value>0x306119</value>
         <object_component_ref idref="oc-32e"/>
      </symbol>
      <symbol id="sm-11f6">
         <name>_pow</name>
         <value>0x304e54</value>
         <object_component_ref idref="oc-385"/>
      </symbol>
      <symbol id="sm-1207">
         <name>_printf</name>
         <value>0x305899</value>
         <object_component_ref idref="oc-32f"/>
      </symbol>
      <symbol id="sm-1215">
         <name>_sin</name>
         <value>0x304eaf</value>
         <object_component_ref idref="oc-41e"/>
      </symbol>
      <symbol id="sm-1226">
         <name>_sqrt</name>
         <value>0x305db8</value>
         <object_component_ref idref="oc-38b"/>
      </symbol>
      <symbol id="sm-1235">
         <name>_strcmp</name>
         <value>0x306ab7</value>
         <object_component_ref idref="oc-491"/>
      </symbol>
      <symbol id="sm-1243">
         <name>_strlen</name>
         <value>0x306b53</value>
         <object_component_ref idref="oc-323"/>
      </symbol>
      <symbol id="sm-1276">
         <name>_strtod</name>
         <value>0x302b64</value>
         <object_component_ref idref="oc-386"/>
      </symbol>
      <symbol id="sm-1286">
         <name>_tan</name>
         <value>0x304c72</value>
         <object_component_ref idref="oc-424"/>
      </symbol>
      <symbol id="sm-129a">
         <name>_HOSTopen</name>
         <value>0x30199e</value>
         <object_component_ref idref="oc-2d8"/>
      </symbol>
      <symbol id="sm-129b">
         <name>_HOSTread</name>
         <value>0x301961</value>
         <object_component_ref idref="oc-2d8"/>
      </symbol>
      <symbol id="sm-129c">
         <name>_HOSTgetenv</name>
         <value>0x301a23</value>
         <object_component_ref idref="oc-2d8"/>
      </symbol>
      <symbol id="sm-129d">
         <name>_HOSTtime</name>
         <value>0x3018f6</value>
         <object_component_ref idref="oc-2d8"/>
      </symbol>
      <symbol id="sm-129e">
         <name>_HOSTrename</name>
         <value>0x301921</value>
         <object_component_ref idref="oc-2d8"/>
      </symbol>
      <symbol id="sm-129f">
         <name>_HOSTclock</name>
         <value>0x301a73</value>
         <object_component_ref idref="oc-2d8"/>
      </symbol>
      <symbol id="sm-12a0">
         <name>_HOSTwrite</name>
         <value>0x301898</value>
         <object_component_ref idref="oc-2d8"/>
      </symbol>
      <symbol id="sm-12a1">
         <name>_HOSTlseek</name>
         <value>0x3019dc</value>
         <object_component_ref idref="oc-2d8"/>
      </symbol>
      <symbol id="sm-12a2">
         <name>_HOSTunlink</name>
         <value>0x3018ce</value>
         <object_component_ref idref="oc-2d8"/>
      </symbol>
      <symbol id="sm-12a3">
         <name>_HOSTclose</name>
         <value>0x301a4b</value>
         <object_component_ref idref="oc-2d8"/>
      </symbol>
      <symbol id="sm-12b2">
         <name>__log</name>
         <value>0x3050f6</value>
         <object_component_ref idref="oc-40e"/>
      </symbol>
      <symbol id="sm-13df">
         <name>___TI_printfi</name>
         <value>0x300af8</value>
         <object_component_ref idref="oc-389"/>
      </symbol>
      <symbol id="sm-13f9">
         <name>___TI_readmsg</name>
         <value>0x303fdc</value>
         <object_component_ref idref="oc-320"/>
      </symbol>
      <symbol id="sm-13fa">
         <name>C$$IO$$</name>
         <value>0x303fd7</value>
         <object_component_ref idref="oc-320"/>
      </symbol>
      <symbol id="sm-13fb">
         <name>__CIOBUF_</name>
         <value>0x40</value>
         <object_component_ref idref="oc-204"/>
      </symbol>
      <symbol id="sm-13fc">
         <name>___TI_writemsg</name>
         <value>0x303f84</value>
         <object_component_ref idref="oc-320"/>
      </symbol>
      <symbol id="sm-1411">
         <name>_atoi</name>
         <value>0x305a28</value>
         <object_component_ref idref="oc-417"/>
      </symbol>
      <symbol id="sm-141a">
         <name>__ctypes_</name>
         <value>0x309d99</value>
         <object_component_ref idref="oc-410"/>
      </symbol>
      <symbol id="sm-1426">
         <name>___TI_ft_end</name>
         <value>0x93c0</value>
         <object_component_ref idref="oc-212"/>
      </symbol>
      <symbol id="sm-1427">
         <name>___TI_tmpnams</name>
         <value>0x9480</value>
         <object_component_ref idref="oc-212"/>
      </symbol>
      <symbol id="sm-1428">
         <name>__ftable</name>
         <value>0x9400</value>
         <object_component_ref idref="oc-212"/>
      </symbol>
      <symbol id="sm-1439">
         <name>_exp</name>
         <value>0x304ada</value>
         <object_component_ref idref="oc-40f"/>
      </symbol>
      <symbol id="sm-1449">
         <name>FD$$CMP</name>
         <value>0x305ca1</value>
         <object_component_ref idref="oc-219"/>
      </symbol>
      <symbol id="sm-1460">
         <name>FD$$DIV</name>
         <value>0x304018</value>
         <object_component_ref idref="oc-21e"/>
      </symbol>
      <symbol id="sm-1472">
         <name>FD$$MPY</name>
         <value>0x3043d5</value>
         <object_component_ref idref="oc-223"/>
      </symbol>
      <symbol id="sm-147f">
         <name>FD$$NEG</name>
         <value>0x306b12</value>
         <object_component_ref idref="oc-228"/>
      </symbol>
      <symbol id="sm-148b">
         <name>FD$$SUB</name>
         <value>0x30659d</value>
         <object_component_ref idref="oc-22d"/>
      </symbol>
      <symbol id="sm-149b">
         <name>FD$$TOFS</name>
         <value>0x305dff</value>
         <object_component_ref idref="oc-232"/>
      </symbol>
      <symbol id="sm-14aa">
         <name>FD$$TOI</name>
         <value>0x305ea7</value>
         <object_component_ref idref="oc-237"/>
      </symbol>
      <symbol id="sm-14b9">
         <name>FD$$TOL</name>
         <value>0x305ee8</value>
         <object_component_ref idref="oc-23c"/>
      </symbol>
      <symbol id="sm-14cd">
         <name>_putchar</name>
         <value>0x304fad</value>
         <object_component_ref idref="oc-387"/>
      </symbol>
      <symbol id="sm-14ce">
         <name>_putc</name>
         <value>0x304f5e</value>
         <object_component_ref idref="oc-387"/>
      </symbol>
      <symbol id="sm-14cf">
         <name>_fputc</name>
         <value>0x304f5e</value>
         <object_component_ref idref="oc-387"/>
      </symbol>
      <symbol id="sm-14ed">
         <name>_puts</name>
         <value>0x3039d9</value>
         <object_component_ref idref="oc-388"/>
      </symbol>
      <symbol id="sm-14ee">
         <name>_fputs</name>
         <value>0x30393a</value>
         <object_component_ref idref="oc-388"/>
      </symbol>
      <symbol id="sm-14fe">
         <name>FS$$TOFD</name>
         <value>0x3060e1</value>
         <object_component_ref idref="oc-24c"/>
      </symbol>
      <symbol id="sm-150c">
         <name>I$$MOD</name>
         <value>0x305e33</value>
         <object_component_ref idref="oc-251"/>
      </symbol>
      <symbol id="sm-150d">
         <name>I$$DIV</name>
         <value>0x305e22</value>
         <object_component_ref idref="oc-251"/>
      </symbol>
      <symbol id="sm-151d">
         <name>I$$TOFD</name>
         <value>0x3060a8</value>
         <object_component_ref idref="oc-256"/>
      </symbol>
      <symbol id="sm-152d">
         <name>L$$TOFD</name>
         <value>0x3060fd</value>
         <object_component_ref idref="oc-25b"/>
      </symbol>
      <symbol id="sm-1540">
         <name>_ldexp</name>
         <value>0x30585f</value>
         <object_component_ref idref="oc-41b"/>
      </symbol>
      <symbol id="sm-154c">
         <name>LL$$AND</name>
         <value>0x306313</value>
         <object_component_ref idref="oc-265"/>
      </symbol>
      <symbol id="sm-154d">
         <name>LL$$OR</name>
         <value>0x30631b</value>
         <object_component_ref idref="oc-265"/>
      </symbol>
      <symbol id="sm-154e">
         <name>LL$$XOR</name>
         <value>0x306323</value>
         <object_component_ref idref="oc-265"/>
      </symbol>
      <symbol id="sm-155c">
         <name>ULL$$CMP</name>
         <value>0x30600a</value>
         <object_component_ref idref="oc-26a"/>
      </symbol>
      <symbol id="sm-155d">
         <name>LL$$CMP</name>
         <value>0x305ff8</value>
         <object_component_ref idref="oc-26a"/>
      </symbol>
      <symbol id="sm-1598">
         <name>_add_device</name>
         <value>0x301819</value>
         <object_component_ref idref="oc-415"/>
      </symbol>
      <symbol id="sm-1599">
         <name>_rename</name>
         <value>0x3016f5</value>
         <object_component_ref idref="oc-415"/>
      </symbol>
      <symbol id="sm-159a">
         <name>_read</name>
         <value>0x30173d</value>
         <object_component_ref idref="oc-415"/>
      </symbol>
      <symbol id="sm-159b">
         <name>_unlink</name>
         <value>0x3016dc</value>
         <object_component_ref idref="oc-415"/>
      </symbol>
      <symbol id="sm-159c">
         <name>_remove_device</name>
         <value>0x301723</value>
         <object_component_ref idref="oc-415"/>
      </symbol>
      <symbol id="sm-159d">
         <name>_open</name>
         <value>0x301758</value>
         <object_component_ref idref="oc-415"/>
      </symbol>
      <symbol id="sm-159e">
         <name>_lseek</name>
         <value>0x3017ca</value>
         <object_component_ref idref="oc-415"/>
      </symbol>
      <symbol id="sm-159f">
         <name>_close</name>
         <value>0x3017e4</value>
         <object_component_ref idref="oc-415"/>
      </symbol>
      <symbol id="sm-15a0">
         <name>_write</name>
         <value>0x301672</value>
         <object_component_ref idref="oc-415"/>
      </symbol>
      <symbol id="sm-15af">
         <name>_ltoa</name>
         <value>0x305b42</value>
         <object_component_ref idref="oc-418"/>
      </symbol>
      <symbol id="sm-15bf">
         <name>_memccpy</name>
         <value>0x3065ab</value>
         <object_component_ref idref="oc-41c"/>
      </symbol>
      <symbol id="sm-15cf">
         <name>_memchr</name>
         <value>0x3064be</value>
         <object_component_ref idref="oc-416"/>
      </symbol>
      <symbol id="sm-15df">
         <name>_strchr</name>
         <value>0x3066b5</value>
         <object_component_ref idref="oc-419"/>
      </symbol>
      <symbol id="sm-15ed">
         <name>_strcpy</name>
         <value>0x306bbe</value>
         <object_component_ref idref="oc-324"/>
      </symbol>
      <symbol id="sm-15fe">
         <name>_strncpy</name>
         <value>0x305f07</value>
         <object_component_ref idref="oc-492"/>
      </symbol>
      <symbol id="sm-1616">
         <name>___TI_rd_ok</name>
         <value>0x304b7d</value>
         <object_component_ref idref="oc-413"/>
      </symbol>
      <symbol id="sm-1617">
         <name>___TI_wrt_ok</name>
         <value>0x304b42</value>
         <object_component_ref idref="oc-413"/>
      </symbol>
      <symbol id="sm-1632">
         <name>FD$$ADD</name>
         <value>0x303c8e</value>
         <object_component_ref idref="oc-299"/>
      </symbol>
      <symbol id="sm-1649">
         <name>___TI_doflush</name>
         <value>0x3047c4</value>
         <object_component_ref idref="oc-414"/>
      </symbol>
      <symbol id="sm-164a">
         <name>_fflush</name>
         <value>0x3047f4</value>
         <object_component_ref idref="oc-414"/>
      </symbol>
      <symbol id="sm-165b">
         <name>_fseek</name>
         <value>0x3055f0</value>
         <object_component_ref idref="oc-48f"/>
      </symbol>
      <symbol id="sm-1667">
         <name>UL$$MOD</name>
         <value>0x305cef</value>
         <object_component_ref idref="oc-2a8"/>
      </symbol>
      <symbol id="sm-1668">
         <name>L$$MOD</name>
         <value>0x305cda</value>
         <object_component_ref idref="oc-2a8"/>
      </symbol>
      <symbol id="sm-1669">
         <name>L$$DIV</name>
         <value>0x305ccb</value>
         <object_component_ref idref="oc-2a8"/>
      </symbol>
      <symbol id="sm-166a">
         <name>UL$$DIV</name>
         <value>0x305ce8</value>
         <object_component_ref idref="oc-2a8"/>
      </symbol>
      <symbol id="sm-1681">
         <name>_setvbuf</name>
         <value>0x30412e</value>
         <object_component_ref idref="oc-490"/>
      </symbol>
      <symbol id="sm-16b8">
         <name>_fopen</name>
         <value>0x302e76</value>
         <object_component_ref idref="oc-4b1"/>
      </symbol>
      <symbol id="sm-16b9">
         <name>___TI_cleanup</name>
         <value>0x302e06</value>
         <object_component_ref idref="oc-4b1"/>
      </symbol>
      <symbol id="sm-16ba">
         <name>_freopen</name>
         <value>0x302e26</value>
         <object_component_ref idref="oc-4b1"/>
      </symbol>
      <symbol id="sm-16cc">
         <name>___TI_closefile</name>
         <value>0x304df5</value>
         <object_component_ref idref="oc-4d0"/>
      </symbol>
      <symbol id="sm-16cd">
         <name>_fclose</name>
         <value>0x304e39</value>
         <object_component_ref idref="oc-4d0"/>
      </symbol>
      <symbol id="sm-16da">
         <name>_remove</name>
         <value>0x306c3f</value>
         <object_component_ref idref="oc-4e2"/>
      </symbol>
   </symbol_table>
   <title>Link successful</title>
</link_info>
