******************************************************************************
             TMS320C2000 Linker PC v6.4.6                      
******************************************************************************
>> Linked Fri Aug 28 18:18:15 2020

OUTPUT FILE NAME:   <TMS320C28346.out>
ENTRY POINT SYMBOL: "_c_int00"  address: 00304c0f


MEMORY CONFIGURATION

         name            origin    length      used     unused   attr    fill
----------------------  --------  ---------  --------  --------  ----  --------
PAGE 0:
  BEGIN                 00000000   00000002  00000002  00000000  RWIX
  H05SARAM              00300000   00030000  0000ae98  00025168  RWIX
  CSM_RSVD              0033ff80   00000076  00000000  00000076  RWIX
  CSM_PWL               0033fff8   00000008  00000000  00000008  RWIX
  IQTABLES              003fe000   00000b50  00000000  00000b50  RWIX
  IQTABLES2             003feb50   0000008c  00000000  0000008c  RWIX
  FPUTABLES             003febdc   000006a0  00000000  000006a0  RWIX
  BOOTROM               003ff27c   00000d44  00000000  00000d44  RWIX
  RESET                 003fffc0   00000002  00000000  00000002  RWIX

PAGE 1:
  M01SARAM              00000002   000007fe  00000120  000006de  RWIX
  DEV_EMU               00000880   00000180  000000d0  000000b0  RWIX
  CSM                   00000ae0   00000010  00000010  00000000  RWIX
  XINTF                 00000b20   00000020  0000001e  00000002  RWIX
  CPU_TIMER0            00000c00   00000008  00000008  00000000  RWIX
  CPU_TIMER1            00000c08   00000008  00000008  00000000  RWIX
  CPU_TIMER2            00000c10   00000008  00000008  00000000  RWIX
  PIE_CTRL              00000ce0   00000020  0000001a  00000006  RWIX
  PIEVECT               00000d00   00000100  00000000  00000100  RWIX
  DMA                   00001000   00000200  000000e0  00000120  RWIX
  MCBSPA                00005000   00000040  00000025  0000001b  RWIX
  MCBSPB                00005040   00000040  00000025  0000001b  RWIX
  ECANA                 00006000   00000040  00000034  0000000c  RWIX
  ECANA_LAM             00006040   00000040  00000040  00000000  RWIX
  ECANA_MOTS            00006080   00000040  00000040  00000000  RWIX
  ECANA_MOTO            000060c0   00000040  00000040  00000000  RWIX
  ECANA_MBOX            00006100   00000100  00000100  00000000  RWIX
  ECANB                 00006200   00000040  00000034  0000000c  RWIX
  ECANB_LAM             00006240   00000040  00000040  00000000  RWIX
  ECANB_MOTS            00006280   00000040  00000040  00000000  RWIX
  ECANB_MOTO            000062c0   00000040  00000040  00000000  RWIX
  ECANB_MBOX            00006300   00000100  00000100  00000000  RWIX
  EPWM9                 00006600   00000022  00000022  00000000  RWIX
  EPWM1                 00006800   00000022  00000022  00000000  RWIX
  EPWM2                 00006840   00000022  00000022  00000000  RWIX
  EPWM3                 00006880   00000022  00000022  00000000  RWIX
  EPWM4                 000068c0   00000022  00000022  00000000  RWIX
  EPWM5                 00006900   00000022  00000022  00000000  RWIX
  EPWM6                 00006940   00000022  00000022  00000000  RWIX
  EPWM7                 00006980   00000022  00000022  00000000  RWIX
  EPWM8                 000069c0   00000022  00000022  00000000  RWIX
  ECAP1                 00006a00   00000020  00000020  00000000  RWIX
  ECAP2                 00006a20   00000020  00000020  00000000  RWIX
  ECAP3                 00006a40   00000020  00000020  00000000  RWIX
  ECAP4                 00006a60   00000020  00000020  00000000  RWIX
  ECAP5                 00006a80   00000020  00000020  00000000  RWIX
  ECAP6                 00006aa0   00000020  00000020  00000000  RWIX
  EQEP1                 00006b00   00000040  00000040  00000000  RWIX
  EQEP2                 00006b40   00000040  00000040  00000000  RWIX
  EQEP3                 00006b80   00000040  00000040  00000000  RWIX
  GPIOCTRL              00006f80   00000040  0000002e  00000012  RWIX
  GPIODAT               00006fc0   00000020  00000020  00000000  RWIX
  GPIOINT               00006fe0   00000020  0000000a  00000016  RWIX
  SYSTEM                00007010   00000021  00000020  00000001  RWIX
  SPIA                  00007040   00000010  00000010  00000000  RWIX
  SCIA                  00007050   00000010  00000010  00000000  RWIX
  XINTRUPT              00007070   00000010  00000010  00000000  RWIX
  ADC                   00007100   00000020  00000000  00000020  RWIX
  SCIB                  00007750   00000010  00000010  00000000  RWIX
  SCIC                  00007770   00000010  00000010  00000000  RWIX
  SPID                  00007780   00000010  00000010  00000000  RWIX
  I2CA                  00007900   00000040  00000022  0000001e  RWIX
  L03SARAM              00008000   00008000  000019c8  00006638  RWIX
  L47SARAM              00010000   00008000  00000000  00008000  RWIX
  CSM_PWL               003f7ff8   00000008  00000008  00000000  RWIX


SECTION ALLOCATION MAP

 output                                  attributes/
section   page    origin      length       input sections
--------  ----  ----------  ----------   ----------------
PieVectTableFile 
*          1    00000d00    00000100     DSECT
                  00000d00    00000100     DSP2834x_GlobalVariableDefs.obj (PieVectTableFile)

codestart 
*          0    00000000    00000002     
                  00000000    00000002     DSP2834x_CodeStartBranch.obj (codestart)

.text      0    00300000    00006c4e     
                  00300000    00000bfd     rts2800_fpu32.lib : _printfi.obj (.text)
                  00300bfd    00000410     main.obj (.text:_align_process)
                  0030100d    00000406     function.obj (.text:_GenINSFmatrix15)
                  00301413    0000025f     ti.targets.rts2800.a28FP : System.o28FP (.text:_xdc_runtime_System_doPrint__I)
                  00301672    00000226     rts2800_fpu32.lib : lowlev.obj (.text)
                  00301898    00000206                       : trgdrv.obj (.text)
                  00301a9e    000001e1     sysbios.a28FP : BIOS.obj (.text:_ti_sysbios_knl_Semaphore_pend__E)
                  00301c7f    000001d8     function.obj (.text:_InsKf15_predict)
                  00301e57    00000001     sysbios.a28FP : BIOS.obj (.text:_ti_sysbios_BIOS_linkedWithIncorrectBootLibrary__E)
                  00301e58    000001cb     main.obj (.text:_pre_process)
                  00302023    000001bd     function.obj (.text:_InsKf15_updateHgt)
                  003021e0    000001bd     function.obj (.text:_InsKf15_updatePV)
                  0030239d    000001bd     function.obj (.text:_InsKf15_updatelatlon)
                  0030255a    000001aa     sysbios.a28FP : BIOS.obj (.text:_ti_sysbios_heaps_HeapMem_freeUnprotected__E)
                  00302704    0000019e     function.obj (.text:_inv_mat)
                  003028a2    00000177     sysbios.a28FP : BIOS.obj (.text:_ti_sysbios_heaps_HeapMem_allocUnprotected__E)
                  00302a19    0000014b     function.obj (.text:_Correction)
                  00302b64    00000122     rts2800_fpu32.lib : strtod.obj (.text)
                  00302c86    00000107                       : ll_div.obj (.text)
                  00302d8d    00000103                       : fopen.obj (.text)
                  00302e90    000000f3     sysbios.a28FP : BIOS.obj (.text:_ti_sysbios_heaps_HeapMem_Instance_init__E)
                  00302f83    000000f1     main.obj (.text:_init_data_02)
                  00303074    000000e8     sysbios.a28FP : BIOS.obj (.text:_ti_sysbios_family_c28_Hwi_clearInterrupt__E)
                  0030315c    000000e2     function.obj (.text:_eulr2dcm)
                  0030323e    000000df     ti.targets.rts2800.a28FP : LoggerBuf.o28FP (.text:_xdc_runtime_LoggerBuf_write8__E)
                  0030331d    000000d7     function.obj (.text:_QuatUpdate)
                  003033f4    000000d7     ti.targets.rts2800.a28FP : Core-mem.o28FP (.text:_xdc_runtime_Core_createObject__I)
                  003034cb    000000c9     rts2800_fpu32.lib : atan2.obj (.text)
                  00303594    000000c1     sysbios.a28FP : BIOS.obj (.text:_ti_sysbios_family_c28_Hwi_dispatchCore__I)
                  00303655    000000c0     clock_p28FP.o28FP (.text:_xdc_runtime_System_printfExtend__I)
                  00303715    000000ba     sysbios.a28FP : BIOS.obj (.text:_ti_sysbios_knl_Semaphore_post__E)
                  003037cf    000000b7                   : BIOS.obj (.text:_ti_sysbios_knl_Clock_workFunc__E)
                  00303886    000000b4     function.obj (.text:_qua2dcm)
                  0030393a    000000b2     rts2800_fpu32.lib : fputs.obj (.text)
                  003039ec    000000af     sysbios.a28FP : BIOS.obj (.text:_ti_sysbios_knl_Swi_run__I)
                  00303a9b    000000ac     main.obj (.text:_read_data)
                  00303b47    000000a5     ti.targets.rts2800.a28FP : Error.o28FP (.text:_xdc_runtime_Error_policyDefault__E)
                  00303bec    000000a2                              : Core-smem.o28FP (.text:_xdc_runtime_Core_constructObject__I)
                  00303c8e    0000009c     rts2800_fpu32.lib : fd_add.obj (.text)
                  00303d2a    0000009b     sysbios.a28FP : c28_Hwi_disp_asm.obj (.text:_ti_sysbios_family_c28_Hwi_dispatch)
                  00303dc5    00000096                   : BIOS.obj (.text:_ti_sysbios_family_c28_Hwi_enableInterrupt__E)
                  00303e5b    00000095     ti.targets.rts2800.a28FP : LoggerBuf.o28FP (.text:_xdc_runtime_LoggerBuf_write4__E)
                  00303ef0    00000094     main.obj (.text:_main)
                  00303f84    00000094     rts2800_fpu32.lib : ankmsg.obj (.text)
                  00304018    0000008b                       : fd_div.obj (.text)
                  003040a3    00000001     clock_p28FP.o28FP (.text:_ti_sysbios_BIOS_nullFunc__I)
                  003040a4    0000008a     function.obj (.text:_NavRotation)
                  0030412e    0000008a     rts2800_fpu32.lib : setvbuf.obj (.text)
                  003041b8    00000088     sysbios.a28FP : BIOS.obj (.text:_ti_sysbios_family_c28_Hwi_disableInterrupt__E)
                  00304240    00000088     rts2800_fpu32.lib : fs_div.obj (.text)
                  003042c8    00000087     function.obj (.text:_delRadicurv)
                  0030434f    00000086     function.obj (.text:_eulr2qua)
                  003043d5    00000083     rts2800_fpu32.lib : fd_mpy.obj (.text)
                  00304458    00000081     sysbios.a28FP : BIOS.obj (.text:_ti_sysbios_family_c28_Hwi_disablePIEIER__E)
                  003044d9    00000080     function.obj (.text:_gravity_wgs84)
                  00304559    00000080     sysbios.a28FP : BIOS.obj (.text:_ti_sysbios_family_c28_Hwi_enablePIEIER__E)
                  003045d9    0000007d     ti.targets.rts2800.a28FP : Startup.o28FP (.text:_xdc_runtime_Startup_startMods__I)
                  00304656    0000007c     rts2800_fpu32.lib : asin.obj (.text)
                  003046d2    0000007b     ti.targets.rts2800.a28FP : Text.o28FP (.text:_xdc_runtime_Text_putSite__E)
                  0030474d    00000077     sysbios.a28FP : BIOS.obj (.text:_ti_sysbios_knl_Task_checkStacks__E)
                  003047c4    00000076     rts2800_fpu32.lib : fflush.obj (.text)
                  0030483a    00000072     sysbios.a28FP : BIOS.obj (.text:_ti_sysbios_gates_GateMutex_enter__E)
                  003048ac    00000072     rts2800_fpu32.lib : atan.obj (.text)
                  0030491e    00000071     sysbios.a28FP : BIOS.obj (.text:_ti_sysbios_knl_Task_startCore__E)
                  0030498f    00000070     main.obj (.text:_init_data_04)
                  003049ff    0000006f     sysbios.a28FP : BIOS.obj (.text:_ti_sysbios_knl_Task_schedule__I)
                  00304a6e    0000006c                   : BIOS.obj (.text:_ti_sysbios_knl_Semaphore_Instance_init__E)
                  00304ada    00000068     rts2800_fpu32.lib : exp.obj (.text)
                  00304b42    00000067                       : _io_perm.obj (.text)
                  00304ba9    00000066     sysbios.a28FP : BIOS.obj (.text:_ti_sysbios_family_c28_Timer_stopAndClear__I)
                  00304c0f    00000063     boot.a28FP : boot_cg.o28FP (.text)
                  00304c72    00000062     rts2800_fpu32.lib : tan.obj (.text)
                  00304cd4    00000061                       : cos.obj (.text)
                  00304d35    00000060     sysbios.a28FP : BIOS.obj (.text:_ti_sysbios_knl_Swi_post__E)
                  00304d95    00000060                   : BIOS.obj (.text:_ti_sysbios_knl_Task_blockI__E)
                  00304df5    0000005f     rts2800_fpu32.lib : fclose.obj (.text)
                  00304e54    0000005b                       : pow.obj (.text)
                  00304eaf    00000058                       : sin.obj (.text)
                  00304f07    00000057     sysbios.a28FP : BIOS.obj (.text:_ti_sysbios_knl_Task_exit__E)
                  00304f5e    00000054     rts2800_fpu32.lib : fputc.obj (.text)
                  00304fb2    00000051     function.obj (.text:_MatMult)
                  00305003    00000051     main.obj (.text:_init_data_03)
                  00305054    00000051     sysbios.a28FP : BIOS.obj (.text:_ti_sysbios_knl_Task_unblockI__E)
                  003050a5    00000051     ti.targets.rts2800.a28FP : Core-mem.o28FP (.text:_xdc_runtime_Core_deleteObject__I)
                  003050f6    00000050     rts2800_fpu32.lib : _log.obj (.text)
                  00305146    0000004e     function.obj (.text:_Radicurv)
                  00305194    0000004e     ti.targets.rts2800.a28FP : Memory.o28FP (.text:_xdc_runtime_Memory_alloc__E)
                  003051e2    0000004c     main.obj (.text:_init_data_01)
                  0030522e    0000004c     sysbios.a28FP : BIOS.obj (.text:_ti_sysbios_knl_Task_postInit__I)
                  0030527a    0000004c     ti.targets.rts2800.a28FP : Text.o28FP (.text:_xdc_runtime_Text_putLab__E)
                  003052c6    0000004b     sysbios.a28FP : BIOS.obj (.text:_ti_sysbios_heaps_HeapMem_alloc__E)
                  00305311    00000048                   : BIOS.obj (.text:_ti_sysbios_family_c28_Hwi_Module_startup__E)
                  00305359    00000048                   : BIOS.obj (.text:_ti_sysbios_family_c28_TimestampProvider_get64__E)
                  003053a1    00000047     rts2800_fpu32.lib : cpy_tbl.obj (.text)
                  003053e8    00000043     sysbios.a28FP : BIOS.obj (.text:_ti_sysbios_family_c28_Timer_postInit__I)
                  0030542b    00000043     ti.targets.rts2800.a28FP : Error.o28FP (.text:_xdc_runtime_Error_setX__E)
                  0030546e    00000042                              : Core-params.o28FP (.text:_xdc_runtime_Core_assignParams__I)
                  003054b0    00000041     sysbios.a28FP : BIOS.obj (.text:_ti_sysbios_family_c28_Hwi_unPluggedInterrupt__I)
                  003054f1    00000040                   : BIOS.obj (.text:_ti_sysbios_knl_Swi_restoreHwi__E)
                  00305531    00000040     clock_p28FP.o28FP (.text:_xdc_runtime_LoggerBuf_Object__create__S)
                  00305571    00000040     ti.targets.rts2800.a28FP : System.o28FP (.text:_xdc_runtime_System_formatNum__I)
                  003055b1    0000003f                              : LoggerBuf.o28FP (.text:_xdc_runtime_LoggerBuf_setFilterLevel__E)
                  003055f0    0000003d     rts2800_fpu32.lib : fseek.obj (.text)
                  0030562d    0000003c     ti.targets.rts2800.a28FP : LoggerBuf.o28FP (.text:_xdc_runtime_LoggerBuf_getFilterLevel__E)
                  00305669    0000003b     function.obj (.text:_MatSubstitute)
                  003056a4    0000003b     sysbios.a28FP : BIOS.obj (.text:_ti_sysbios_family_c28_TaskSupport_start__E)
                  003056df    0000003a     ti.targets.rts2800.a28FP : Text.o28FP (.text:_xdc_runtime_Text_putMod__E)
                  00305719    00000039                              : Text.o28FP (.text:_xdc_runtime_Text_visitRope2__I)
                  00305752    00000036     function.obj (.text:_dcm2eulr)
                  00305788    00000036     sysbios.a28FP : BIOS.obj (.text:_ti_sysbios_family_c28_TimestampProvider_Module_startup__E)
                  003057be    00000036                   : BIOS.obj (.text:_ti_sysbios_knl_Clock_logTick__E)
                  003057f4    00000036     ti.targets.rts2800.a28FP : Error.o28FP (.text:_xdc_runtime_Error_print__E)
                  0030582a    00000035                              : Startup.o28FP (.text:_xdc_runtime_Startup_exec__E)
                  0030585f    00000034     rts2800_fpu32.lib : ldexp.obj (.text)
                  00305893    00000034                       : printf.obj (.text)
                  003058c7    00000001     sysbios.a28FP : c28_Hwi_asm.obj (.text:_ti_sysbios_family_c28_Hwi_interruptReturn__I)
                  003058c8    00000033     function.obj (.text:_MatSubtract)
                  003058fb    00000001     sysbios.a28FP : BIOS.obj (.text:_ti_sysbios_gates_GateHwi_Instance_init__E)
                  003058fc    00000033     function.obj (.text:_MatSum)
                  0030592f    00000033     sysbios.a28FP : BIOS.obj (.text:_ti_sysbios_knl_Task_Module_startup__E)
                  00305962    00000032     ti.targets.rts2800.a28FP : Assert.o28FP (.text:_xdc_runtime_Assert_raise__I)
                  00305994    00000032                              : LoggerBuf.o28FP (.text:_xdc_runtime_LoggerBuf_Instance_init__E)
                  003059c6    00000031     function.obj (.text:_CrossProduct)
                  003059f7    00000031     function.obj (.text:_diag)
                  00305a28    00000031     rts2800_fpu32.lib : atoi.obj (.text)
                  00305a59    0000002f     sysbios.a28FP : BIOS.obj (.text:_ti_sysbios_family_c28_Hwi_getInterruptFlag__E)
                  00305a88    0000002f                   : BIOS.obj (.text:_ti_sysbios_knl_Swi_runLoop__I)
                  00305ab7    0000002f                   : BIOS.obj (.text:_ti_sysbios_knl_Swi_schedule__I)
                  00305ae6    0000002e     Boot.a28FP : Boot.o28FP (.text:.bootCodeSection:_ti_catalog_c2800_init_Boot_configurePll2834x)
                  00305b14    0000002e     function.obj (.text:_transpose)
                  00305b42    0000002e     rts2800_fpu32.lib : ltoa.obj (.text)
                  00305b70    0000002d     sysbios.a28FP : BIOS.obj (.text:_ti_sysbios_heaps_HeapMem_getStats__E)
                  00305b9d    0000002c                   : BIOS.obj (.text:_ti_sysbios_family_c28_Hwi_getStackInfo__E)
                  00305bc9    0000002c                   : BIOS.obj (.text:_ti_sysbios_family_c28_Timer_start__E)
                  00305bf5    0000002c                   : BIOS.obj (.text:_ti_sysbios_heaps_HeapMem_init__I)
                  00305c21    00000001     --HOLE-- [fill = 0]
                  00305c22    0000002b     function.obj (.text:_MatScalarMult)
                  00305c4d    0000002a     sysbios.a28FP : BIOS.obj (.text:_ti_sysbios_family_c28_Timer_getExpiredCounts64__E)
                  00305c77    0000002a     ti.targets.rts2800.a28FP : Text.o28FP (.text:_xdc_runtime_Text_xprintf__I)
                  00305ca1    0000002a     rts2800_fpu32.lib : fd_cmp.obj (.text)
                  00305ccb    0000002a                       : l_div.obj (.text)
                  00305cf5    00000029     function.obj (.text:_GetSkew)
                  00305d1e    00000028     ti.targets.rts2800.a28FP : SysMin.o28FP (.text:_xdc_runtime_SysMin_flush__E)
                  00305d46    00000027     sysbios.a28FP : BIOS.obj (.text:_ti_sysbios_heaps_HeapMem_free__E)
                  00305d6d    00000026                   : BIOS.obj (.text:_ti_sysbios_family_c28_Timer_getExpiredCounts__E)
                  00305d93    00000025                   : c28_TaskSupport_asm.obj (.text:_ti_sysbios_family_c28_TaskSupport_buildTaskStack)
                  00305db8    00000024     rts2800_fpu32.lib : sqrt.obj (.text)
                  00305ddc    00000023     ti.targets.rts2800.a28FP : System.o28FP (.text:_xdc_runtime_System_processAtExit__E)
                  00305dff    00000023     rts2800_fpu32.lib : fd_tofs.obj (.text)
                  00305e22    00000022                       : i_div.obj (.text)
                  00305e44    00000021     clock_p28FP.o28FP (.text:_malloc)
                  00305e65    00000021     sysbios.a28FP : BIOS.obj (.text:_ti_sysbios_knl_Task_allBlockedFunction__I)
                  00305e86    00000021     ti.targets.rts2800.a28FP : System.o28FP (.text:_xdc_runtime_System_atexit__E)
                  00305ea7    00000021     rts2800_fpu32.lib : fd_toi.obj (.text)
                  00305ec8    00000020     sysbios.a28FP : BIOS.obj (.text:_ti_sysbios_family_c28_Timer_setPrescale__E)
                  00305ee8    0000001f     rts2800_fpu32.lib : fd_tol.obj (.text)
                  00305f07    0000001f                       : strncpy.obj (.text)
                  00305f26    0000001e     function.obj (.text:_MatScalarMult15)
                  00305f44    0000001e     function.obj (.text:_MatScalarMult3)
                  00305f62    0000001e     clock_p28FP.o28FP (.text:_ti_sysbios_gates_GateHwi_Object__create__S)
                  00305f80    0000001e     clock_p28FP.o28FP (.text:_ti_sysbios_gates_GateMutex_Object__create__S)
                  00305f9e    0000001e     clock_p28FP.o28FP (.text:_ti_sysbios_heaps_HeapMem_Object__create__S)
                  00305fbc    0000001e     clock_p28FP.o28FP (.text:_xdc_runtime_SysMin_output__I)
                  00305fda    0000001e     ti.targets.rts2800.a28FP : SysMin.o28FP (.text:_xdc_runtime_SysMin_putch__E)
                  00305ff8    0000001e     rts2800_fpu32.lib : ll_cmp.obj (.text)
                  00306016    0000001e                       : memcpy.obj (.text)
                  00306034    0000001d     sysbios.a28FP : c28_TaskSupport_asm.obj (.text:_ti_sysbios_family_c28_TaskSupport_swap__E)
                  00306051    0000001d                   : BIOS.obj (.text:_ti_sysbios_hal_Hwi_initStack)
                  0030606e    0000001d     clock_p28FP.o28FP (.text:_ti_sysbios_knl_Semaphore_construct)
                  0030608b    0000001d     ti.targets.rts2800.a28FP : LoggerBuf.o28FP (.text:_xdc_runtime_LoggerBuf_filterOutEvent__I)
                  003060a8    0000001d     rts2800_fpu32.lib : i_tofd.obj (.text)
                  003060c5    0000001c     sysbios.a28FP : BIOS.obj (.text:_ti_sysbios_hal_Hwi_checkStack)
                  003060e1    0000001c     rts2800_fpu32.lib : fs_tofd.obj (.text)
                  003060fd    0000001c                       : l_tofd.obj (.text)
                  00306119    0000001c                       : modf.obj (.text)
                  00306135    0000001b     sysbios.a28FP : c28_Hwi_asm.obj (.text:_ti_sysbios_family_c28_Hwi_switchAndDispatch__I)
                  00306150    0000001b                   : BIOS.obj (.text:_ti_sysbios_knl_Task_processVitalTaskFlag__I)
                  0030616b    0000001a                   : BIOS.obj (.text:_ti_sysbios_knl_Clock_addI__E)
                  00306185    0000001a     ti.targets.rts2800.a28FP : Core-label.o28FP (.text:_xdc_runtime_Core_assignLabel__I)
                  0030619f    0000001a                              : LoggerBuf.o28FP (.text:_xdc_runtime_LoggerBuf_Module_startup__E)
                  003061b9    0000001a     rts2800_fpu32.lib : cpy_utils.obj (.text)
                  003061d3    00000019     clock_p28FP.o28FP (.text:_ti_sysbios_knl_Queue_construct)
                  003061ec    00000019     sysbios.a28FP : BIOS.obj (.text:_ti_sysbios_knl_Semaphore_pendTimeout__I)
                  00306205    00000019                   : BIOS.obj (.text:_ti_sysbios_knl_Swi_restore__E)
                  0030621e    00000019     ti.targets.rts2800.a28FP : Memory.o28FP (.text:_xdc_runtime_Memory_valloc__E)
                  00306237    00000019                              : System.o28FP (.text:_xdc_runtime_System_avprintf__E)
                  00306250    00000019                              : System.o28FP (.text:_xdc_runtime_System_putchar__I)
                  00306269    00000019     rts2800_fpu32.lib : args_main.obj (.text)
                  00306282    00000019                       : exit.obj (.text)
                  0030629b    00000018     function.obj (.text:_Velwisesquare)
                  003062b3    00000018     sysbios.a28FP : c28_Hwi_asm.obj (.text:_ti_sysbios_family_xxx_Hwi_switchAndRunFunc)
                  003062cb    00000018     ti.targets.rts2800.a28FP : LoggerBuf.o28FP (.text:_xdc_runtime_LoggerBuf_reset__E)
                  003062e3    00000018                              : System.o28FP (.text:_xdc_runtime_System_vprintf__E)
                  003062fb    00000018                              : Text.o28FP (.text:_xdc_runtime_Text_printVisFxn__I)
                  00306313    00000018     rts2800_fpu32.lib : ll_aox.obj (.text)
                  0030632b    00000017     sysbios.a28FP : BIOS.obj (.text:_ti_sysbios_family_c28_Timer_startup__E)
                  00306342    00000017     clock_p28FP.o28FP (.text:_ti_sysbios_knl_Clock_doTick__I)
                  00306359    00000017     ti.targets.rts2800.a28FP : SysMin.o28FP (.text:_xdc_runtime_SysMin_abort__E)
                  00306370    00000016     clock_p28FP.o28FP (.text:_ti_sysbios_BIOS_atExitFunc__I)
                  00306386    00000016     sysbios.a28FP : BIOS.obj (.text:_ti_sysbios_family_c28_Timer_Module_startup__E)
                  0030639c    00000016                   : BIOS.obj (.text:_ti_sysbios_knl_Swi_Module_startup__E)
                  003063b2    00000016                   : BIOS.obj (.text:_ti_sysbios_knl_Task_restore__E)
                  003063c8    00000016     rts2800_fpu32.lib : frexp.obj (.text)
                  003063de    00000015     clock_p28FP.o28FP (.text:_ti_sysbios_BIOS_startFunc__I)
                  003063f3    00000015     sysbios.a28FP : BIOS.obj (.text:_ti_sysbios_knl_Idle_run__E)
                  00306408    00000015     ti.targets.rts2800.a28FP : Text.o28FP (.text:_xdc_runtime_Text_cordText__E)
                  0030641d    00000013     clock_p28FP.o28FP (.text:_ti_sysbios_gates_GateMutex_Object__delete__S)
                  00306430    00000012     function.obj (.text:_VecSubtract)
                  00306442    00000012     function.obj (.text:_VecSum)
                  00306454    00000012     clock_p28FP.o28FP (.text:_ti_sysbios_gates_GateHwi_Object__delete__S)
                  00306466    00000012     clock_p28FP.o28FP (.text:_ti_sysbios_heaps_HeapMem_Object__delete__S)
                  00306478    00000012     sysbios.a28FP : BIOS.obj (.text:_ti_sysbios_knl_Clock_Module_startup__E)
                  0030648a    00000012     clock_p28FP.o28FP (.text:_xdc_runtime_LoggerBuf_Object__delete__S)
                  0030649c    00000011     function.obj (.text:_VecScalarMult)
                  003064ad    00000011     ti.targets.rts2800.a28FP : Error.o28FP (.text:_xdc_runtime_Error_raiseX__E)
                  003064be    00000011     rts2800_fpu32.lib : memchr.obj (.text)
                  003064cf    00000010     clock_p28FP.o28FP (.text:_ti_sysbios_BIOS_errorRaiseHook__I)
                  003064df    00000010     sysbios.a28FP : BIOS.obj (.text:_ti_sysbios_family_c28_Timer_stop__E)
                  003064ef    00000010                   : BIOS.obj (.text:_ti_sysbios_knl_Task_restoreHwi__E)
                  003064ff    0000000f     Boot.a28FP : Boot.o28FP (.text:.bootCodeSection:_ti_catalog_c2800_init_Boot_disableWatchdog)
                  0030650e    0000000f     clock_p28FP.o28FP (.text:_ti_sysbios_BIOS_removeRTSLock__I)
                  0030651d    0000000f     sysbios.a28FP : BIOS.obj (.text:_ti_sysbios_gates_GateMutex_Instance_init__E)
                  0030652c    0000000f     ti.targets.rts2800.a28FP : LoggerBuf.o28FP (.text:_xdc_runtime_LoggerBuf_write2__E)
                  0030653b    0000000e     clock_p28FP.o28FP (.text:_ti_sysbios_heaps_HeapMem_Object__get__S)
                  00306549    0000000e     clock_p28FP.o28FP (.text:_ti_sysbios_knl_Semaphore_Object__destruct__S)
                  00306557    0000000e     clock_p28FP.o28FP (.text:_ti_sysbios_knl_Swi_Object__get__S)
                  00306565    0000000e     clock_p28FP.o28FP (.text:_ti_sysbios_knl_Task_Object__get__S)
                  00306573    0000000e     clock_p28FP.o28FP (.text:_xdc_runtime_LoggerBuf_Object__get__S)
                  00306581    0000000e     ti.targets.rts2800.a28FP : Registry.o28FP (.text:_xdc_runtime_Registry_findById__E)
                  0030658f    0000000e                              : SysMin.o28FP (.text:_xdc_runtime_SysMin_Module_startup__E)
                  0030659d    0000000e     rts2800_fpu32.lib : fd_sub.obj (.text)
                  003065ab    0000000e                       : memccpy.obj (.text)
                  003065b9    0000000d     clock_p28FP.o28FP (.text:_ti_sysbios_BIOS_registerRTSLock__I)
                  003065c6    0000000d     clock_p28FP.o28FP (.text:_ti_sysbios_BIOS_rtsLock__I)
                  003065d3    0000000d     sysbios.a28FP : BIOS.obj (.text:_ti_sysbios_family_c28_Hwi_dispatchC__I)
                  003065e0    0000000d     clock_p28FP.o28FP (.text:_ti_sysbios_gates_GateHwi_Handle__label__S)
                  003065ed    0000000d     clock_p28FP.o28FP (.text:_ti_sysbios_gates_GateMutex_Handle__label__S)
                  003065fa    0000000d     clock_p28FP.o28FP (.text:_ti_sysbios_heaps_HeapMem_Handle__label__S)
                  00306607    0000000d     clock_p28FP.o28FP (.text:_ti_sysbios_knl_Queue_Object__destruct__S)
                  00306614    0000000d     sysbios.a28FP : BIOS.obj (.text:_ti_sysbios_knl_Task_enter__I)
                  00306621    0000000d     ti.targets.rts2800.a28FP : Error.o28FP (.text:_xdc_runtime_Error_check__E)
                  0030662e    0000000d     clock_p28FP.o28FP (.text:_xdc_runtime_LoggerBuf_Handle__label__S)
                  0030663b    0000000d     ti.targets.rts2800.a28FP : LoggerBuf.o28FP (.text:_xdc_runtime_LoggerBuf_write1__E)
                  00306648    0000000d                              : System.o28FP (.text:_xdc_runtime_System_abort__E)
                  00306655    0000000c     clock_p28FP.o28FP (.text:_ti_sysbios_BIOS_exitFunc__I)
                  00306661    0000000c     clock_p28FP.o28FP (.text:_ti_sysbios_family_c28_Hwi_disableIER__E)
                  0030666d    0000000c     sysbios.a28FP : BIOS.obj (.text:_ti_sysbios_gates_GateMutex_leave__E)
                  00306679    0000000c                   : BIOS.obj (.text:_ti_sysbios_knl_Queue_put__E)
                  00306685    0000000c                   : BIOS.obj (.text:_ti_sysbios_knl_Task_enabled__E)
                  00306691    0000000c     ti.targets.rts2800.a28FP : Memory.o28FP (.text:_xdc_runtime_Memory_free__E)
                  0030669d    0000000c                              : Text.o28FP (.text:_xdc_runtime_Text_ropeText__E)
                  003066a9    0000000c     rts2800_fpu32.lib : memset.obj (.text)
                  003066b5    0000000c                       : strchr.obj (.text)
                  003066c1    0000000b     function.obj (.text:_MatMult31)
                  003066cc    0000000b     function.obj (.text:_MatMult41)
                  003066d7    0000000b     clock_p28FP.o28FP (.text:_free)
                  003066e2    0000000b     clock_p28FP.o28FP (.text:_ti_sysbios_family_c28_Hwi_Module__startupDone__F)
                  003066ed    0000000b     clock_p28FP.o28FP (.text:_ti_sysbios_family_c28_Hwi_Object__get__S)
                  003066f8    0000000b     clock_p28FP.o28FP (.text:_ti_sysbios_family_c28_Hwi_enableIER__E)
                  00306703    0000000b     clock_p28FP.o28FP (.text:_ti_sysbios_family_c28_Timer_Module__startupDone__F)
                  0030670e    0000000b     clock_p28FP.o28FP (.text:_ti_sysbios_knl_Queue_Object__get__S)
                  00306719    0000000b     clock_p28FP.o28FP (.text:_ti_sysbios_knl_Task_SupportProxy_start__E)
                  00306724    0000000b     sysbios.a28FP : BIOS.obj (.text:_ti_sysbios_knl_Task_unblock__E)
                  0030672f    0000000b     ti.targets.rts2800.a28FP : LoggerBuf.o28FP (.text:_xdc_runtime_LoggerBuf_Instance_finalize__E)
                  0030673a    0000000b                              : LoggerBuf.o28FP (.text:_xdc_runtime_LoggerBuf_write0__E)
                  00306745    0000000b                              : SysMin.o28FP (.text:_xdc_runtime_SysMin_exit__E)
                  00306750    0000000b                              : System.o28FP (.text:_xdc_runtime_System_exit__E)
                  0030675b    0000000a     DSP2834x_DefaultIsr.obj (.text:_DATALOG_ISR)
                  00306765    0000000a     DSP2834x_DefaultIsr.obj (.text:_DINTCH1_ISR)
                  0030676f    0000000a     DSP2834x_DefaultIsr.obj (.text:_DINTCH2_ISR)
                  00306779    0000000a     DSP2834x_DefaultIsr.obj (.text:_DINTCH3_ISR)
                  00306783    0000000a     DSP2834x_DefaultIsr.obj (.text:_DINTCH4_ISR)
                  0030678d    0000000a     DSP2834x_DefaultIsr.obj (.text:_DINTCH5_ISR)
                  00306797    0000000a     DSP2834x_DefaultIsr.obj (.text:_DINTCH6_ISR)
                  003067a1    0000000a     DSP2834x_DefaultIsr.obj (.text:_ECAN0INTA_ISR)
                  003067ab    0000000a     DSP2834x_DefaultIsr.obj (.text:_ECAN0INTB_ISR)
                  003067b5    0000000a     DSP2834x_DefaultIsr.obj (.text:_ECAN1INTA_ISR)
                  003067bf    0000000a     DSP2834x_DefaultIsr.obj (.text:_ECAN1INTB_ISR)
                  003067c9    0000000a     DSP2834x_DefaultIsr.obj (.text:_ECAP1_INT_ISR)
                  003067d3    0000000a     DSP2834x_DefaultIsr.obj (.text:_ECAP2_INT_ISR)
                  003067dd    0000000a     DSP2834x_DefaultIsr.obj (.text:_ECAP3_INT_ISR)
                  003067e7    0000000a     DSP2834x_DefaultIsr.obj (.text:_ECAP4_INT_ISR)
                  003067f1    0000000a     DSP2834x_DefaultIsr.obj (.text:_ECAP5_INT_ISR)
                  003067fb    0000000a     DSP2834x_DefaultIsr.obj (.text:_ECAP6_INT_ISR)
                  00306805    0000000a     DSP2834x_DefaultIsr.obj (.text:_EMUINT_ISR)
                  0030680f    0000000a     DSP2834x_DefaultIsr.obj (.text:_EPWM1_INT_ISR)
                  00306819    0000000a     DSP2834x_DefaultIsr.obj (.text:_EPWM1_TZINT_ISR)
                  00306823    0000000a     DSP2834x_DefaultIsr.obj (.text:_EPWM2_INT_ISR)
                  0030682d    0000000a     DSP2834x_DefaultIsr.obj (.text:_EPWM2_TZINT_ISR)
                  00306837    0000000a     DSP2834x_DefaultIsr.obj (.text:_EPWM3_INT_ISR)
                  00306841    0000000a     DSP2834x_DefaultIsr.obj (.text:_EPWM3_TZINT_ISR)
                  0030684b    0000000a     DSP2834x_DefaultIsr.obj (.text:_EPWM4_INT_ISR)
                  00306855    0000000a     DSP2834x_DefaultIsr.obj (.text:_EPWM4_TZINT_ISR)
                  0030685f    0000000a     DSP2834x_DefaultIsr.obj (.text:_EPWM5_INT_ISR)
                  00306869    0000000a     DSP2834x_DefaultIsr.obj (.text:_EPWM5_TZINT_ISR)
                  00306873    0000000a     DSP2834x_DefaultIsr.obj (.text:_EPWM6_INT_ISR)
                  0030687d    0000000a     DSP2834x_DefaultIsr.obj (.text:_EPWM6_TZINT_ISR)
                  00306887    0000000a     DSP2834x_DefaultIsr.obj (.text:_EPWM7_INT_ISR)
                  00306891    0000000a     DSP2834x_DefaultIsr.obj (.text:_EPWM7_TZINT_ISR)
                  0030689b    0000000a     DSP2834x_DefaultIsr.obj (.text:_EPWM8_INT_ISR)
                  003068a5    0000000a     DSP2834x_DefaultIsr.obj (.text:_EPWM8_TZINT_ISR)
                  003068af    0000000a     DSP2834x_DefaultIsr.obj (.text:_EPWM9_INT_ISR)
                  003068b9    0000000a     DSP2834x_DefaultIsr.obj (.text:_EPWM9_TZINT_ISR)
                  003068c3    0000000a     DSP2834x_DefaultIsr.obj (.text:_EQEP1_INT_ISR)
                  003068cd    0000000a     DSP2834x_DefaultIsr.obj (.text:_EQEP2_INT_ISR)
                  003068d7    0000000a     DSP2834x_DefaultIsr.obj (.text:_EQEP3_INT_ISR)
                  003068e1    0000000a     DSP2834x_DefaultIsr.obj (.text:_I2CINT1A_ISR)
                  003068eb    0000000a     DSP2834x_DefaultIsr.obj (.text:_I2CINT2A_ISR)
                  003068f5    0000000a     DSP2834x_DefaultIsr.obj (.text:_ILLEGAL_ISR)
                  003068ff    0000000a     DSP2834x_DefaultIsr.obj (.text:_INT13_ISR)
                  00306909    0000000a     DSP2834x_DefaultIsr.obj (.text:_INT14_ISR)
                  00306913    0000000a     DSP2834x_DefaultIsr.obj (.text:_LUF_ISR)
                  0030691d    0000000a     DSP2834x_DefaultIsr.obj (.text:_LVF_ISR)
                  00306927    0000000a     DSP2834x_DefaultIsr.obj (.text:_MRINTA_ISR)
                  00306931    0000000a     DSP2834x_DefaultIsr.obj (.text:_MRINTB_ISR)
                  0030693b    0000000a     DSP2834x_DefaultIsr.obj (.text:_MXINTA_ISR)
                  00306945    0000000a     DSP2834x_DefaultIsr.obj (.text:_MXINTB_ISR)
                  0030694f    0000000a     DSP2834x_DefaultIsr.obj (.text:_NMI_ISR)
                  00306959    0000000a     DSP2834x_DefaultIsr.obj (.text:_PIE_RESERVED)
                  00306963    0000000a     DSP2834x_DefaultIsr.obj (.text:_RTOSINT_ISR)
                  0030696d    0000000a     DSP2834x_DefaultIsr.obj (.text:_SCIRXINTA_ISR)
                  00306977    0000000a     DSP2834x_DefaultIsr.obj (.text:_SCIRXINTB_ISR)
                  00306981    0000000a     DSP2834x_DefaultIsr.obj (.text:_SCIRXINTC_ISR)
                  0030698b    0000000a     DSP2834x_DefaultIsr.obj (.text:_SCITXINTA_ISR)
                  00306995    0000000a     DSP2834x_DefaultIsr.obj (.text:_SCITXINTB_ISR)
                  0030699f    0000000a     DSP2834x_DefaultIsr.obj (.text:_SCITXINTC_ISR)
                  003069a9    0000000a     DSP2834x_DefaultIsr.obj (.text:_SPIRXINTA_ISR)
                  003069b3    0000000a     DSP2834x_DefaultIsr.obj (.text:_SPIRXINTD_ISR)
                  003069bd    0000000a     DSP2834x_DefaultIsr.obj (.text:_SPITXINTA_ISR)
                  003069c7    0000000a     DSP2834x_DefaultIsr.obj (.text:_SPITXINTD_ISR)
                  003069d1    0000000a     DSP2834x_DefaultIsr.obj (.text:_TINT0_ISR)
                  003069db    0000000a     DSP2834x_DefaultIsr.obj (.text:_USER10_ISR)
                  003069e5    0000000a     DSP2834x_DefaultIsr.obj (.text:_USER11_ISR)
                  003069ef    0000000a     DSP2834x_DefaultIsr.obj (.text:_USER12_ISR)
                  003069f9    0000000a     DSP2834x_DefaultIsr.obj (.text:_USER1_ISR)
                  00306a03    0000000a     DSP2834x_DefaultIsr.obj (.text:_USER2_ISR)
                  00306a0d    0000000a     DSP2834x_DefaultIsr.obj (.text:_USER3_ISR)
                  00306a17    0000000a     DSP2834x_DefaultIsr.obj (.text:_USER4_ISR)
                  00306a21    0000000a     DSP2834x_DefaultIsr.obj (.text:_USER5_ISR)
                  00306a2b    0000000a     DSP2834x_DefaultIsr.obj (.text:_USER6_ISR)
                  00306a35    0000000a     DSP2834x_DefaultIsr.obj (.text:_USER7_ISR)
                  00306a3f    0000000a     DSP2834x_DefaultIsr.obj (.text:_USER8_ISR)
                  00306a49    0000000a     DSP2834x_DefaultIsr.obj (.text:_USER9_ISR)
                  00306a53    0000000a     function.obj (.text:_VecSubstitute)
                  00306a5d    0000000a     DSP2834x_DefaultIsr.obj (.text:_WAKEINT_ISR)
                  00306a67    0000000a     DSP2834x_DefaultIsr.obj (.text:_XINT1_ISR)
                  00306a71    0000000a     DSP2834x_DefaultIsr.obj (.text:_XINT2_ISR)
                  00306a7b    0000000a     DSP2834x_DefaultIsr.obj (.text:_XINT3_ISR)
                  00306a85    0000000a     DSP2834x_DefaultIsr.obj (.text:_XINT4_ISR)
                  00306a8f    0000000a     DSP2834x_DefaultIsr.obj (.text:_XINT5_ISR)
                  00306a99    0000000a     DSP2834x_DefaultIsr.obj (.text:_XINT6_ISR)
                  00306aa3    0000000a     DSP2834x_DefaultIsr.obj (.text:_XINT7_ISR)
                  00306aad    0000000a     DSP2834x_DefaultIsr.obj (.text:_rsvd_ISR)
                  00306ab7    0000000a     rts2800_fpu32.lib : strcmp.obj (.text)
                  00306ac1    00000009     clock_p28FP.o28FP (.text:_ti_sysbios_BIOS_rtsUnlock__I)
                  00306aca    00000009     clock_p28FP.o28FP (.text:_ti_sysbios_family_c28_Hwi_restoreIER__E)
                  00306ad3    00000009     sysbios.a28FP : BIOS.obj (.text:_ti_sysbios_family_c28_TaskSupport_checkStack__E)
                  00306adc    00000009                   : c28_TaskSupport_asm.obj (.text:_ti_sysbios_family_c28_TaskSupport_glue)
                  00306ae5    00000009                   : BIOS.obj (.text:_ti_sysbios_hal_Hwi_Module_startup__E)
                  00306aee    00000009     clock_p28FP.o28FP (.text:_xdc_runtime_Startup_exec__I)
                  00306af7    00000009     ti.targets.rts2800.a28FP : System.o28FP (.text:_xdc_runtime_System_vsnprintf__E)
                  00306b00    00000009     clock_p28FP.o28FP (.text:_xdc_runtime_Text_visitRope__I)
                  00306b09    00000009     rts2800_fpu32.lib : _lock.obj (.text)
                  00306b12    00000009                       : fd_neg.obj (.text)
                  00306b1b    00000008     DSP2834x_CodeStartBranch.obj (.text)
                  00306b23    00000008     sysbios.a28FP : BIOS.obj (.text:_ti_sysbios_BIOS_setThreadType__E)
                  00306b2b    00000008                   : BIOS.obj (.text:_ti_sysbios_gates_GateMutex_Instance_finalize__E)
                  00306b33    00000008                   : BIOS.obj (.text:_ti_sysbios_knl_Semaphore_Instance_finalize__E)
                  00306b3b    00000008     clock_p28FP.o28FP (.text:_xdc_runtime_IHeap_alloc)
                  00306b43    00000008     ti.targets.rts2800.a28FP : Memory.o28FP (.text:_xdc_runtime_Memory_calloc__E)
                  00306b4b    00000008                              : SysMin.o28FP (.text:_xdc_runtime_SysMin_ready__E)
                  00306b53    00000008     rts2800_fpu32.lib : strlen.obj (.text)
                  00306b5b    00000007     clock_p28FP.o28FP (.text:.bootCodeSection:_ti_catalog_c2800_init_Boot_init)
                  00306b62    00000007     function.obj (.text:_km2rad)
                  00306b69    00000007     sysbios.a28FP : BIOS.obj (.text:_ti_sysbios_knl_Queue_empty__E)
                  00306b70    00000007     ti.targets.rts2800.a28FP : Error.o28FP (.text:_xdc_runtime_Error_init__E)
                  00306b77    00000007     clock_p28FP.o28FP (.text:_xdc_runtime_System_aprintf__E)
                  00306b7e    00000007     clock_p28FP.o28FP (.text:_xdc_runtime_System_printf__E)
                  00306b85    00000006     sysbios.a28FP : c28_IntrinsicsSupport_asm.obj (.text:_ti_sysbios_family_c28_IntrinsicsSupport_maxbit__E)
                  00306b8b    00000006                   : BIOS.obj (.text:_ti_sysbios_family_c28_TimestampProvider_rolloverFunc__E)
                  00306b91    00000006                   : BIOS.obj (.text:_ti_sysbios_family_c28_TimestampProvider_startTimer__E)
                  00306b97    00000006                   : BIOS.obj (.text:_ti_sysbios_knl_Swi_disable__E)
                  00306b9d    00000006                   : BIOS.obj (.text:_ti_sysbios_knl_Task_disable__E)
                  00306ba3    00000006     ti.targets.rts2800.a28FP : Gate.o28FP (.text:_xdc_runtime_Gate_enterSystem__E)
                  00306ba9    00000006                              : Gate.o28FP (.text:_xdc_runtime_Gate_leaveSystem__E)
                  00306baf    00000005     sysbios.a28FP : BIOS.obj (.text:_ti_sysbios_family_c28_Hwi_switchFromBootStack__E)
                  00306bb4    00000005                   : BIOS.obj (.text:_ti_sysbios_gates_GateHwi_enter__E)
                  00306bb9    00000005     ti.targets.rts2800.a28FP : LoggerBuf.o28FP (.text:_xdc_runtime_LoggerBuf_enable__E)
                  00306bbe    00000005     rts2800_fpu32.lib : strcpy.obj (.text)
                  00306bc3    00000004     clock_p28FP.o28FP (.text:_ti_sysbios_family_c28_Hwi_startup__E)
                  00306bc7    00000004     sysbios.a28FP : BIOS.obj (.text:_ti_sysbios_heaps_HeapMem_isBlocking__E)
                  00306bcb    00000004                   : BIOS.obj (.text:_ti_sysbios_knl_Swi_startup__E)
                  00306bcf    00000004     clock_p28FP.o28FP (.text:_xdc_runtime_IHeap_free)
                  00306bd3    00000004     ti.targets.rts2800.a28FP : LoggerBuf.o28FP (.text:_xdc_runtime_LoggerBuf_disable__E)
                  00306bd7    00000004                              : Memory.o28FP (.text:_xdc_runtime_Memory_getMaxDefaultTypeAlign__E)
                  00306bdb    00000004                              : Startup.o28FP (.text:_xdc_runtime_Startup_rtsDone__E)
                  00306bdf    00000003                              : xdc_noinit.o28FP (.text:___xdc__init)
                  00306be2    00000003     clock_p28FP.o28FP (.text:_ti_catalog_c2800_init_Boot_limpAbort)
                  00306be5    00000003     clock_p28FP.o28FP (.text:_ti_sysbios_BIOS_RtsGateProxy_enter__E)
                  00306be8    00000003     clock_p28FP.o28FP (.text:_ti_sysbios_BIOS_RtsGateProxy_leave__E)
                  00306beb    00000003     sysbios.a28FP : c28_Hwi_asm.obj (.text:_ti_sysbios_family_c28_Hwi_getIFR__I)
                  00306bee    00000003                   : BIOS.obj (.text:_ti_sysbios_gates_GateHwi_leave__E)
                  00306bf1    00000003     clock_p28FP.o28FP (.text:_ti_sysbios_hal_Hwi_HwiProxy_getStackInfo__E)
                  00306bf4    00000003     clock_p28FP.o28FP (.text:_ti_sysbios_hal_Hwi_HwiProxy_switchFromBootStack__E)
                  00306bf7    00000003     sysbios.a28FP : BIOS.obj (.text:_ti_sysbios_hal_Hwi_startup__E)
                  00306bfa    00000003     clock_p28FP.o28FP (.text:_ti_sysbios_heaps_HeapMem_Module_GateProxy_enter__E)
                  00306bfd    00000003     clock_p28FP.o28FP (.text:_ti_sysbios_heaps_HeapMem_Module_GateProxy_leave__E)
                  00306c00    00000003     clock_p28FP.o28FP (.text:_ti_sysbios_heaps_HeapMem_Module_GateProxy_query__E)
                  00306c03    00000003     clock_p28FP.o28FP (.text:_ti_sysbios_knl_Clock_TimerProxy_getMaxTicks__E)
                  00306c06    00000003     sysbios.a28FP : BIOS.obj (.text:_ti_sysbios_knl_Idle_loop__E)
                  00306c09    00000003                   : BIOS.obj (.text:_ti_sysbios_knl_Queue_Instance_init__E)
                  00306c0c    00000003     clock_p28FP.o28FP (.text:_ti_sysbios_knl_Queue_destruct)
                  00306c0f    00000003     clock_p28FP.o28FP (.text:_ti_sysbios_knl_Semaphore_destruct)
                  00306c12    00000003     clock_p28FP.o28FP (.text:_ti_sysbios_knl_Task_SupportProxy_checkStack__E)
                  00306c15    00000003     clock_p28FP.o28FP (.text:_ti_sysbios_knl_Task_SupportProxy_swap__E)
                  00306c18    00000003     sysbios.a28FP : BIOS.obj (.text:_ti_sysbios_knl_Task_startup__E)
                  00306c1b    00000003     clock_p28FP.o28FP (.text:_xdc_runtime_LoggerBuf_Module_GateProxy_enter__E)
                  00306c1e    00000003     clock_p28FP.o28FP (.text:_xdc_runtime_LoggerBuf_Module_GateProxy_leave__E)
                  00306c21    00000003     clock_p28FP.o28FP (.text:_xdc_runtime_LoggerBuf_TimestampProxy_get64__E)
                  00306c24    00000003     clock_p28FP.o28FP (.text:_xdc_runtime_System_Module_GateProxy_enter__E)
                  00306c27    00000003     clock_p28FP.o28FP (.text:_xdc_runtime_System_Module_GateProxy_leave__E)
                  00306c2a    00000003     ti.targets.rts2800.a28FP : System.o28FP (.text:_xdc_runtime_System_Module_startup__E)
                  00306c2d    00000003     clock_p28FP.o28FP (.text:_xdc_runtime_System_SupportProxy_abort__E)
                  00306c30    00000003     clock_p28FP.o28FP (.text:_xdc_runtime_System_SupportProxy_exit__E)
                  00306c33    00000003     clock_p28FP.o28FP (.text:_xdc_runtime_System_SupportProxy_putch__E)
                  00306c36    00000003     clock_p28FP.o28FP (.text:_xdc_runtime_System_SupportProxy_ready__E)
                  00306c39    00000003     ti.targets.rts2800.a28FP : System.o28FP (.text:_xdc_runtime_System_abortStd__E)
                  00306c3c    00000003                              : System.o28FP (.text:_xdc_runtime_System_exitStd__E)
                  00306c3f    00000003     rts2800_fpu32.lib : remove.obj (.text)
                  00306c42    00000002     Boot.a28FP : Boot.o28FP (.text:_ti_catalog_c2800_init_Boot_defaultLimpAbortFunction)
                  00306c44    00000002     clock_p28FP.o28FP (.text:_ti_sysbios_family_c28_TaskSupport_Module__startupDone__S)
                  00306c46    00000002     sysbios.a28FP : BIOS.obj (.text:_ti_sysbios_family_c28_Timer_getMaxTicks__E)
                  00306c48    00000002                   : BIOS.obj (.text:_ti_sysbios_gates_GateHwi_query__E)
                  00306c4a    00000002                   : BIOS.obj (.text:_ti_sysbios_gates_GateMutex_query__E)
                  00306c4c    00000002     ti.targets.rts2800.a28FP : Error.o28FP (.text:_xdc_runtime_Error_getSite__E)

.econst    0    00306c4e    00003ddc     
                  00306c4e    000016f3     clock_p28FP.o28FP (.econst:xdc_runtime_Text_charTab__A)
                  00308341    00000001     clock_p28FP.o28FP (.econst:ti_sysbios_family_c28_Hwi_Module__id__C)
                  00308342    00000200     DSP2834x_PieVect.obj (.econst)
                  00308542    000001c2     function.obj (.econst:_$P$T16$17)
                  00308704    000001c2     function.obj (.econst:_$P$T18$19)
                  003088c6    000001c2     function.obj (.econst:_$P$T19$20)
                  00308a88    000001c2     function.obj (.econst:_$P$T20$21)
                  00308c4a    000001c2     function.obj (.econst:_$P$T22$23)
                  00308e0c    000001c2     function.obj (.econst:_$P$T26$27)
                  00308fce    000001c2     function.obj (.econst:_$P$T28$29)
                  00309190    000001c2     function.obj (.econst:_$P$T31$32)
                  00309352    000001c2     function.obj (.econst:_$P$T35$36)
                  00309514    000001c2     function.obj (.econst:_$P$T37$38)
                  003096d6    000001c2     function.obj (.econst:_$P$T40$41)
                  00309898    000001c2     function.obj (.econst:_$P$T44$45)
                  00309a5a    000001c2     function.obj (.econst:_$P$T46$47)
                  00309c1c    0000017d     main.obj (.econst:.string)
                  00309d99    00000101     rts2800_fpu32.lib : ctype.obj (.econst:.string:__ctypes_)
                  00309e9a    00000100     clock_p28FP.o28FP (.econst:_ti_sysbios_family_c28_Hwi_vectors)
                  00309f9a    000000b4     function.obj (.econst:_$P$T23$24)
                  0030a04e    000000b4     function.obj (.econst:_$P$T24$25)
                  0030a102    000000b4     function.obj (.econst:_$P$T27$28)
                  0030a1b6    0000005d     clock_p28FP.o28FP (.econst:.string)
                  0030a213    00000001     clock_p28FP.o28FP (.econst:ti_sysbios_family_c28_Hwi_Module__loggerDefined__C)
                  0030a214    00000058     ti.targets.rts2800.a28FP : Error.o28FP (.econst:.string)
                  0030a26c    00000052     clock_p28FP.o28FP (.econst:xdc_runtime_Text_nodeTab__A)
                  0030a2be    00000048     function.obj (.econst:_$P$T25$26)
                  0030a306    00000047     ti.targets.rts2800.a28FP : Log.o28FP (.econst:.string)
                  0030a34d    00000001     clock_p28FP.o28FP (.econst:ti_sysbios_family_c28_Hwi_NUM_INTERRUPTS_ALL__C)
                  0030a34e    00000043     ti.targets.rts2800.a28FP : Text.o28FP (.econst:.string)
                  0030a391    00000001     clock_p28FP.o28FP (.econst:ti_sysbios_family_c28_Hwi_Object__count__C)
                  0030a392    0000003c     function.obj (.econst:_$P$T41$42)
                  0030a3ce    0000003c     function.obj (.econst:_$P$T42$43)
                  0030a40a    0000003c     function.obj (.econst:_$P$T45$46)
                  0030a446    0000002a     ti.targets.rts2800.a28FP : Startup.o28FP (.econst:.string)
                  0030a470    00000026     rts2800_fpu32.lib : _printfi.obj (.econst:.string)
                  0030a496    0000001f     function.obj (.econst:.string)
                  0030a4b5    00000001     clock_p28FP.o28FP (.econst:ti_sysbios_family_c28_TaskSupport_Module__id__C)
                  0030a4b6    0000001e     function.obj (.econst:_$P$T15$16)
                  0030a4d4    0000001e     function.obj (.econst:_$P$T21$22)
                  0030a4f2    0000001e     function.obj (.econst:_$P$T29$30)
                  0030a510    0000001e     function.obj (.econst:_$P$T30$31)
                  0030a52e    0000001e     function.obj (.econst:_$P$T32$33)
                  0030a54c    0000001e     function.obj (.econst:_$P$T33$34)
                  0030a56a    0000001e     function.obj (.econst:_$P$T36$37)
                  0030a588    0000001e     function.obj (.econst:_$P$T38$39)
                  0030a5a6    0000001e     function.obj (.econst:_$P$T39$40)
                  0030a5c4    0000001e     function.obj (.econst:_$P$T47$48)
                  0030a5e2    0000001e     clock_p28FP.o28FP (.econst:xdc_runtime_LoggerBuf_Module__FXNS__C)
                  0030a600    0000001c     rts2800_fpu32.lib : _printfi.obj (.econst)
                  0030a61c    00000014                       : strtod.obj (.econst:_digits)
                  0030a630    00000014     clock_p28FP.o28FP (.econst:ti_sysbios_heaps_HeapMem_Module__FXNS__C)
                  0030a644    00000014     clock_p28FP.o28FP (.econst:xdc_runtime_Startup_sfxnTab__A)
                  0030a658    00000012     function.obj (.econst:_$P$T0$1)
                  0030a66a    00000012     function.obj (.econst:_$P$T1$2)
                  0030a67c    00000012     function.obj (.econst:_$P$T10$11)
                  0030a68e    00000012     function.obj (.econst:_$P$T11$12)
                  0030a6a0    00000012     function.obj (.econst:_$P$T12$13)
                  0030a6b2    00000012     function.obj (.econst:_$P$T14$15)
                  0030a6c4    00000012     function.obj (.econst:_$P$T17$18)
                  0030a6d6    00000012     function.obj (.econst:_$P$T2$3)
                  0030a6e8    00000012     function.obj (.econst:_$P$T3$4)
                  0030a6fa    00000012     function.obj (.econst:_$P$T4$5)
                  0030a70c    00000012     main.obj (.econst:_$P$T4$5)
                  0030a71e    00000012     main.obj (.econst:_$P$T5$6)
                  0030a730    00000012     function.obj (.econst:_$P$T7$8)
                  0030a742    00000012     function.obj (.econst:_$P$T8$9)
                  0030a754    00000012     function.obj (.econst:_$P$T9$10)
                  0030a766    00000012     clock_p28FP.o28FP (.econst:ti_sysbios_gates_GateHwi_Module__FXNS__C)
                  0030a778    00000012     clock_p28FP.o28FP (.econst:ti_sysbios_gates_GateMutex_Module__FXNS__C)
                  0030a78a    00000012     clock_p28FP.o28FP (.econst:ti_sysbios_heaps_HeapMem_Object__PARAMS__C)
                  0030a79c    00000012     clock_p28FP.o28FP (.econst:xdc_runtime_LoggerBuf_Object__PARAMS__C)
                  0030a7ae    00000011     ti.targets.rts2800.a28FP : System.o28FP (.econst:_digtohex)
                  0030a7bf    00000001     clock_p28FP.o28FP (.econst:ti_sysbios_family_c28_Timer_startupNeeded__C)
                  0030a7c0    00000010     clock_p28FP.o28FP (.econst:ti_sysbios_gates_GateHwi_Object__DESC__C)
                  0030a7d0    00000010     clock_p28FP.o28FP (.econst:ti_sysbios_gates_GateMutex_Object__DESC__C)
                  0030a7e0    00000010     clock_p28FP.o28FP (.econst:ti_sysbios_heaps_HeapMem_Object__DESC__C)
                  0030a7f0    00000010     clock_p28FP.o28FP (.econst:ti_sysbios_knl_Queue_Object__DESC__C)
                  0030a800    00000010     clock_p28FP.o28FP (.econst:ti_sysbios_knl_Semaphore_Object__DESC__C)
                  0030a810    00000010     clock_p28FP.o28FP (.econst:ti_sysbios_knl_Semaphore_Object__PARAMS__C)
                  0030a820    00000010     clock_p28FP.o28FP (.econst:xdc_runtime_LoggerBuf_Object__DESC__C)
                  0030a830    0000000c     main.obj (.econst:_$P$T0$1)
                  0030a83c    0000000c     main.obj (.econst:_$P$T13$14)
                  0030a848    0000000c     main.obj (.econst:_$P$T14$15)
                  0030a854    0000000c     rts2800_fpu32.lib : strtod.obj (.econst:_powerof10)
                  0030a860    0000000c     clock_p28FP.o28FP (.econst:ti_sysbios_gates_GateHwi_Object__PARAMS__C)
                  0030a86c    0000000c     clock_p28FP.o28FP (.econst:ti_sysbios_gates_GateMutex_Object__PARAMS__C)
                  0030a878    0000000c     clock_p28FP.o28FP (.econst:ti_sysbios_knl_Queue_Object__PARAMS__C)
                  0030a884    0000000a     clock_p28FP.o28FP (.econst:xdc_runtime_Startup_sfxnRts__A)
                  0030a88e    00000008     function.obj (.econst:_$P$T43$44)
                  0030a896    00000008     function.obj (.econst:_$P$T48$49)
                  0030a89e    00000008     rts2800_fpu32.lib : atan.obj (.econst:_a$1)
                  0030a8a6    00000008                       : atan2.obj (.econst:_a$1)
                  0030a8ae    00000007     ti.targets.rts2800.a28FP : System.o28FP (.econst:.string)
                  0030a8b5    00000001     clock_p28FP.o28FP (.econst:ti_sysbios_family_c28_TimestampProvider_Module__id__C)
                  0030a8b6    00000006     main.obj (.econst:_$P$T1$2)
                  0030a8bc    00000006     main.obj (.econst:_$P$T10$11)
                  0030a8c2    00000006     main.obj (.econst:_$P$T11$12)
                  0030a8c8    00000006     main.obj (.econst:_$P$T12$13)
                  0030a8ce    00000006     function.obj (.econst:_$P$T13$14)
                  0030a8d4    00000006     main.obj (.econst:_$P$T2$3)
                  0030a8da    00000006     main.obj (.econst:_$P$T3$4)
                  0030a8e0    00000006     function.obj (.econst:_$P$T5$6)
                  0030a8e6    00000006     function.obj (.econst:_$P$T6$7)
                  0030a8ec    00000006     main.obj (.econst:_$P$T6$7)
                  0030a8f2    00000006     main.obj (.econst:_$P$T7$8)
                  0030a8f8    00000006     main.obj (.econst:_$P$T8$9)
                  0030a8fe    00000006     main.obj (.econst:_$P$T9$10)
                  0030a904    00000005     ti.targets.rts2800.a28FP : Assert.o28FP (.econst:.string)
                  0030a909    00000001     clock_p28FP.o28FP (.econst:ti_sysbios_family_c28_TimestampProvider_useClockTimer__C)
                  0030a90a    00000004     rts2800_fpu32.lib : asin.obj (.econst:_c$1)
                  0030a90e    00000004     clock_p28FP.o28FP (.econst:ti_sysbios_knl_Idle_funcList__C)
                  0030a912    00000004     clock_p28FP.o28FP (.econst:xdc_runtime_Startup_firstFxns__A)
                  0030a916    00000004     clock_p28FP.o28FP (.econst:xdc_runtime_Startup_firstFxns__C)
                  0030a91a    00000004     clock_p28FP.o28FP (.econst:xdc_runtime_Startup_lastFxns__C)
                  0030a91e    00000002     rts2800_fpu32.lib : fputs.obj (.econst:.string)
                  0030a920    00000002     function.obj (.econst:_$P$T34$35)
                  0030a922    00000002     clock_p28FP.o28FP (.econst:ti_sysbios_family_c28_Hwi_A_badIntNum__C)
                  0030a924    00000002     clock_p28FP.o28FP (.econst:ti_sysbios_family_c28_Hwi_A_invalidArg__C)
                  0030a926    00000002     clock_p28FP.o28FP (.econst:ti_sysbios_family_c28_Hwi_E_unpluggedInterrupt__C)
                  0030a928    00000002     clock_p28FP.o28FP (.econst:ti_sysbios_family_c28_Hwi_LD_end__C)
                  0030a92a    00000002     clock_p28FP.o28FP (.econst:ti_sysbios_family_c28_Hwi_LM_begin__C)
                  0030a92c    00000002     clock_p28FP.o28FP (.econst:ti_sysbios_family_c28_Hwi_Module__diagsEnabled__C)
                  0030a92e    00000002     clock_p28FP.o28FP (.econst:ti_sysbios_family_c28_Hwi_Module__diagsIncluded__C)
                  0030a930    00000002     clock_p28FP.o28FP (.econst:ti_sysbios_family_c28_Hwi_Module__diagsMask__C)
                  0030a932    00000002     clock_p28FP.o28FP (.econst:ti_sysbios_family_c28_Hwi_Module__loggerFxn1__C)
                  0030a934    00000002     clock_p28FP.o28FP (.econst:ti_sysbios_family_c28_Hwi_Module__loggerFxn8__C)
                  0030a936    00000002     clock_p28FP.o28FP (.econst:ti_sysbios_family_c28_Hwi_Module__loggerObj__C)
                  0030a938    00000002     clock_p28FP.o28FP (.econst:ti_sysbios_family_c28_TaskSupport_E_invalidStack__C)
                  0030a93a    00000002     clock_p28FP.o28FP (.econst:ti_sysbios_family_c28_TimestampProvider_Module__diagsEnabled__C)
                  0030a93c    00000002     clock_p28FP.o28FP (.econst:ti_sysbios_family_c28_TimestampProvider_Module__diagsIncluded__C)
                  0030a93e    00000002     clock_p28FP.o28FP (.econst:ti_sysbios_family_c28_TimestampProvider_Module__diagsMask__C)
                  0030a940    00000002     clock_p28FP.o28FP (.econst:ti_sysbios_gates_GateMutex_A_badContext__C)
                  0030a942    00000002     clock_p28FP.o28FP (.econst:ti_sysbios_gates_GateMutex_Instance_State_sem__O)
                  0030a944    00000002     clock_p28FP.o28FP (.econst:ti_sysbios_gates_GateMutex_Module__diagsEnabled__C)
                  0030a946    00000002     clock_p28FP.o28FP (.econst:ti_sysbios_gates_GateMutex_Module__diagsIncluded__C)
                  0030a948    00000002     clock_p28FP.o28FP (.econst:ti_sysbios_gates_GateMutex_Module__diagsMask__C)
                  0030a94a    00000002     clock_p28FP.o28FP (.econst:ti_sysbios_hal_Hwi_E_stackOverflow__C)
                  0030a94c    00000002     clock_p28FP.o28FP (.econst:ti_sysbios_heaps_HeapMem_A_align__C)
                  0030a94e    00000002     clock_p28FP.o28FP (.econst:ti_sysbios_heaps_HeapMem_A_heapSize__C)
                  0030a950    00000002     clock_p28FP.o28FP (.econst:ti_sysbios_heaps_HeapMem_A_invalidFree__C)
                  0030a952    00000002     clock_p28FP.o28FP (.econst:ti_sysbios_heaps_HeapMem_A_zeroBlock__C)
                  0030a954    00000002     clock_p28FP.o28FP (.econst:ti_sysbios_heaps_HeapMem_E_memory__C)
                  0030a956    00000002     clock_p28FP.o28FP (.econst:ti_sysbios_heaps_HeapMem_Module__diagsEnabled__C)
                  0030a958    00000002     clock_p28FP.o28FP (.econst:ti_sysbios_heaps_HeapMem_Module__diagsIncluded__C)
                  0030a95a    00000002     clock_p28FP.o28FP (.econst:ti_sysbios_heaps_HeapMem_Module__diagsMask__C)
                  0030a95c    00000002     clock_p28FP.o28FP (.econst:ti_sysbios_heaps_HeapMem_Module__gateObj__C)
                  0030a95e    00000002     clock_p28FP.o28FP (.econst:ti_sysbios_heaps_HeapMem_reqAlign__C)
                  0030a960    00000002     clock_p28FP.o28FP (.econst:ti_sysbios_knl_Clock_LM_begin__C)
                  0030a962    00000002     clock_p28FP.o28FP (.econst:ti_sysbios_knl_Clock_LM_tick__C)
                  0030a964    00000002     clock_p28FP.o28FP (.econst:ti_sysbios_knl_Clock_LW_delayed__C)
                  0030a966    00000002     clock_p28FP.o28FP (.econst:ti_sysbios_knl_Clock_Module_State_clockQ__O)
                  0030a968    00000002     clock_p28FP.o28FP (.econst:ti_sysbios_knl_Clock_Module__diagsEnabled__C)
                  0030a96a    00000002     clock_p28FP.o28FP (.econst:ti_sysbios_knl_Clock_Module__diagsIncluded__C)
                  0030a96c    00000002     clock_p28FP.o28FP (.econst:ti_sysbios_knl_Clock_Module__diagsMask__C)
                  0030a96e    00000002     clock_p28FP.o28FP (.econst:ti_sysbios_knl_Clock_Module__loggerFxn1__C)
                  0030a970    00000002     clock_p28FP.o28FP (.econst:ti_sysbios_knl_Clock_Module__loggerFxn2__C)
                  0030a972    00000002     clock_p28FP.o28FP (.econst:ti_sysbios_knl_Clock_Module__loggerObj__C)
                  0030a974    00000002     clock_p28FP.o28FP (.econst:ti_sysbios_knl_Idle_funcList__A)
                  0030a976    00000002     clock_p28FP.o28FP (.econst:ti_sysbios_knl_Semaphore_A_badContext__C)
                  0030a978    00000002     clock_p28FP.o28FP (.econst:ti_sysbios_knl_Semaphore_A_noEvents__C)
                  0030a97a    00000002     clock_p28FP.o28FP (.econst:ti_sysbios_knl_Semaphore_A_overflow__C)
                  0030a97c    00000002     clock_p28FP.o28FP (.econst:ti_sysbios_knl_Semaphore_A_pendTaskDisabled__C)
                  0030a97e    00000002     clock_p28FP.o28FP (.econst:ti_sysbios_knl_Semaphore_Instance_State_pendQ__O)
                  0030a980    00000002     clock_p28FP.o28FP (.econst:ti_sysbios_knl_Semaphore_LM_pend__C)
                  0030a982    00000002     clock_p28FP.o28FP (.econst:ti_sysbios_knl_Semaphore_LM_post__C)
                  0030a984    00000002     clock_p28FP.o28FP (.econst:ti_sysbios_knl_Semaphore_Module__diagsEnabled__C)
                  0030a986    00000002     clock_p28FP.o28FP (.econst:ti_sysbios_knl_Semaphore_Module__diagsIncluded__C)
                  0030a988    00000002     clock_p28FP.o28FP (.econst:ti_sysbios_knl_Semaphore_Module__diagsMask__C)
                  0030a98a    00000002     clock_p28FP.o28FP (.econst:ti_sysbios_knl_Semaphore_Module__loggerFxn2__C)
                  0030a98c    00000002     clock_p28FP.o28FP (.econst:ti_sysbios_knl_Semaphore_Module__loggerFxn4__C)
                  0030a98e    00000002     clock_p28FP.o28FP (.econst:ti_sysbios_knl_Semaphore_Module__loggerObj__C)
                  0030a990    00000002     clock_p28FP.o28FP (.econst:ti_sysbios_knl_Swi_LD_end__C)
                  0030a992    00000002     clock_p28FP.o28FP (.econst:ti_sysbios_knl_Swi_LM_begin__C)
                  0030a994    00000002     clock_p28FP.o28FP (.econst:ti_sysbios_knl_Swi_LM_post__C)
                  0030a996    00000002     clock_p28FP.o28FP (.econst:ti_sysbios_knl_Swi_Module__diagsEnabled__C)
                  0030a998    00000002     clock_p28FP.o28FP (.econst:ti_sysbios_knl_Swi_Module__diagsIncluded__C)
                  0030a99a    00000002     clock_p28FP.o28FP (.econst:ti_sysbios_knl_Swi_Module__diagsMask__C)
                  0030a99c    00000002     clock_p28FP.o28FP (.econst:ti_sysbios_knl_Swi_Module__loggerFxn1__C)
                  0030a99e    00000002     clock_p28FP.o28FP (.econst:ti_sysbios_knl_Swi_Module__loggerFxn4__C)
                  0030a9a0    00000002     clock_p28FP.o28FP (.econst:ti_sysbios_knl_Swi_Module__loggerObj__C)
                  0030a9a2    00000002     clock_p28FP.o28FP (.econst:ti_sysbios_knl_Task_E_spOutOfBounds__C)
                  0030a9a4    00000002     clock_p28FP.o28FP (.econst:ti_sysbios_knl_Task_E_stackOverflow__C)
                  0030a9a6    00000002     clock_p28FP.o28FP (.econst:ti_sysbios_knl_Task_LD_block__C)
                  0030a9a8    00000002     clock_p28FP.o28FP (.econst:ti_sysbios_knl_Task_LD_exit__C)
                  0030a9aa    00000002     clock_p28FP.o28FP (.econst:ti_sysbios_knl_Task_LD_ready__C)
                  0030a9ac    00000002     clock_p28FP.o28FP (.econst:ti_sysbios_knl_Task_LM_switch__C)
                  0030a9ae    00000002     clock_p28FP.o28FP (.econst:ti_sysbios_knl_Task_Module_State_inactiveQ__O)
                  0030a9b0    00000002     clock_p28FP.o28FP (.econst:ti_sysbios_knl_Task_Module__diagsEnabled__C)
                  0030a9b2    00000002     clock_p28FP.o28FP (.econst:ti_sysbios_knl_Task_Module__diagsIncluded__C)
                  0030a9b4    00000002     clock_p28FP.o28FP (.econst:ti_sysbios_knl_Task_Module__diagsMask__C)
                  0030a9b6    00000002     clock_p28FP.o28FP (.econst:ti_sysbios_knl_Task_Module__loggerFxn2__C)
                  0030a9b8    00000002     clock_p28FP.o28FP (.econst:ti_sysbios_knl_Task_Module__loggerFxn4__C)
                  0030a9ba    00000002     clock_p28FP.o28FP (.econst:ti_sysbios_knl_Task_Module__loggerObj__C)
                  0030a9bc    00000002     clock_p28FP.o28FP (.econst:ti_sysbios_knl_Task_allBlockedFunc__C)
                  0030a9be    00000002     clock_p28FP.o28FP (.econst:xdc_runtime_Assert_E_assertFailed__C)
                  0030a9c0    00000002     clock_p28FP.o28FP (.econst:xdc_runtime_Core_A_initializedParams__C)
                  0030a9c2    00000002     clock_p28FP.o28FP (.econst:xdc_runtime_Core_Module__diagsEnabled__C)
                  0030a9c4    00000002     clock_p28FP.o28FP (.econst:xdc_runtime_Core_Module__diagsIncluded__C)
                  0030a9c6    00000002     clock_p28FP.o28FP (.econst:xdc_runtime_Core_Module__diagsMask__C)
                  0030a9c8    00000002     clock_p28FP.o28FP (.econst:xdc_runtime_Error_E_memory__C)
                  0030a9ca    00000002     clock_p28FP.o28FP (.econst:xdc_runtime_Error_Module__diagsEnabled__C)
                  0030a9cc    00000002     clock_p28FP.o28FP (.econst:xdc_runtime_Error_Module__diagsIncluded__C)
                  0030a9ce    00000002     clock_p28FP.o28FP (.econst:xdc_runtime_Error_Module__diagsMask__C)
                  0030a9d0    00000002     clock_p28FP.o28FP (.econst:xdc_runtime_Error_Module__loggerFxn8__C)
                  0030a9d2    00000002     clock_p28FP.o28FP (.econst:xdc_runtime_Error_Module__loggerObj__C)
                  0030a9d4    00000002     clock_p28FP.o28FP (.econst:xdc_runtime_Error_policyFxn__C)
                  0030a9d6    00000002     clock_p28FP.o28FP (.econst:xdc_runtime_Error_raiseHook__C)
                  0030a9d8    00000002     clock_p28FP.o28FP (.econst:xdc_runtime_IFilterLogger_Interface__BASE__C)
                  0030a9da    00000002     clock_p28FP.o28FP (.econst:xdc_runtime_IGateProvider_Interface__BASE__C)
                  0030a9dc    00000002     clock_p28FP.o28FP (.econst:xdc_runtime_IHeap_Interface__BASE__C)
                  0030a9de    00000002     clock_p28FP.o28FP (.econst:xdc_runtime_ILogger_Interface__BASE__C)
                  0030a9e0    00000002     clock_p28FP.o28FP (.econst:xdc_runtime_IModule_Interface__BASE__C)
                  0030a9e2    00000002     clock_p28FP.o28FP (.econst:xdc_runtime_Log_L_error__C)
                  0030a9e4    00000002     clock_p28FP.o28FP (.econst:xdc_runtime_LoggerBuf_E_badLevel__C)
                  0030a9e6    00000002     clock_p28FP.o28FP (.econst:xdc_runtime_LoggerBuf_Module__gateObj__C)
                  0030a9e8    00000002     clock_p28FP.o28FP (.econst:xdc_runtime_LoggerBuf_statusLogger__C)
                  0030a9ea    00000002     clock_p28FP.o28FP (.econst:xdc_runtime_Memory_defaultHeapInstance__C)
                  0030a9ec    00000002     clock_p28FP.o28FP (.econst:xdc_runtime_Startup_execImpl__C)
                  0030a9ee    00000002     clock_p28FP.o28FP (.econst:xdc_runtime_Startup_lastFxns__A)
                  0030a9f0    00000002     clock_p28FP.o28FP (.econst:xdc_runtime_Startup_sfxnRts__C)
                  0030a9f2    00000002     clock_p28FP.o28FP (.econst:xdc_runtime_Startup_sfxnTab__C)
                  0030a9f4    00000002     clock_p28FP.o28FP (.econst:xdc_runtime_SysMin_bufSize__C)
                  0030a9f6    00000002     clock_p28FP.o28FP (.econst:xdc_runtime_SysMin_outputFunc__C)
                  0030a9f8    00000002     clock_p28FP.o28FP (.econst:xdc_runtime_System_Module__gateObj__C)
                  0030a9fa    00000002     clock_p28FP.o28FP (.econst:xdc_runtime_System_abortFxn__C)
                  0030a9fc    00000002     clock_p28FP.o28FP (.econst:xdc_runtime_System_exitFxn__C)
                  0030a9fe    00000002     clock_p28FP.o28FP (.econst:xdc_runtime_System_extendFxn__C)
                  0030aa00    00000002     clock_p28FP.o28FP (.econst:xdc_runtime_Text_charTab__C)
                  0030aa02    00000002     clock_p28FP.o28FP (.econst:xdc_runtime_Text_nameEmpty__C)
                  0030aa04    00000002     clock_p28FP.o28FP (.econst:xdc_runtime_Text_nameStatic__C)
                  0030aa06    00000002     clock_p28FP.o28FP (.econst:xdc_runtime_Text_nameUnknown__C)
                  0030aa08    00000002     clock_p28FP.o28FP (.econst:xdc_runtime_Text_nodeTab__C)
                  0030aa0a    00000002     clock_p28FP.o28FP (.econst:xdc_runtime_Text_visitRopeFxn__C)
                  0030aa0c    00000001     clock_p28FP.o28FP (.econst:ti_sysbios_gates_GateMutex_Module__id__C)
                  0030aa0d    00000001     clock_p28FP.o28FP (.econst:ti_sysbios_hal_Hwi_Module__id__C)
                  0030aa0e    00000001     clock_p28FP.o28FP (.econst:ti_sysbios_heaps_HeapMem_Module__id__C)
                  0030aa0f    00000001     clock_p28FP.o28FP (.econst:ti_sysbios_heaps_HeapMem_Object__count__C)
                  0030aa10    00000001     clock_p28FP.o28FP (.econst:ti_sysbios_knl_Clock_Module__id__C)
                  0030aa11    00000001     clock_p28FP.o28FP (.econst:ti_sysbios_knl_Clock_Module__loggerDefined__C)
                  0030aa12    00000001     clock_p28FP.o28FP (.econst:ti_sysbios_knl_Semaphore_Module__id__C)
                  0030aa13    00000001     clock_p28FP.o28FP (.econst:ti_sysbios_knl_Semaphore_Module__loggerDefined__C)
                  0030aa14    00000001     clock_p28FP.o28FP (.econst:ti_sysbios_knl_Swi_Module__id__C)
                  0030aa15    00000001     clock_p28FP.o28FP (.econst:ti_sysbios_knl_Swi_Module__loggerDefined__C)
                  0030aa16    00000001     clock_p28FP.o28FP (.econst:ti_sysbios_knl_Swi_Object__count__C)
                  0030aa17    00000001     clock_p28FP.o28FP (.econst:ti_sysbios_knl_Task_Module__id__C)
                  0030aa18    00000001     clock_p28FP.o28FP (.econst:ti_sysbios_knl_Task_Module__loggerDefined__C)
                  0030aa19    00000001     clock_p28FP.o28FP (.econst:ti_sysbios_knl_Task_Object__count__C)
                  0030aa1a    00000001     clock_p28FP.o28FP (.econst:ti_sysbios_knl_Task_numConstructedTasks__C)
                  0030aa1b    00000001     clock_p28FP.o28FP (.econst:xdc_runtime_Core_Module__id__C)
                  0030aa1c    00000001     clock_p28FP.o28FP (.econst:xdc_runtime_Error_Module__loggerDefined__C)
                  0030aa1d    00000001     clock_p28FP.o28FP (.econst:xdc_runtime_Error_maxDepth__C)
                  0030aa1e    00000001     clock_p28FP.o28FP (.econst:xdc_runtime_Error_policy__C)
                  0030aa1f    00000001     clock_p28FP.o28FP (.econst:xdc_runtime_LoggerBuf_Module__id__C)
                  0030aa20    00000001     clock_p28FP.o28FP (.econst:xdc_runtime_LoggerBuf_Object__count__C)
                  0030aa21    00000001     clock_p28FP.o28FP (.econst:xdc_runtime_LoggerBuf_filterByLevel__C)
                  0030aa22    00000001     clock_p28FP.o28FP (.econst:xdc_runtime_Memory_Module__id__C)
                  0030aa23    00000001     clock_p28FP.o28FP (.econst:xdc_runtime_Startup_maxPasses__C)
                  0030aa24    00000001     clock_p28FP.o28FP (.econst:xdc_runtime_SysMin_flushAtExit__C)
                  0030aa25    00000001     clock_p28FP.o28FP (.econst:xdc_runtime_System_maxAtexitHandlers__C)
                  0030aa26    00000001     clock_p28FP.o28FP (.econst:xdc_runtime_Text_charCnt__C)
                  0030aa27    00000001     clock_p28FP.o28FP (.econst:xdc_runtime_Text_isLoaded__C)
                  0030aa28    00000001     clock_p28FP.o28FP (.econst:xdc_runtime_Text_registryModsLastId__C)
                  0030aa29    00000001     clock_p28FP.o28FP (.econst:xdc_runtime_Text_unnamedModsLastId__C)

.cinit     0    0030aa2a    0000044e     
                  0030aa2a    0000037f     clock_p28FP.o28FP (.cinit)
                  0030ada9    00000056     main.obj (.cinit)
                  0030adff    00000031     rts2800_fpu32.lib : lowlev.obj (.cinit)
                  0030ae30    0000002a                       : defs.obj (.cinit)
                  0030ae5a    0000000a                       : exit.obj (.cinit)
                  0030ae64    00000005                       : _lock.obj (.cinit:__lock)
                  0030ae69    00000005                       : _lock.obj (.cinit:__unlock)
                  0030ae6e    00000004                       : errno.obj (.cinit)
                  0030ae72    00000004                       : fopen.obj (.cinit)
                  0030ae76    00000002     --HOLE-- [fill = 0]

.switch    0    0030ae78    0000001c     
                  0030ae78    0000001c     sysbios.a28FP : BIOS.obj (.switch:_ti_sysbios_family_c28_Hwi_clearInterrupt__E)

ramfuncs   0    0030ae94    00000004     
                  0030ae94    00000004     DSP2834x_usDelay.obj (ramfuncs)

.cio       1    00000040    00000120     UNINITIALIZED
                  00000040    00000120     rts2800_fpu32.lib : ankmsg.obj (.cio)

DevEmuRegsFile 
*          1    00000880    000000d0     UNINITIALIZED
                  00000880    000000d0     DSP2834x_GlobalVariableDefs.obj (DevEmuRegsFile)

CsmRegsFile 
*          1    00000ae0    00000010     UNINITIALIZED
                  00000ae0    00000010     DSP2834x_GlobalVariableDefs.obj (CsmRegsFile)

XintfRegsFile 
*          1    00000b20    0000001e     UNINITIALIZED
                  00000b20    0000001e     DSP2834x_GlobalVariableDefs.obj (XintfRegsFile)

CpuTimer0RegsFile 
*          1    00000c00    00000008     UNINITIALIZED
                  00000c00    00000008     DSP2834x_GlobalVariableDefs.obj (CpuTimer0RegsFile)

CpuTimer1RegsFile 
*          1    00000c08    00000008     UNINITIALIZED
                  00000c08    00000008     DSP2834x_GlobalVariableDefs.obj (CpuTimer1RegsFile)

CpuTimer2RegsFile 
*          1    00000c10    00000008     UNINITIALIZED
                  00000c10    00000008     DSP2834x_GlobalVariableDefs.obj (CpuTimer2RegsFile)

PieCtrlRegsFile 
*          1    00000ce0    0000001a     UNINITIALIZED
                  00000ce0    0000001a     DSP2834x_GlobalVariableDefs.obj (PieCtrlRegsFile)

DmaRegsFile 
*          1    00001000    000000e0     UNINITIALIZED
                  00001000    000000e0     DSP2834x_GlobalVariableDefs.obj (DmaRegsFile)

McbspaRegsFile 
*          1    00005000    00000025     UNINITIALIZED
                  00005000    00000025     DSP2834x_GlobalVariableDefs.obj (McbspaRegsFile)

McbspbRegsFile 
[...]
0     0030a9c8  _xdc_runtime_Error_E_memory__C                                   
0     0030a9ca  _xdc_runtime_Error_Module__diagsEnabled__C                       
0     0030a9cc  _xdc_runtime_Error_Module__diagsIncluded__C                      
0     0030a9ce  _xdc_runtime_Error_Module__diagsMask__C                          
0     0030a9d0  _xdc_runtime_Error_Module__loggerFxn8__C                         
0     0030a9d2  _xdc_runtime_Error_Module__loggerObj__C                          
0     0030a9d4  _xdc_runtime_Error_policyFxn__C                                  
0     0030a9d6  _xdc_runtime_Error_raiseHook__C                                  
0     0030a9d8  _xdc_runtime_IFilterLogger_Interface__BASE__C                    
0     0030a9da  _xdc_runtime_IGateProvider_Interface__BASE__C                    
0     0030a9dc  _xdc_runtime_IHeap_Interface__BASE__C                            
0     0030a9de  _xdc_runtime_ILogger_Interface__BASE__C                          
0     0030a9e0  _xdc_runtime_IModule_Interface__BASE__C                          
0     0030a9e2  _xdc_runtime_Log_L_error__C                                      
0     0030a9e4  _xdc_runtime_LoggerBuf_E_badLevel__C                             
0     0030a9e6  _xdc_runtime_LoggerBuf_Module__gateObj__C                        
0     0030a9e8  _xdc_runtime_LoggerBuf_statusLogger__C                           
0     0030a9ea  _xdc_runtime_Memory_defaultHeapInstance__C                       
0     0030a9ec  _xdc_runtime_Startup_execImpl__C                                 
0     0030a9ee  _xdc_runtime_Startup_lastFxns__A                                 
0     0030a9f0  _xdc_runtime_Startup_sfxnRts__C                                  
0     0030a9f2  _xdc_runtime_Startup_sfxnTab__C                                  
0     0030a9f4  _xdc_runtime_SysMin_bufSize__C                                   
0     0030a9f6  _xdc_runtime_SysMin_outputFunc__C                                
0     0030a9f8  _xdc_runtime_System_Module__gateObj__C                           
0     0030a9fa  _xdc_runtime_System_abortFxn__C                                  
0     0030a9fc  _xdc_runtime_System_exitFxn__C                                   
0     0030a9fe  _xdc_runtime_System_extendFxn__C                                 
0     0030aa00  _xdc_runtime_Text_charTab__C                                     
0     0030aa02  _xdc_runtime_Text_nameEmpty__C                                   
0     0030aa04  _xdc_runtime_Text_nameStatic__C                                  
0     0030aa06  _xdc_runtime_Text_nameUnknown__C                                 
0     0030aa08  _xdc_runtime_Text_nodeTab__C                                     
0     0030aa0a  _xdc_runtime_Text_visitRopeFxn__C                                
0     0030aa0c  _ti_sysbios_gates_GateMutex_Module__id__C                        
0     0030aa0d  _ti_sysbios_hal_Hwi_Module__id__C                                
0     0030aa0e  _ti_sysbios_heaps_HeapMem_Module__id__C                          
0     0030aa0f  _ti_sysbios_heaps_HeapMem_Object__count__C                       
0     0030aa10  _ti_sysbios_knl_Clock_Module__id__C                              
0     0030aa11  _ti_sysbios_knl_Clock_Module__loggerDefined__C                   
0     0030aa12  _ti_sysbios_knl_Semaphore_Module__id__C                          
0     0030aa13  _ti_sysbios_knl_Semaphore_Module__loggerDefined__C               
0     0030aa14  _ti_sysbios_knl_Swi_Module__id__C                                
0     0030aa15  _ti_sysbios_knl_Swi_Module__loggerDefined__C                     
0     0030aa16  _ti_sysbios_knl_Swi_Object__count__C                             
0     0030aa17  _ti_sysbios_knl_Task_Module__id__C                               
0     0030aa18  _ti_sysbios_knl_Task_Module__loggerDefined__C                    
0     0030aa19  _ti_sysbios_knl_Task_Object__count__C                            
0     0030aa1a  _ti_sysbios_knl_Task_numConstructedTasks__C                      
0     0030aa1b  _xdc_runtime_Core_Module__id__C                                  
0     0030aa1c  _xdc_runtime_Error_Module__loggerDefined__C                      
0     0030aa1d  _xdc_runtime_Error_maxDepth__C                                   
0     0030aa1e  _xdc_runtime_Error_policy__C                                     
0     0030aa1f  _xdc_runtime_LoggerBuf_Module__id__C                             
0     0030aa20  _xdc_runtime_LoggerBuf_Object__count__C                          
0     0030aa21  _xdc_runtime_LoggerBuf_filterByLevel__C                          
0     0030aa22  _xdc_runtime_Memory_Module__id__C                                
0     0030aa23  _xdc_runtime_Startup_maxPasses__C                                
0     0030aa24  _xdc_runtime_SysMin_flushAtExit__C                               
0     0030aa25  _xdc_runtime_System_maxAtexitHandlers__C                         
0     0030aa26  _xdc_runtime_Text_charCnt__C                                     
0     0030aa27  _xdc_runtime_Text_isLoaded__C                                    
0     0030aa28  _xdc_runtime_Text_registryModsLastId__C                          
0     0030aa29  _xdc_runtime_Text_unnamedModsLastId__C                           
0     0030aa2a  ___cinit__                                                       
0     0030aa2a  cinit                                                            
0     0030ae94  _DSP28x_usDelay                                                  
1     00000040  __CIOBUF_                                                        
1     00000880  _DevEmuRegs                                                      
1     00000ae0  _CsmRegs                                                         
1     00000b20  _XintfRegs                                                       
1     00000c00  _CpuTimer0Regs                                                   
1     00000c08  _CpuTimer1Regs                                                   
1     00000c10  _CpuTimer2Regs                                                   
1     00000ce0  _PieCtrlRegs                                                     
1     00001000  _DmaRegs                                                         
1     00005000  _McbspaRegs                                                      
1     00005040  _McbspbRegs                                                      
1     00006000  _ECanaRegs                                                       
1     00006040  _ECanaLAMRegs                                                    
1     00006080  _ECanaMOTSRegs                                                   
1     000060c0  _ECanaMOTORegs                                                   
1     00006100  _ECanaMboxes                                                     
1     00006200  _ECanbRegs                                                       
1     00006240  _ECanbLAMRegs                                                    
1     00006280  _ECanbMOTSRegs                                                   
1     000062c0  _ECanbMOTORegs                                                   
1     00006300  _ECanbMboxes                                                     
1     00006600  _EPwm9Regs                                                       
1     00006800  _EPwm1Regs                                                       
1     00006840  _EPwm2Regs                                                       
1     00006880  _EPwm3Regs                                                       
1     000068c0  _EPwm4Regs                                                       
1     00006900  _EPwm5Regs                                                       
1     00006940  _EPwm6Regs                                                       
1     00006980  _EPwm7Regs                                                       
1     000069c0  _EPwm8Regs                                                       
1     00006a00  _ECap1Regs                                                       
1     00006a20  _ECap2Regs                                                       
1     00006a40  _ECap3Regs                                                       
1     00006a60  _ECap4Regs                                                       
1     00006a80  _ECap5Regs                                                       
1     00006aa0  _ECap6Regs                                                       
1     00006b00  _EQep1Regs                                                       
1     00006b40  _EQep2Regs                                                       
1     00006b80  _EQep3Regs                                                       
1     00006f80  _GpioCtrlRegs                                                    
1     00006fc0  _GpioDataRegs                                                    
1     00006fe0  _GpioIntRegs                                                     
1     00007010  _SysCtrlRegs                                                     
1     00007040  _SpiaRegs                                                        
1     00007050  _SciaRegs                                                        
1     00007070  _XIntruptRegs                                                    
1     00007750  _ScibRegs                                                        
1     00007770  _ScicRegs                                                        
1     00007780  _SpidRegs                                                        
1     00007900  _I2caRegs                                                        
1     00008000  _aligned                                                         
1     00008001  _dataisincorrect                                                 
1     00008002  _GPS_count                                                       
1     00008003  _flagGPS                                                         
1     00008004  _linenum                                                         
1     00008006  _R_hgt                                                           
1     00008008  _time_p                                                          
1     0000800a  _Baro_data                                                       
1     0000800c  _pitch_init                                                      
1     0000800e  _yaw_init                                                        
1     00008010  _mean_BaroOffset                                                 
1     00008012  _validrow                                                        
1     00008014  _rm                                                              
1     00008016  _roll_init                                                       
1     00008018  _rp                                                              
1     0000801a  _gps_tmp                                                         
1     0000801c  _baro_tmp                                                        
1     0000801e  _wbib                                                            
1     00008024  _fb                                                              
1     0000802a  _g                                                               
1     00008030  _Wbib                                                            
1     00008036  _fn                                                              
1     00008040  _mean_gyr                                                        
1     00008046  _mean_acc                                                        
1     0000804c  _Fb                                                              
1     00008052  _wbnb                                                            
1     00008058  _INSDegPos                                                       
1     0000805e  _INSRadPos                                                       
1     00008064  _INSRadEulr                                                      
1     0000806a  _INSDegEulr                                                      
1     00008070  _INSMpsVned                                                      
1     00008076  _Bg                                                              
1     00008080  _Ba                                                              
1     00008086  _wnin                                                            
1     0000808c  _wnen                                                            
1     00008092  _wnie                                                            
1     00008098  _wbin                                                            
1     0000809e  _INSMpsVb                                                        
1     000080a4  _Ba_init                                                         
1     000080aa  _Bg_init                                                         
1     000080b0  _INSQT                                                           
1     000080b8  _R_latlon                                                        
1     000080c0  _Qvec                                                            
1     000080cc  _Measurementlatlon                                               
1     000080d8  _gps_data                                                        
1     000080e4  _MeasurementPV                                                   
1     00008100  _INSDCMCbn                                                       
1     00008112  _INSDCMCnb                                                       
1     00008140  _H_hgt                                                           
1     0000815e  _estX                                                            
1     00008180  _parsedPrevious                                                  
1     000081a0  _parsedIMUGPS                                                    
1     000081c0  _H_latlon                                                        
1     00008200  _R_PV                                                            
1     00008280  _H_PV                                                            
1     00008340  _H_Zupt                                                          
1     00008400  _P_DB                                                            
1     00008600  _PHI                                                             
1     00008800  _F                                                               
1     000089ca  ___TI_cleanup_ptr                                                
1     000089cc  ___TI_dtors_ptr                                                  
1     000089ce  __lock                                                           
1     000089d0  __unlock                                                         
1     000089d2  _errno                                                           
1     00008a00  _xdc_runtime_Error_Module__state__V                              
1     00008a02  ___xdc__init__addr                                               
1     00008a04  _ti_sysbios_knl_Task_Module_State_0_idleTask__A                  
1     00008a06  _xdc_runtime_Memory_Module__state__V                             
1     00008a08  _ti_sysbios_gates_GateHwi_Object__table__V                       
1     00008a0a  _xdc_runtime_LoggerBuf_Module__state__V                          
1     00008a0e  _ti_sysbios_family_c28_Timer_Module__root__V                     
1     00008a12  _ti_sysbios_hal_Hwi_Module__root__V                              
1     00008a16  _ti_sysbios_family_c28_Hwi_Module__root__V                       
1     00008a1a  _xdc_runtime_Registry_Module__state__V                           
1     00008a1e  _ti_sysbios_knl_Swi_Module__root__V                              
1     00008a22  _ti_sysbios_gates_GateMutex_Module__root__V                      
1     00008a26  _ti_sysbios_knl_Semaphore_Module__root__V                        
1     00008a2a  _ti_sysbios_gates_GateHwi_Module__root__V                        
1     00008a2e  _ti_sysbios_knl_Task_Module__root__V                             
1     00008a32  _xdc_runtime_LoggerBuf_Module__root__V                           
1     00008a36  _xdc_runtime_Text_Module__state__V                               
1     00008a3a  _ti_sysbios_knl_Queue_Module__root__V                            
1     00008a40  _xdc_runtime_SysMin_Module__state__V                             
1     00008a44  _ti_sysbios_knl_Clock_Module__root__V                            
1     00008a48  _ti_sysbios_family_c28_TimestampProvider_Module__state__V        
1     00008a4c  _ti_sysbios_heaps_HeapMem_Module__root__V                        
1     00008a50  _xdc_runtime_Startup_Module__state__V                            
1     00008a54  _xdc_runtime_System_Module__state__V                             
1     00008a58  _xdc_runtime_System_Module_State_0_atexitHandlers__A             
1     00008a60  _ti_sysbios_family_c28_Timer_Module__state__V                    
1     00008a68  _ti_sysbios_heaps_HeapMem_Object__table__V                       
1     00008a74  _ti_sysbios_knl_Swi_Module__state__V                             
1     00008a80  _ti_sysbios_family_c28_Hwi_Module__state__V                      
1     00008a90  _xdc_runtime_LoggerBuf_Object__table__V                          
1     00008aa2  _ti_sysbios_BIOS_Module__state__V                                
1     00008ac0  _ti_sysbios_knl_Swi_Object__table__V                             
1     00008ad4  _ti_sysbios_knl_Clock_Module__state__V                           
1     00008b00  _ti_sysbios_gates_GateMutex_Object__table__V                     
1     00008b1c  _ti_sysbios_knl_Task_Module__state__V                            
1     00008b40  _ti_sysbios_family_c28_Hwi_Object__table__V                      
1     00008b80  _ti_sysbios_knl_Task_Object__table__V                            
1     00008bc0  _ti_sysbios_family_c28_Timer_Object__table__V                    
1     00008c00  _ti_sysbios_knl_Swi_Module_State_0_readyQ__A                     
1     00008c40  _ti_sysbios_knl_Task_Module_State_0_readyQ__A                    
1     00008c80  _ti_sysbios_family_c28_Hwi_Module_State_0_dispatchTable__A       
1     00008d80  _xdc_runtime_SysMin_Module_State_0_outbuf__A                     
1     00008e80  _xdc_runtime_LoggerBuf_Instance_State_0_entryArr__A              
1     00009080  _ti_sysbios_knl_Task_Instance_State_0_stack__A                   
1     00009180  _ti_sysbios_heaps_HeapMem_Instance_State_0_buf__A                
1     000093c0  ___TI_ft_end                                                     
1     00009400  __ftable                                                         
1     00009480  ___TI_tmpnams                                                    
1     000095c8  __stack                                                          
1     000099c8  __STACK_END                                                      
1     003f7ff8  _CsmPwl                                                          
abs   00000001  _xdc_runtime_Startup__EXECFXN__C                                 
abs   00000001  _xdc_runtime_Startup__RESETFXN__C                                
abs   00000400  __STACK_SIZE                                                     
abs   ffffffff  ___binit__                                                       
abs   ffffffff  ___c_args__                                                      
abs   ffffffff  ___pinit__                                                       
abs   ffffffff  binit                                                            
abs   ffffffff  pinit                                                            

[871 symbols]
