******************************************************************************
             TMS320C2000 Linker PC v6.4.6                      
******************************************************************************
>> Linked Thu Sep 10 14:22:07 2020

OUTPUT FILE NAME:   <TMS320C28346.out>
ENTRY POINT SYMBOL: "_c_int00"  address: 00304d61


MEMORY CONFIGURATION

         name            origin    length      used     unused   attr    fill
----------------------  --------  ---------  --------  --------  ----  --------
PAGE 0:
  BEGIN                 00000000   00000002  00000002  00000000  RWIX
  H05SARAM              00300000   00030000  0000b117  00024ee9  RWIX
  CSM_RSVD              0033ff80   00000076  00000000  00000076  RWIX
  CSM_PWL               0033fff8   00000008  00000000  00000008  RWIX
  IQTABLES              003fe000   00000b50  00000000  00000b50  RWIX
  IQTABLES2             003feb50   0000008c  00000000  0000008c  RWIX
  FPUTABLES             003febdc   000006a0  00000000  000006a0  RWIX
  BOOTROM               003ff27c   00000d44  00000000  00000d44  RWIX
  RESET                 003fffc0   00000002  00000000  00000002  RWIX

PAGE 1:
  M01SARAM              00000002   000007fe  00000120  000006de  RWIX
  DEV_EMU               00000880   00000180  000000d0  000000b0  RWIX
  CSM                   00000ae0   00000010  00000010  00000000  RWIX
  XINTF                 00000b20   00000020  0000001e  00000002  RWIX
  CPU_TIMER0            00000c00   00000008  00000008  00000000  RWIX
  CPU_TIMER1            00000c08   00000008  00000008  00000000  RWIX
  CPU_TIMER2            00000c10   00000008  00000008  00000000  RWIX
  PIE_CTRL              00000ce0   00000020  0000001a  00000006  RWIX
  PIEVECT               00000d00   00000100  00000000  00000100  RWIX
  DMA                   00001000   00000200  000000e0  00000120  RWIX
  MCBSPA                00005000   00000040  00000025  0000001b  RWIX
  MCBSPB                00005040   00000040  00000025  0000001b  RWIX
  ECANA                 00006000   00000040  00000034  0000000c  RWIX
  ECANA_LAM             00006040   00000040  00000040  00000000  RWIX
  ECANA_MOTS            00006080   00000040  00000040  00000000  RWIX
  ECANA_MOTO            000060c0   00000040  00000040  00000000  RWIX
  ECANA_MBOX            00006100   00000100  00000100  00000000  RWIX
  ECANB                 00006200   00000040  00000034  0000000c  RWIX
  ECANB_LAM             00006240   00000040  00000040  00000000  RWIX
  ECANB_MOTS            00006280   00000040  00000040  00000000  RWIX
  ECANB_MOTO            000062c0   00000040  00000040  00000000  RWIX
  ECANB_MBOX            00006300   00000100  00000100  00000000  RWIX
  EPWM9                 00006600   00000022  00000022  00000000  RWIX
  EPWM1                 00006800   00000022  00000022  00000000  RWIX
  EPWM2                 00006840   00000022  00000022  00000000  RWIX
  EPWM3                 00006880   00000022  00000022  00000000  RWIX
  EPWM4                 000068c0   00000022  00000022  00000000  RWIX
  EPWM5                 00006900   00000022  00000022  00000000  RWIX
  EPWM6                 00006940   00000022  00000022  00000000  RWIX
  EPWM7                 00006980   00000022  00000022  00000000  RWIX
  EPWM8                 000069c0   00000022  00000022  00000000  RWIX
  ECAP1                 00006a00   00000020  00000020  00000000  RWIX
  ECAP2                 00006a20   00000020  00000020  00000000  RWIX
  ECAP3                 00006a40   00000020  00000020  00000000  RWIX
  ECAP4                 00006a60   00000020  00000020  00000000  RWIX
  ECAP5                 00006a80   00000020  00000020  00000000  RWIX
  ECAP6                 00006aa0   00000020  00000020  00000000  RWIX
  EQEP1                 00006b00   00000040  00000040  00000000  RWIX
  EQEP2                 00006b40   00000040  00000040  00000000  RWIX
  EQEP3                 00006b80   00000040  00000040  00000000  RWIX
  GPIOCTRL              00006f80   00000040  0000002e  00000012  RWIX
  GPIODAT               00006fc0   00000020  00000020  00000000  RWIX
  GPIOINT               00006fe0   00000020  0000000a  00000016  RWIX
  SYSTEM                00007010   00000021  00000020  00000001  RWIX
  SPIA                  00007040   00000010  00000010  00000000  RWIX
  SCIA                  00007050   00000010  00000010  00000000  RWIX
  XINTRUPT              00007070   00000010  00000010  00000000  RWIX
  ADC                   00007100   00000020  00000000  00000020  RWIX
  SCIB                  00007750   00000010  00000010  00000000  RWIX
  SCIC                  00007770   00000010  00000010  00000000  RWIX
  SPID                  00007780   00000010  00000010  00000000  RWIX
  I2CA                  00007900   00000040  00000022  0000001e  RWIX
  L03SARAM              00008000   00008000  00001ac8  00006538  RWIX
  L47SARAM              00010000   00008000  00000000  00008000  RWIX
  CSM_PWL               003f7ff8   00000008  00000008  00000000  RWIX


SECTION ALLOCATION MAP

 output                                  attributes/
section   page    origin      length       input sections
--------  ----  ----------  ----------   ----------------
PieVectTableFile 
*          1    00000d00    00000100     DSECT
                  00000d00    00000100     DSP2834x_GlobalVariableDefs.obj (PieVectTableFile)

codestart 
*          0    00000000    00000002     
                  00000000    00000002     DSP2834x_CodeStartBranch.obj (codestart)

.text      0    00300000    00006fc3     
                  00300000    00000bfd     rts2800_fpu32.lib : _printfi.obj (.text)
                  00300bfd    0000041a     function.obj (.text:_GenINSFmatrix15)
                  00301017    00000383     main.obj (.text:_align_process)
                  0030139a    0000025f     ti.targets.rts2800.a28FP : System.o28FP (.text:_xdc_runtime_System_doPrint__I)
                  003015f9    00000226     rts2800_fpu32.lib : lowlev.obj (.text)
                  0030181f    00000206                       : trgdrv.obj (.text)
                  00301a25    00000200     function.obj (.text:_inv_mat)
                  00301c25    000001ee     main.obj (.text:_pre_process)
                  00301e13    000001e1     sysbios.a28FP : BIOS.obj (.text:_ti_sysbios_knl_Semaphore_pend__E)
                  00301ff4    000001af     function.obj (.text:_InsKf15_predict)
                  003021a3    000001aa     sysbios.a28FP : BIOS.obj (.text:_ti_sysbios_heaps_HeapMem_freeUnprotected__E)
                  0030234d    00000191     function.obj (.text:_InsKf15_updateHgt)
                  003024de    00000191     function.obj (.text:_InsKf15_updatePV)
                  0030266f    00000191     function.obj (.text:_InsKf15_updatelatlon)
                  00302800    00000185     function.obj (.text:_Correction)
                  00302985    00000177     sysbios.a28FP : BIOS.obj (.text:_ti_sysbios_heaps_HeapMem_allocUnprotected__E)
                  00302afc    00000122     function.obj (.text:_QuatUpdate)
                  00302c1e    00000122     rts2800_fpu32.lib : strtod.obj (.text)
                  00302d40    00000107                       : ll_div.obj (.text)
                  00302e47    00000103                       : fopen.obj (.text)
                  00302f4a    000000f3     sysbios.a28FP : BIOS.obj (.text:_ti_sysbios_heaps_HeapMem_Instance_init__E)
                  0030303d    000000e8                   : BIOS.obj (.text:_ti_sysbios_family_c28_Hwi_clearInterrupt__E)
                  00303125    000000df     ti.targets.rts2800.a28FP : LoggerBuf.o28FP (.text:_xdc_runtime_LoggerBuf_write8__E)
                  00303204    000000db     function.obj (.text:_qua2dcm)
                  003032df    000000d7     main.obj (.text:_init_data_00)
                  003033b6    000000d7     ti.targets.rts2800.a28FP : Core-mem.o28FP (.text:_xdc_runtime_Core_createObject__I)
                  0030348d    000000c9     rts2800_fpu32.lib : atan2.obj (.text)
                  00303556    000000c1     sysbios.a28FP : BIOS.obj (.text:_ti_sysbios_family_c28_Hwi_dispatchCore__I)
                  00303617    000000c0     clock_p28FP.o28FP (.text:_xdc_runtime_System_printfExtend__I)
                  003036d7    000000be     function.obj (.text:_gravity_wgs84)
                  00303795    000000ba     sysbios.a28FP : BIOS.obj (.text:_ti_sysbios_knl_Semaphore_post__E)
                  0030384f    000000b8     main.obj (.text:_main)
                  00303907    000000b7     sysbios.a28FP : BIOS.obj (.text:_ti_sysbios_knl_Clock_workFunc__E)
                  003039be    000000b4     main.obj (.text:_init_data_02)
                  00303a72    000000b2     rts2800_fpu32.lib : fputs.obj (.text)
                  00303b24    000000b1     function.obj (.text:_eulr2dcm)
                  00303bd5    000000af     sysbios.a28FP : BIOS.obj (.text:_ti_sysbios_knl_Swi_run__I)
                  00303c84    000000a5     ti.targets.rts2800.a28FP : Error.o28FP (.text:_xdc_runtime_Error_policyDefault__E)
                  00303d29    000000a2     main.obj (.text:_read_data)
                  00303dcb    000000a2     ti.targets.rts2800.a28FP : Core-smem.o28FP (.text:_xdc_runtime_Core_constructObject__I)
                  00303e6d    0000009e     function.obj (.text:_eulr2qua)
                  00303f0b    0000009c     rts2800_fpu32.lib : fd_add.obj (.text)
                  00303fa7    0000009b     sysbios.a28FP : c28_Hwi_disp_asm.obj (.text:_ti_sysbios_family_c28_Hwi_dispatch)
                  00304042    00000099     function.obj (.text:_NavRotation)
                  003040db    00000096     sysbios.a28FP : BIOS.obj (.text:_ti_sysbios_family_c28_Hwi_enableInterrupt__E)
                  00304171    00000095     ti.targets.rts2800.a28FP : LoggerBuf.o28FP (.text:_xdc_runtime_LoggerBuf_write4__E)
                  00304206    00000094     rts2800_fpu32.lib : ankmsg.obj (.text)
                  0030429a    0000008c     function.obj (.text:_delRadicurv)
                  00304326    0000008b     rts2800_fpu32.lib : fd_div.obj (.text)
                  003043b1    0000008a                       : setvbuf.obj (.text)
                  0030443b    00000088     sysbios.a28FP : BIOS.obj (.text:_ti_sysbios_family_c28_Hwi_disableInterrupt__E)
                  003044c3    00000088     rts2800_fpu32.lib : fs_div.obj (.text)
                  0030454b    00000083                       : fd_mpy.obj (.text)
                  003045ce    00000081     sysbios.a28FP : BIOS.obj (.text:_ti_sysbios_family_c28_Hwi_disablePIEIER__E)
                  0030464f    00000080                   : BIOS.obj (.text:_ti_sysbios_family_c28_Hwi_enablePIEIER__E)
                  003046cf    0000007d     ti.targets.rts2800.a28FP : Startup.o28FP (.text:_xdc_runtime_Startup_startMods__I)
                  0030474c    0000007c     rts2800_fpu32.lib : asin.obj (.text)
                  003047c8    0000007b     ti.targets.rts2800.a28FP : Text.o28FP (.text:_xdc_runtime_Text_putSite__E)
                  00304843    00000077     sysbios.a28FP : BIOS.obj (.text:_ti_sysbios_knl_Task_checkStacks__E)
                  003048ba    00000076     rts2800_fpu32.lib : fflush.obj (.text)
                  00304930    00000072     sysbios.a28FP : BIOS.obj (.text:_ti_sysbios_gates_GateMutex_enter__E)
                  003049a2    00000072     rts2800_fpu32.lib : atan.obj (.text)
                  00304a14    00000071     sysbios.a28FP : BIOS.obj (.text:_ti_sysbios_knl_Task_startCore__E)
                  00304a85    0000006f                   : BIOS.obj (.text:_ti_sysbios_knl_Task_schedule__I)
                  00304af4    0000006c                   : BIOS.obj (.text:_ti_sysbios_knl_Semaphore_Instance_init__E)
                  00304b60    00000068     rts2800_fpu32.lib : exp.obj (.text)
                  00304bc8    00000067     DSP2834x_SysCtrl.obj (.text:_InitPll)
                  00304c2f    00000067     rts2800_fpu32.lib : _io_perm.obj (.text)
                  00304c96    00000066     sysbios.a28FP : BIOS.obj (.text:_ti_sysbios_family_c28_Timer_stopAndClear__I)
                  00304cfc    00000065     main.obj (.text:_init_data_04)
                  00304d61    00000063     boot.a28FP : boot_cg.o28FP (.text)
                  00304dc4    00000062     rts2800_fpu32.lib : tan.obj (.text)
                  00304e26    00000061                       : cos.obj (.text)
                  00304e87    00000060     DSP2834x_SysCtrl.obj (.text:_InitPeripheralClocks)
                  00304ee7    00000060     sysbios.a28FP : BIOS.obj (.text:_ti_sysbios_knl_Swi_post__E)
                  00304f47    00000060                   : BIOS.obj (.text:_ti_sysbios_knl_Task_blockI__E)
                  00304fa7    0000005f     rts2800_fpu32.lib : fclose.obj (.text)
                  00305006    0000005b                       : pow.obj (.text)
                  00305061    00000058                       : sin.obj (.text)
                  003050b9    00000057     sysbios.a28FP : BIOS.obj (.text:_ti_sysbios_knl_Task_exit__E)
                  00305110    00000054     rts2800_fpu32.lib : fputc.obj (.text)
                  00305164    00000052     function.obj (.text:_MatMult)
                  003051b6    00000051     sysbios.a28FP : BIOS.obj (.text:_ti_sysbios_knl_Task_unblockI__E)
                  00305207    00000051     ti.targets.rts2800.a28FP : Core-mem.o28FP (.text:_xdc_runtime_Core_deleteObject__I)
                  00305258    00000050     rts2800_fpu32.lib : _log.obj (.text)
                  003052a8    0000004e     ti.targets.rts2800.a28FP : Memory.o28FP (.text:_xdc_runtime_Memory_alloc__E)
                  003052f6    0000004d     main.obj (.text:_init_data_03)
                  00305343    0000004c     main.obj (.text:_init_data_01)
                  0030538f    0000004c     sysbios.a28FP : BIOS.obj (.text:_ti_sysbios_knl_Task_postInit__I)
                  003053db    0000004c     ti.targets.rts2800.a28FP : Text.o28FP (.text:_xdc_runtime_Text_putLab__E)
                  00305427    0000004b     sysbios.a28FP : BIOS.obj (.text:_ti_sysbios_heaps_HeapMem_alloc__E)
                  00305472    00000048                   : BIOS.obj (.text:_ti_sysbios_family_c28_Hwi_Module_startup__E)
                  003054ba    00000048                   : BIOS.obj (.text:_ti_sysbios_family_c28_TimestampProvider_get64__E)
                  00305502    00000047     function.obj (.text:_Radicurv)
                  00305549    00000047     rts2800_fpu32.lib : cpy_tbl.obj (.text)
                  00305590    00000043     sysbios.a28FP : BIOS.obj (.text:_ti_sysbios_family_c28_Timer_postInit__I)
                  003055d3    00000043     ti.targets.rts2800.a28FP : Error.o28FP (.text:_xdc_runtime_Error_setX__E)
                  00305616    00000042                              : Core-params.o28FP (.text:_xdc_runtime_Core_assignParams__I)
                  00305658    00000041     sysbios.a28FP : BIOS.obj (.text:_ti_sysbios_family_c28_Hwi_unPluggedInterrupt__I)
                  00305699    00000040                   : BIOS.obj (.text:_ti_sysbios_knl_Swi_restoreHwi__E)
                  003056d9    00000040     clock_p28FP.o28FP (.text:_xdc_runtime_LoggerBuf_Object__create__S)
                  00305719    00000040     ti.targets.rts2800.a28FP : System.o28FP (.text:_xdc_runtime_System_formatNum__I)
                  00305759    0000003f     function.obj (.text:_CrossProduct)
                  00305798    0000003f     function.obj (.text:_GetSkew)
                  003057d7    0000003f     ti.targets.rts2800.a28FP : LoggerBuf.o28FP (.text:_xdc_runtime_LoggerBuf_setFilterLevel__E)
                  00305816    0000003d     rts2800_fpu32.lib : fseek.obj (.text)
                  00305853    0000003c     ti.targets.rts2800.a28FP : LoggerBuf.o28FP (.text:_xdc_runtime_LoggerBuf_getFilterLevel__E)
                  0030588f    0000003b     sysbios.a28FP : BIOS.obj (.text:_ti_sysbios_family_c28_TaskSupport_start__E)
                  003058ca    0000003a     ti.targets.rts2800.a28FP : Text.o28FP (.text:_xdc_runtime_Text_putMod__E)
                  00305904    00000039                              : Text.o28FP (.text:_xdc_runtime_Text_visitRope2__I)
                  0030593d    00000037     function.obj (.text:_dcm2eulr)
                  00305974    00000036     function.obj (.text:_MatSubtract)
                  003059aa    00000036     function.obj (.text:_MatSum)
                  003059e0    00000036     sysbios.a28FP : BIOS.obj (.text:_ti_sysbios_family_c28_TimestampProvider_Module_startup__E)
                  00305a16    00000036                   : BIOS.obj (.text:_ti_sysbios_knl_Clock_logTick__E)
                  00305a4c    00000036     ti.targets.rts2800.a28FP : Error.o28FP (.text:_xdc_runtime_Error_print__E)
                  00305a82    00000035                              : Startup.o28FP (.text:_xdc_runtime_Startup_exec__E)
                  00305ab7    00000034     function.obj (.text:_MatSubstitute)
                  00305aeb    00000034     function.obj (.text:_diag)
                  00305b1f    00000034     rts2800_fpu32.lib : ldexp.obj (.text)
                  00305b53    00000034                       : printf.obj (.text)
                  00305b87    00000033     sysbios.a28FP : BIOS.obj (.text:_ti_sysbios_knl_Task_Module_startup__E)
                  00305bba    00000032     function.obj (.text:_MatScalarMult)
                  00305bec    00000032     main.obj (.text:_process_trash)
                  00305c1e    00000032     ti.targets.rts2800.a28FP : Assert.o28FP (.text:_xdc_runtime_Assert_raise__I)
                  00305c50    00000032                              : LoggerBuf.o28FP (.text:_xdc_runtime_LoggerBuf_Instance_init__E)
                  00305c82    00000032     rts2800_fpu32.lib : sprintf.obj (.text)
                  00305cb4    00000031     function.obj (.text:_MatScalarMult15)
                  00305ce5    00000031     function.obj (.text:_MatScalarMult3)
                  00305d16    00000031     rts2800_fpu32.lib : atoi.obj (.text)
                  00305d47    0000002f     sysbios.a28FP : BIOS.obj (.text:_ti_sysbios_family_c28_Hwi_getInterruptFlag__E)
                  00305d76    0000002f                   : BIOS.obj (.text:_ti_sysbios_knl_Swi_runLoop__I)
                  00305da5    0000002f                   : BIOS.obj (.text:_ti_sysbios_knl_Swi_schedule__I)
                  00305dd4    0000002e     Boot.a28FP : Boot.o28FP (.text:.bootCodeSection:_ti_catalog_c2800_init_Boot_configurePll2834x)
                  00305e02    0000002e     rts2800_fpu32.lib : ltoa.obj (.text)
                  00305e30    0000002d     sysbios.a28FP : BIOS.obj (.text:_ti_sysbios_heaps_HeapMem_getStats__E)
                  00305e5d    0000002c                   : BIOS.obj (.text:_ti_sysbios_family_c28_Hwi_getStackInfo__E)
                  00305e89    0000002c                   : BIOS.obj (.text:_ti_sysbios_family_c28_Timer_start__E)
                  00305eb5    0000002c                   : BIOS.obj (.text:_ti_sysbios_heaps_HeapMem_init__I)
                  00305ee1    0000002c     function.obj (.text:_transpose)
                  00305f0d    0000002a     sysbios.a28FP : BIOS.obj (.text:_ti_sysbios_family_c28_Timer_getExpiredCounts64__E)
                  00305f37    0000002a     ti.targets.rts2800.a28FP : Text.o28FP (.text:_xdc_runtime_Text_xprintf__I)
                  00305f61    0000002a     rts2800_fpu32.lib : fd_cmp.obj (.text)
                  00305f8b    0000002a                       : l_div.obj (.text)
                  00305fb5    00000028     ti.targets.rts2800.a28FP : SysMin.o28FP (.text:_xdc_runtime_SysMin_flush__E)
                  00305fdd    00000027     sysbios.a28FP : BIOS.obj (.text:_ti_sysbios_heaps_HeapMem_free__E)
                  00306004    00000026                   : BIOS.obj (.text:_ti_sysbios_family_c28_Timer_getExpiredCounts__E)
                  0030602a    00000025                   : c28_TaskSupport_asm.obj (.text:_ti_sysbios_family_c28_TaskSupport_buildTaskStack)
                  0030604f    00000024     function.obj (.text:_VecSubtract)
                  00306073    00000024     function.obj (.text:_VecSum)
                  00306097    00000001     sysbios.a28FP : BIOS.obj (.text:_ti_sysbios_BIOS_linkedWithIncorrectBootLibrary__E)
                  00306098    00000024     rts2800_fpu32.lib : sqrt.obj (.text)
                  003060bc    00000023     ti.targets.rts2800.a28FP : System.o28FP (.text:_xdc_runtime_System_processAtExit__E)
                  003060df    00000023     rts2800_fpu32.lib : fd_tofs.obj (.text)
                  00306102    00000022     function.obj (.text:_VecScalarMult)
                  00306124    00000022     function.obj (.text:_Velwisesquare)
                  00306146    00000022     rts2800_fpu32.lib : i_div.obj (.text)
                  00306168    00000021     clock_p28FP.o28FP (.text:_malloc)
                  00306189    00000021     sysbios.a28FP : BIOS.obj (.text:_ti_sysbios_knl_Task_allBlockedFunction__I)
                  003061aa    00000021     ti.targets.rts2800.a28FP : System.o28FP (.text:_xdc_runtime_System_atexit__E)
                  003061cb    00000021     rts2800_fpu32.lib : fd_toi.obj (.text)
                  003061ec    00000020     DSP2834x_Spi.obj (.text:_InitSpidGpio)
                  0030620c    00000020     sysbios.a28FP : BIOS.obj (.text:_ti_sysbios_family_c28_Timer_setPrescale__E)
                  0030622c    0000001f     rts2800_fpu32.lib : fd_tol.obj (.text)
                  0030624b    0000001f                       : strncpy.obj (.text)
                  0030626a    0000001e     clock_p28FP.o28FP (.text:_ti_sysbios_gates_GateHwi_Object__create__S)
                  00306288    0000001e     clock_p28FP.o28FP (.text:_ti_sysbios_gates_GateMutex_Object__create__S)
                  003062a6    0000001e     clock_p28FP.o28FP (.text:_ti_sysbios_heaps_HeapMem_Object__create__S)
                  003062c4    0000001e     clock_p28FP.o28FP (.text:_xdc_runtime_SysMin_output__I)
                  003062e2    0000001e     ti.targets.rts2800.a28FP : SysMin.o28FP (.text:_xdc_runtime_SysMin_putch__E)
                  00306300    0000001e     rts2800_fpu32.lib : ll_cmp.obj (.text)
                  0030631e    0000001e                       : memcpy.obj (.text)
                  0030633c    0000001d     sysbios.a28FP : c28_TaskSupport_asm.obj (.text:_ti_sysbios_family_c28_TaskSupport_swap__E)
                  00306359    0000001d                   : BIOS.obj (.text:_ti_sysbios_hal_Hwi_initStack)
                  00306376    0000001d     clock_p28FP.o28FP (.text:_ti_sysbios_knl_Semaphore_construct)
                  00306393    0000001d     ti.targets.rts2800.a28FP : LoggerBuf.o28FP (.text:_xdc_runtime_LoggerBuf_filterOutEvent__I)
                  003063b0    0000001d     rts2800_fpu32.lib : i_tofd.obj (.text)
                  003063cd    0000001c     sysbios.a28FP : BIOS.obj (.text:_ti_sysbios_hal_Hwi_checkStack)
                  003063e9    0000001c     rts2800_fpu32.lib : fs_tofd.obj (.text)
                  00306405    0000001c                       : l_tofd.obj (.text)
                  00306421    0000001c                       : modf.obj (.text)
                  0030643d    0000001b     sysbios.a28FP : c28_Hwi_asm.obj (.text:_ti_sysbios_family_c28_Hwi_switchAndDispatch__I)
                  00306458    0000001b                   : BIOS.obj (.text:_ti_sysbios_knl_Task_processVitalTaskFlag__I)
                  00306473    0000001a     function.obj (.text:_VecSubstitute)
                  0030648d    0000001a     main.obj (.text:_floor)
                  003064a7    0000001a     sysbios.a28FP : BIOS.obj (.text:_ti_sysbios_knl_Clock_addI__E)
                  003064c1    0000001a     ti.targets.rts2800.a28FP : Core-label.o28FP (.text:_xdc_runtime_Core_assignLabel__I)
                  003064db    0000001a                              : LoggerBuf.o28FP (.text:_xdc_runtime_LoggerBuf_Module_startup__E)
                  003064f5    0000001a     rts2800_fpu32.lib : cpy_utils.obj (.text)
                  0030650f    00000019     main.obj (.text:_spi_init)
                  00306528    00000019     clock_p28FP.o28FP (.text:_ti_sysbios_knl_Queue_construct)
                  00306541    00000019     sysbios.a28FP : BIOS.obj (.text:_ti_sysbios_knl_Semaphore_pendTimeout__I)
                  0030655a    00000019                   : BIOS.obj (.text:_ti_sysbios_knl_Swi_restore__E)
                  00306573    00000019     ti.targets.rts2800.a28FP : Memory.o28FP (.text:_xdc_runtime_Memory_valloc__E)
                  0030658c    00000019                              : System.o28FP (.text:_xdc_runtime_System_avprintf__E)
                  003065a5    00000019                              : System.o28FP (.text:_xdc_runtime_System_putchar__I)
                  003065be    00000019     rts2800_fpu32.lib : args_main.obj (.text)
                  003065d7    00000019                       : exit.obj (.text)
                  003065f0    00000018     sysbios.a28FP : c28_Hwi_asm.obj (.text:_ti_sysbios_family_xxx_Hwi_switchAndRunFunc)
                  00306608    00000018     ti.targets.rts2800.a28FP : LoggerBuf.o28FP (.text:_xdc_runtime_LoggerBuf_reset__E)
                  00306620    00000018                              : System.o28FP (.text:_xdc_runtime_System_vprintf__E)
                  00306638    00000018                              : Text.o28FP (.text:_xdc_runtime_Text_printVisFxn__I)
                  00306650    00000018     rts2800_fpu32.lib : ll_aox.obj (.text)
                  00306668    00000017     sysbios.a28FP : BIOS.obj (.text:_ti_sysbios_family_c28_Timer_startup__E)
                  0030667f    00000017     clock_p28FP.o28FP (.text:_ti_sysbios_knl_Clock_doTick__I)
                  00306696    00000017     ti.targets.rts2800.a28FP : SysMin.o28FP (.text:_xdc_runtime_SysMin_abort__E)
                  003066ad    00000016     DSP2834x_Sci.obj (.text:_InitSciaGpio)
                  003066c3    00000016     clock_p28FP.o28FP (.text:_ti_sysbios_BIOS_atExitFunc__I)
                  003066d9    00000016     sysbios.a28FP : BIOS.obj (.text:_ti_sysbios_family_c28_Timer_Module_startup__E)
                  003066ef    00000016                   : BIOS.obj (.text:_ti_sysbios_knl_Swi_Module_startup__E)
                  00306705    00000016                   : BIOS.obj (.text:_ti_sysbios_knl_Task_restore__E)
                  0030671b    00000016     rts2800_fpu32.lib : frexp.obj (.text)
                  00306731    00000015     clock_p28FP.o28FP (.text:_ti_sysbios_BIOS_startFunc__I)
                  00306746    00000015     sysbios.a28FP : BIOS.obj (.text:_ti_sysbios_knl_Idle_run__E)
                  0030675b    00000015     ti.targets.rts2800.a28FP : Text.o28FP (.text:_xdc_runtime_Text_cordText__E)
                  00306770    00000013     main.obj (.text:_scia_msg)
                  00306783    00000013     clock_p28FP.o28FP (.text:_ti_sysbios_gates_GateMutex_Object__delete__S)
                  00306796    00000012     main.obj (.text:_scia_echoback_init)
                  003067a8    00000012     clock_p28FP.o28FP (.text:_ti_sysbios_gates_GateHwi_Object__delete__S)
                  003067ba    00000012     clock_p28FP.o28FP (.text:_ti_sysbios_heaps_HeapMem_Object__delete__S)
                  003067cc    00000012     sysbios.a28FP : BIOS.obj (.text:_ti_sysbios_knl_Clock_Module_startup__E)
                  003067de    00000012     clock_p28FP.o28FP (.text:_xdc_runtime_LoggerBuf_Object__delete__S)
                  003067f0    00000011     ti.targets.rts2800.a28FP : Error.o28FP (.text:_xdc_runtime_Error_raiseX__E)
                  00306801    00000011     rts2800_fpu32.lib : memchr.obj (.text)
                  00306812    00000010     clock_p28FP.o28FP (.text:_ti_sysbios_BIOS_errorRaiseHook__I)
                  00306822    00000010     sysbios.a28FP : BIOS.obj (.text:_ti_sysbios_family_c28_Timer_stop__E)
                  00306832    00000010                   : BIOS.obj (.text:_ti_sysbios_knl_Task_restoreHwi__E)
                  00306842    0000000f     Boot.a28FP : Boot.o28FP (.text:.bootCodeSection:_ti_catalog_c2800_init_Boot_disableWatchdog)
                  00306851    0000000f     function.obj (.text:_MatMult31)
                  00306860    0000000f     function.obj (.text:_MatMult41)
                  0030686f    0000000f     clock_p28FP.o28FP (.text:_ti_sysbios_BIOS_removeRTSLock__I)
                  0030687e    0000000f     sysbios.a28FP : BIOS.obj (.text:_ti_sysbios_gates_GateMutex_Instance_init__E)
                  0030688d    0000000f     ti.targets.rts2800.a28FP : LoggerBuf.o28FP (.text:_xdc_runtime_LoggerBuf_write2__E)
                  0030689c    0000000e     clock_p28FP.o28FP (.text:_ti_sysbios_heaps_HeapMem_Object__get__S)
                  003068aa    0000000e     clock_p28FP.o28FP (.text:_ti_sysbios_knl_Semaphore_Object__destruct__S)
                  003068b8    0000000e     clock_p28FP.o28FP (.text:_ti_sysbios_knl_Swi_Object__get__S)
                  003068c6    0000000e     clock_p28FP.o28FP (.text:_ti_sysbios_knl_Task_Object__get__S)
                  003068d4    0000000e     clock_p28FP.o28FP (.text:_xdc_runtime_LoggerBuf_Object__get__S)
                  003068e2    0000000e     ti.targets.rts2800.a28FP : Registry.o28FP (.text:_xdc_runtime_Registry_findById__E)
                  003068f0    0000000e                              : SysMin.o28FP (.text:_xdc_runtime_SysMin_Module_startup__E)
                  003068fe    0000000e     rts2800_fpu32.lib : fd_sub.obj (.text)
                  0030690c    0000000e                       : memccpy.obj (.text)
                  0030691a    0000000d     clock_p28FP.o28FP (.text:_ti_sysbios_BIOS_registerRTSLock__I)
                  00306927    0000000d     clock_p28FP.o28FP (.text:_ti_sysbios_BIOS_rtsLock__I)
                  00306934    0000000d     sysbios.a28FP : BIOS.obj (.text:_ti_sysbios_family_c28_Hwi_dispatchC__I)
                  00306941    0000000d     clock_p28FP.o28FP (.text:_ti_sysbios_gates_GateHwi_Handle__label__S)
                  0030694e    0000000d     clock_p28FP.o28FP (.text:_ti_sysbios_gates_GateMutex_Handle__label__S)
                  0030695b    0000000d     clock_p28FP.o28FP (.text:_ti_sysbios_heaps_HeapMem_Handle__label__S)
                  00306968    0000000d     clock_p28FP.o28FP (.text:_ti_sysbios_knl_Queue_Object__destruct__S)
                  00306975    0000000d     sysbios.a28FP : BIOS.obj (.text:_ti_sysbios_knl_Task_enter__I)
                  00306982    0000000d     ti.targets.rts2800.a28FP : Error.o28FP (.text:_xdc_runtime_Error_check__E)
                  0030698f    0000000d     clock_p28FP.o28FP (.text:_xdc_runtime_LoggerBuf_Handle__label__S)
                  0030699c    0000000d     ti.targets.rts2800.a28FP : LoggerBuf.o28FP (.text:_xdc_runtime_LoggerBuf_write1__E)
                  003069a9    0000000d                              : System.o28FP (.text:_xdc_runtime_System_abort__E)
                  003069b6    0000000c     main.obj (.text:_scia_xmit)
                  003069c2    0000000c     clock_p28FP.o28FP (.text:_ti_sysbios_BIOS_exitFunc__I)
                  003069ce    0000000c     clock_p28FP.o28FP (.text:_ti_sysbios_family_c28_Hwi_disableIER__E)
                  003069da    0000000c     sysbios.a28FP : BIOS.obj (.text:_ti_sysbios_gates_GateMutex_leave__E)
                  003069e6    0000000c                   : BIOS.obj (.text:_ti_sysbios_knl_Queue_put__E)
                  003069f2    0000000c                   : BIOS.obj (.text:_ti_sysbios_knl_Task_enabled__E)
                  003069fe    0000000c     ti.targets.rts2800.a28FP : Memory.o28FP (.text:_xdc_runtime_Memory_free__E)
                  00306a0a    0000000c                              : Text.o28FP (.text:_xdc_runtime_Text_ropeText__E)
                  00306a16    0000000c     rts2800_fpu32.lib : memset.obj (.text)
                  00306a22    0000000c                       : strchr.obj (.text)
                  00306a2e    0000000b     clock_p28FP.o28FP (.text:_free)
                  00306a39    0000000b     function.obj (.text:_km2rad)
                  00306a44    0000000b     clock_p28FP.o28FP (.text:_ti_sysbios_family_c28_Hwi_Module__startupDone__F)
                  00306a4f    0000000b     clock_p28FP.o28FP (.text:_ti_sysbios_family_c28_Hwi_Object__get__S)
                  00306a5a    0000000b     clock_p28FP.o28FP (.text:_ti_sysbios_family_c28_Hwi_enableIER__E)
                  00306a65    0000000b     clock_p28FP.o28FP (.text:_ti_sysbios_family_c28_Timer_Module__startupDone__F)
                  00306a70    0000000b     clock_p28FP.o28FP (.text:_ti_sysbios_knl_Queue_Object__get__S)
                  00306a7b    0000000b     clock_p28FP.o28FP (.text:_ti_sysbios_knl_Task_SupportProxy_start__E)
                  00306a86    0000000b     sysbios.a28FP : BIOS.obj (.text:_ti_sysbios_knl_Task_unblock__E)
                  00306a91    0000000b     ti.targets.rts2800.a28FP : LoggerBuf.o28FP (.text:_xdc_runtime_LoggerBuf_Instance_finalize__E)
                  00306a9c    0000000b                              : LoggerBuf.o28FP (.text:_xdc_runtime_LoggerBuf_write0__E)
                  00306aa7    0000000b                              : SysMin.o28FP (.text:_xdc_runtime_SysMin_exit__E)
                  00306ab2    0000000b                              : System.o28FP (.text:_xdc_runtime_System_exit__E)
                  00306abd    0000000a     DSP2834x_DefaultIsr.obj (.text:_DATALOG_ISR)
                  00306ac7    0000000a     DSP2834x_DefaultIsr.obj (.text:_DINTCH1_ISR)
                  00306ad1    0000000a     DSP2834x_DefaultIsr.obj (.text:_DINTCH2_ISR)
                  00306adb    0000000a     DSP2834x_DefaultIsr.obj (.text:_DINTCH3_ISR)
                  00306ae5    0000000a     DSP2834x_DefaultIsr.obj (.text:_DINTCH4_ISR)
                  00306aef    0000000a     DSP2834x_DefaultIsr.obj (.text:_DINTCH5_ISR)
                  00306af9    0000000a     DSP2834x_DefaultIsr.obj (.text:_DINTCH6_ISR)
                  00306b03    0000000a     DSP2834x_DefaultIsr.obj (.text:_ECAN0INTA_ISR)
                  00306b0d    0000000a     DSP2834x_DefaultIsr.obj (.text:_ECAN0INTB_ISR)
                  00306b17    0000000a     DSP2834x_DefaultIsr.obj (.text:_ECAN1INTA_ISR)
                  00306b21    0000000a     DSP2834x_DefaultIsr.obj (.text:_ECAN1INTB_ISR)
                  00306b2b    0000000a     DSP2834x_DefaultIsr.obj (.text:_ECAP1_INT_ISR)
                  00306b35    0000000a     DSP2834x_DefaultIsr.obj (.text:_ECAP2_INT_ISR)
                  00306b3f    0000000a     DSP2834x_DefaultIsr.obj (.text:_ECAP3_INT_ISR)
                  00306b49    0000000a     DSP2834x_DefaultIsr.obj (.text:_ECAP4_INT_ISR)
                  00306b53    0000000a     DSP2834x_DefaultIsr.obj (.text:_ECAP5_INT_ISR)
                  00306b5d    0000000a     DSP2834x_DefaultIsr.obj (.text:_ECAP6_INT_ISR)
                  00306b67    0000000a     DSP2834x_DefaultIsr.obj (.text:_EMUINT_ISR)
                  00306b71    0000000a     DSP2834x_DefaultIsr.obj (.text:_EPWM1_INT_ISR)
                  00306b7b    0000000a     DSP2834x_DefaultIsr.obj (.text:_EPWM1_TZINT_ISR)
                  00306b85    0000000a     DSP2834x_DefaultIsr.obj (.text:_EPWM2_INT_ISR)
                  00306b8f    0000000a     DSP2834x_DefaultIsr.obj (.text:_EPWM2_TZINT_ISR)
                  00306b99    0000000a     DSP2834x_DefaultIsr.obj (.text:_EPWM3_INT_ISR)
                  00306ba3    0000000a     DSP2834x_DefaultIsr.obj (.text:_EPWM3_TZINT_ISR)
                  00306bad    0000000a     DSP2834x_DefaultIsr.obj (.text:_EPWM4_INT_ISR)
                  00306bb7    0000000a     DSP2834x_DefaultIsr.obj (.text:_EPWM4_TZINT_ISR)
                  00306bc1    0000000a     DSP2834x_DefaultIsr.obj (.text:_EPWM5_INT_ISR)
                  00306bcb    0000000a     DSP2834x_DefaultIsr.obj (.text:_EPWM5_TZINT_ISR)
                  00306bd5    0000000a     DSP2834x_DefaultIsr.obj (.text:_EPWM6_INT_ISR)
                  00306bdf    0000000a     DSP2834x_DefaultIsr.obj (.text:_EPWM6_TZINT_ISR)
                  00306be9    0000000a     DSP2834x_DefaultIsr.obj (.text:_EPWM7_INT_ISR)
                  00306bf3    0000000a     DSP2834x_DefaultIsr.obj (.text:_EPWM7_TZINT_ISR)
                  00306bfd    0000000a     DSP2834x_DefaultIsr.obj (.text:_EPWM8_INT_ISR)
                  00306c07    0000000a     DSP2834x_DefaultIsr.obj (.text:_EPWM8_TZINT_ISR)
                  00306c11    0000000a     DSP2834x_DefaultIsr.obj (.text:_EPWM9_INT_ISR)
                  00306c1b    0000000a     DSP2834x_DefaultIsr.obj (.text:_EPWM9_TZINT_ISR)
                  00306c25    0000000a     DSP2834x_DefaultIsr.obj (.text:_EQEP1_INT_ISR)
                  00306c2f    0000000a     DSP2834x_DefaultIsr.obj (.text:_EQEP2_INT_ISR)
                  00306c39    0000000a     DSP2834x_DefaultIsr.obj (.text:_EQEP3_INT_ISR)
                  00306c43    0000000a     DSP2834x_DefaultIsr.obj (.text:_I2CINT1A_ISR)
                  00306c4d    0000000a     DSP2834x_DefaultIsr.obj (.text:_I2CINT2A_ISR)
                  00306c57    0000000a     DSP2834x_DefaultIsr.obj (.text:_ILLEGAL_ISR)
                  00306c61    0000000a     DSP2834x_DefaultIsr.obj (.text:_INT13_ISR)
                  00306c6b    0000000a     DSP2834x_DefaultIsr.obj (.text:_INT14_ISR)
                  00306c75    0000000a     DSP2834x_DefaultIsr.obj (.text:_LUF_ISR)
                  00306c7f    0000000a     DSP2834x_DefaultIsr.obj (.text:_LVF_ISR)
                  00306c89    0000000a     DSP2834x_DefaultIsr.obj (.text:_MRINTA_ISR)
                  00306c93    0000000a     DSP2834x_DefaultIsr.obj (.text:_MRINTB_ISR)
                  00306c9d    0000000a     DSP2834x_DefaultIsr.obj (.text:_MXINTA_ISR)
                  00306ca7    0000000a     DSP2834x_DefaultIsr.obj (.text:_MXINTB_ISR)
                  00306cb1    0000000a     DSP2834x_DefaultIsr.obj (.text:_NMI_ISR)
                  00306cbb    0000000a     DSP2834x_DefaultIsr.obj (.text:_PIE_RESERVED)
                  00306cc5    0000000a     DSP2834x_DefaultIsr.obj (.text:_RTOSINT_ISR)
                  00306ccf    0000000a     DSP2834x_DefaultIsr.obj (.text:_SCIRXINTA_ISR)
                  00306cd9    0000000a     DSP2834x_DefaultIsr.obj (.text:_SCIRXINTB_ISR)
                  00306ce3    0000000a     DSP2834x_DefaultIsr.obj (.text:_SCIRXINTC_ISR)
                  00306ced    0000000a     DSP2834x_DefaultIsr.obj (.text:_SCITXINTA_ISR)
                  00306cf7    0000000a     DSP2834x_DefaultIsr.obj (.text:_SCITXINTB_ISR)
                  00306d01    0000000a     DSP2834x_DefaultIsr.obj (.text:_SCITXINTC_ISR)
                  00306d0b    0000000a     DSP2834x_DefaultIsr.obj (.text:_SPIRXINTA_ISR)
                  00306d15    0000000a     DSP2834x_DefaultIsr.obj (.text:_SPIRXINTD_ISR)
                  00306d1f    0000000a     DSP2834x_DefaultIsr.obj (.text:_SPITXINTA_ISR)
                  00306d29    0000000a     DSP2834x_DefaultIsr.obj (.text:_SPITXINTD_ISR)
                  00306d33    0000000a     DSP2834x_DefaultIsr.obj (.text:_TINT0_ISR)
                  00306d3d    0000000a     DSP2834x_DefaultIsr.obj (.text:_USER10_ISR)
                  00306d47    0000000a     DSP2834x_DefaultIsr.obj (.text:_USER11_ISR)
                  00306d51    0000000a     DSP2834x_DefaultIsr.obj (.text:_USER12_ISR)
                  00306d5b    0000000a     DSP2834x_DefaultIsr.obj (.text:_USER1_ISR)
                  00306d65    0000000a     DSP2834x_DefaultIsr.obj (.text:_USER2_ISR)
                  00306d6f    0000000a     DSP2834x_DefaultIsr.obj (.text:_USER3_ISR)
                  00306d79    0000000a     DSP2834x_DefaultIsr.obj (.text:_USER4_ISR)
                  00306d83    0000000a     DSP2834x_DefaultIsr.obj (.text:_USER5_ISR)
                  00306d8d    0000000a     DSP2834x_DefaultIsr.obj (.text:_USER6_ISR)
                  00306d97    0000000a     DSP2834x_DefaultIsr.obj (.text:_USER7_ISR)
                  00306da1    0000000a     DSP2834x_DefaultIsr.obj (.text:_USER8_ISR)
                  00306dab    0000000a     DSP2834x_DefaultIsr.obj (.text:_USER9_ISR)
                  00306db5    0000000a     DSP2834x_DefaultIsr.obj (.text:_WAKEINT_ISR)
                  00306dbf    0000000a     DSP2834x_DefaultIsr.obj (.text:_XINT1_ISR)
                  00306dc9    0000000a     DSP2834x_DefaultIsr.obj (.text:_XINT2_ISR)
                  00306dd3    0000000a     DSP2834x_DefaultIsr.obj (.text:_XINT3_ISR)
                  00306ddd    0000000a     DSP2834x_DefaultIsr.obj (.text:_XINT4_ISR)
                  00306de7    0000000a     DSP2834x_DefaultIsr.obj (.text:_XINT5_ISR)
                  00306df1    0000000a     DSP2834x_DefaultIsr.obj (.text:_XINT6_ISR)
                  00306dfb    0000000a     DSP2834x_DefaultIsr.obj (.text:_XINT7_ISR)
                  00306e05    0000000a     DSP2834x_DefaultIsr.obj (.text:_rsvd_ISR)
                  00306e0f    0000000a     rts2800_fpu32.lib : strcmp.obj (.text)
                  00306e19    00000009     DSP2834x_SysCtrl.obj (.text:_InitSysCtrl)
                  00306e22    00000009     clock_p28FP.o28FP (.text:_ti_sysbios_BIOS_rtsUnlock__I)
                  00306e2b    00000009     clock_p28FP.o28FP (.text:_ti_sysbios_family_c28_Hwi_restoreIER__E)
                  00306e34    00000009     sysbios.a28FP : BIOS.obj (.text:_ti_sysbios_family_c28_TaskSupport_checkStack__E)
                  00306e3d    00000009                   : c28_TaskSupport_asm.obj (.text:_ti_sysbios_family_c28_TaskSupport_glue)
                  00306e46    00000009                   : BIOS.obj (.text:_ti_sysbios_hal_Hwi_Module_startup__E)
                  00306e4f    00000009     clock_p28FP.o28FP (.text:_xdc_runtime_Startup_exec__I)
                  00306e58    00000009     ti.targets.rts2800.a28FP : System.o28FP (.text:_xdc_runtime_System_vsnprintf__E)
                  00306e61    00000009     clock_p28FP.o28FP (.text:_xdc_runtime_Text_visitRope__I)
                  00306e6a    00000009     rts2800_fpu32.lib : _lock.obj (.text)
                  00306e73    00000009                       : fd_neg.obj (.text)
                  00306e7c    00000008     DSP2834x_CodeStartBranch.obj (.text)
                  00306e84    00000008     DSP2834x_SysCtrl.obj (.text:_DisableDog)
                  00306e8c    00000008     main.obj (.text:_scia_fifo_init)
                  00306e94    00000008     main.obj (.text:_spi_fifo_init)
                  00306e9c    00000008     sysbios.a28FP : BIOS.obj (.text:_ti_sysbios_BIOS_setThreadType__E)
                  00306ea4    00000008                   : BIOS.obj (.text:_ti_sysbios_gates_GateMutex_Instance_finalize__E)
                  00306eac    00000008                   : BIOS.obj (.text:_ti_sysbios_knl_Semaphore_Instance_finalize__E)
                  00306eb4    00000008     clock_p28FP.o28FP (.text:_xdc_runtime_IHeap_alloc)
                  00306ebc    00000008     ti.targets.rts2800.a28FP : Memory.o28FP (.text:_xdc_runtime_Memory_calloc__E)
                  00306ec4    00000008                              : SysMin.o28FP (.text:_xdc_runtime_SysMin_ready__E)
                  00306ecc    00000008     rts2800_fpu32.lib : strlen.obj (.text)
                  00306ed4    00000007     clock_p28FP.o28FP (.text:.bootCodeSection:_ti_catalog_c2800_init_Boot_init)
                  00306edb    00000007     sysbios.a28FP : BIOS.obj (.text:_ti_sysbios_knl_Queue_empty__E)
                  00306ee2    00000007     ti.targets.rts2800.a28FP : Error.o28FP (.text:_xdc_runtime_Error_init__E)
                  00306ee9    00000007     clock_p28FP.o28FP (.text:_xdc_runtime_System_aprintf__E)
                  00306ef0    00000007     clock_p28FP.o28FP (.text:_xdc_runtime_System_printf__E)
                  00306ef7    00000006     sysbios.a28FP : c28_IntrinsicsSupport_asm.obj (.text:_ti_sysbios_family_c28_IntrinsicsSupport_maxbit__E)
                  00306efd    00000006                   : BIOS.obj (.text:_ti_sysbios_family_c28_TimestampProvider_rolloverFunc__E)
                  00306f03    00000006                   : BIOS.obj (.text:_ti_sysbios_family_c28_TimestampProvider_startTimer__E)
                  00306f09    00000006                   : BIOS.obj (.text:_ti_sysbios_knl_Swi_disable__E)
                  00306f0f    00000006                   : BIOS.obj (.text:_ti_sysbios_knl_Task_disable__E)
                  00306f15    00000006     ti.targets.rts2800.a28FP : Gate.o28FP (.text:_xdc_runtime_Gate_enterSystem__E)
                  00306f1b    00000006                              : Gate.o28FP (.text:_xdc_runtime_Gate_leaveSystem__E)
                  00306f21    00000005     sysbios.a28FP : BIOS.obj (.text:_ti_sysbios_family_c28_Hwi_switchFromBootStack__E)
                  00306f26    00000005                   : BIOS.obj (.text:_ti_sysbios_gates_GateHwi_enter__E)
                  00306f2b    00000005     ti.targets.rts2800.a28FP : LoggerBuf.o28FP (.text:_xdc_runtime_LoggerBuf_enable__E)
                  00306f30    00000005     rts2800_fpu32.lib : strcpy.obj (.text)
                  00306f35    00000004     clock_p28FP.o28FP (.text:_ti_sysbios_family_c28_Hwi_startup__E)
                  00306f39    00000004     sysbios.a28FP : BIOS.obj (.text:_ti_sysbios_heaps_HeapMem_isBlocking__E)
                  00306f3d    00000004                   : BIOS.obj (.text:_ti_sysbios_knl_Swi_startup__E)
                  00306f41    00000004     clock_p28FP.o28FP (.text:_xdc_runtime_IHeap_free)
                  00306f45    00000004     ti.targets.rts2800.a28FP : LoggerBuf.o28FP (.text:_xdc_runtime_LoggerBuf_disable__E)
                  00306f49    00000004                              : Memory.o28FP (.text:_xdc_runtime_Memory_getMaxDefaultTypeAlign__E)
                  00306f4d    00000004                              : Startup.o28FP (.text:_xdc_runtime_Startup_rtsDone__E)
                  00306f51    00000003                              : xdc_noinit.o28FP (.text:___xdc__init)
                  00306f54    00000003     clock_p28FP.o28FP (.text:_ti_catalog_c2800_init_Boot_limpAbort)
                  00306f57    00000003     clock_p28FP.o28FP (.text:_ti_sysbios_BIOS_RtsGateProxy_enter__E)
                  00306f5a    00000003     clock_p28FP.o28FP (.text:_ti_sysbios_BIOS_RtsGateProxy_leave__E)
                  00306f5d    00000003     sysbios.a28FP : c28_Hwi_asm.obj (.text:_ti_sysbios_family_c28_Hwi_getIFR__I)
                  00306f60    00000003                   : BIOS.obj (.text:_ti_sysbios_gates_GateHwi_leave__E)
                  00306f63    00000003     clock_p28FP.o28FP (.text:_ti_sysbios_hal_Hwi_HwiProxy_getStackInfo__E)
                  00306f66    00000003     clock_p28FP.o28FP (.text:_ti_sysbios_hal_Hwi_HwiProxy_switchFromBootStack__E)
                  00306f69    00000003     sysbios.a28FP : BIOS.obj (.text:_ti_sysbios_hal_Hwi_startup__E)
                  00306f6c    00000003     clock_p28FP.o28FP (.text:_ti_sysbios_heaps_HeapMem_Module_GateProxy_enter__E)
                  00306f6f    00000003     clock_p28FP.o28FP (.text:_ti_sysbios_heaps_HeapMem_Module_GateProxy_leave__E)
                  00306f72    00000003     clock_p28FP.o28FP (.text:_ti_sysbios_heaps_HeapMem_Module_GateProxy_query__E)
                  00306f75    00000003     clock_p28FP.o28FP (.text:_ti_sysbios_knl_Clock_TimerProxy_getMaxTicks__E)
                  00306f78    00000003     sysbios.a28FP : BIOS.obj (.text:_ti_sysbios_knl_Idle_loop__E)
                  00306f7b    00000003                   : BIOS.obj (.text:_ti_sysbios_knl_Queue_Instance_init__E)
                  00306f7e    00000003     clock_p28FP.o28FP (.text:_ti_sysbios_knl_Queue_destruct)
                  00306f81    00000003     clock_p28FP.o28FP (.text:_ti_sysbios_knl_Semaphore_destruct)
                  00306f84    00000003     clock_p28FP.o28FP (.text:_ti_sysbios_knl_Task_SupportProxy_checkStack__E)
                  00306f87    00000003     clock_p28FP.o28FP (.text:_ti_sysbios_knl_Task_SupportProxy_swap__E)
                  00306f8a    00000003     sysbios.a28FP : BIOS.obj (.text:_ti_sysbios_knl_Task_startup__E)
                  00306f8d    00000003     clock_p28FP.o28FP (.text:_xdc_runtime_LoggerBuf_Module_GateProxy_enter__E)
                  00306f90    00000003     clock_p28FP.o28FP (.text:_xdc_runtime_LoggerBuf_Module_GateProxy_leave__E)
                  00306f93    00000003     clock_p28FP.o28FP (.text:_xdc_runtime_LoggerBuf_TimestampProxy_get64__E)
                  00306f96    00000003     clock_p28FP.o28FP (.text:_xdc_runtime_System_Module_GateProxy_enter__E)
                  00306f99    00000003     clock_p28FP.o28FP (.text:_xdc_runtime_System_Module_GateProxy_leave__E)
                  00306f9c    00000003     ti.targets.rts2800.a28FP : System.o28FP (.text:_xdc_runtime_System_Module_startup__E)
                  00306f9f    00000003     clock_p28FP.o28FP (.text:_xdc_runtime_System_SupportProxy_abort__E)
                  00306fa2    00000003     clock_p28FP.o28FP (.text:_xdc_runtime_System_SupportProxy_exit__E)
                  00306fa5    00000003     clock_p28FP.o28FP (.text:_xdc_runtime_System_SupportProxy_putch__E)
                  00306fa8    00000003     clock_p28FP.o28FP (.text:_xdc_runtime_System_SupportProxy_ready__E)
                  00306fab    00000003     ti.targets.rts2800.a28FP : System.o28FP (.text:_xdc_runtime_System_abortStd__E)
                  00306fae    00000003                              : System.o28FP (.text:_xdc_runtime_System_exitStd__E)
                  00306fb1    00000003     rts2800_fpu32.lib : remove.obj (.text)
                  00306fb4    00000002     Boot.a28FP : Boot.o28FP (.text:_ti_catalog_c2800_init_Boot_defaultLimpAbortFunction)
                  00306fb6    00000002     clock_p28FP.o28FP (.text:_ti_sysbios_family_c28_TaskSupport_Module__startupDone__S)
                  00306fb8    00000002     sysbios.a28FP : BIOS.obj (.text:_ti_sysbios_family_c28_Timer_getMaxTicks__E)
                  00306fba    00000002                   : BIOS.obj (.text:_ti_sysbios_gates_GateHwi_query__E)
                  00306fbc    00000002                   : BIOS.obj (.text:_ti_sysbios_gates_GateMutex_query__E)
                  00306fbe    00000002     ti.targets.rts2800.a28FP : Error.o28FP (.text:_xdc_runtime_Error_getSite__E)
                  00306fc0    00000001     clock_p28FP.o28FP (.text:_ti_sysbios_BIOS_nullFunc__I)
                  00306fc1    00000001     sysbios.a28FP : c28_Hwi_asm.obj (.text:_ti_sysbios_family_c28_Hwi_interruptReturn__I)
                  00306fc2    00000001                   : BIOS.obj (.text:_ti_sysbios_gates_GateHwi_Instance_init__E)

.econst    0    00306fc4    00003cec     
                  00306fc4    000016f3     clock_p28FP.o28FP (.econst:xdc_runtime_Text_charTab__A)
                  003086b7    00000001     clock_p28FP.o28FP (.econst:ti_sysbios_family_c28_Hwi_Module__id__C)
                  003086b8    00000200     DSP2834x_PieVect.obj (.econst)
                  003088b8    000001c2     function.obj (.econst:_$P$T10$11)
                  00308a7a    000001c2     function.obj (.econst:_$P$T11$12)
                  00308c3c    000001c2     function.obj (.econst:_$P$T13$14)
                  00308dfe    000001c2     function.obj (.econst:_$P$T17$18)
                  00308fc0    000001c2     function.obj (.econst:_$P$T19$20)
                  00309182    000001c2     function.obj (.econst:_$P$T22$23)
                  00309344    000001c2     function.obj (.econst:_$P$T26$27)
                  00309506    000001c2     function.obj (.econst:_$P$T28$29)
                  003096c8    000001c2     function.obj (.econst:_$P$T31$32)
                  0030988a    000001c2     function.obj (.econst:_$P$T35$36)
                  00309a4c    000001c2     function.obj (.econst:_$P$T37$38)
                  00309c0e    000001c2     function.obj (.econst:_$P$T7$8)
                  00309dd0    000001c2     function.obj (.econst:_$P$T9$10)
                  00309f92    00000171     main.obj (.econst:.string)
                  0030a103    00000101     rts2800_fpu32.lib : ctype.obj (.econst:.string:__ctypes_)
                  0030a204    00000100     clock_p28FP.o28FP (.econst:_ti_sysbios_family_c28_Hwi_vectors)
                  0030a304    000000b4     function.obj (.econst:_$P$T14$15)
                  0030a3b8    000000b4     function.obj (.econst:_$P$T15$16)
                  0030a46c    000000b4     function.obj (.econst:_$P$T18$19)
                  0030a520    0000005d     clock_p28FP.o28FP (.econst:.string)
                  0030a57d    00000001     clock_p28FP.o28FP (.econst:ti_sysbios_family_c28_Hwi_Module__loggerDefined__C)
                  0030a57e    00000058     ti.targets.rts2800.a28FP : Error.o28FP (.econst:.string)
                  0030a5d6    00000052     clock_p28FP.o28FP (.econst:xdc_runtime_Text_nodeTab__A)
                  0030a628    00000048     function.obj (.econst:_$P$T16$17)
                  0030a670    00000047     ti.targets.rts2800.a28FP : Log.o28FP (.econst:.string)
                  0030a6b7    00000001     clock_p28FP.o28FP (.econst:ti_sysbios_family_c28_Hwi_NUM_INTERRUPTS_ALL__C)
                  0030a6b8    00000043     ti.targets.rts2800.a28FP : Text.o28FP (.econst:.string)
                  0030a6fb    00000001     clock_p28FP.o28FP (.econst:ti_sysbios_family_c28_Hwi_Object__count__C)
                  0030a6fc    0000003c     function.obj (.econst:_$P$T32$33)
                  0030a738    0000003c     function.obj (.econst:_$P$T33$34)
                  0030a774    0000003c     function.obj (.econst:_$P$T36$37)
                  0030a7b0    0000002a     ti.targets.rts2800.a28FP : Startup.o28FP (.econst:.string)
                  0030a7da    00000026     rts2800_fpu32.lib : _printfi.obj (.econst:.string)
                  0030a800    0000001f     function.obj (.econst:.string)
                  0030a81f    00000001     clock_p28FP.o28FP (.econst:ti_sysbios_family_c28_TaskSupport_Module__id__C)
                  0030a820    0000001e     function.obj (.econst:_$P$T12$13)
                  0030a83e    0000001e     function.obj (.econst:_$P$T20$21)
                  0030a85c    0000001e     function.obj (.econst:_$P$T21$22)
                  0030a87a    0000001e     function.obj (.econst:_$P$T23$24)
                  0030a898    0000001e     function.obj (.econst:_$P$T24$25)
                  0030a8b6    0000001e     function.obj (.econst:_$P$T27$28)
                  0030a8d4    0000001e     function.obj (.econst:_$P$T29$30)
                  0030a8f2    0000001e     function.obj (.econst:_$P$T30$31)
                  0030a910    0000001e     function.obj (.econst:_$P$T38$39)
                  0030a92e    0000001e     function.obj (.econst:_$P$T6$7)
                  0030a94c    0000001e     clock_p28FP.o28FP (.econst:xdc_runtime_LoggerBuf_Module__FXNS__C)
                  0030a96a    0000001c     rts2800_fpu32.lib : _printfi.obj (.econst)
                  0030a986    00000014                       : strtod.obj (.econst:_digits)
                  0030a99a    00000014     clock_p28FP.o28FP (.econst:ti_sysbios_heaps_HeapMem_Module__FXNS__C)
                  0030a9ae    00000014     clock_p28FP.o28FP (.econst:xdc_runtime_Startup_sfxnTab__A)
                  0030a9c2    00000012     function.obj (.econst:_$P$T0$1)
                  0030a9d4    00000012     function.obj (.econst:_$P$T1$2)
                  0030a9e6    00000012     function.obj (.econst:_$P$T2$3)
                  0030a9f8    00000012     function.obj (.econst:_$P$T3$4)
                  0030aa0a    00000012     function.obj (.econst:_$P$T4$5)
                  0030aa1c    00000012     function.obj (.econst:_$P$T5$6)
                  0030aa2e    00000012     function.obj (.econst:_$P$T8$9)
                  0030aa40    00000012     clock_p28FP.o28FP (.econst:ti_sysbios_gates_GateHwi_Module__FXNS__C)
                  0030aa52    00000012     clock_p28FP.o28FP (.econst:ti_sysbios_gates_GateMutex_Module__FXNS__C)
                  0030aa64    00000012     clock_p28FP.o28FP (.econst:ti_sysbios_heaps_HeapMem_Object__PARAMS__C)
                  0030aa76    00000012     clock_p28FP.o28FP (.econst:xdc_runtime_LoggerBuf_Object__PARAMS__C)
                  0030aa88    00000011     ti.targets.rts2800.a28FP : System.o28FP (.econst:_digtohex)
                  0030aa99    00000001     clock_p28FP.o28FP (.econst:ti_sysbios_family_c28_Timer_startupNeeded__C)
                  0030aa9a    00000010     clock_p28FP.o28FP (.econst:ti_sysbios_gates_GateHwi_Object__DESC__C)
                  0030aaaa    00000010     clock_p28FP.o28FP (.econst:ti_sysbios_gates_GateMutex_Object__DESC__C)
                  0030aaba    00000010     clock_p28FP.o28FP (.econst:ti_sysbios_heaps_HeapMem_Object__DESC__C)
                  0030aaca    00000010     clock_p28FP.o28FP (.econst:ti_sysbios_knl_Queue_Object__DESC__C)
                  0030aada    00000010     clock_p28FP.o28FP (.econst:ti_sysbios_knl_Semaphore_Object__DESC__C)
                  0030aaea    00000010     clock_p28FP.o28FP (.econst:ti_sysbios_knl_Semaphore_Object__PARAMS__C)
                  0030aafa    00000010     clock_p28FP.o28FP (.econst:xdc_runtime_LoggerBuf_Object__DESC__C)
                  0030ab0a    0000000c     main.obj (.econst:_$P$T0$1)
                  0030ab16    0000000c     rts2800_fpu32.lib : strtod.obj (.econst:_powerof10)
                  0030ab22    0000000c     clock_p28FP.o28FP (.econst:ti_sysbios_gates_GateHwi_Object__PARAMS__C)
                  0030ab2e    0000000c     clock_p28FP.o28FP (.econst:ti_sysbios_gates_GateMutex_Object__PARAMS__C)
                  0030ab3a    0000000c     clock_p28FP.o28FP (.econst:ti_sysbios_knl_Queue_Object__PARAMS__C)
                  0030ab46    0000000a     clock_p28FP.o28FP (.econst:xdc_runtime_Startup_sfxnRts__A)
                  0030ab50    00000008     function.obj (.econst:_$P$T34$35)
                  0030ab58    00000008     function.obj (.econst:_$P$T39$40)
                  0030ab60    00000008     rts2800_fpu32.lib : atan.obj (.econst:_a$1)
                  0030ab68    00000008                       : atan2.obj (.econst:_a$1)
                  0030ab70    00000007     ti.targets.rts2800.a28FP : System.o28FP (.econst:.string)
                  0030ab77    00000001     clock_p28FP.o28FP (.econst:ti_sysbios_family_c28_TimestampProvider_Module__id__C)
                  0030ab78    00000006     main.obj (.econst:_$P$T1$2)
                  0030ab7e    00000006     main.obj (.econst:_$P$T2$3)
                  0030ab84    00000006     main.obj (.econst:_$P$T3$4)
                  0030ab8a    00000005     ti.targets.rts2800.a28FP : Assert.o28FP (.econst:.string)
                  0030ab8f    00000001     clock_p28FP.o28FP (.econst:ti_sysbios_family_c28_TimestampProvider_useClockTimer__C)
                  0030ab90    00000004     rts2800_fpu32.lib : asin.obj (.econst:_c$1)
                  0030ab94    00000004     clock_p28FP.o28FP (.econst:ti_sysbios_knl_Idle_funcList__C)
                  0030ab98    00000004     clock_p28FP.o28FP (.econst:xdc_runtime_Startup_firstFxns__A)
                  0030ab9c    00000004     clock_p28FP.o28FP (.econst:xdc_runtime_Startup_firstFxns__C)
                  0030aba0    00000004     clock_p28FP.o28FP (.econst:xdc_runtime_Startup_lastFxns__C)
                  0030aba4    00000002     rts2800_fpu32.lib : fputs.obj (.econst:.string)
                  0030aba6    00000002     function.obj (.econst:_$P$T25$26)
                  0030aba8    00000002     clock_p28FP.o28FP (.econst:ti_sysbios_family_c28_Hwi_A_badIntNum__C)
                  0030abaa    00000002     clock_p28FP.o28FP (.econst:ti_sysbios_family_c28_Hwi_A_invalidArg__C)
                  0030abac    00000002     clock_p28FP.o28FP (.econst:ti_sysbios_family_c28_Hwi_E_unpluggedInterrupt__C)
                  0030abae    00000002     clock_p28FP.o28FP (.econst:ti_sysbios_family_c28_Hwi_LD_end__C)
                  0030abb0    00000002     clock_p28FP.o28FP (.econst:ti_sysbios_family_c28_Hwi_LM_begin__C)
                  0030abb2    00000002     clock_p28FP.o28FP (.econst:ti_sysbios_family_c28_Hwi_Module__diagsEnabled__C)
                  0030abb4    00000002     clock_p28FP.o28FP (.econst:ti_sysbios_family_c28_Hwi_Module__diagsIncluded__C)
                  0030abb6    00000002     clock_p28FP.o28FP (.econst:ti_sysbios_family_c28_Hwi_Module__diagsMask__C)
                  0030abb8    00000002     clock_p28FP.o28FP (.econst:ti_sysbios_family_c28_Hwi_Module__loggerFxn1__C)
                  0030abba    00000002     clock_p28FP.o28FP (.econst:ti_sysbios_family_c28_Hwi_Module__loggerFxn8__C)
                  0030abbc    00000002     clock_p28FP.o28FP (.econst:ti_sysbios_family_c28_Hwi_Module__loggerObj__C)
                  0030abbe    00000002     clock_p28FP.o28FP (.econst:ti_sysbios_family_c28_TaskSupport_E_invalidStack__C)
                  0030abc0    00000002     clock_p28FP.o28FP (.econst:ti_sysbios_family_c28_TimestampProvider_Module__diagsEnabled__C)
                  0030abc2    00000002     clock_p28FP.o28FP (.econst:ti_sysbios_family_c28_TimestampProvider_Module__diagsIncluded__C)
                  0030abc4    00000002     clock_p28FP.o28FP (.econst:ti_sysbios_family_c28_TimestampProvider_Module__diagsMask__C)
                  0030abc6    00000002     clock_p28FP.o28FP (.econst:ti_sysbios_gates_GateMutex_A_badContext__C)
                  0030abc8    00000002     clock_p28FP.o28FP (.econst:ti_sysbios_gates_GateMutex_Instance_State_sem__O)
                  0030abca    00000002     clock_p28FP.o28FP (.econst:ti_sysbios_gates_GateMutex_Module__diagsEnabled__C)
                  0030abcc    00000002     clock_p28FP.o28FP (.econst:ti_sysbios_gates_GateMutex_Module__diagsIncluded__C)
                  0030abce    00000002     clock_p28FP.o28FP (.econst:ti_sysbios_gates_GateMutex_Module__diagsMask__C)
                  0030abd0    00000002     clock_p28FP.o28FP (.econst:ti_sysbios_hal_Hwi_E_stackOverflow__C)
                  0030abd2    00000002     clock_p28FP.o28FP (.econst:ti_sysbios_heaps_HeapMem_A_align__C)
                  0030abd4    00000002     clock_p28FP.o28FP (.econst:ti_sysbios_heaps_HeapMem_A_heapSize__C)
                  0030abd6    00000002     clock_p28FP.o28FP (.econst:ti_sysbios_heaps_HeapMem_A_invalidFree__C)
                  0030abd8    00000002     clock_p28FP.o28FP (.econst:ti_sysbios_heaps_HeapMem_A_zeroBlock__C)
                  0030abda    00000002     clock_p28FP.o28FP (.econst:ti_sysbios_heaps_HeapMem_E_memory__C)
                  0030abdc    00000002     clock_p28FP.o28FP (.econst:ti_sysbios_heaps_HeapMem_Module__diagsEnabled__C)
                  0030abde    00000002     clock_p28FP.o28FP (.econst:ti_sysbios_heaps_HeapMem_Module__diagsIncluded__C)
                  0030abe0    00000002     clock_p28FP.o28FP (.econst:ti_sysbios_heaps_HeapMem_Module__diagsMask__C)
                  0030abe2    00000002     clock_p28FP.o28FP (.econst:ti_sysbios_heaps_HeapMem_Module__gateObj__C)
                  0030abe4    00000002     clock_p28FP.o28FP (.econst:ti_sysbios_heaps_HeapMem_reqAlign__C)
                  0030abe6    00000002     clock_p28FP.o28FP (.econst:ti_sysbios_knl_Clock_LM_begin__C)
                  0030abe8    00000002     clock_p28FP.o28FP (.econst:ti_sysbios_knl_Clock_LM_tick__C)
                  0030abea    00000002     clock_p28FP.o28FP (.econst:ti_sysbios_knl_Clock_LW_delayed__C)
                  0030abec    00000002     clock_p28FP.o28FP (.econst:ti_sysbios_knl_Clock_Module_State_clockQ__O)
                  0030abee    00000002     clock_p28FP.o28FP (.econst:ti_sysbios_knl_Clock_Module__diagsEnabled__C)
                  0030abf0    00000002     clock_p28FP.o28FP (.econst:ti_sysbios_knl_Clock_Module__diagsIncluded__C)
                  0030abf2    00000002     clock_p28FP.o28FP (.econst:ti_sysbios_knl_Clock_Module__diagsMask__C)
                  0030abf4    00000002     clock_p28FP.o28FP (.econst:ti_sysbios_knl_Clock_Module__loggerFxn1__C)
                  0030abf6    00000002     clock_p28FP.o28FP (.econst:ti_sysbios_knl_Clock_Module__loggerFxn2__C)
                  0030abf8    00000002     clock_p28FP.o28FP (.econst:ti_sysbios_knl_Clock_Module__loggerObj__C)
                  0030abfa    00000002     clock_p28FP.o28FP (.econst:ti_sysbios_knl_Idle_funcList__A)
                  0030abfc    00000002     clock_p28FP.o28FP (.econst:ti_sysbios_knl_Semaphore_A_badContext__C)
                  0030abfe    00000002     clock_p28FP.o28FP (.econst:ti_sysbios_knl_Semaphore_A_noEvents__C)
                  0030ac00    00000002     clock_p28FP.o28FP (.econst:ti_sysbios_knl_Semaphore_A_overflow__C)
                  0030ac02    00000002     clock_p28FP.o28FP (.econst:ti_sysbios_knl_Semaphore_A_pendTaskDisabled__C)
                  0030ac04    00000002     clock_p28FP.o28FP (.econst:ti_sysbios_knl_Semaphore_Instance_State_pendQ__O)
                  0030ac06    00000002     clock_p28FP.o28FP (.econst:ti_sysbios_knl_Semaphore_LM_pend__C)
                  0030ac08    00000002     clock_p28FP.o28FP (.econst:ti_sysbios_knl_Semaphore_LM_post__C)
                  0030ac0a    00000002     clock_p28FP.o28FP (.econst:ti_sysbios_knl_Semaphore_Module__diagsEnabled__C)
                  0030ac0c    00000002     clock_p28FP.o28FP (.econst:ti_sysbios_knl_Semaphore_Module__diagsIncluded__C)
                  0030ac0e    00000002     clock_p28FP.o28FP (.econst:ti_sysbios_knl_Semaphore_Module__diagsMask__C)
                  0030ac10    00000002     clock_p28FP.o28FP (.econst:ti_sysbios_knl_Semaphore_Module__loggerFxn2__C)
                  0030ac12    00000002     clock_p28FP.o28FP (.econst:ti_sysbios_knl_Semaphore_Module__loggerFxn4__C)
                  0030ac14    00000002     clock_p28FP.o28FP (.econst:ti_sysbios_knl_Semaphore_Module__loggerObj__C)
                  0030ac16    00000002     clock_p28FP.o28FP (.econst:ti_sysbios_knl_Swi_LD_end__C)
                  0030ac18    00000002     clock_p28FP.o28FP (.econst:ti_sysbios_knl_Swi_LM_begin__C)
                  0030ac1a    00000002     clock_p28FP.o28FP (.econst:ti_sysbios_knl_Swi_LM_post__C)
                  0030ac1c    00000002     clock_p28FP.o28FP (.econst:ti_sysbios_knl_Swi_Module__diagsEnabled__C)
                  0030ac1e    00000002     clock_p28FP.o28FP (.econst:ti_sysbios_knl_Swi_Module__diagsIncluded__C)
                  0030ac20    00000002     clock_p28FP.o28FP (.econst:ti_sysbios_knl_Swi_Module__diagsMask__C)
                  0030ac22    00000002     clock_p28FP.o28FP (.econst:ti_sysbios_knl_Swi_Module__loggerFxn1__C)
                  0030ac24    00000002     clock_p28FP.o28FP (.econst:ti_sysbios_knl_Swi_Module__loggerFxn4__C)
                  0030ac26    00000002     clock_p28FP.o28FP (.econst:ti_sysbios_knl_Swi_Module__loggerObj__C)
                  0030ac28    00000002     clock_p28FP.o28FP (.econst:ti_sysbios_knl_Task_E_spOutOfBounds__C)
                  0030ac2a    00000002     clock_p28FP.o28FP (.econst:ti_sysbios_knl_Task_E_stackOverflow__C)
                  0030ac2c    00000002     clock_p28FP.o28FP (.econst:ti_sysbios_knl_Task_LD_block__C)
                  0030ac2e    00000002     clock_p28FP.o28FP (.econst:ti_sysbios_knl_Task_LD_exit__C)
                  0030ac30    00000002     clock_p28FP.o28FP (.econst:ti_sysbios_knl_Task_LD_ready__C)
                  0030ac32    00000002     clock_p28FP.o28FP (.econst:ti_sysbios_knl_Task_LM_switch__C)
                  0030ac34    00000002     clock_p28FP.o28FP (.econst:ti_sysbios_knl_Task_Module_State_inactiveQ__O)
                  0030ac36    00000002     clock_p28FP.o28FP (.econst:ti_sysbios_knl_Task_Module__diagsEnabled__C)
                  0030ac38    00000002     clock_p28FP.o28FP (.econst:ti_sysbios_knl_Task_Module__diagsIncluded__C)
                  0030ac3a    00000002     clock_p28FP.o28FP (.econst:ti_sysbios_knl_Task_Module__diagsMask__C)
                  0030ac3c    00000002     clock_p28FP.o28FP (.econst:ti_sysbios_knl_Task_Module__loggerFxn2__C)
                  0030ac3e    00000002     clock_p28FP.o28FP (.econst:ti_sysbios_knl_Task_Module__loggerFxn4__C)
                  0030ac40    00000002     clock_p28FP.o28FP (.econst:ti_sysbios_knl_Task_Module__loggerObj__C)
                  0030ac42    00000002     clock_p28FP.o28FP (.econst:ti_sysbios_knl_Task_allBlockedFunc__C)
                  0030ac44    00000002     clock_p28FP.o28FP (.econst:xdc_runtime_Assert_E_assertFailed__C)
                  0030ac46    00000002     clock_p28FP.o28FP (.econst:xdc_runtime_Core_A_initializedParams__C)
                  0030ac48    00000002     clock_p28FP.o28FP (.econst:xdc_runtime_Core_Module__diagsEnabled__C)
                  0030ac4a    00000002     clock_p28FP.o28FP (.econst:xdc_runtime_Core_Module__diagsIncluded__C)
                  0030ac4c    00000002     clock_p28FP.o28FP (.econst:xdc_runtime_Core_Module__diagsMask__C)
                  0030ac4e    00000002     clock_p28FP.o28FP (.econst:xdc_runtime_Error_E_memory__C)
                  0030ac50    00000002     clock_p28FP.o28FP (.econst:xdc_runtime_Error_Module__diagsEnabled__C)
                  0030ac52    00000002     clock_p28FP.o28FP (.econst:xdc_runtime_Error_Module__diagsIncluded__C)
                  0030ac54    00000002     clock_p28FP.o28FP (.econst:xdc_runtime_Error_Module__diagsMask__C)
                  0030ac56    00000002     clock_p28FP.o28FP (.econst:xdc_runtime_Error_Module__loggerFxn8__C)
                  0030ac58    00000002     clock_p28FP.o28FP (.econst:xdc_runtime_Error_Module__loggerObj__C)
                  0030ac5a    00000002     clock_p28FP.o28FP (.econst:xdc_runtime_Error_policyFxn__C)
                  0030ac5c    00000002     clock_p28FP.o28FP (.econst:xdc_runtime_Error_raiseHook__C)
                  0030ac5e    00000002     clock_p28FP.o28FP (.econst:xdc_runtime_IFilterLogger_Interface__BASE__C)
                  0030ac60    00000002     clock_p28FP.o28FP (.econst:xdc_runtime_IGateProvider_Interface__BASE__C)
                  0030ac62    00000002     clock_p28FP.o28FP (.econst:xdc_runtime_IHeap_Interface__BASE__C)
                  0030ac64    00000002     clock_p28FP.o28FP (.econst:xdc_runtime_ILogger_Interface__BASE__C)
                  0030ac66    00000002     clock_p28FP.o28FP (.econst:xdc_runtime_IModule_Interface__BASE__C)
                  0030ac68    00000002     clock_p28FP.o28FP (.econst:xdc_runtime_Log_L_error__C)
                  0030ac6a    00000002     clock_p28FP.o28FP (.econst:xdc_runtime_LoggerBuf_E_badLevel__C)
                  0030ac6c    00000002     clock_p28FP.o28FP (.econst:xdc_runtime_LoggerBuf_Module__gateObj__C)
                  0030ac6e    00000002     clock_p28FP.o28FP (.econst:xdc_runtime_LoggerBuf_statusLogger__C)
                  0030ac70    00000002     clock_p28FP.o28FP (.econst:xdc_runtime_Memory_defaultHeapInstance__C)
                  0030ac72    00000002     clock_p28FP.o28FP (.econst:xdc_runtime_Startup_execImpl__C)
                  0030ac74    00000002     clock_p28FP.o28FP (.econst:xdc_runtime_Startup_lastFxns__A)
                  0030ac76    00000002     clock_p28FP.o28FP (.econst:xdc_runtime_Startup_sfxnRts__C)
                  0030ac78    00000002     clock_p28FP.o28FP (.econst:xdc_runtime_Startup_sfxnTab__C)
                  0030ac7a    00000002     clock_p28FP.o28FP (.econst:xdc_runtime_SysMin_bufSize__C)
                  0030ac7c    00000002     clock_p28FP.o28FP (.econst:xdc_runtime_SysMin_outputFunc__C)
                  0030ac7e    00000002     clock_p28FP.o28FP (.econst:xdc_runtime_System_Module__gateObj__C)
                  0030ac80    00000002     clock_p28FP.o28FP (.econst:xdc_runtime_System_abortFxn__C)
                  0030ac82    00000002     clock_p28FP.o28FP (.econst:xdc_runtime_System_exitFxn__C)
                  0030ac84    00000002     clock_p28FP.o28FP (.econst:xdc_runtime_System_extendFxn__C)
                  0030ac86    00000002     clock_p28FP.o28FP (.econst:xdc_runtime_Text_charTab__C)
                  0030ac88    00000002     clock_p28FP.o28FP (.econst:xdc_runtime_Text_nameEmpty__C)
                  0030ac8a    00000002     clock_p28FP.o28FP (.econst:xdc_runtime_Text_nameStatic__C)
                  0030ac8c    00000002     clock_p28FP.o28FP (.econst:xdc_runtime_Text_nameUnknown__C)
                  0030ac8e    00000002     clock_p28FP.o28FP (.econst:xdc_runtime_Text_nodeTab__C)
                  0030ac90    00000002     clock_p28FP.o28FP (.econst:xdc_runtime_Text_visitRopeFxn__C)
                  0030ac92    00000001     clock_p28FP.o28FP (.econst:ti_sysbios_gates_GateMutex_Module__id__C)
                  0030ac93    00000001     clock_p28FP.o28FP (.econst:ti_sysbios_hal_Hwi_Module__id__C)
                  0030ac94    00000001     clock_p28FP.o28FP (.econst:ti_sysbios_heaps_HeapMem_Module__id__C)
                  0030ac95    00000001     clock_p28FP.o28FP (.econst:ti_sysbios_heaps_HeapMem_Object__count__C)
                  0030ac96    00000001     clock_p28FP.o28FP (.econst:ti_sysbios_knl_Clock_Module__id__C)
                  0030ac97    00000001     clock_p28FP.o28FP (.econst:ti_sysbios_knl_Clock_Module__loggerDefined__C)
                  0030ac98    00000001     clock_p28FP.o28FP (.econst:ti_sysbios_knl_Semaphore_Module__id__C)
                  0030ac99    00000001     clock_p28FP.o28FP (.econst:ti_sysbios_knl_Semaphore_Module__loggerDefined__C)
                  0030ac9a    00000001     clock_p28FP.o28FP (.econst:ti_sysbios_knl_Swi_Module__id__C)
                  0030ac9b    00000001     clock_p28FP.o28FP (.econst:ti_sysbios_knl_Swi_Module__loggerDefined__C)
                  0030ac9c    00000001     clock_p28FP.o28FP (.econst:ti_sysbios_knl_Swi_Object__count__C)
                  0030ac9d    00000001     clock_p28FP.o28FP (.econst:ti_sysbios_knl_Task_Module__id__C)
                  0030ac9e    00000001     clock_p28FP.o28FP (.econst:ti_sysbios_knl_Task_Module__loggerDefined__C)
                  0030ac9f    00000001     clock_p28FP.o28FP (.econst:ti_sysbios_knl_Task_Object__count__C)
                  0030aca0    00000001     clock_p28FP.o28FP (.econst:ti_sysbios_knl_Task_numConstructedTasks__C)
                  0030aca1    00000001     clock_p28FP.o28FP (.econst:xdc_runtime_Core_Module__id__C)
                  0030aca2    00000001     clock_p28FP.o28FP (.econst:xdc_runtime_Error_Module__loggerDefined__C)
                  0030aca3    00000001     clock_p28FP.o28FP (.econst:xdc_runtime_Error_maxDepth__C)
                  0030aca4    00000001     clock_p28FP.o28FP (.econst:xdc_runtime_Error_policy__C)
                  0030aca5    00000001     clock_p28FP.o28FP (.econst:xdc_runtime_LoggerBuf_Module__id__C)
                  0030aca6    00000001     clock_p28FP.o28FP (.econst:xdc_runtime_LoggerBuf_Object__count__C)
                  0030aca7    00000001     clock_p28FP.o28FP (.econst:xdc_runtime_LoggerBuf_filterByLevel__C)
                  0030aca8    00000001     clock_p28FP.o28FP (.econst:xdc_runtime_Memory_Module__id__C)
                  0030aca9    00000001     clock_p28FP.o28FP (.econst:xdc_runtime_Startup_maxPasses__C)
                  0030acaa    00000001     clock_p28FP.o28FP (.econst:xdc_runtime_SysMin_flushAtExit__C)
                  0030acab    00000001     clock_p28FP.o28FP (.econst:xdc_runtime_System_maxAtexitHandlers__C)
                  0030acac    00000001     clock_p28FP.o28FP (.econst:xdc_runtime_Text_charCnt__C)
                  0030acad    00000001     clock_p28FP.o28FP (.econst:xdc_runtime_Text_isLoaded__C)
                  0030acae    00000001     clock_p28FP.o28FP (.econst:xdc_runtime_Text_registryModsLastId__C)
                  0030acaf    00000001     clock_p28FP.o28FP (.econst:xdc_runtime_Text_unnamedModsLastId__C)

.cinit     0    0030acb0    00000448     
                  0030acb0    0000037f     clock_p28FP.o28FP (.cinit)
                  0030b02f    00000050     main.obj (.cinit)
                  0030b07f    00000031     rts2800_fpu32.lib : lowlev.obj (.cinit)
                  0030b0b0    0000002a                       : defs.obj (.cinit)
                  0030b0da    0000000a                       : exit.obj (.cinit)
                  0030b0e4    00000005                       : _lock.obj (.cinit:__lock)
                  0030b0e9    00000005                       : _lock.obj (.cinit:__unlock)
                  0030b0ee    00000004                       : errno.obj (.cinit)
                  0030b0f2    00000004                       : fopen.obj (.cinit)
                  0030b0f6    00000002     --HOLE-- [fill = 0]

.switch    0    0030b0f8    0000001c     
                  0030b0f8    0000001c     sysbios.a28FP : BIOS.obj (.switch:_ti_sysbios_family_c28_Hwi_clearInterrupt__E)

ramfuncs   0    0030b114    00000004     
                  0030b114    00000004     DSP2834x_usDelay.obj (ramfuncs)

.cio       1    00000040    00000120     UNINITIALIZED
                  00000040    00000120     rts2800_fpu32.lib : ankmsg.obj (.cio)

DevEmuRegsFile 
*          1    00000880    000000d0     UNINITIALIZED
                  00000880    000000d0     DSP2834x_GlobalVariableDefs.obj (DevEmuRegsFile)

CsmRegsFile 
*          1    00000ae0    00000010     UNINITIALIZED
                  00000ae0    00000010     DSP2834x_GlobalVariableDefs.obj (CsmRegsFile)

XintfRegsFile 
*          1    00000b20    0000001e     UNINITIALIZED
                  00000b20    0000001e     DSP2834x_GlobalVariableDefs.obj (XintfRegsFile)

CpuTimer0RegsFile 
*          1    00000c00    00000008     UNINITIALIZED
                  00000c00    00000008     DSP2834x_GlobalVariableDefs.obj (CpuTimer0RegsFile)

CpuTimer1RegsFile 
*          1    00000c08    00000008     UNINITIALIZED
                  00000c08    00000008     DSP2834x_GlobalVariableDefs.obj (CpuTimer1RegsFile)

CpuTimer2RegsFile 
*          1    00000c10    00000008     UNINITIALIZED
                  00000c10    00000008     DSP2834x_GlobalVariableDefs.obj (CpuTimer2RegsFile)

PieCtrlRegsFile 
*          1    00000ce0    0000001a     UNINITIALIZED
                  00000ce0    0000001a     DSP2834x_GlobalVariableDefs.obj (PieCtrlRegsFile)

DmaRegsFile 
*          1    00001000    000000e0     UNINITIALIZED
                  00001000    000000e0     DSP2834x_GlobalVariableDefs.obj (DmaRegsFile)

McbspaRegsFile 
*          1    00005000    00000025     UNINITIALIZED
                  00005000    00000025     DSP2834x_GlobalVariableDefs.obj (McbspaRegsFile)

McbspbRegsFile 
*          1    00005040    00000025     UNINITIALIZED
                  00005040    00000025     DSP2834x_GlobalVariableDefs.obj (McbspbRegsFile)

ECanaRegsFile 
*          1    00006000    00000034     UNINITIALIZED
                  00006000    00000034     DSP2834x_GlobalVariableDefs.obj (ECanaRegsFile)

[...]
0     0030ac50  _xdc_runtime_Error_Module__diagsEnabled__C                       
0     0030ac52  _xdc_runtime_Error_Module__diagsIncluded__C                      
0     0030ac54  _xdc_runtime_Error_Module__diagsMask__C                          
0     0030ac56  _xdc_runtime_Error_Module__loggerFxn8__C                         
0     0030ac58  _xdc_runtime_Error_Module__loggerObj__C                          
0     0030ac5a  _xdc_runtime_Error_policyFxn__C                                  
0     0030ac5c  _xdc_runtime_Error_raiseHook__C                                  
0     0030ac5e  _xdc_runtime_IFilterLogger_Interface__BASE__C                    
0     0030ac60  _xdc_runtime_IGateProvider_Interface__BASE__C                    
0     0030ac62  _xdc_runtime_IHeap_Interface__BASE__C                            
0     0030ac64  _xdc_runtime_ILogger_Interface__BASE__C                          
0     0030ac66  _xdc_runtime_IModule_Interface__BASE__C                          
0     0030ac68  _xdc_runtime_Log_L_error__C                                      
0     0030ac6a  _xdc_runtime_LoggerBuf_E_badLevel__C                             
0     0030ac6c  _xdc_runtime_LoggerBuf_Module__gateObj__C                        
0     0030ac6e  _xdc_runtime_LoggerBuf_statusLogger__C                           
0     0030ac70  _xdc_runtime_Memory_defaultHeapInstance__C                       
0     0030ac72  _xdc_runtime_Startup_execImpl__C                                 
0     0030ac74  _xdc_runtime_Startup_lastFxns__A                                 
0     0030ac76  _xdc_runtime_Startup_sfxnRts__C                                  
0     0030ac78  _xdc_runtime_Startup_sfxnTab__C                                  
0     0030ac7a  _xdc_runtime_SysMin_bufSize__C                                   
0     0030ac7c  _xdc_runtime_SysMin_outputFunc__C                                
0     0030ac7e  _xdc_runtime_System_Module__gateObj__C                           
0     0030ac80  _xdc_runtime_System_abortFxn__C                                  
0     0030ac82  _xdc_runtime_System_exitFxn__C                                   
0     0030ac84  _xdc_runtime_System_extendFxn__C                                 
0     0030ac86  _xdc_runtime_Text_charTab__C                                     
0     0030ac88  _xdc_runtime_Text_nameEmpty__C                                   
0     0030ac8a  _xdc_runtime_Text_nameStatic__C                                  
0     0030ac8c  _xdc_runtime_Text_nameUnknown__C                                 
0     0030ac8e  _xdc_runtime_Text_nodeTab__C                                     
0     0030ac90  _xdc_runtime_Text_visitRopeFxn__C                                
0     0030ac92  _ti_sysbios_gates_GateMutex_Module__id__C                        
0     0030ac93  _ti_sysbios_hal_Hwi_Module__id__C                                
0     0030ac94  _ti_sysbios_heaps_HeapMem_Module__id__C                          
0     0030ac95  _ti_sysbios_heaps_HeapMem_Object__count__C                       
0     0030ac96  _ti_sysbios_knl_Clock_Module__id__C                              
0     0030ac97  _ti_sysbios_knl_Clock_Module__loggerDefined__C                   
0     0030ac98  _ti_sysbios_knl_Semaphore_Module__id__C                          
0     0030ac99  _ti_sysbios_knl_Semaphore_Module__loggerDefined__C               
0     0030ac9a  _ti_sysbios_knl_Swi_Module__id__C                                
0     0030ac9b  _ti_sysbios_knl_Swi_Module__loggerDefined__C                     
0     0030ac9c  _ti_sysbios_knl_Swi_Object__count__C                             
0     0030ac9d  _ti_sysbios_knl_Task_Module__id__C                               
0     0030ac9e  _ti_sysbios_knl_Task_Module__loggerDefined__C                    
0     0030ac9f  _ti_sysbios_knl_Task_Object__count__C                            
0     0030aca0  _ti_sysbios_knl_Task_numConstructedTasks__C                      
0     0030aca1  _xdc_runtime_Core_Module__id__C                                  
0     0030aca2  _xdc_runtime_Error_Module__loggerDefined__C                      
0     0030aca3  _xdc_runtime_Error_maxDepth__C                                   
0     0030aca4  _xdc_runtime_Error_policy__C                                     
0     0030aca5  _xdc_runtime_LoggerBuf_Module__id__C                             
0     0030aca6  _xdc_runtime_LoggerBuf_Object__count__C                          
0     0030aca7  _xdc_runtime_LoggerBuf_filterByLevel__C                          
0     0030aca8  _xdc_runtime_Memory_Module__id__C                                
0     0030aca9  _xdc_runtime_Startup_maxPasses__C                                
0     0030acaa  _xdc_runtime_SysMin_flushAtExit__C                               
0     0030acab  _xdc_runtime_System_maxAtexitHandlers__C                         
0     0030acac  _xdc_runtime_Text_charCnt__C                                     
0     0030acad  _xdc_runtime_Text_isLoaded__C                                    
0     0030acae  _xdc_runtime_Text_registryModsLastId__C                          
0     0030acaf  _xdc_runtime_Text_unnamedModsLastId__C                           
0     0030acb0  ___cinit__                                                       
0     0030acb0  cinit                                                            
0     0030b114  _DSP28x_usDelay                                                  
1     00000040  __CIOBUF_                                                        
1     00000880  _DevEmuRegs                                                      
1     00000ae0  _CsmRegs                                                         
1     00000b20  _XintfRegs                                                       
1     00000c00  _CpuTimer0Regs                                                   
1     00000c08  _CpuTimer1Regs                                                   
1     00000c10  _CpuTimer2Regs                                                   
1     00000ce0  _PieCtrlRegs                                                     
1     00001000  _DmaRegs                                                         
1     00005000  _McbspaRegs                                                      
1     00005040  _McbspbRegs                                                      
1     00006000  _ECanaRegs                                                       
1     00006040  _ECanaLAMRegs                                                    
1     00006080  _ECanaMOTSRegs                                                   
1     000060c0  _ECanaMOTORegs                                                   
1     00006100  _ECanaMboxes                                                     
1     00006200  _ECanbRegs                                                       
1     00006240  _ECanbLAMRegs                                                    
1     00006280  _ECanbMOTSRegs                                                   
1     000062c0  _ECanbMOTORegs                                                   
1     00006300  _ECanbMboxes                                                     
1     00006600  _EPwm9Regs                                                       
1     00006800  _EPwm1Regs                                                       
1     00006840  _EPwm2Regs                                                       
1     00006880  _EPwm3Regs                                                       
1     000068c0  _EPwm4Regs                                                       
1     00006900  _EPwm5Regs                                                       
1     00006940  _EPwm6Regs                                                       
1     00006980  _EPwm7Regs                                                       
1     000069c0  _EPwm8Regs                                                       
1     00006a00  _ECap1Regs                                                       
1     00006a20  _ECap2Regs                                                       
1     00006a40  _ECap3Regs                                                       
1     00006a60  _ECap4Regs                                                       
1     00006a80  _ECap5Regs                                                       
1     00006aa0  _ECap6Regs                                                       
1     00006b00  _EQep1Regs                                                       
1     00006b40  _EQep2Regs                                                       
1     00006b80  _EQep3Regs                                                       
1     00006f80  _GpioCtrlRegs                                                    
1     00006fc0  _GpioDataRegs                                                    
1     00006fe0  _GpioIntRegs                                                     
1     00007010  _SysCtrlRegs                                                     
1     00007040  _SpiaRegs                                                        
1     00007050  _SciaRegs                                                        
1     00007070  _XIntruptRegs                                                    
1     00007750  _ScibRegs                                                        
1     00007770  _ScicRegs                                                        
1     00007780  _SpidRegs                                                        
1     00007900  _I2caRegs                                                        
1     00008000  _flagGPS                                                         
1     00008001  _dataisincorrect                                                 
1     00008002  _aligned                                                         
1     00008003  _GPS_count                                                       
1     00008004  _linenum                                                         
1     00008006  _pitch_init                                                      
1     00008008  _roll_init                                                       
1     0000800a  _gps_tmp                                                         
1     0000800c  _baro_tmp                                                        
1     0000800e  _mean_BaroOffset                                                 
1     00008010  _yaw_init                                                        
1     00008012  _rm                                                              
1     00008014  _time_p                                                          
1     00008016  _rp                                                              
1     00008018  _Baro_data                                                       
1     0000801a  _validrow                                                        
1     0000801c  _R_hgt                                                           
1     0000801e  _Fb                                                              
1     00008024  _wbnb                                                            
1     0000802a  _wnen                                                            
1     00008030  _wbin                                                            
1     00008036  _wnie                                                            
1     00008040  _fb                                                              
1     00008046  _g                                                               
1     0000804c  _fn                                                              
1     00008052  _wbib                                                            
1     00008058  _Wbib                                                            
1     0000805e  _INSDegPos                                                       
1     00008064  _INSRadPos                                                       
1     0000806a  _INSDegEulr                                                      
1     00008070  _INSRadEulr                                                      
1     00008076  _mean_gyr                                                        
1     00008080  _mean_acc                                                        
1     00008086  _Ba                                                              
1     0000808c  _Bg_init                                                         
1     00008092  _wnin                                                            
1     00008098  _Bg                                                              
1     0000809e  _INSMpsVb                                                        
1     000080a4  _INSMpsVned                                                      
1     000080aa  _Ba_init                                                         
1     000080b0  _R_latlon                                                        
1     000080b8  _INSQT                                                           
1     000080c0  _gps_data                                                        
1     000080cc  _MeasurementPV                                                   
1     000080d8  _Measurementlatlon                                               
1     000080e4  _Qvec                                                            
1     00008100  _INSDCMCbn                                                       
1     00008112  _INSDCMCnb                                                       
1     00008140  _estX                                                            
1     0000815e  _H_hgt                                                           
1     00008180  _parsedIMUGPS                                                    
1     000081a0  _parsedPrevious                                                  
1     000081c0  _H_latlon                                                        
1     00008200  _R_PV                                                            
1     00008280  _H_Zupt                                                          
1     00008340  _H_PV                                                            
1     00008400  _uart_buf                                                        
1     00008500  _PHI                                                             
1     00008700  _F                                                               
1     00008900  _P_DB                                                            
1     00008aca  ___TI_cleanup_ptr                                                
1     00008acc  ___TI_dtors_ptr                                                  
1     00008ace  __lock                                                           
1     00008ad0  __unlock                                                         
1     00008ad2  _errno                                                           
1     00008b00  _xdc_runtime_Error_Module__state__V                              
1     00008b02  ___xdc__init__addr                                               
1     00008b04  _ti_sysbios_knl_Task_Module_State_0_idleTask__A                  
1     00008b06  _xdc_runtime_Memory_Module__state__V                             
1     00008b08  _ti_sysbios_gates_GateHwi_Object__table__V                       
1     00008b0a  _xdc_runtime_LoggerBuf_Module__state__V                          
1     00008b0e  _ti_sysbios_family_c28_Timer_Module__root__V                     
1     00008b12  _ti_sysbios_hal_Hwi_Module__root__V                              
1     00008b16  _ti_sysbios_family_c28_Hwi_Module__root__V                       
1     00008b1a  _xdc_runtime_Registry_Module__state__V                           
1     00008b1e  _ti_sysbios_knl_Swi_Module__root__V                              
1     00008b22  _ti_sysbios_gates_GateMutex_Module__root__V                      
1     00008b26  _ti_sysbios_knl_Semaphore_Module__root__V                        
1     00008b2a  _ti_sysbios_gates_GateHwi_Module__root__V                        
1     00008b2e  _ti_sysbios_knl_Task_Module__root__V                             
1     00008b32  _xdc_runtime_LoggerBuf_Module__root__V                           
1     00008b36  _xdc_runtime_Text_Module__state__V                               
1     00008b3a  _ti_sysbios_knl_Queue_Module__root__V                            
1     00008b40  _xdc_runtime_SysMin_Module__state__V                             
1     00008b44  _ti_sysbios_knl_Clock_Module__root__V                            
1     00008b48  _ti_sysbios_family_c28_TimestampProvider_Module__state__V        
1     00008b4c  _ti_sysbios_heaps_HeapMem_Module__root__V                        
1     00008b50  _xdc_runtime_Startup_Module__state__V                            
1     00008b54  _xdc_runtime_System_Module__state__V                             
1     00008b58  _xdc_runtime_System_Module_State_0_atexitHandlers__A             
1     00008b60  _ti_sysbios_family_c28_Timer_Module__state__V                    
1     00008b68  _ti_sysbios_heaps_HeapMem_Object__table__V                       
1     00008b74  _ti_sysbios_knl_Swi_Module__state__V                             
1     00008b80  _ti_sysbios_family_c28_Hwi_Module__state__V                      
1     00008b90  _xdc_runtime_LoggerBuf_Object__table__V                          
1     00008ba2  _ti_sysbios_BIOS_Module__state__V                                
1     00008bc0  _ti_sysbios_knl_Swi_Object__table__V                             
1     00008bd4  _ti_sysbios_knl_Clock_Module__state__V                           
1     00008c00  _ti_sysbios_gates_GateMutex_Object__table__V                     
1     00008c1c  _ti_sysbios_knl_Task_Module__state__V                            
1     00008c40  _ti_sysbios_family_c28_Hwi_Object__table__V                      
1     00008c80  _ti_sysbios_knl_Task_Object__table__V                            
1     00008cc0  _ti_sysbios_family_c28_Timer_Object__table__V                    
1     00008d00  _ti_sysbios_knl_Swi_Module_State_0_readyQ__A                     
1     00008d40  _ti_sysbios_knl_Task_Module_State_0_readyQ__A                    
1     00008d80  _ti_sysbios_family_c28_Hwi_Module_State_0_dispatchTable__A       
1     00008e80  _xdc_runtime_SysMin_Module_State_0_outbuf__A                     
1     00008f80  _xdc_runtime_LoggerBuf_Instance_State_0_entryArr__A              
1     00009180  _ti_sysbios_knl_Task_Instance_State_0_stack__A                   
1     00009280  _ti_sysbios_heaps_HeapMem_Instance_State_0_buf__A                
1     000094c0  ___TI_ft_end                                                     
1     00009500  __ftable                                                         
1     00009580  ___TI_tmpnams                                                    
1     000096c8  __stack                                                          
1     00009ac8  __STACK_END                                                      
1     003f7ff8  _CsmPwl                                                          
abs   00000001  _xdc_runtime_Startup__EXECFXN__C                                 
abs   00000001  _xdc_runtime_Startup__RESETFXN__C                                
abs   00000400  __STACK_SIZE                                                     
abs   ffffffff  ___binit__                                                       
abs   ffffffff  ___c_args__                                                      
abs   ffffffff  ___pinit__                                                       
abs   ffffffff  binit                                                            
abs   ffffffff  pinit                                                            

[887 symbols]
