<?xml version="1.0"?>
<link_info>
   <banner>TMS320C2000 Linker PC v6.4.6</banner>
   <copyright>Copyright (c) 1996-2015 Texas Instruments Incorporated</copyright>
   <link_time>0x5f59b7ff</link_time>
   <link_errors>0x0</link_errors>
   <output_file>TMS320C28346.out</output_file>
   <entry_point>
      <name>_c_int00</name>
      <address>0x304d61</address>
   </entry_point>
   <input_file_list>
      <input_file id="fl-2">
         <path>.\</path>
         <kind>object</kind>
         <file>DSP2834x_CodeStartBranch.obj</file>
         <name>DSP2834x_CodeStartBranch.obj</name>
      </input_file>
      <input_file id="fl-3">
         <path>.\</path>
         <kind>object</kind>
         <file>DSP2834x_DefaultIsr.obj</file>
         <name>DSP2834x_DefaultIsr.obj</name>
      </input_file>
      <input_file id="fl-4">
         <path>.\</path>
         <kind>object</kind>
         <file>DSP2834x_GlobalVariableDefs.obj</file>
         <name>DSP2834x_GlobalVariableDefs.obj</name>
      </input_file>
      <input_file id="fl-5">
         <path>.\</path>
         <kind>object</kind>
         <file>DSP2834x_PieCtrl.obj</file>
         <name>DSP2834x_PieCtrl.obj</name>
      </input_file>
      <input_file id="fl-6">
         <path>.\</path>
         <kind>object</kind>
         <file>DSP2834x_PieVect.obj</file>
         <name>DSP2834x_PieVect.obj</name>
      </input_file>
      <input_file id="fl-7">
         <path>.\</path>
         <kind>object</kind>
         <file>DSP2834x_Sci.obj</file>
         <name>DSP2834x_Sci.obj</name>
      </input_file>
      <input_file id="fl-8">
         <path>.\</path>
         <kind>object</kind>
         <file>DSP2834x_Spi.obj</file>
         <name>DSP2834x_Spi.obj</name>
      </input_file>
      <input_file id="fl-9">
         <path>.\</path>
         <kind>object</kind>
         <file>DSP2834x_SysCtrl.obj</file>
         <name>DSP2834x_SysCtrl.obj</name>
      </input_file>
      <input_file id="fl-a">
         <path>.\</path>
         <kind>object</kind>
         <file>DSP2834x_usDelay.obj</file>
         <name>DSP2834x_usDelay.obj</name>
      </input_file>
      <input_file id="fl-b">
         <path>.\</path>
         <kind>object</kind>
         <file>function.obj</file>
         <name>function.obj</name>
      </input_file>
      <input_file id="fl-c">
         <path>.\</path>
         <kind>object</kind>
         <file>main.obj</file>
         <name>main.obj</name>
      </input_file>
      <input_file id="fl-10">
         <path>D:\TI_project\IMU3\Debug\configPkg\package\cfg\</path>
         <kind>object</kind>
         <file>clock_p28FP.o28FP</file>
         <name>clock_p28FP.o28FP</name>
      </input_file>
      <input_file id="fl-1b">
         <path>D:\TI_project\IMU3\src\sysbios\</path>
         <kind>archive</kind>
         <file>sysbios.a28FP</file>
         <name>BIOS.obj</name>
      </input_file>
      <input_file id="fl-1c">
         <path>D:\TI_project\IMU3\src\sysbios\</path>
         <kind>archive</kind>
         <file>sysbios.a28FP</file>
         <name>c28_Hwi_asm.obj</name>
      </input_file>
      <input_file id="fl-1d">
         <path>D:\TI_project\IMU3\src\sysbios\</path>
         <kind>archive</kind>
         <file>sysbios.a28FP</file>
         <name>c28_Hwi_disp_asm.obj</name>
      </input_file>
      <input_file id="fl-1e">
         <path>D:\TI_project\IMU3\src\sysbios\</path>
         <kind>archive</kind>
         <file>sysbios.a28FP</file>
         <name>c28_IntrinsicsSupport_asm.obj</name>
      </input_file>
      <input_file id="fl-1f">
         <path>D:\TI_project\IMU3\src\sysbios\</path>
         <kind>archive</kind>
         <file>sysbios.a28FP</file>
         <name>c28_TaskSupport_asm.obj</name>
      </input_file>
      <input_file id="fl-20">
         <path>C:\ti\bios_6_46_05_55\packages\ti\catalog\c2800\init\lib\</path>
         <kind>archive</kind>
         <file>Boot.a28FP</file>
         <name>Boot.o28FP</name>
      </input_file>
      <input_file id="fl-21">
         <path>C:\ti\bios_6_46_05_55\packages\ti\targets\rts2800\lib\</path>
         <kind>archive</kind>
         <file>ti.targets.rts2800.a28FP</file>
         <name>Assert.o28FP</name>
      </input_file>
      <input_file id="fl-22">
         <path>C:\ti\bios_6_46_05_55\packages\ti\targets\rts2800\lib\</path>
         <kind>archive</kind>
         <file>ti.targets.rts2800.a28FP</file>
         <name>Core-mem.o28FP</name>
      </input_file>
      <input_file id="fl-23">
         <path>C:\ti\bios_6_46_05_55\packages\ti\targets\rts2800\lib\</path>
         <kind>archive</kind>
         <file>ti.targets.rts2800.a28FP</file>
         <name>Core-smem.o28FP</name>
      </input_file>
      <input_file id="fl-24">
         <path>C:\ti\bios_6_46_05_55\packages\ti\targets\rts2800\lib\</path>
         <kind>archive</kind>
         <file>ti.targets.rts2800.a28FP</file>
         <name>Core-label.o28FP</name>
      </input_file>
      <input_file id="fl-25">
         <path>C:\ti\bios_6_46_05_55\packages\ti\targets\rts2800\lib\</path>
         <kind>archive</kind>
         <file>ti.targets.rts2800.a28FP</file>
         <name>Core-params.o28FP</name>
      </input_file>
      <input_file id="fl-26">
         <path>C:\ti\bios_6_46_05_55\packages\ti\targets\rts2800\lib\</path>
         <kind>archive</kind>
         <file>ti.targets.rts2800.a28FP</file>
         <name>Error.o28FP</name>
      </input_file>
      <input_file id="fl-27">
         <path>C:\ti\bios_6_46_05_55\packages\ti\targets\rts2800\lib\</path>
         <kind>archive</kind>
         <file>ti.targets.rts2800.a28FP</file>
         <name>Gate.o28FP</name>
      </input_file>
      <input_file id="fl-28">
         <path>C:\ti\bios_6_46_05_55\packages\ti\targets\rts2800\lib\</path>
         <kind>archive</kind>
         <file>ti.targets.rts2800.a28FP</file>
         <name>LoggerBuf.o28FP</name>
      </input_file>
      <input_file id="fl-29">
         <path>C:\ti\bios_6_46_05_55\packages\ti\targets\rts2800\lib\</path>
         <kind>archive</kind>
         <file>ti.targets.rts2800.a28FP</file>
         <name>Memory.o28FP</name>
      </input_file>
      <input_file id="fl-2a">
         <path>C:\ti\bios_6_46_05_55\packages\ti\targets\rts2800\lib\</path>
         <kind>archive</kind>
         <file>ti.targets.rts2800.a28FP</file>
         <name>Startup.o28FP</name>
      </input_file>
      <input_file id="fl-2b">
         <path>C:\ti\bios_6_46_05_55\packages\ti\targets\rts2800\lib\</path>
         <kind>archive</kind>
         <file>ti.targets.rts2800.a28FP</file>
         <name>System.o28FP</name>
      </input_file>
      <input_file id="fl-2c">
         <path>C:\ti\bios_6_46_05_55\packages\ti\targets\rts2800\lib\</path>
         <kind>archive</kind>
         <file>ti.targets.rts2800.a28FP</file>
         <name>SysMin.o28FP</name>
      </input_file>
      <input_file id="fl-2d">
         <path>C:\ti\bios_6_46_05_55\packages\ti\targets\rts2800\lib\</path>
         <kind>archive</kind>
         <file>ti.targets.rts2800.a28FP</file>
         <name>Text.o28FP</name>
      </input_file>
      <input_file id="fl-2e">
         <path>C:\ti\bios_6_46_05_55\packages\ti\targets\rts2800\lib\</path>
         <kind>archive</kind>
         <file>ti.targets.rts2800.a28FP</file>
         <name>xdc_noinit.o28FP</name>
      </input_file>
      <input_file id="fl-2f">
         <path>C:\ti\bios_6_46_05_55\packages\ti\targets\rts2800\lib\</path>
         <kind>archive</kind>
         <file>ti.targets.rts2800.a28FP</file>
         <name>Log.o28FP</name>
      </input_file>
      <input_file id="fl-30">
         <path>C:\ti\bios_6_46_05_55\packages\ti\targets\rts2800\lib\</path>
         <kind>archive</kind>
         <file>ti.targets.rts2800.a28FP</file>
         <name>Registry.o28FP</name>
      </input_file>
      <input_file id="fl-31">
         <path>C:\ti\bios_6_46_05_55\packages\ti\targets\rts2800\lib\</path>
         <kind>archive</kind>
         <file>boot.a28FP</file>
         <name>boot_cg.o28FP</name>
      </input_file>
      <input_file id="fl-37">
         <path>C:\ti\ccsv6\tools\compiler\ti-cgt-c2000_6.4.6\lib\</path>
         <kind>archive</kind>
         <file>rts2800_fpu32.lib</file>
         <name>_lock.obj</name>
      </input_file>
      <input_file id="fl-38">
         <path>C:\ti\ccsv6\tools\compiler\ti-cgt-c2000_6.4.6\lib\</path>
         <kind>archive</kind>
         <file>rts2800_fpu32.lib</file>
         <name>args_main.obj</name>
      </input_file>
      <input_file id="fl-39">
         <path>C:\ti\ccsv6\tools\compiler\ti-cgt-c2000_6.4.6\lib\</path>
         <kind>archive</kind>
         <file>rts2800_fpu32.lib</file>
         <name>asin.obj</name>
      </input_file>
      <input_file id="fl-3a">
         <path>C:\ti\ccsv6\tools\compiler\ti-cgt-c2000_6.4.6\lib\</path>
         <kind>archive</kind>
         <file>rts2800_fpu32.lib</file>
         <name>atan.obj</name>
      </input_file>
      <input_file id="fl-3b">
         <path>C:\ti\ccsv6\tools\compiler\ti-cgt-c2000_6.4.6\lib\</path>
         <kind>archive</kind>
         <file>rts2800_fpu32.lib</file>
         <name>atan2.obj</name>
      </input_file>
      <input_file id="fl-3c">
         <path>C:\ti\ccsv6\tools\compiler\ti-cgt-c2000_6.4.6\lib\</path>
         <kind>archive</kind>
         <file>rts2800_fpu32.lib</file>
         <name>cos.obj</name>
      </input_file>
      <input_file id="fl-3d">
         <path>C:\ti\ccsv6\tools\compiler\ti-cgt-c2000_6.4.6\lib\</path>
         <kind>archive</kind>
         <file>rts2800_fpu32.lib</file>
         <name>cpy_tbl.obj</name>
      </input_file>
      <input_file id="fl-3e">
         <path>C:\ti\ccsv6\tools\compiler\ti-cgt-c2000_6.4.6\lib\</path>
         <kind>archive</kind>
         <file>rts2800_fpu32.lib</file>
         <name>cpy_utils.obj</name>
      </input_file>
      <input_file id="fl-3f">
         <path>C:\ti\ccsv6\tools\compiler\ti-cgt-c2000_6.4.6\lib\</path>
         <kind>archive</kind>
         <file>rts2800_fpu32.lib</file>
         <name>errno.obj</name>
      </input_file>
      <input_file id="fl-40">
         <path>C:\ti\ccsv6\tools\compiler\ti-cgt-c2000_6.4.6\lib\</path>
         <kind>archive</kind>
         <file>rts2800_fpu32.lib</file>
         <name>exit.obj</name>
      </input_file>
      <input_file id="fl-41">
         <path>C:\ti\ccsv6\tools\compiler\ti-cgt-c2000_6.4.6\lib\</path>
         <kind>archive</kind>
         <file>rts2800_fpu32.lib</file>
         <name>frexp.obj</name>
      </input_file>
      <input_file id="fl-42">
         <path>C:\ti\ccsv6\tools\compiler\ti-cgt-c2000_6.4.6\lib\</path>
         <kind>archive</kind>
         <file>rts2800_fpu32.lib</file>
         <name>fs_div.obj</name>
      </input_file>
      <input_file id="fl-43">
         <path>C:\ti\ccsv6\tools\compiler\ti-cgt-c2000_6.4.6\lib\</path>
         <kind>archive</kind>
         <file>rts2800_fpu32.lib</file>
         <name>ll_div.obj</name>
      </input_file>
      <input_file id="fl-44">
         <path>C:\ti\ccsv6\tools\compiler\ti-cgt-c2000_6.4.6\lib\</path>
         <kind>archive</kind>
         <file>rts2800_fpu32.lib</file>
         <name>memcpy.obj</name>
      </input_file>
      <input_file id="fl-45">
         <path>C:\ti\ccsv6\tools\compiler\ti-cgt-c2000_6.4.6\lib\</path>
         <kind>archive</kind>
         <file>rts2800_fpu32.lib</file>
         <name>memset.obj</name>
      </input_file>
      <input_file id="fl-46">
         <path>C:\ti\ccsv6\tools\compiler\ti-cgt-c2000_6.4.6\lib\</path>
         <kind>archive</kind>
         <file>rts2800_fpu32.lib</file>
         <name>modf.obj</name>
      </input_file>
      <input_file id="fl-47">
         <path>C:\ti\ccsv6\tools\compiler\ti-cgt-c2000_6.4.6\lib\</path>
         <kind>archive</kind>
         <file>rts2800_fpu32.lib</file>
         <name>pow.obj</name>
      </input_file>
      <input_file id="fl-48">
         <path>C:\ti\ccsv6\tools\compiler\ti-cgt-c2000_6.4.6\lib\</path>
         <kind>archive</kind>
         <file>rts2800_fpu32.lib</file>
         <name>printf.obj</name>
      </input_file>
      <input_file id="fl-49">
         <path>C:\ti\ccsv6\tools\compiler\ti-cgt-c2000_6.4.6\lib\</path>
         <kind>archive</kind>
         <file>rts2800_fpu32.lib</file>
         <name>sin.obj</name>
      </input_file>
      <input_file id="fl-4a">
         <path>C:\ti\ccsv6\tools\compiler\ti-cgt-c2000_6.4.6\lib\</path>
         <kind>archive</kind>
         <file>rts2800_fpu32.lib</file>
         <name>sprintf.obj</name>
      </input_file>
      <input_file id="fl-4b">
         <path>C:\ti\ccsv6\tools\compiler\ti-cgt-c2000_6.4.6\lib\</path>
         <kind>archive</kind>
         <file>rts2800_fpu32.lib</file>
         <name>sqrt.obj</name>
      </input_file>
      <input_file id="fl-4c">
         <path>C:\ti\ccsv6\tools\compiler\ti-cgt-c2000_6.4.6\lib\</path>
         <kind>archive</kind>
         <file>rts2800_fpu32.lib</file>
         <name>strcmp.obj</name>
      </input_file>
      <input_file id="fl-4d">
         <path>C:\ti\ccsv6\tools\compiler\ti-cgt-c2000_6.4.6\lib\</path>
         <kind>archive</kind>
         <file>rts2800_fpu32.lib</file>
         <name>strlen.obj</name>
      </input_file>
      <input_file id="fl-4e">
         <path>C:\ti\ccsv6\tools\compiler\ti-cgt-c2000_6.4.6\lib\</path>
         <kind>archive</kind>
         <file>rts2800_fpu32.lib</file>
         <name>strtod.obj</name>
      </input_file>
      <input_file id="fl-4f">
         <path>C:\ti\ccsv6\tools\compiler\ti-cgt-c2000_6.4.6\lib\</path>
         <kind>archive</kind>
         <file>rts2800_fpu32.lib</file>
         <name>tan.obj</name>
      </input_file>
      <input_file id="fl-50">
         <path>C:\ti\ccsv6\tools\compiler\ti-cgt-c2000_6.4.6\lib\</path>
         <kind>archive</kind>
         <file>rts2800_fpu32.lib</file>
         <name>trgdrv.obj</name>
      </input_file>
      <input_file id="fl-51">
         <path>C:\ti\ccsv6\tools\compiler\ti-cgt-c2000_6.4.6\lib\</path>
         <kind>archive</kind>
         <file>rts2800_fpu32.lib</file>
         <name>_log.obj</name>
      </input_file>
      <input_file id="fl-52">
         <path>C:\ti\ccsv6\tools\compiler\ti-cgt-c2000_6.4.6\lib\</path>
         <kind>archive</kind>
         <file>rts2800_fpu32.lib</file>
         <name>_printfi.obj</name>
      </input_file>
      <input_file id="fl-53">
         <path>C:\ti\ccsv6\tools\compiler\ti-cgt-c2000_6.4.6\lib\</path>
         <kind>archive</kind>
         <file>rts2800_fpu32.lib</file>
         <name>ankmsg.obj</name>
      </input_file>
      <input_file id="fl-54">
         <path>C:\ti\ccsv6\tools\compiler\ti-cgt-c2000_6.4.6\lib\</path>
         <kind>archive</kind>
         <file>rts2800_fpu32.lib</file>
         <name>atoi.obj</name>
      </input_file>
      <input_file id="fl-55">
         <path>C:\ti\ccsv6\tools\compiler\ti-cgt-c2000_6.4.6\lib\</path>
         <kind>archive</kind>
         <file>rts2800_fpu32.lib</file>
         <name>ctype.obj</name>
      </input_file>
      <input_file id="fl-56">
         <path>C:\ti\ccsv6\tools\compiler\ti-cgt-c2000_6.4.6\lib\</path>
         <kind>archive</kind>
         <file>rts2800_fpu32.lib</file>
         <name>defs.obj</name>
      </input_file>
      <input_file id="fl-57">
         <path>C:\ti\ccsv6\tools\compiler\ti-cgt-c2000_6.4.6\lib\</path>
         <kind>archive</kind>
         <file>rts2800_fpu32.lib</file>
         <name>exp.obj</name>
      </input_file>
      <input_file id="fl-58">
         <path>C:\ti\ccsv6\tools\compiler\ti-cgt-c2000_6.4.6\lib\</path>
         <kind>archive</kind>
         <file>rts2800_fpu32.lib</file>
         <name>fd_cmp.obj</name>
      </input_file>
      <input_file id="fl-59">
         <path>C:\ti\ccsv6\tools\compiler\ti-cgt-c2000_6.4.6\lib\</path>
         <kind>archive</kind>
         <file>rts2800_fpu32.lib</file>
         <name>fd_div.obj</name>
      </input_file>
      <input_file id="fl-5a">
         <path>C:\ti\ccsv6\tools\compiler\ti-cgt-c2000_6.4.6\lib\</path>
         <kind>archive</kind>
         <file>rts2800_fpu32.lib</file>
         <name>fd_mpy.obj</name>
      </input_file>
      <input_file id="fl-5b">
         <path>C:\ti\ccsv6\tools\compiler\ti-cgt-c2000_6.4.6\lib\</path>
         <kind>archive</kind>
         <file>rts2800_fpu32.lib</file>
         <name>fd_neg.obj</name>
      </input_file>
      <input_file id="fl-5c">
         <path>C:\ti\ccsv6\tools\compiler\ti-cgt-c2000_6.4.6\lib\</path>
         <kind>archive</kind>
         <file>rts2800_fpu32.lib</file>
         <name>fd_sub.obj</name>
      </input_file>
      <input_file id="fl-5d">
         <path>C:\ti\ccsv6\tools\compiler\ti-cgt-c2000_6.4.6\lib\</path>
         <kind>archive</kind>
         <file>rts2800_fpu32.lib</file>
         <name>fd_tofs.obj</name>
      </input_file>
      <input_file id="fl-5e">
         <path>C:\ti\ccsv6\tools\compiler\ti-cgt-c2000_6.4.6\lib\</path>
         <kind>archive</kind>
         <file>rts2800_fpu32.lib</file>
         <name>fd_toi.obj</name>
      </input_file>
      <input_file id="fl-5f">
         <path>C:\ti\ccsv6\tools\compiler\ti-cgt-c2000_6.4.6\lib\</path>
         <kind>archive</kind>
         <file>rts2800_fpu32.lib</file>
         <name>fd_tol.obj</name>
      </input_file>
      <input_file id="fl-60">
         <path>C:\ti\ccsv6\tools\compiler\ti-cgt-c2000_6.4.6\lib\</path>
         <kind>archive</kind>
         <file>rts2800_fpu32.lib</file>
         <name>fputc.obj</name>
      </input_file>
      <input_file id="fl-61">
         <path>C:\ti\ccsv6\tools\compiler\ti-cgt-c2000_6.4.6\lib\</path>
         <kind>archive</kind>
         <file>rts2800_fpu32.lib</file>
         <name>fputs.obj</name>
      </input_file>
      <input_file id="fl-62">
         <path>C:\ti\ccsv6\tools\compiler\ti-cgt-c2000_6.4.6\lib\</path>
         <kind>archive</kind>
         <file>rts2800_fpu32.lib</file>
         <name>fs_tofd.obj</name>
      </input_file>
      <input_file id="fl-63">
         <path>C:\ti\ccsv6\tools\compiler\ti-cgt-c2000_6.4.6\lib\</path>
         <kind>archive</kind>
         <file>rts2800_fpu32.lib</file>
         <name>i_div.obj</name>
      </input_file>
      <input_file id="fl-64">
         <path>C:\ti\ccsv6\tools\compiler\ti-cgt-c2000_6.4.6\lib\</path>
         <kind>archive</kind>
         <file>rts2800_fpu32.lib</file>
         <name>i_tofd.obj</name>
      </input_file>
      <input_file id="fl-65">
         <path>C:\ti\ccsv6\tools\compiler\ti-cgt-c2000_6.4.6\lib\</path>
         <kind>archive</kind>
         <file>rts2800_fpu32.lib</file>
         <name>l_tofd.obj</name>
      </input_file>
      <input_file id="fl-66">
         <path>C:\ti\ccsv6\tools\compiler\ti-cgt-c2000_6.4.6\lib\</path>
         <kind>archive</kind>
         <file>rts2800_fpu32.lib</file>
         <name>ldexp.obj</name>
      </input_file>
      <input_file id="fl-67">
         <path>C:\ti\ccsv6\tools\compiler\ti-cgt-c2000_6.4.6\lib\</path>
         <kind>archive</kind>
         <file>rts2800_fpu32.lib</file>
         <name>ll_aox.obj</name>
      </input_file>
      <input_file id="fl-68">
         <path>C:\ti\ccsv6\tools\compiler\ti-cgt-c2000_6.4.6\lib\</path>
         <kind>archive</kind>
         <file>rts2800_fpu32.lib</file>
         <name>ll_cmp.obj</name>
      </input_file>
      <input_file id="fl-69">
         <path>C:\ti\ccsv6\tools\compiler\ti-cgt-c2000_6.4.6\lib\</path>
         <kind>archive</kind>
         <file>rts2800_fpu32.lib</file>
         <name>lowlev.obj</name>
      </input_file>
      <input_file id="fl-6a">
         <path>C:\ti\ccsv6\tools\compiler\ti-cgt-c2000_6.4.6\lib\</path>
         <kind>archive</kind>
         <file>rts2800_fpu32.lib</file>
         <name>ltoa.obj</name>
      </input_file>
      <input_file id="fl-6b">
         <path>C:\ti\ccsv6\tools\compiler\ti-cgt-c2000_6.4.6\lib\</path>
         <kind>archive</kind>
         <file>rts2800_fpu32.lib</file>
         <name>memccpy.obj</name>
      </input_file>
      <input_file id="fl-6c">
         <path>C:\ti\ccsv6\tools\compiler\ti-cgt-c2000_6.4.6\lib\</path>
         <kind>archive</kind>
         <file>rts2800_fpu32.lib</file>
         <name>memchr.obj</name>
      </input_file>
      <input_file id="fl-6d">
         <path>C:\ti\ccsv6\tools\compiler\ti-cgt-c2000_6.4.6\lib\</path>
         <kind>archive</kind>
         <file>rts2800_fpu32.lib</file>
         <name>strchr.obj</name>
      </input_file>
      <input_file id="fl-6e">
         <path>C:\ti\ccsv6\tools\compiler\ti-cgt-c2000_6.4.6\lib\</path>
         <kind>archive</kind>
         <file>rts2800_fpu32.lib</file>
         <name>strcpy.obj</name>
      </input_file>
      <input_file id="fl-6f">
         <path>C:\ti\ccsv6\tools\compiler\ti-cgt-c2000_6.4.6\lib\</path>
         <kind>archive</kind>
         <file>rts2800_fpu32.lib</file>
         <name>strncpy.obj</name>
      </input_file>
      <input_file id="fl-70">
         <path>C:\ti\ccsv6\tools\compiler\ti-cgt-c2000_6.4.6\lib\</path>
         <kind>archive</kind>
         <file>rts2800_fpu32.lib</file>
         <name>_io_perm.obj</name>
      </input_file>
      <input_file id="fl-71">
         <path>C:\ti\ccsv6\tools\compiler\ti-cgt-c2000_6.4.6\lib\</path>
         <kind>archive</kind>
         <file>rts2800_fpu32.lib</file>
         <name>fd_add.obj</name>
      </input_file>
      <input_file id="fl-72">
         <path>C:\ti\ccsv6\tools\compiler\ti-cgt-c2000_6.4.6\lib\</path>
         <kind>archive</kind>
         <file>rts2800_fpu32.lib</file>
         <name>fflush.obj</name>
      </input_file>
      <input_file id="fl-73">
         <path>C:\ti\ccsv6\tools\compiler\ti-cgt-c2000_6.4.6\lib\</path>
         <kind>archive</kind>
         <file>rts2800_fpu32.lib</file>
         <name>fseek.obj</name>
      </input_file>
      <input_file id="fl-74">
         <path>C:\ti\ccsv6\tools\compiler\ti-cgt-c2000_6.4.6\lib\</path>
         <kind>archive</kind>
         <file>rts2800_fpu32.lib</file>
         <name>l_div.obj</name>
      </input_file>
      <input_file id="fl-75">
         <path>C:\ti\ccsv6\tools\compiler\ti-cgt-c2000_6.4.6\lib\</path>
         <kind>archive</kind>
         <file>rts2800_fpu32.lib</file>
         <name>setvbuf.obj</name>
      </input_file>
      <input_file id="fl-76">
         <path>C:\ti\ccsv6\tools\compiler\ti-cgt-c2000_6.4.6\lib\</path>
         <kind>archive</kind>
         <file>rts2800_fpu32.lib</file>
         <name>fopen.obj</name>
      </input_file>
      <input_file id="fl-77">
         <path>C:\ti\ccsv6\tools\compiler\ti-cgt-c2000_6.4.6\lib\</path>
         <kind>archive</kind>
         <file>rts2800_fpu32.lib</file>
         <name>fclose.obj</name>
      </input_file>
      <input_file id="fl-78">
         <path>C:\ti\ccsv6\tools\compiler\ti-cgt-c2000_6.4.6\lib\</path>
         <kind>archive</kind>
         <file>rts2800_fpu32.lib</file>
         <name>remove.obj</name>
      </input_file>
   </input_file_list>
   <object_component_list>
      <object_component id="oc-db">
         <name>PieVectTableFile</name>
         <uninitialized>true</uninitialized>
         <run_address>0xd00</run_address>
         <size>0x100</size>
         <input_file_ref idref="fl-4"/>
      </object_component>
      <object_component id="oc-d7">
         <name>DevEmuRegsFile</name>
         <uninitialized>true</uninitialized>
         <run_address>0x880</run_address>
         <size>0xd0</size>
         <input_file_ref idref="fl-4"/>
      </object_component>
      <object_component id="oc-b2">
         <name>CsmRegsFile</name>
         <uninitialized>true</uninitialized>
         <run_address>0xae0</run_address>
         <size>0x10</size>
         <input_file_ref idref="fl-4"/>
      </object_component>
      <object_component id="oc-b6">
         <name>XintfRegsFile</name>
         <uninitialized>true</uninitialized>
         <run_address>0xb20</run_address>
         <size>0x1e</size>
         <input_file_ref idref="fl-4"/>
      </object_component>
      <object_component id="oc-ab">
         <name>CpuTimer0RegsFile</name>
         <uninitialized>true</uninitialized>
         <run_address>0xc00</run_address>
         <size>0x8</size>
         <input_file_ref idref="fl-4"/>
      </object_component>
      <object_component id="oc-ac">
         <name>CpuTimer1RegsFile</name>
         <uninitialized>true</uninitialized>
         <run_address>0xc08</run_address>
         <size>0x8</size>
         <input_file_ref idref="fl-4"/>
      </object_component>
      <object_component id="oc-a9">
         <name>CpuTimer2RegsFile</name>
         <uninitialized>true</uninitialized>
         <run_address>0xc10</run_address>
         <size>0x8</size>
         <input_file_ref idref="fl-4"/>
      </object_component>
      <object_component id="oc-b5">
         <name>PieCtrlRegsFile</name>
         <uninitialized>true</uninitialized>
         <run_address>0xce0</run_address>
         <size>0x1a</size>
         <input_file_ref idref="fl-4"/>
      </object_component>
      <object_component id="oc-d8">
         <name>DmaRegsFile</name>
         <uninitialized>true</uninitialized>
         <run_address>0x1000</run_address>
         <size>0xe0</size>
         <input_file_ref idref="fl-4"/>
      </object_component>
      <object_component id="oc-ca">
         <name>McbspaRegsFile</name>
         <uninitialized>true</uninitialized>
         <run_address>0x5000</run_address>
         <size>0x25</size>
         <input_file_ref idref="fl-4"/>
      </object_component>
      <object_component id="oc-c9">
         <name>McbspbRegsFile</name>
         <uninitialized>true</uninitialized>
         <run_address>0x5040</run_address>
         <size>0x25</size>
         <input_file_ref idref="fl-4"/>
      </object_component>
      <object_component id="oc-cd">
         <name>ECanaRegsFile</name>
         <uninitialized>true</uninitialized>
         <run_address>0x6000</run_address>
         <size>0x34</size>
         <input_file_ref idref="fl-4"/>
      </object_component>
      <object_component id="oc-ce">
         <name>ECanaLAMRegsFile</name>
         <uninitialized>true</uninitialized>
         <run_address>0x6040</run_address>
         <size>0x40</size>
         <input_file_ref idref="fl-4"/>
      </object_component>
      <object_component id="oc-da">
         <name>ECanaMboxesFile</name>
         <uninitialized>true</uninitialized>
         <run_address>0x6100</run_address>
         <size>0x100</size>
         <input_file_ref idref="fl-4"/>
      </object_component>
      <object_component id="oc-d4">
         <name>ECanaMOTSRegsFile</name>
         <uninitialized>true</uninitialized>
         <run_address>0x6080</run_address>
         <size>0x40</size>
         <input_file_ref idref="fl-4"/>
      </object_component>
      <object_component id="oc-cf">
         <name>ECanaMOTORegsFile</name>
         <uninitialized>true</uninitialized>
         <run_address>0x60c0</run_address>
         <size>0x40</size>
         <input_file_ref idref="fl-4"/>
      </object_component>
      <object_component id="oc-cc">
         <name>ECanbRegsFile</name>
         <uninitialized>true</uninitialized>
         <run_address>0x6200</run_address>
         <size>0x34</size>
         <input_file_ref idref="fl-4"/>
      </object_component>
      <object_component id="oc-d5">
         <name>ECanbLAMRegsFile</name>
         <uninitialized>true</uninitialized>
         <run_address>0x6240</run_address>
         <size>0x40</size>
         <input_file_ref idref="fl-4"/>
      </object_component>
      <object_component id="oc-d9">
         <name>ECanbMboxesFile</name>
         <uninitialized>true</uninitialized>
         <run_address>0x6300</run_address>
         <size>0x100</size>
         <input_file_ref idref="fl-4"/>
      </object_component>
      <object_component id="oc-d1">
         <name>ECanbMOTSRegsFile</name>
         <uninitialized>true</uninitialized>
         <run_address>0x6280</run_address>
         <size>0x40</size>
         <input_file_ref idref="fl-4"/>
      </object_component>
      <object_component id="oc-d0">
         <name>ECanbMOTORegsFile</name>
         <uninitialized>true</uninitialized>
         <run_address>0x62c0</run_address>
         <size>0x40</size>
         <input_file_ref idref="fl-4"/>
      </object_component>
      <object_component id="oc-c0">
         <name>EPwm9RegsFile</name>
         <uninitialized>true</uninitialized>
         <run_address>0x6600</run_address>
         <size>0x22</size>
         <input_file_ref idref="fl-4"/>
      </object_component>
      <object_component id="oc-c3">
         <name>EPwm1RegsFile</name>
         <uninitialized>true</uninitialized>
         <run_address>0x6800</run_address>
         <size>0x22</size>
         <input_file_ref idref="fl-4"/>
      </object_component>
      <object_component id="oc-c4">
         <name>EPwm2RegsFile</name>
         <uninitialized>true</uninitialized>
         <run_address>0x6840</run_address>
         <size>0x22</size>
         <input_file_ref idref="fl-4"/>
      </object_component>
      <object_component id="oc-c1">
         <name>EPwm3RegsFile</name>
         <uninitialized>true</uninitialized>
         <run_address>0x6880</run_address>
         <size>0x22</size>
         <input_file_ref idref="fl-4"/>
      </object_component>
      <object_component id="oc-c2">
         <name>EPwm4RegsFile</name>
         <uninitialized>true</uninitialized>
         <run_address>0x68c0</run_address>
         <size>0x22</size>
         <input_file_ref idref="fl-4"/>
      </object_component>
      <object_component id="oc-c7">
         <name>EPwm5RegsFile</name>
         <uninitialized>true</uninitialized>
         <run_address>0x6900</run_address>
         <size>0x22</size>
         <input_file_ref idref="fl-4"/>
      </object_component>
      <object_component id="oc-c8">
         <name>EPwm6RegsFile</name>
         <uninitialized>true</uninitialized>
         <run_address>0x6940</run_address>
         <size>0x22</size>
         <input_file_ref idref="fl-4"/>
      </object_component>
      <object_component id="oc-c5">
         <name>EPwm7RegsFile</name>
         <uninitialized>true</uninitialized>
         <run_address>0x6980</run_address>
         <size>0x22</size>
         <input_file_ref idref="fl-4"/>
      </object_component>
      <object_component id="oc-bf">
         <name>EPwm8RegsFile</name>
         <uninitialized>true</uninitialized>
         <run_address>0x69c0</run_address>
         <size>0x22</size>
         <input_file_ref idref="fl-4"/>
      </object_component>
      <object_component id="oc-ba">
         <name>ECap1RegsFile</name>
         <uninitialized>true</uninitialized>
         <run_address>0x6a00</run_address>
         <size>0x20</size>
         <input_file_ref idref="fl-4"/>
      </object_component>
      <object_component id="oc-bd">
         <name>ECap2RegsFile</name>
         <uninitialized>true</uninitialized>
         <run_address>0x6a20</run_address>
         <size>0x20</size>
         <input_file_ref idref="fl-4"/>
      </object_component>
      <object_component id="oc-b9">
         <name>ECap3RegsFile</name>
         <uninitialized>true</uninitialized>
         <run_address>0x6a40</run_address>
         <size>0x20</size>
         <input_file_ref idref="fl-4"/>
      </object_component>
      <object_component id="oc-b8">
         <name>ECap4RegsFile</name>
         <uninitialized>true</uninitialized>
         <run_address>0x6a60</run_address>
         <size>0x20</size>
         <input_file_ref idref="fl-4"/>
      </object_component>
      <object_component id="oc-b7">
         <name>ECap5RegsFile</name>
         <uninitialized>true</uninitialized>
         <run_address>0x6a80</run_address>
         <size>0x20</size>
         <input_file_ref idref="fl-4"/>
      </object_component>
      <object_component id="oc-be">
         <name>ECap6RegsFile</name>
         <uninitialized>true</uninitialized>
         <run_address>0x6aa0</run_address>
         <size>0x20</size>
         <input_file_ref idref="fl-4"/>
      </object_component>
      <object_component id="oc-d6">
         <name>EQep1RegsFile</name>
         <uninitialized>true</uninitialized>
         <run_address>0x6b00</run_address>
         <size>0x40</size>
         <input_file_ref idref="fl-4"/>
      </object_component>
      <object_component id="oc-d2">
         <name>EQep2RegsFile</name>
         <uninitialized>true</uninitialized>
         <run_address>0x6b40</run_address>
         <size>0x40</size>
         <input_file_ref idref="fl-4"/>
      </object_component>
      <object_component id="oc-d3">
         <name>EQep3RegsFile</name>
         <uninitialized>true</uninitialized>
         <run_address>0x6b80</run_address>
         <size>0x40</size>
         <input_file_ref idref="fl-4"/>
      </object_component>
      <object_component id="oc-cb">
         <name>GpioCtrlRegsFile</name>
         <uninitialized>true</uninitialized>
         <run_address>0x6f80</run_address>
         <size>0x2e</size>
         <input_file_ref idref="fl-4"/>
      </object_component>
      <object_component id="oc-bb">
         <name>GpioDataRegsFile</name>
         <uninitialized>true</uninitialized>
         <run_address>0x6fc0</run_address>
         <size>0x20</size>
         <input_file_ref idref="fl-4"/>
      </object_component>
      <object_component id="oc-ad">
         <name>GpioIntRegsFile</name>
         <uninitialized>true</uninitialized>
         <run_address>0x6fe0</run_address>
         <size>0xa</size>
         <input_file_ref idref="fl-4"/>
      </object_component>
      <object_component id="oc-bc">
         <name>SysCtrlRegsFile</name>
         <uninitialized>true</uninitialized>
         <run_address>0x7010</run_address>
         <size>0x20</size>
         <input_file_ref idref="fl-4"/>
      </object_component>
      <object_component id="oc-af">
         <name>SpiaRegsFile</name>
         <uninitialized>true</uninitialized>
         <run_address>0x7040</run_address>
         <size>0x10</size>
         <input_file_ref idref="fl-4"/>
      </object_component>
      <object_component id="oc-b0">
         <name>SciaRegsFile</name>
         <uninitialized>true</uninitialized>
         <run_address>0x7050</run_address>
         <size>0x10</size>
         <input_file_ref idref="fl-4"/>
      </object_component>
      <object_component id="oc-b4">
         <name>XIntruptRegsFile</name>
         <uninitialized>true</uninitialized>
         <run_address>0x7070</run_address>
         <size>0x10</size>
         <input_file_ref idref="fl-4"/>
      </object_component>
      <object_component id="oc-b1">
         <name>ScibRegsFile</name>
         <uninitialized>true</uninitialized>
         <run_address>0x7750</run_address>
         <size>0x10</size>
         <input_file_ref idref="fl-4"/>
      </object_component>
      <object_component id="oc-ae">
         <name>ScicRegsFile</name>
         <uninitialized>true</uninitialized>
         <run_address>0x7770</run_address>
         <size>0x10</size>
         <input_file_ref idref="fl-4"/>
      </object_component>
      <object_component id="oc-b3">
         <name>SpidRegsFile</name>
         <uninitialized>true</uninitialized>
         <run_address>0x7780</run_address>
         <size>0x10</size>
         <input_file_ref idref="fl-4"/>
      </object_component>
      <object_component id="oc-c6">
         <name>I2caRegsFile</name>
         <uninitialized>true</uninitialized>
         <run_address>0x7900</run_address>
         <size>0x22</size>
         <input_file_ref idref="fl-4"/>
      </object_component>
      <object_component id="oc-aa">
         <name>CsmPwlFile</name>
         <uninitialized>true</uninitialized>
         <run_address>0x3f7ff8</run_address>
         <size>0x8</size>
         <input_file_ref idref="fl-4"/>
      </object_component>
      <object_component id="oc-10b">
         <name>.cinit</name>
         <load_address>0x30acb0</load_address>
         <run_address>0x30acb0</run_address>
         <size>0x37f</size>
         <input_file_ref idref="fl-10"/>
      </object_component>
      <object_component id="oc-103">
         <name>.cinit</name>
         <load_address>0x30b02f</load_address>
         <run_address>0x30b02f</run_address>
         <size>0x50</size>
         <input_file_ref idref="fl-c"/>
      </object_component>
      <object_component id="oc-275">
         <name>.cinit</name>
         <load_address>0x30b07f</load_address>
         <run_address>0x30b07f</run_address>
         <size>0x31</size>
         <input_file_ref idref="fl-69"/>
      </object_component>
      <object_component id="oc-216">
         <name>.cinit</name>
         <load_address>0x30b0b0</load_address>
         <run_address>0x30b0b0</run_address>
         <size>0x2a</size>
         <input_file_ref idref="fl-56"/>
      </object_component>
      <object_component id="oc-1a5">
         <name>.cinit</name>
         <load_address>0x30b0da</load_address>
         <run_address>0x30b0da</run_address>
         <size>0xa</size>
         <input_file_ref idref="fl-40"/>
      </object_component>
      <object_component id="oc-324">
         <name>.cinit:__lock</name>
         <load_address>0x30b0e4</load_address>
         <run_address>0x30b0e4</run_address>
         <size>0x5</size>
         <input_file_ref idref="fl-37"/>
      </object_component>
      <object_component id="oc-327">
         <name>.cinit:__unlock</name>
         <load_address>0x30b0e9</load_address>
         <run_address>0x30b0e9</run_address>
         <size>0x5</size>
         <input_file_ref idref="fl-37"/>
      </object_component>
      <object_component id="oc-1a1">
         <name>.cinit</name>
         <load_address>0x30b0ee</load_address>
         <run_address>0x30b0ee</run_address>
         <size>0x4</size>
         <input_file_ref idref="fl-3f"/>
      </object_component>
      <object_component id="oc-2b8">
         <name>.cinit</name>
         <load_address>0x30b0f2</load_address>
         <run_address>0x30b0f2</run_address>
         <size>0x4</size>
         <input_file_ref idref="fl-76"/>
      </object_component>
      <object_component id="oc-39e">
         <name>.text</name>
         <load_address>0x300000</load_address>
         <run_address>0x300000</run_address>
         <size>0xbfd</size>
         <input_file_ref idref="fl-52"/>
      </object_component>
      <object_component id="oc-3ad">
         <name>.text:_GenINSFmatrix15</name>
         <load_address>0x300bfd</load_address>
         <run_address>0x300bfd</run_address>
         <size>0x41a</size>
         <input_file_ref idref="fl-b"/>
      </object_component>
      <object_component id="oc-33e">
         <name>.text:_align_process</name>
         <load_address>0x301017</load_address>
         <run_address>0x301017</run_address>
         <size>0x383</size>
         <input_file_ref idref="fl-c"/>
      </object_component>
      <object_component id="oc-4eb">
         <name>.text:_xdc_runtime_System_doPrint__I</name>
         <load_address>0x30139a</load_address>
         <run_address>0x30139a</run_address>
         <size>0x25f</size>
         <input_file_ref idref="fl-2b"/>
      </object_component>
      <object_component id="oc-41f">
         <name>.text</name>
         <load_address>0x3015f9</load_address>
         <run_address>0x3015f9</run_address>
         <size>0x226</size>
         <input_file_ref idref="fl-69"/>
      </object_component>
      <object_component id="oc-2dd">
         <name>.text</name>
         <load_address>0x30181f</load_address>
         <run_address>0x30181f</run_address>
         <size>0x206</size>
         <input_file_ref idref="fl-50"/>
      </object_component>
      <object_component id="oc-447">
         <name>.text:_inv_mat</name>
         <load_address>0x301a25</load_address>
         <run_address>0x301a25</run_address>
         <size>0x200</size>
         <input_file_ref idref="fl-b"/>
      </object_component>
      <object_component id="oc-33f">
         <name>.text:_pre_process</name>
         <load_address>0x301c25</load_address>
         <run_address>0x301c25</run_address>
         <size>0x1ee</size>
         <input_file_ref idref="fl-c"/>
      </object_component>
      <object_component id="oc-376">
         <name>.text:_ti_sysbios_knl_Semaphore_pend__E</name>
         <load_address>0x301e13</load_address>
         <run_address>0x301e13</run_address>
         <size>0x1e1</size>
         <input_file_ref idref="fl-1b"/>
      </object_component>
      <object_component id="oc-3ae">
         <name>.text:_InsKf15_predict</name>
         <load_address>0x301ff4</load_address>
         <run_address>0x301ff4</run_address>
         <size>0x1af</size>
         <input_file_ref idref="fl-b"/>
      </object_component>
      <object_component id="oc-34f">
         <name>.text:_ti_sysbios_heaps_HeapMem_freeUnprotected__E</name>
         <load_address>0x3021a3</load_address>
         <run_address>0x3021a3</run_address>
         <size>0x1aa</size>
         <input_file_ref idref="fl-1b"/>
      </object_component>
      <object_component id="oc-3b2">
         <name>.text:_InsKf15_updateHgt</name>
         <load_address>0x30234d</load_address>
         <run_address>0x30234d</run_address>
         <size>0x191</size>
         <input_file_ref idref="fl-b"/>
      </object_component>
      <object_component id="oc-3af">
         <name>.text:_InsKf15_updatePV</name>
         <load_address>0x3024de</load_address>
         <run_address>0x3024de</run_address>
         <size>0x191</size>
         <input_file_ref idref="fl-b"/>
      </object_component>
      <object_component id="oc-3b1">
         <name>.text:_InsKf15_updatelatlon</name>
         <load_address>0x30266f</load_address>
         <run_address>0x30266f</run_address>
         <size>0x191</size>
         <input_file_ref idref="fl-b"/>
      </object_component>
      <object_component id="oc-3b0">
         <name>.text:_Correction</name>
         <load_address>0x302800</load_address>
         <run_address>0x302800</run_address>
         <size>0x185</size>
         <input_file_ref idref="fl-b"/>
      </object_component>
      <object_component id="oc-34b">
         <name>.text:_ti_sysbios_heaps_HeapMem_allocUnprotected__E</name>
         <load_address>0x302985</load_address>
         <run_address>0x302985</run_address>
         <size>0x177</size>
         <input_file_ref idref="fl-1b"/>
      </object_component>
      <object_component id="oc-3a2">
         <name>.text:_QuatUpdate</name>
         <load_address>0x302afc</load_address>
         <run_address>0x302afc</run_address>
         <size>0x122</size>
         <input_file_ref idref="fl-b"/>
      </object_component>
      <object_component id="oc-398">
         <name>.text</name>
         <load_address>0x302c1e</load_address>
         <run_address>0x302c1e</run_address>
         <size>0x122</size>
         <input_file_ref idref="fl-4e"/>
      </object_component>
      <object_component id="oc-1b5">
         <name>.text</name>
         <load_address>0x302d40</load_address>
         <run_address>0x302d40</run_address>
         <size>0x107</size>
         <input_file_ref idref="fl-43"/>
      </object_component>
      <object_component id="oc-4b2">
         <name>.text</name>
         <load_address>0x302e47</load_address>
         <run_address>0x302e47</run_address>
         <size>0x103</size>
         <input_file_ref idref="fl-76"/>
      </object_component>
      <object_component id="oc-352">
         <name>.text:_ti_sysbios_heaps_HeapMem_Instance_init__E</name>
         <load_address>0x302f4a</load_address>
         <run_address>0x302f4a</run_address>
         <size>0xf3</size>
         <input_file_ref idref="fl-1b"/>
      </object_component>
      <object_component id="oc-3da">
         <name>.text:_ti_sysbios_family_c28_Hwi_clearInterrupt__E</name>
         <load_address>0x30303d</load_address>
         <run_address>0x30303d</run_address>
         <size>0xe8</size>
         <input_file_ref idref="fl-1b"/>
      </object_component>
      <object_component id="oc-2fc">
         <name>.text:_xdc_runtime_LoggerBuf_write8__E</name>
         <load_address>0x303125</load_address>
         <run_address>0x303125</run_address>
         <size>0xdf</size>
         <input_file_ref idref="fl-28"/>
      </object_component>
      <object_component id="oc-3a3">
         <name>.text:_qua2dcm</name>
         <load_address>0x303204</load_address>
         <run_address>0x303204</run_address>
         <size>0xdb</size>
         <input_file_ref idref="fl-b"/>
      </object_component>
      <object_component id="oc-32e">
         <name>.text:_init_data_00</name>
         <load_address>0x3032df</load_address>
         <run_address>0x3032df</run_address>
         <size>0xd7</size>
         <input_file_ref idref="fl-c"/>
      </object_component>
      <object_component id="oc-345">
         <name>.text:_xdc_runtime_Core_createObject__I</name>
         <load_address>0x3033b6</load_address>
         <run_address>0x3033b6</run_address>
         <size>0xd7</size>
         <input_file_ref idref="fl-22"/>
      </object_component>
      <object_component id="oc-3b3">
         <name>.text</name>
         <load_address>0x30348d</load_address>
         <run_address>0x30348d</run_address>
         <size>0xc9</size>
         <input_file_ref idref="fl-3b"/>
      </object_component>
      <object_component id="oc-500">
         <name>.text:_ti_sysbios_family_c28_Hwi_dispatchCore__I</name>
         <load_address>0x303556</load_address>
         <run_address>0x303556</run_address>
         <size>0xc1</size>
         <input_file_ref idref="fl-1b"/>
      </object_component>
      <object_component id="oc-4fd">
         <name>.text:_xdc_runtime_System_printfExtend__I</name>
         <load_address>0x303617</load_address>
         <run_address>0x303617</run_address>
         <size>0xc0</size>
         <input_file_ref idref="fl-10"/>
      </object_component>
      <object_component id="oc-3a6">
         <name>.text:_gravity_wgs84</name>
         <load_address>0x3036d7</load_address>
         <run_address>0x3036d7</run_address>
         <size>0xbe</size>
         <input_file_ref idref="fl-b"/>
      </object_component>
      <object_component id="oc-377">
         <name>.text:_ti_sysbios_knl_Semaphore_post__E</name>
         <load_address>0x303795</load_address>
         <run_address>0x303795</run_address>
         <size>0xba</size>
         <input_file_ref idref="fl-1b"/>
      </object_component>
      <object_component id="oc-2e3">
         <name>.text:_main</name>
         <load_address>0x30384f</load_address>
         <run_address>0x30384f</run_address>
         <size>0xb8</size>
         <input_file_ref idref="fl-c"/>
      </object_component>
      <object_component id="oc-2d5">
         <name>.text:_ti_sysbios_knl_Clock_workFunc__E</name>
         <load_address>0x303907</load_address>
         <run_address>0x303907</run_address>
         <size>0xb7</size>
         <input_file_ref idref="fl-1b"/>
      </object_component>
      <object_component id="oc-330">
         <name>.text:_init_data_02</name>
         <load_address>0x3039be</load_address>
         <run_address>0x3039be</run_address>
         <size>0xb4</size>
         <input_file_ref idref="fl-c"/>
      </object_component>
      <object_component id="oc-39d">
         <name>.text</name>
         <load_address>0x303a72</load_address>
         <run_address>0x303a72</run_address>
         <size>0xb2</size>
         <input_file_ref idref="fl-61"/>
      </object_component>
      <object_component id="oc-3b5">
         <name>.text:_eulr2dcm</name>
         <load_address>0x303b24</load_address>
         <run_address>0x303b24</run_address>
         <size>0xb1</size>
         <input_file_ref idref="fl-b"/>
      </object_component>
      <object_component id="oc-488">
         <name>.text:_ti_sysbios_knl_Swi_run__I</name>
         <load_address>0x303bd5</load_address>
         <run_address>0x303bd5</run_address>
         <size>0xaf</size>
         <input_file_ref idref="fl-1b"/>
      </object_component>
      <object_component id="oc-386">
         <name>.text:_xdc_runtime_Error_policyDefault__E</name>
         <load_address>0x303c84</load_address>
         <run_address>0x303c84</run_address>
         <size>0xa5</size>
         <input_file_ref idref="fl-26"/>
      </object_component>
      <object_component id="oc-33b">
         <name>.text:_read_data</name>
         <load_address>0x303d29</load_address>
         <run_address>0x303d29</run_address>
         <size>0xa2</size>
         <input_file_ref idref="fl-c"/>
      </object_component>
      <object_component id="oc-485">
         <name>.text:_xdc_runtime_Core_constructObject__I</name>
         <load_address>0x303dcb</load_address>
         <run_address>0x303dcb</run_address>
         <size>0xa2</size>
         <input_file_ref idref="fl-23"/>
      </object_component>
      <object_component id="oc-3b6">
         <name>.text:_eulr2qua</name>
         <load_address>0x303e6d</load_address>
         <run_address>0x303e6d</run_address>
         <size>0x9e</size>
         <input_file_ref idref="fl-b"/>
      </object_component>
      <object_component id="oc-29e">
         <name>.text</name>
         <load_address>0x303f0b</load_address>
         <run_address>0x303f0b</run_address>
         <size>0x9c</size>
         <input_file_ref idref="fl-71"/>
      </object_component>
      <object_component id="oc-4d8">
         <name>.text:_ti_sysbios_family_c28_Hwi_dispatch</name>
         <load_address>0x303fa7</load_address>
         <run_address>0x303fa7</run_address>
         <size>0x9b</size>
         <input_file_ref idref="fl-1d"/>
      </object_component>
      <object_component id="oc-3a0">
         <name>.text:_NavRotation</name>
         <load_address>0x304042</load_address>
         <run_address>0x304042</run_address>
         <size>0x99</size>
         <input_file_ref idref="fl-b"/>
      </object_component>
      <object_component id="oc-3db">
         <name>.text:_ti_sysbios_family_c28_Hwi_enableInterrupt__E</name>
         <load_address>0x3040db</load_address>
         <run_address>0x3040db</run_address>
         <size>0x96</size>
         <input_file_ref idref="fl-1b"/>
      </object_component>
      <object_component id="oc-2fb">
         <name>.text:_xdc_runtime_LoggerBuf_write4__E</name>
         <load_address>0x304171</load_address>
         <run_address>0x304171</run_address>
         <size>0x95</size>
         <input_file_ref idref="fl-28"/>
      </object_component>
      <object_component id="oc-325">
         <name>.text</name>
         <load_address>0x304206</load_address>
         <run_address>0x304206</run_address>
         <size>0x94</size>
         <input_file_ref idref="fl-53"/>
      </object_component>
      <object_component id="oc-42c">
         <name>.text:_delRadicurv</name>
         <load_address>0x30429a</load_address>
         <run_address>0x30429a</run_address>
         <size>0x8c</size>
         <input_file_ref idref="fl-b"/>
      </object_component>
      <object_component id="oc-223">
         <name>.text</name>
         <load_address>0x304326</load_address>
         <run_address>0x304326</run_address>
         <size>0x8b</size>
         <input_file_ref idref="fl-59"/>
      </object_component>
      <object_component id="oc-491">
         <name>.text</name>
         <load_address>0x3043b1</load_address>
         <run_address>0x3043b1</run_address>
         <size>0x8a</size>
         <input_file_ref idref="fl-75"/>
      </object_component>
      <object_component id="oc-4ed">
         <name>.text:_ti_sysbios_family_c28_Hwi_disableInterrupt__E</name>
         <load_address>0x30443b</load_address>
         <run_address>0x30443b</run_address>
         <size>0x88</size>
         <input_file_ref idref="fl-1b"/>
      </object_component>
      <object_component id="oc-1b0">
         <name>.text</name>
         <load_address>0x3044c3</load_address>
         <run_address>0x3044c3</run_address>
         <size>0x88</size>
         <input_file_ref idref="fl-42"/>
      </object_component>
      <object_component id="oc-228">
         <name>.text</name>
         <load_address>0x30454b</load_address>
         <run_address>0x30454b</run_address>
         <size>0x83</size>
         <input_file_ref idref="fl-5a"/>
      </object_component>
      <object_component id="oc-476">
         <name>.text:_ti_sysbios_family_c28_Hwi_disablePIEIER__E</name>
         <load_address>0x3045ce</load_address>
         <run_address>0x3045ce</run_address>
         <size>0x81</size>
         <input_file_ref idref="fl-1b"/>
      </object_component>
      <object_component id="oc-475">
         <name>.text:_ti_sysbios_family_c28_Hwi_enablePIEIER__E</name>
         <load_address>0x30464f</load_address>
         <run_address>0x30464f</run_address>
         <size>0x80</size>
         <input_file_ref idref="fl-1b"/>
      </object_component>
      <object_component id="oc-38b">
         <name>.text:_xdc_runtime_Startup_startMods__I</name>
         <load_address>0x3046cf</load_address>
         <run_address>0x3046cf</run_address>
         <size>0x7d</size>
         <input_file_ref idref="fl-2a"/>
      </object_component>
      <object_component id="oc-42b">
         <name>.text</name>
         <load_address>0x30474c</load_address>
         <run_address>0x30474c</run_address>
         <size>0x7c</size>
         <input_file_ref idref="fl-39"/>
      </object_component>
      <object_component id="oc-4b9">
         <name>.text:_xdc_runtime_Text_putSite__E</name>
         <load_address>0x3047c8</load_address>
         <run_address>0x3047c8</run_address>
         <size>0x7b</size>
         <input_file_ref idref="fl-2d"/>
      </object_component>
      <object_component id="oc-3df">
         <name>.text:_ti_sysbios_knl_Task_checkStacks__E</name>
         <load_address>0x304843</load_address>
         <run_address>0x304843</run_address>
         <size>0x77</size>
         <input_file_ref idref="fl-1b"/>
      </object_component>
      <object_component id="oc-41e">
         <name>.text</name>
         <load_address>0x3048ba</load_address>
         <run_address>0x3048ba</run_address>
         <size>0x76</size>
         <input_file_ref idref="fl-72"/>
      </object_component>
      <object_component id="oc-319">
         <name>.text:_ti_sysbios_gates_GateMutex_enter__E</name>
         <load_address>0x304930</load_address>
         <run_address>0x304930</run_address>
         <size>0x72</size>
         <input_file_ref idref="fl-1b"/>
      </object_component>
      <object_component id="oc-42a">
         <name>.text</name>
         <load_address>0x3049a2</load_address>
         <run_address>0x3049a2</run_address>
         <size>0x72</size>
         <input_file_ref idref="fl-3a"/>
      </object_component>
      <object_component id="oc-36d">
         <name>.text:_ti_sysbios_knl_Task_startCore__E</name>
         <load_address>0x304a14</load_address>
         <run_address>0x304a14</run_address>
         <size>0x71</size>
         <input_file_ref idref="fl-1b"/>
      </object_component>
      <object_component id="oc-479">
         <name>.text:_ti_sysbios_knl_Task_schedule__I</name>
         <load_address>0x304a85</load_address>
         <run_address>0x304a85</run_address>
         <size>0x6f</size>
         <input_file_ref idref="fl-1b"/>
      </object_component>
      <object_component id="oc-486">
         <name>.text:_ti_sysbios_knl_Semaphore_Instance_init__E</name>
         <load_address>0x304af4</load_address>
         <run_address>0x304af4</run_address>
         <size>0x6c</size>
         <input_file_ref idref="fl-1b"/>
      </object_component>
      <object_component id="oc-418">
         <name>.text</name>
         <load_address>0x304b60</load_address>
         <run_address>0x304b60</run_address>
         <size>0x68</size>
         <input_file_ref idref="fl-57"/>
      </object_component>
      <object_component id="oc-396">
         <name>.text:_InitPll</name>
         <load_address>0x304bc8</load_address>
         <run_address>0x304bc8</run_address>
         <size>0x67</size>
         <input_file_ref idref="fl-9"/>
      </object_component>
      <object_component id="oc-41d">
         <name>.text</name>
         <load_address>0x304c2f</load_address>
         <run_address>0x304c2f</run_address>
         <size>0x67</size>
         <input_file_ref idref="fl-70"/>
      </object_component>
      <object_component id="oc-4d9">
         <name>.text:_ti_sysbios_family_c28_Timer_stopAndClear__I</name>
         <load_address>0x304c96</load_address>
         <run_address>0x304c96</run_address>
         <size>0x66</size>
         <input_file_ref idref="fl-1b"/>
      </object_component>
      <object_component id="oc-332">
         <name>.text:_init_data_04</name>
         <load_address>0x304cfc</load_address>
         <run_address>0x304cfc</run_address>
         <size>0x65</size>
         <input_file_ref idref="fl-c"/>
      </object_component>
      <object_component id="oc-47">
         <name>.text</name>
         <load_address>0x304d61</load_address>
         <run_address>0x304d61</run_address>
         <size>0x63</size>
         <input_file_ref idref="fl-31"/>
      </object_component>
      <object_component id="oc-42d">
         <name>.text</name>
         <load_address>0x304dc4</load_address>
         <run_address>0x304dc4</run_address>
         <size>0x62</size>
         <input_file_ref idref="fl-4f"/>
      </object_component>
      <object_component id="oc-3ac">
         <name>.text</name>
         <load_address>0x304e26</load_address>
         <run_address>0x304e26</run_address>
         <size>0x61</size>
         <input_file_ref idref="fl-3c"/>
      </object_component>
      <object_component id="oc-397">
         <name>.text:_InitPeripheralClocks</name>
         <load_address>0x304e87</load_address>
         <run_address>0x304e87</run_address>
         <size>0x60</size>
         <input_file_ref idref="fl-9"/>
      </object_component>
      <object_component id="oc-320">
         <name>.text:_ti_sysbios_knl_Swi_post__E</name>
         <load_address>0x304ee7</load_address>
         <run_address>0x304ee7</run_address>
         <size>0x60</size>
         <input_file_ref idref="fl-1b"/>
      </object_component>
      <object_component id="oc-3fb">
         <name>.text:_ti_sysbios_knl_Task_blockI__E</name>
         <load_address>0x304f47</load_address>
         <run_address>0x304f47</run_address>
         <size>0x60</size>
         <input_file_ref idref="fl-1b"/>
      </object_component>
      <object_component id="oc-4d1">
         <name>.text</name>
         <load_address>0x304fa7</load_address>
         <run_address>0x304fa7</run_address>
         <size>0x5f</size>
         <input_file_ref idref="fl-77"/>
      </object_component>
      <object_component id="oc-394">
         <name>.text</name>
         <load_address>0x305006</load_address>
         <run_address>0x305006</run_address>
         <size>0x5b</size>
         <input_file_ref idref="fl-47"/>
      </object_component>
      <object_component id="oc-427">
         <name>.text</name>
         <load_address>0x305061</load_address>
         <run_address>0x305061</run_address>
         <size>0x58</size>
         <input_file_ref idref="fl-49"/>
      </object_component>
      <object_component id="oc-4dd">
         <name>.text:_ti_sysbios_knl_Task_exit__E</name>
         <load_address>0x3050b9</load_address>
         <run_address>0x3050b9</run_address>
         <size>0x57</size>
         <input_file_ref idref="fl-1b"/>
      </object_component>
      <object_component id="oc-39c">
         <name>.text</name>
         <load_address>0x305110</load_address>
         <run_address>0x305110</run_address>
         <size>0x54</size>
         <input_file_ref idref="fl-60"/>
      </object_component>
      <object_component id="oc-428">
         <name>.text:_MatMult</name>
         <load_address>0x305164</load_address>
         <run_address>0x305164</run_address>
         <size>0x52</size>
         <input_file_ref idref="fl-b"/>
      </object_component>
      <object_component id="oc-3fe">
         <name>.text:_ti_sysbios_knl_Task_unblockI__E</name>
         <load_address>0x3051b6</load_address>
         <run_address>0x3051b6</run_address>
         <size>0x51</size>
         <input_file_ref idref="fl-1b"/>
      </object_component>
      <object_component id="oc-347">
         <name>.text:_xdc_runtime_Core_deleteObject__I</name>
         <load_address>0x305207</load_address>
         <run_address>0x305207</run_address>
         <size>0x51</size>
         <input_file_ref idref="fl-22"/>
      </object_component>
      <object_component id="oc-417">
         <name>.text</name>
         <load_address>0x305258</load_address>
         <run_address>0x305258</run_address>
         <size>0x50</size>
         <input_file_ref idref="fl-51"/>
      </object_component>
      <object_component id="oc-3d4">
         <name>.text:_xdc_runtime_Memory_alloc__E</name>
         <load_address>0x3052a8</load_address>
         <run_address>0x3052a8</run_address>
         <size>0x4e</size>
         <input_file_ref idref="fl-29"/>
      </object_component>
      <object_component id="oc-331">
         <name>.text:_init_data_03</name>
         <load_address>0x3052f6</load_address>
         <run_address>0x3052f6</run_address>
         <size>0x4d</size>
         <input_file_ref idref="fl-c"/>
      </object_component>
      <object_component id="oc-32f">
         <name>.text:_init_data_01</name>
         <load_address>0x305343</load_address>
         <run_address>0x305343</run_address>
         <size>0x4c</size>
         <input_file_ref idref="fl-c"/>
      </object_component>
      <object_component id="oc-4ce">
         <name>.text:_ti_sysbios_knl_Task_postInit__I</name>
         <load_address>0x30538f</load_address>
         <run_address>0x30538f</run_address>
         <size>0x4c</size>
         <input_file_ref idref="fl-1b"/>
      </object_component>
      <object_component id="oc-503">
         <name>.text:_xdc_runtime_Text_putLab__E</name>
         <load_address>0x3053db</load_address>
         <run_address>0x3053db</run_address>
         <size>0x4c</size>
         <input_file_ref idref="fl-2d"/>
      </object_component>
      <object_component id="oc-2ee">
         <name>.text:_ti_sysbios_heaps_HeapMem_alloc__E</name>
         <load_address>0x305427</load_address>
         <run_address>0x305427</run_address>
         <size>0x4b</size>
         <input_file_ref idref="fl-1b"/>
      </object_component>
      <object_component id="oc-4aa">
         <name>.text:_ti_sysbios_family_c28_Hwi_Module_startup__E</name>
         <load_address>0x305472</load_address>
         <run_address>0x305472</run_address>
         <size>0x48</size>
         <input_file_ref idref="fl-1b"/>
      </object_component>
      <object_component id="oc-3d2">
         <name>.text:_ti_sysbios_family_c28_TimestampProvider_get64__E</name>
         <load_address>0x3054ba</load_address>
         <run_address>0x3054ba</run_address>
         <size>0x48</size>
         <input_file_ref idref="fl-1b"/>
      </object_component>
      <object_component id="oc-3ab">
         <name>.text:_Radicurv</name>
         <load_address>0x305502</load_address>
         <run_address>0x305502</run_address>
         <size>0x47</size>
         <input_file_ref idref="fl-b"/>
      </object_component>
      <object_component id="oc-2c9">
         <name>.text</name>
         <load_address>0x305549</load_address>
         <run_address>0x305549</run_address>
         <size>0x47</size>
         <input_file_ref idref="fl-3d"/>
      </object_component>
      <object_component id="oc-4c6">
         <name>.text:_ti_sysbios_family_c28_Timer_postInit__I</name>
         <load_address>0x305590</load_address>
         <run_address>0x305590</run_address>
         <size>0x43</size>
         <input_file_ref idref="fl-1b"/>
      </object_component>
      <object_component id="oc-406">
         <name>.text:_xdc_runtime_Error_setX__E</name>
         <load_address>0x3055d3</load_address>
         <run_address>0x3055d3</run_address>
         <size>0x43</size>
         <input_file_ref idref="fl-26"/>
      </object_component>
      <object_component id="oc-3c2">
         <name>.text:_xdc_runtime_Core_assignParams__I</name>
         <load_address>0x305616</load_address>
         <run_address>0x305616</run_address>
         <size>0x42</size>
         <input_file_ref idref="fl-25"/>
      </object_component>
      <object_component id="oc-115">
         <name>.text:_ti_sysbios_family_c28_Hwi_unPluggedInterrupt__I</name>
         <load_address>0x305658</load_address>
         <run_address>0x305658</run_address>
         <size>0x41</size>
         <input_file_ref idref="fl-1b"/>
      </object_component>
      <object_component id="oc-50a">
         <name>.text:_ti_sysbios_knl_Swi_restoreHwi__E</name>
         <load_address>0x305699</load_address>
         <run_address>0x305699</run_address>
         <size>0x40</size>
         <input_file_ref idref="fl-1b"/>
      </object_component>
      <object_component id="oc-2ff">
         <name>.text:_xdc_runtime_LoggerBuf_Object__create__S</name>
         <load_address>0x3056d9</load_address>
         <run_address>0x3056d9</run_address>
         <size>0x40</size>
         <input_file_ref idref="fl-10"/>
      </object_component>
      <object_component id="oc-4f4">
         <name>.text:_xdc_runtime_System_formatNum__I</name>
         <load_address>0x305719</load_address>
         <run_address>0x305719</run_address>
         <size>0x40</size>
         <input_file_ref idref="fl-2b"/>
      </object_component>
      <object_component id="oc-3aa">
         <name>.text:_CrossProduct</name>
         <load_address>0x305759</load_address>
         <run_address>0x305759</run_address>
         <size>0x3f</size>
         <input_file_ref idref="fl-b"/>
      </object_component>
      <object_component id="oc-433">
         <name>.text:_GetSkew</name>
         <load_address>0x305798</load_address>
         <run_address>0x305798</run_address>
         <size>0x3f</size>
         <input_file_ref idref="fl-b"/>
      </object_component>
      <object_component id="oc-2fd">
         <name>.text:_xdc_runtime_LoggerBuf_setFilterLevel__E</name>
         <load_address>0x3057d7</load_address>
         <run_address>0x3057d7</run_address>
         <size>0x3f</size>
         <input_file_ref idref="fl-28"/>
      </object_component>
      <object_component id="oc-490">
         <name>.text</name>
         <load_address>0x305816</load_address>
         <run_address>0x305816</run_address>
         <size>0x3d</size>
         <input_file_ref idref="fl-73"/>
      </object_component>
      <object_component id="oc-2fe">
         <name>.text:_xdc_runtime_LoggerBuf_getFilterLevel__E</name>
         <load_address>0x305853</load_address>
         <run_address>0x305853</run_address>
         <size>0x3c</size>
         <input_file_ref idref="fl-28"/>
      </object_component>
      <object_component id="oc-4f0">
         <name>.text:_ti_sysbios_family_c28_TaskSupport_start__E</name>
         <load_address>0x30588f</load_address>
         <run_address>0x30588f</run_address>
         <size>0x3b</size>
         <input_file_ref idref="fl-1b"/>
      </object_component>
      <object_component id="oc-4d4">
         <name>.text:_xdc_runtime_Text_putMod__E</name>
         <load_address>0x3058ca</load_address>
         <run_address>0x3058ca</run_address>
         <size>0x3a</size>
         <input_file_ref idref="fl-2d"/>
      </object_component>
      <object_component id="oc-4fc">
         <name>.text:_xdc_runtime_Text_visitRope2__I</name>
         <load_address>0x305904</load_address>
         <run_address>0x305904</run_address>
         <size>0x39</size>
         <input_file_ref idref="fl-2d"/>
      </object_component>
      <object_component id="oc-3a4">
         <name>.text:_dcm2eulr</name>
         <load_address>0x30593d</load_address>
         <run_address>0x30593d</run_address>
         <size>0x37</size>
         <input_file_ref idref="fl-b"/>
      </object_component>
      <object_component id="oc-39f">
         <name>.text:_MatSubtract</name>
         <load_address>0x305974</load_address>
         <run_address>0x305974</run_address>
         <size>0x36</size>
         <input_file_ref idref="fl-b"/>
      </object_component>
      <object_component id="oc-3a9">
         <name>.text:_MatSum</name>
         <load_address>0x3059aa</load_address>
         <run_address>0x3059aa</run_address>
         <size>0x36</size>
         <input_file_ref idref="fl-b"/>
      </object_component>
      <object_component id="oc-4a9">
         <name>.text:_ti_sysbios_family_c28_TimestampProvider_Module_startup__E</name>
         <load_address>0x3059e0</load_address>
         <run_address>0x3059e0</run_address>
         <size>0x36</size>
         <input_file_ref idref="fl-1b"/>
      </object_component>
      <object_component id="oc-31e">
         <name>.text:_ti_sysbios_knl_Clock_logTick__E</name>
         <load_address>0x305a16</load_address>
         <run_address>0x305a16</run_address>
         <size>0x36</size>
         <input_file_ref idref="fl-1b"/>
      </object_component>
      <object_component id="oc-4a3">
         <name>.text:_xdc_runtime_Error_print__E</name>
         <load_address>0x305a4c</load_address>
         <run_address>0x305a4c</run_address>
         <size>0x36</size>
         <input_file_ref idref="fl-26"/>
      </object_component>
      <object_component id="oc-2ca">
         <name>.text:_xdc_runtime_Startup_exec__E</name>
         <load_address>0x305a82</load_address>
         <run_address>0x305a82</run_address>
         <size>0x35</size>
         <input_file_ref idref="fl-2a"/>
      </object_component>
      <object_component id="oc-42f">
         <name>.text:_MatSubstitute</name>
         <load_address>0x305ab7</load_address>
         <run_address>0x305ab7</run_address>
         <size>0x34</size>
         <input_file_ref idref="fl-b"/>
      </object_component>
      <object_component id="oc-390">
         <name>.text:_diag</name>
         <load_address>0x305aeb</load_address>
         <run_address>0x305aeb</run_address>
         <size>0x34</size>
         <input_file_ref idref="fl-b"/>
      </object_component>
      <object_component id="oc-425">
         <name>.text</name>
         <load_address>0x305b1f</load_address>
         <run_address>0x305b1f</run_address>
         <size>0x34</size>
         <input_file_ref idref="fl-66"/>
      </object_component>
      <object_component id="oc-33d">
         <name>.text</name>
         <load_address>0x305b53</load_address>
         <run_address>0x305b53</run_address>
         <size>0x34</size>
         <input_file_ref idref="fl-48"/>
      </object_component>
      <object_component id="oc-4ae">
         <name>.text:_ti_sysbios_knl_Task_Module_startup__E</name>
         <load_address>0x305b87</load_address>
         <run_address>0x305b87</run_address>
         <size>0x33</size>
         <input_file_ref idref="fl-1b"/>
      </object_component>
      <object_component id="oc-44b">
         <name>.text:_MatScalarMult</name>
         <load_address>0x305bba</load_address>
         <run_address>0x305bba</run_address>
         <size>0x32</size>
         <input_file_ref idref="fl-b"/>
      </object_component>
      <object_component id="oc-33a">
         <name>.text:_process_trash</name>
         <load_address>0x305bec</load_address>
         <run_address>0x305bec</run_address>
         <size>0x32</size>
         <input_file_ref idref="fl-c"/>
      </object_component>
      <object_component id="oc-374">
         <name>.text:_xdc_runtime_Assert_raise__I</name>
         <load_address>0x305c1e</load_address>
         <run_address>0x305c1e</run_address>
         <size>0x32</size>
         <input_file_ref idref="fl-21"/>
      </object_component>
      <object_component id="oc-35f">
         <name>.text:_xdc_runtime_LoggerBuf_Instance_init__E</name>
         <load_address>0x305c50</load_address>
         <run_address>0x305c50</run_address>
         <size>0x32</size>
         <input_file_ref idref="fl-28"/>
      </object_component>
      <object_component id="oc-399">
         <name>.text</name>
         <load_address>0x305c82</load_address>
         <run_address>0x305c82</run_address>
         <size>0x32</size>
         <input_file_ref idref="fl-4a"/>
      </object_component>
      <object_component id="oc-43d">
         <name>.text:_MatScalarMult15</name>
         <load_address>0x305cb4</load_address>
         <run_address>0x305cb4</run_address>
         <size>0x31</size>
         <input_file_ref idref="fl-b"/>
      </object_component>
      <object_component id="oc-436">
         <name>.text:_MatScalarMult3</name>
         <load_address>0x305ce5</load_address>
         <run_address>0x305ce5</run_address>
         <size>0x31</size>
         <input_file_ref idref="fl-b"/>
      </object_component>
      <object_component id="oc-421">
         <name>.text</name>
         <load_address>0x305d16</load_address>
         <run_address>0x305d16</run_address>
         <size>0x31</size>
         <input_file_ref idref="fl-54"/>
      </object_component>
      <object_component id="oc-497">
         <name>.text:_ti_sysbios_family_c28_Hwi_getInterruptFlag__E</name>
         <load_address>0x305d47</load_address>
         <run_address>0x305d47</run_address>
         <size>0x2f</size>
         <input_file_ref idref="fl-1b"/>
      </object_component>
      <object_component id="oc-403">
         <name>.text:_ti_sysbios_knl_Swi_runLoop__I</name>
         <load_address>0x305d76</load_address>
         <run_address>0x305d76</run_address>
         <size>0x2f</size>
         <input_file_ref idref="fl-1b"/>
      </object_component>
      <object_component id="oc-384">
         <name>.text:_ti_sysbios_knl_Swi_schedule__I</name>
         <load_address>0x305da5</load_address>
         <run_address>0x305da5</run_address>
         <size>0x2f</size>
         <input_file_ref idref="fl-1b"/>
      </object_component>
      <object_component id="oc-2df">
         <name>.text:.bootCodeSection:_ti_catalog_c2800_init_Boot_configurePll2834x</name>
         <load_address>0x305dd4</load_address>
         <run_address>0x305dd4</run_address>
         <size>0x2e</size>
         <input_file_ref idref="fl-20"/>
      </object_component>
      <object_component id="oc-422">
         <name>.text</name>
         <load_address>0x305e02</load_address>
         <run_address>0x305e02</run_address>
         <size>0x2e</size>
         <input_file_ref idref="fl-6a"/>
      </object_component>
      <object_component id="oc-2f1">
         <name>.text:_ti_sysbios_heaps_HeapMem_getStats__E</name>
         <load_address>0x305e30</load_address>
         <run_address>0x305e30</run_address>
         <size>0x2d</size>
         <input_file_ref idref="fl-1b"/>
      </object_component>
      <object_component id="oc-48d">
         <name>.text:_ti_sysbios_family_c28_Hwi_getStackInfo__E</name>
         <load_address>0x305e5d</load_address>
         <run_address>0x305e5d</run_address>
         <size>0x2c</size>
         <input_file_ref idref="fl-1b"/>
      </object_component>
      <object_component id="oc-36a">
         <name>.text:_ti_sysbios_family_c28_Timer_start__E</name>
         <load_address>0x305e89</load_address>
         <run_address>0x305e89</run_address>
         <size>0x2c</size>
         <input_file_ref idref="fl-1b"/>
      </object_component>
      <object_component id="oc-389">
         <name>.text:_ti_sysbios_heaps_HeapMem_init__I</name>
         <load_address>0x305eb5</load_address>
         <run_address>0x305eb5</run_address>
         <size>0x2c</size>
         <input_file_ref idref="fl-1b"/>
      </object_component>
      <object_component id="oc-3a5">
         <name>.text:_transpose</name>
         <load_address>0x305ee1</load_address>
         <run_address>0x305ee1</run_address>
         <size>0x2c</size>
         <input_file_ref idref="fl-b"/>
      </object_component>
      <object_component id="oc-468">
         <name>.text:_ti_sysbios_family_c28_Timer_getExpiredCounts64__E</name>
         <load_address>0x305f0d</load_address>
         <run_address>0x305f0d</run_address>
         <size>0x2a</size>
         <input_file_ref idref="fl-1b"/>
      </object_component>
      <object_component id="oc-4d5">
         <name>.text:_xdc_runtime_Text_xprintf__I</name>
         <load_address>0x305f37</load_address>
         <run_address>0x305f37</run_address>
         <size>0x2a</size>
         <input_file_ref idref="fl-2d"/>
      </object_component>
      <object_component id="oc-21e">
         <name>.text</name>
         <load_address>0x305f61</load_address>
         <run_address>0x305f61</run_address>
         <size>0x2a</size>
         <input_file_ref idref="fl-58"/>
      </object_component>
      <object_component id="oc-2ad">
         <name>.text</name>
         <load_address>0x305f8b</load_address>
         <run_address>0x305f8b</run_address>
         <size>0x2a</size>
         <input_file_ref idref="fl-74"/>
      </object_component>
      <object_component id="oc-461">
         <name>.text:_xdc_runtime_SysMin_flush__E</name>
         <load_address>0x305fb5</load_address>
         <run_address>0x305fb5</run_address>
         <size>0x28</size>
         <input_file_ref idref="fl-2c"/>
      </object_component>
      <object_component id="oc-2ef">
         <name>.text:_ti_sysbios_heaps_HeapMem_free__E</name>
         <load_address>0x305fdd</load_address>
         <run_address>0x305fdd</run_address>
         <size>0x27</size>
[...]
         <object_component_ref idref="oc-503"/>
      </symbol>
      <symbol id="sm-105f">
         <name>_xdc_runtime_Text_printVisFxn__I</name>
         <value>0x306638</value>
         <object_component_ref idref="oc-4e8"/>
      </symbol>
      <symbol id="sm-1060">
         <name>_xdc_runtime_Text_xprintf__I</name>
         <value>0x305f37</value>
         <object_component_ref idref="oc-4d5"/>
      </symbol>
      <symbol id="sm-106b">
         <name>___xdc__init</name>
         <value>0x306f51</value>
         <object_component_ref idref="oc-2cd"/>
      </symbol>
      <symbol id="sm-108d">
         <name>_xdc_runtime_Registry_findById__E</name>
         <value>0x3068e2</value>
         <object_component_ref idref="oc-4e6"/>
      </symbol>
      <symbol id="sm-1097">
         <name>__stack</name>
         <value>0x96c8</value>
         <object_component_ref idref="oc-174"/>
      </symbol>
      <symbol id="sm-1098">
         <name>_c_int00</name>
         <value>0x304d61</value>
         <object_component_ref idref="oc-47"/>
      </symbol>
      <symbol id="sm-10ad">
         <name>__unlock</name>
         <value>0x8ad0</value>
         <object_component_ref idref="oc-326"/>
      </symbol>
      <symbol id="sm-10ae">
         <name>__lock</name>
         <value>0x8ace</value>
         <object_component_ref idref="oc-323"/>
      </symbol>
      <symbol id="sm-10af">
         <name>__register_lock</name>
         <value>0x306e6e</value>
         <object_component_ref idref="oc-364"/>
      </symbol>
      <symbol id="sm-10b0">
         <name>__nop</name>
         <value>0x306e72</value>
         <object_component_ref idref="oc-364"/>
      </symbol>
      <symbol id="sm-10b1">
         <name>__register_unlock</name>
         <value>0x306e6a</value>
         <object_component_ref idref="oc-364"/>
      </symbol>
      <symbol id="sm-10c1">
         <name>__args_main</name>
         <value>0x3065be</value>
         <object_component_ref idref="oc-2cb"/>
      </symbol>
      <symbol id="sm-10d6">
         <name>_asin</name>
         <value>0x30474c</value>
         <object_component_ref idref="oc-42b"/>
      </symbol>
      <symbol id="sm-10ea">
         <name>_atan</name>
         <value>0x3049a2</value>
         <object_component_ref idref="oc-42a"/>
      </symbol>
      <symbol id="sm-1104">
         <name>_atan2</name>
         <value>0x30348d</value>
         <object_component_ref idref="oc-3b3"/>
      </symbol>
      <symbol id="sm-1113">
         <name>_cos</name>
         <value>0x304e26</value>
         <object_component_ref idref="oc-3ac"/>
      </symbol>
      <symbol id="sm-1129">
         <name>_copy_in</name>
         <value>0x305549</value>
         <object_component_ref idref="oc-2c9"/>
      </symbol>
      <symbol id="sm-1138">
         <name>_ppcopy</name>
         <value>0x3064f5</value>
         <object_component_ref idref="oc-19b"/>
      </symbol>
      <symbol id="sm-1139">
         <name>_dpcopy</name>
         <value>0x3064f5</value>
         <object_component_ref idref="oc-19b"/>
      </symbol>
      <symbol id="sm-113a">
         <name>_pdcopy</name>
         <value>0x3064f5</value>
         <object_component_ref idref="oc-19b"/>
      </symbol>
      <symbol id="sm-113b">
         <name>_ddcopy</name>
         <value>0x3064f5</value>
         <object_component_ref idref="oc-19b"/>
      </symbol>
      <symbol id="sm-1146">
         <name>_errno</name>
         <value>0x8ad2</value>
         <object_component_ref idref="oc-1a2"/>
      </symbol>
      <symbol id="sm-115a">
         <name>C$$EXIT</name>
         <value>0x3065d7</value>
         <object_component_ref idref="oc-3ba"/>
      </symbol>
      <symbol id="sm-115b">
         <name>_exit</name>
         <value>0x3065d9</value>
         <object_component_ref idref="oc-3ba"/>
      </symbol>
      <symbol id="sm-115c">
         <name>___TI_cleanup_ptr</name>
         <value>0x8aca</value>
         <object_component_ref idref="oc-1a6"/>
      </symbol>
      <symbol id="sm-115d">
         <name>_abort</name>
         <value>0x3065d7</value>
         <object_component_ref idref="oc-3ba"/>
      </symbol>
      <symbol id="sm-115e">
         <name>___TI_dtors_ptr</name>
         <value>0x8acc</value>
         <object_component_ref idref="oc-1a6"/>
      </symbol>
      <symbol id="sm-116e">
         <name>_frexp</name>
         <value>0x30671b</value>
         <object_component_ref idref="oc-424"/>
      </symbol>
      <symbol id="sm-117f">
         <name>FS$$DIV</name>
         <value>0x3044c3</value>
         <object_component_ref idref="oc-1b0"/>
      </symbol>
      <symbol id="sm-11ab">
         <name>ULL$$MOD</name>
         <value>0x302de5</value>
         <object_component_ref idref="oc-1b5"/>
      </symbol>
      <symbol id="sm-11ac">
         <name>ULL$$DIV</name>
         <value>0x302db6</value>
         <object_component_ref idref="oc-1b5"/>
      </symbol>
      <symbol id="sm-11ad">
         <name>LL$$MOD</name>
         <value>0x302d7c</value>
         <object_component_ref idref="oc-1b5"/>
      </symbol>
      <symbol id="sm-11ae">
         <name>LL$$DIV</name>
         <value>0x302d40</value>
         <object_component_ref idref="oc-1b5"/>
      </symbol>
      <symbol id="sm-11c0">
         <name>_memcpy</name>
         <value>0x30631e</value>
         <object_component_ref idref="oc-3bc"/>
      </symbol>
      <symbol id="sm-11cf">
         <name>_memset</name>
         <value>0x306a16</value>
         <object_component_ref idref="oc-38c"/>
      </symbol>
      <symbol id="sm-11df">
         <name>_modf</name>
         <value>0x306421</value>
         <object_component_ref idref="oc-39b"/>
      </symbol>
      <symbol id="sm-11f3">
         <name>_pow</name>
         <value>0x305006</value>
         <object_component_ref idref="oc-394"/>
      </symbol>
      <symbol id="sm-1204">
         <name>_printf</name>
         <value>0x305b59</value>
         <object_component_ref idref="oc-33d"/>
      </symbol>
      <symbol id="sm-1212">
         <name>_sin</name>
         <value>0x305061</value>
         <object_component_ref idref="oc-427"/>
      </symbol>
      <symbol id="sm-1221">
         <name>_sprintf</name>
         <value>0x305c82</value>
         <object_component_ref idref="oc-399"/>
      </symbol>
      <symbol id="sm-1232">
         <name>_sqrt</name>
         <value>0x306098</value>
         <object_component_ref idref="oc-3b4"/>
      </symbol>
      <symbol id="sm-1241">
         <name>_strcmp</name>
         <value>0x306e0f</value>
         <object_component_ref idref="oc-492"/>
      </symbol>
      <symbol id="sm-124f">
         <name>_strlen</name>
         <value>0x306ecc</value>
         <object_component_ref idref="oc-328"/>
      </symbol>
      <symbol id="sm-1282">
         <name>_strtod</name>
         <value>0x302c1e</value>
         <object_component_ref idref="oc-398"/>
      </symbol>
      <symbol id="sm-1292">
         <name>_tan</name>
         <value>0x304dc4</value>
         <object_component_ref idref="oc-42d"/>
      </symbol>
      <symbol id="sm-12a6">
         <name>_HOSTopen</name>
         <value>0x301925</value>
         <object_component_ref idref="oc-2dd"/>
      </symbol>
      <symbol id="sm-12a7">
         <name>_HOSTread</name>
         <value>0x3018e8</value>
         <object_component_ref idref="oc-2dd"/>
      </symbol>
      <symbol id="sm-12a8">
         <name>_HOSTgetenv</name>
         <value>0x3019aa</value>
         <object_component_ref idref="oc-2dd"/>
      </symbol>
      <symbol id="sm-12a9">
         <name>_HOSTtime</name>
         <value>0x30187d</value>
         <object_component_ref idref="oc-2dd"/>
      </symbol>
      <symbol id="sm-12aa">
         <name>_HOSTrename</name>
         <value>0x3018a8</value>
         <object_component_ref idref="oc-2dd"/>
      </symbol>
      <symbol id="sm-12ab">
         <name>_HOSTclock</name>
         <value>0x3019fa</value>
         <object_component_ref idref="oc-2dd"/>
      </symbol>
      <symbol id="sm-12ac">
         <name>_HOSTwrite</name>
         <value>0x30181f</value>
         <object_component_ref idref="oc-2dd"/>
      </symbol>
      <symbol id="sm-12ad">
         <name>_HOSTlseek</name>
         <value>0x301963</value>
         <object_component_ref idref="oc-2dd"/>
      </symbol>
      <symbol id="sm-12ae">
         <name>_HOSTunlink</name>
         <value>0x301855</value>
         <object_component_ref idref="oc-2dd"/>
      </symbol>
      <symbol id="sm-12af">
         <name>_HOSTclose</name>
         <value>0x3019d2</value>
         <object_component_ref idref="oc-2dd"/>
      </symbol>
      <symbol id="sm-12be">
         <name>__log</name>
         <value>0x305258</value>
         <object_component_ref idref="oc-417"/>
      </symbol>
      <symbol id="sm-13eb">
         <name>___TI_printfi</name>
         <value>0x300af8</value>
         <object_component_ref idref="oc-39e"/>
      </symbol>
      <symbol id="sm-1405">
         <name>___TI_readmsg</name>
         <value>0x30425e</value>
         <object_component_ref idref="oc-325"/>
      </symbol>
      <symbol id="sm-1406">
         <name>C$$IO$$</name>
         <value>0x304259</value>
         <object_component_ref idref="oc-325"/>
      </symbol>
      <symbol id="sm-1407">
         <name>__CIOBUF_</name>
         <value>0x40</value>
         <object_component_ref idref="oc-209"/>
      </symbol>
      <symbol id="sm-1408">
         <name>___TI_writemsg</name>
         <value>0x304206</value>
         <object_component_ref idref="oc-325"/>
      </symbol>
      <symbol id="sm-141d">
         <name>_atoi</name>
         <value>0x305d16</value>
         <object_component_ref idref="oc-421"/>
      </symbol>
      <symbol id="sm-1426">
         <name>__ctypes_</name>
         <value>0x30a103</value>
         <object_component_ref idref="oc-419"/>
      </symbol>
      <symbol id="sm-1432">
         <name>___TI_ft_end</name>
         <value>0x94c0</value>
         <object_component_ref idref="oc-217"/>
      </symbol>
      <symbol id="sm-1433">
         <name>___TI_tmpnams</name>
         <value>0x9580</value>
         <object_component_ref idref="oc-217"/>
      </symbol>
      <symbol id="sm-1434">
         <name>__ftable</name>
         <value>0x9500</value>
         <object_component_ref idref="oc-217"/>
      </symbol>
      <symbol id="sm-1445">
         <name>_exp</name>
         <value>0x304b60</value>
         <object_component_ref idref="oc-418"/>
      </symbol>
      <symbol id="sm-1455">
         <name>FD$$CMP</name>
         <value>0x305f61</value>
         <object_component_ref idref="oc-21e"/>
      </symbol>
      <symbol id="sm-146c">
         <name>FD$$DIV</name>
         <value>0x304326</value>
         <object_component_ref idref="oc-223"/>
      </symbol>
      <symbol id="sm-147e">
         <name>FD$$MPY</name>
         <value>0x30454b</value>
         <object_component_ref idref="oc-228"/>
      </symbol>
      <symbol id="sm-148b">
         <name>FD$$NEG</name>
         <value>0x306e73</value>
         <object_component_ref idref="oc-22d"/>
      </symbol>
      <symbol id="sm-1497">
         <name>FD$$SUB</name>
         <value>0x3068fe</value>
         <object_component_ref idref="oc-232"/>
      </symbol>
      <symbol id="sm-14a7">
         <name>FD$$TOFS</name>
         <value>0x3060df</value>
         <object_component_ref idref="oc-237"/>
      </symbol>
      <symbol id="sm-14b6">
         <name>FD$$TOI</name>
         <value>0x3061cb</value>
         <object_component_ref idref="oc-23c"/>
      </symbol>
      <symbol id="sm-14c5">
         <name>FD$$TOL</name>
         <value>0x30622c</value>
         <object_component_ref idref="oc-241"/>
      </symbol>
      <symbol id="sm-14d9">
         <name>_putchar</name>
         <value>0x30515f</value>
         <object_component_ref idref="oc-39c"/>
      </symbol>
      <symbol id="sm-14da">
         <name>_putc</name>
         <value>0x305110</value>
         <object_component_ref idref="oc-39c"/>
      </symbol>
      <symbol id="sm-14db">
         <name>_fputc</name>
         <value>0x305110</value>
         <object_component_ref idref="oc-39c"/>
      </symbol>
      <symbol id="sm-14f9">
         <name>_puts</name>
         <value>0x303b11</value>
         <object_component_ref idref="oc-39d"/>
      </symbol>
      <symbol id="sm-14fa">
         <name>_fputs</name>
         <value>0x303a72</value>
         <object_component_ref idref="oc-39d"/>
      </symbol>
      <symbol id="sm-150a">
         <name>FS$$TOFD</name>
         <value>0x3063e9</value>
         <object_component_ref idref="oc-251"/>
      </symbol>
      <symbol id="sm-1518">
         <name>I$$MOD</name>
         <value>0x306157</value>
         <object_component_ref idref="oc-256"/>
      </symbol>
      <symbol id="sm-1519">
         <name>I$$DIV</name>
         <value>0x306146</value>
         <object_component_ref idref="oc-256"/>
      </symbol>
      <symbol id="sm-1529">
         <name>I$$TOFD</name>
         <value>0x3063b0</value>
         <object_component_ref idref="oc-25b"/>
      </symbol>
      <symbol id="sm-1539">
         <name>L$$TOFD</name>
         <value>0x306405</value>
         <object_component_ref idref="oc-260"/>
      </symbol>
      <symbol id="sm-154c">
         <name>_ldexp</name>
         <value>0x305b1f</value>
         <object_component_ref idref="oc-425"/>
      </symbol>
      <symbol id="sm-1558">
         <name>LL$$AND</name>
         <value>0x306650</value>
         <object_component_ref idref="oc-26a"/>
      </symbol>
      <symbol id="sm-1559">
         <name>LL$$OR</name>
         <value>0x306658</value>
         <object_component_ref idref="oc-26a"/>
      </symbol>
      <symbol id="sm-155a">
         <name>LL$$XOR</name>
         <value>0x306660</value>
         <object_component_ref idref="oc-26a"/>
      </symbol>
      <symbol id="sm-1568">
         <name>ULL$$CMP</name>
         <value>0x306312</value>
         <object_component_ref idref="oc-26f"/>
      </symbol>
      <symbol id="sm-1569">
         <name>LL$$CMP</name>
         <value>0x306300</value>
         <object_component_ref idref="oc-26f"/>
      </symbol>
      <symbol id="sm-15a4">
         <name>_add_device</name>
         <value>0x3017a0</value>
         <object_component_ref idref="oc-41f"/>
      </symbol>
      <symbol id="sm-15a5">
         <name>_rename</name>
         <value>0x30167c</value>
         <object_component_ref idref="oc-41f"/>
      </symbol>
      <symbol id="sm-15a6">
         <name>_read</name>
         <value>0x3016c4</value>
         <object_component_ref idref="oc-41f"/>
      </symbol>
      <symbol id="sm-15a7">
         <name>_unlink</name>
         <value>0x301663</value>
         <object_component_ref idref="oc-41f"/>
      </symbol>
      <symbol id="sm-15a8">
         <name>_remove_device</name>
         <value>0x3016aa</value>
         <object_component_ref idref="oc-41f"/>
      </symbol>
      <symbol id="sm-15a9">
         <name>_open</name>
         <value>0x3016df</value>
         <object_component_ref idref="oc-41f"/>
      </symbol>
      <symbol id="sm-15aa">
         <name>_lseek</name>
         <value>0x301751</value>
         <object_component_ref idref="oc-41f"/>
      </symbol>
      <symbol id="sm-15ab">
         <name>_close</name>
         <value>0x30176b</value>
         <object_component_ref idref="oc-41f"/>
      </symbol>
      <symbol id="sm-15ac">
         <name>_write</name>
         <value>0x3015f9</value>
         <object_component_ref idref="oc-41f"/>
      </symbol>
      <symbol id="sm-15bb">
         <name>_ltoa</name>
         <value>0x305e02</value>
         <object_component_ref idref="oc-422"/>
      </symbol>
      <symbol id="sm-15cb">
         <name>_memccpy</name>
         <value>0x30690c</value>
         <object_component_ref idref="oc-426"/>
      </symbol>
      <symbol id="sm-15db">
         <name>_memchr</name>
         <value>0x306801</value>
         <object_component_ref idref="oc-420"/>
      </symbol>
      <symbol id="sm-15eb">
         <name>_strchr</name>
         <value>0x306a22</value>
         <object_component_ref idref="oc-423"/>
      </symbol>
      <symbol id="sm-15f9">
         <name>_strcpy</name>
         <value>0x306f30</value>
         <object_component_ref idref="oc-329"/>
      </symbol>
      <symbol id="sm-160a">
         <name>_strncpy</name>
         <value>0x30624b</value>
         <object_component_ref idref="oc-493"/>
      </symbol>
      <symbol id="sm-1622">
         <name>___TI_rd_ok</name>
         <value>0x304c6a</value>
         <object_component_ref idref="oc-41d"/>
      </symbol>
      <symbol id="sm-1623">
         <name>___TI_wrt_ok</name>
         <value>0x304c2f</value>
         <object_component_ref idref="oc-41d"/>
      </symbol>
      <symbol id="sm-163e">
         <name>FD$$ADD</name>
         <value>0x303f0b</value>
         <object_component_ref idref="oc-29e"/>
      </symbol>
      <symbol id="sm-1655">
         <name>___TI_doflush</name>
         <value>0x3048ba</value>
         <object_component_ref idref="oc-41e"/>
      </symbol>
      <symbol id="sm-1656">
         <name>_fflush</name>
         <value>0x3048ea</value>
         <object_component_ref idref="oc-41e"/>
      </symbol>
      <symbol id="sm-1667">
         <name>_fseek</name>
         <value>0x305816</value>
         <object_component_ref idref="oc-490"/>
      </symbol>
      <symbol id="sm-1673">
         <name>UL$$MOD</name>
         <value>0x305faf</value>
         <object_component_ref idref="oc-2ad"/>
      </symbol>
      <symbol id="sm-1674">
         <name>L$$MOD</name>
         <value>0x305f9a</value>
         <object_component_ref idref="oc-2ad"/>
      </symbol>
      <symbol id="sm-1675">
         <name>L$$DIV</name>
         <value>0x305f8b</value>
         <object_component_ref idref="oc-2ad"/>
      </symbol>
      <symbol id="sm-1676">
         <name>UL$$DIV</name>
         <value>0x305fa8</value>
         <object_component_ref idref="oc-2ad"/>
      </symbol>
      <symbol id="sm-168d">
         <name>_setvbuf</name>
         <value>0x3043b1</value>
         <object_component_ref idref="oc-491"/>
      </symbol>
      <symbol id="sm-16c4">
         <name>_fopen</name>
         <value>0x302f30</value>
         <object_component_ref idref="oc-4b2"/>
      </symbol>
      <symbol id="sm-16c5">
         <name>___TI_cleanup</name>
         <value>0x302ec0</value>
         <object_component_ref idref="oc-4b2"/>
      </symbol>
      <symbol id="sm-16c6">
         <name>_freopen</name>
         <value>0x302ee0</value>
         <object_component_ref idref="oc-4b2"/>
      </symbol>
      <symbol id="sm-16d8">
         <name>___TI_closefile</name>
         <value>0x304fa7</value>
         <object_component_ref idref="oc-4d1"/>
      </symbol>
      <symbol id="sm-16d9">
         <name>_fclose</name>
         <value>0x304feb</value>
         <object_component_ref idref="oc-4d1"/>
      </symbol>
      <symbol id="sm-16e6">
         <name>_remove</name>
         <value>0x306fb1</value>
         <object_component_ref idref="oc-4e3"/>
      </symbol>
   </symbol_table>
   <title>Link successful</title>
</link_info>
